     VMA      LMA     Size Align Out     In      Symbol
       0        0 80200000     1 . = 0x80200000
80200000 80200000     1486     4 .text
80200000 80200000        c     4         /home/famous282/1000linesOS/kernel/target/riscv32imac-unknown-none-elf/debug/deps/kernel-dfa3df23995ef8b4.24qdkavsqt2e6ckh6joba0u2j.0yvtx01.rcgu.o:(.text.boot)
80200000 80200000        0     1                 .Lpcrel_hi0
80200000 80200000        0     1                 $x
80200000 80200000        c     1                 boot
8020000c 8020000c       96     4         /home/famous282/1000linesOS/kernel/target/riscv32imac-unknown-none-elf/debug/deps/kernel-dfa3df23995ef8b4.24qdkavsqt2e6ckh6joba0u2j.0yvtx01.rcgu.o:(.text)
8020000c 8020000c        0     1                 trap_handler
802000a2 802000a2       4c     2         /home/famous282/1000linesOS/kernel/target/riscv32imac-unknown-none-elf/debug/deps/kernel-dfa3df23995ef8b4.24qdkavsqt2e6ckh6joba0u2j.0yvtx01.rcgu.o:(.text._ZN6kernel6kernel12proc_a_entry17h499cf061b07a7cf1E)
802000a2 802000a2       4c     1                 kernel::kernel::proc_a_entry::h499cf061b07a7cf1
802000a2 802000a2        0     1                 .L0 
802000a2 802000a2        0     1                 .L0 
802000a2 802000a2        0     1                 $x
802000a2 802000a2        0     1                 .L0 
802000a8 802000a8        0     1                 .L0 
802000c6 802000c6        0     1                 .L0 
802000e6 802000e6        0     1                 .L0 
802000e8 802000e8        0     1                 .L0 
802000ea 802000ea        0     1                 .L0 
802000ee 802000ee        0     1                 .L0 
802000ee 802000ee       4c     2         /home/famous282/1000linesOS/kernel/target/riscv32imac-unknown-none-elf/debug/deps/kernel-dfa3df23995ef8b4.24qdkavsqt2e6ckh6joba0u2j.0yvtx01.rcgu.o:(.text._ZN6kernel6kernel12proc_b_entry17h9ea391ce5fc2f741E)
802000ee 802000ee       4c     1                 kernel::kernel::proc_b_entry::h9ea391ce5fc2f741
802000ee 802000ee        0     1                 .L0 
802000ee 802000ee        0     1                 .L0 
802000ee 802000ee        0     1                 $x
802000ee 802000ee        0     1                 .L0 
802000f4 802000f4        0     1                 .L0 
80200112 80200112        0     1                 .L0 
80200132 80200132        0     1                 .L0 
80200134 80200134        0     1                 .L0 
80200136 80200136        0     1                 .L0 
8020013a 8020013a        0     1                 .L0 
8020013a 8020013a       14     2         /home/famous282/1000linesOS/kernel/target/riscv32imac-unknown-none-elf/debug/deps/kernel-dfa3df23995ef8b4.24qdkavsqt2e6ckh6joba0u2j.0yvtx01.rcgu.o:(.text._ZN6kernel6kernel7putchar17h6820f44ab32fcf5cE)
8020013a 8020013a        0     1                 .L0 
8020013a 8020013a        0     1                 .L0 
8020013a 8020013a        0     1                 $x
8020013a 8020013a        0     1                 .L0 
8020013a 8020013a       14     1                 kernel::kernel::putchar::h6820f44ab32fcf5c
8020014e 8020014e        0     1                 .L0 
8020014e 8020014e       d4     2         /home/famous282/1000linesOS/kernel/target/riscv32imac-unknown-none-elf/debug/deps/kernel-dfa3df23995ef8b4.24qdkavsqt2e6ckh6joba0u2j.0yvtx01.rcgu.o:(.text.kernel_main)
8020014e 8020014e        0     1                 .L0 
8020014e 8020014e        0     1                 .L0 
8020014e 8020014e        0     1                 $x
8020014e 8020014e        0     1                 .L0 
8020014e 8020014e       d4     1                 kernel_main
80200152 80200152        0     1                 .L0 
80200152 80200152        0     1                 .L0 
80200176 80200176        0     1                 .L0 
80200176 80200176        0     1                 .L0 
8020017a 8020017a        0     1                 .L0 
8020017c 8020017c        0     1                 .L0 
8020017c 8020017c        0     1                 .L0 
80200180 80200180        0     1                 .L0 
80200182 80200182        0     1                 .L0 
80200182 80200182        0     1                 .L0 
80200186 80200186        0     1                 .L0 
80200186 80200186        0     1                 .L0 
80200192 80200192        0     1                 .L0 
802001ba 802001ba        0     1                 .L0 
802001c0 802001c0        0     1                 .L0 
80200222 80200222        0     1                 .L0 
80200222 80200222       8e     2         /home/famous282/1000linesOS/kernel/target/riscv32imac-unknown-none-elf/debug/deps/kernel-dfa3df23995ef8b4.3lszhsxzyn1vde1rs4win02um.0yvtx01.rcgu.o:(.text._ZN4core3fmt5Write10write_char17hdd5523afddb1ab42E.llvm.6829158211990935668)
80200222 80200222        0     1                 .L0 
80200222 80200222        0     1                 .L0 
80200222 80200222        0     1                 $x
80200222 80200222        0     1                 .L0 
80200222 80200222       8e     1                 core::fmt::Write::write_char::hdd5523afddb1ab42 (.llvm.6829158211990935668)
8020022c 8020022c        0     1                 .L0 
8020022c 8020022c        0     1                 .L0 
80200230 80200230        0     1                 .L0 
80200230 80200230        0     1                 .L0 
80200236 80200236        0     1                 .L0 
80200238 80200238        0     1                 .L0 
80200238 80200238        0     1                 .L0 
8020023c 8020023c        0     1                 .L0 
80200244 80200244        0     1                 .L0 
80200248 80200248        0     1                 .L0 
80200248 80200248        0     1                 .L0 
8020024a 8020024a        0     1                 .L0 
80200258 80200258        0     1                 .L0 
8020025a 8020025a        0     1                 .L0 
8020025e 8020025e        0     1                 .L0 
8020025e 8020025e        0     1                 .L0 
80200262 80200262        0     1                 .L0 
8020026a 8020026a        0     1                 .L0 
8020026a 8020026a        0     1                 .L0 
8020026c 8020026c        0     1                 .L0 
8020027e 8020027e        0     1                 .L0 
80200280 80200280        0     1                 .L0 
8020028e 8020028e        0     1                 .L0 
8020028e 8020028e        0     1                 .L0 
802002a0 802002a0        0     1                 .L0 
802002b0 802002b0        0     1                 .L0 
802002b0 802002b0       14     2         /home/famous282/1000linesOS/kernel/target/riscv32imac-unknown-none-elf/debug/deps/kernel-dfa3df23995ef8b4.3lszhsxzyn1vde1rs4win02um.0yvtx01.rcgu.o:(.text._ZN4core3fmt5Write9write_fmt17h495146c7c6b4fb2aE)
802002b0 802002b0        0     1                 .L0 
802002b0 802002b0        0     1                 .L0 
802002b0 802002b0        0     1                 $x
802002b0 802002b0        0     1                 .L0 
802002b0 802002b0       14     1                 core::fmt::Write::write_fmt::h495146c7c6b4fb2a
802002b4 802002b4        0     1                 .L0 
802002c4 802002c4        0     1                 .L0 
802002c4 802002c4        a     2         /home/famous282/1000linesOS/kernel/target/riscv32imac-unknown-none-elf/debug/deps/kernel-dfa3df23995ef8b4.4ftrnxq5k2ijxu6ko4fxfrcj8.0yvtx01.rcgu.o:(.text._ZN44_$LT$$RF$T$u20$as$u20$core..fmt..Display$GT$3fmt17h4087c62fb84bccbeE)
802002c4 802002c4        0     1                 .L0 
802002c4 802002c4        0     1                 .L0 
802002c4 802002c4        0     1                 $x
802002c4 802002c4        0     1                 .L0 
802002c4 802002c4        a     1                 _$LT$$RF$T$u20$as$u20$core..fmt..Display$GT$::fmt::h4087c62fb84bccbe
802002d0 802002d0       46     4         /home/famous282/1000linesOS/kernel/target/riscv32imac-unknown-none-elf/debug/deps/kernel-dfa3df23995ef8b4.63ptxjvpldbz03i077ow9897u.0yvtx01.rcgu.o:(.text._ZN6kernel7process14switch_context17ha0dfa133835f2d04E)
802002d0 802002d0        0     1                 $x
802002d0 802002d0       46     1                 kernel::process::switch_context::ha0dfa133835f2d04
80200316 80200316      19e     2         /home/famous282/1000linesOS/kernel/target/riscv32imac-unknown-none-elf/debug/deps/kernel-dfa3df23995ef8b4.63ptxjvpldbz03i077ow9897u.0yvtx01.rcgu.o:(.text._ZN6kernel7process5yeild17h1984ba883c53cc78E)
80200316 80200316        0     1                 .L0 
80200316 80200316        0     1                 .L0 
80200316 80200316        0     1                 $x
80200316 80200316        0     1                 .L0 
80200316 80200316      19e     1                 kernel::process::yeild::h1984ba883c53cc78
80200324 80200324        0     1                 .L0 
80200324 80200324        0     1                 .L0 
8020032c 8020032c        0     1                 .L0 
80200346 80200346        0     1                 .L0 
80200350 80200350        0     1                 .L0 
80200354 80200354        0     1                 .L0 
80200354 80200354        0     1                 .L0 
80200356 80200356        0     1                 .L0 
80200356 80200356        0     1                 .L0 
8020035c 8020035c        0     1                 .L0 
8020035c 8020035c        0     1                 .L0 
80200366 80200366        0     1                 .L0 
80200372 80200372        0     1                 .L0 
80200372 80200372        0     1                 .L0 
8020037c 8020037c        0     1                 .L0 
8020037c 8020037c        0     1                 .L0 
8020037e 8020037e        0     1                 .L0 
8020037e 8020037e        0     1                 .L0 
80200382 80200382        0     1                 .L0 
80200382 80200382        0     1                 .L0 
8020038a 8020038a        0     1                 .L0 
80200396 80200396        0     1                 .L0 
80200396 80200396        0     1                 .L0 
802003a0 802003a0        0     1                 .L0 
802003a0 802003a0        0     1                 .L0 
802003a2 802003a2        0     1                 .L0 
802003a2 802003a2        0     1                 .L0 
802003a6 802003a6        0     1                 .L0 
802003a6 802003a6        0     1                 .L0 
802003a8 802003a8        0     1                 .L0 
802003b2 802003b2        0     1                 .L0 
802003be 802003be        0     1                 .L0 
802003be 802003be        0     1                 .L0 
802003c8 802003c8        0     1                 .L0 
802003c8 802003c8        0     1                 .L0 
802003ca 802003ca        0     1                 .L0 
802003ca 802003ca        0     1                 .L0 
802003ce 802003ce        0     1                 .L0 
802003ce 802003ce        0     1                 .L0 
802003d0 802003d0        0     1                 .L0 
802003d8 802003d8        0     1                 .L0 
802003e4 802003e4        0     1                 .L0 
802003e4 802003e4        0     1                 .L0 
802003ee 802003ee        0     1                 .L0 
802003ee 802003ee        0     1                 .L0 
802003f0 802003f0        0     1                 .L0 
802003f0 802003f0        0     1                 .L0 
802003f4 802003f4        0     1                 .L0 
802003f4 802003f4        0     1                 .L0 
802003f6 802003f6        0     1                 .L0 
80200400 80200400        0     1                 .L0 
8020040c 8020040c        0     1                 .L0 
8020040c 8020040c        0     1                 .L0 
80200416 80200416        0     1                 .L0 
80200416 80200416        0     1                 .L0 
80200418 80200418        0     1                 .L0 
80200418 80200418        0     1                 .L0 
8020041c 8020041c        0     1                 .L0 
8020041c 8020041c        0     1                 .L0 
80200424 80200424        0     1                 .L0 
80200430 80200430        0     1                 .L0 
80200430 80200430        0     1                 .L0 
8020043a 8020043a        0     1                 .L0 
8020043a 8020043a        0     1                 .L0 
8020043c 8020043c        0     1                 .L0 
8020043c 8020043c        0     1                 .L0 
80200440 80200440        0     1                 .L0 
80200440 80200440        0     1                 .L0 
80200442 80200442        0     1                 .L0 
8020044a 8020044a        0     1                 .L0 
80200456 80200456        0     1                 .L0 
80200456 80200456        0     1                 .L0 
80200460 80200460        0     1                 .L0 
80200460 80200460        0     1                 .L0 
80200462 80200462        0     1                 .L0 
80200462 80200462        0     1                 .L0 
80200466 80200466        0     1                 .L0 
80200466 80200466        0     1                 .L0 
80200468 80200468        0     1                 .L0 
8020046c 8020046c        0     1                 .L0 
8020046c 8020046c        0     1                 .L0 
80200470 80200470        0     1                 .L0 
80200474 80200474        0     1                 .L0 
80200478 80200478        0     1                 .L0 
80200480 80200480        0     1                 .L0 
80200482 80200482        0     1                 .L0 
802004b4 802004b4        0     1                 .L0 
802004b4 802004b4        0     1                 .L0 
802004b4 802004b4      136     2         /home/famous282/1000linesOS/kernel/target/riscv32imac-unknown-none-elf/debug/deps/kernel-dfa3df23995ef8b4.63ptxjvpldbz03i077ow9897u.0yvtx01.rcgu.o:(.text._ZN6kernel7process7Process6create17h153b55220ac9b9d6E)
802004b4 802004b4        0     1                 .L0 
802004b4 802004b4        0     1                 .L0 
802004b4 802004b4        0     1                 $x
802004b4 802004b4        0     1                 .L0 
802004b4 802004b4      136     1                 kernel::process::Process::create::h153b55220ac9b9d6
802004be 802004be        0     1                 .L0 
802004be 802004be        0     1                 .L0 
802004f2 802004f2        0     1                 .L0 
802004f4 802004f4        0     1                 .L0 
802004f6 802004f6        0     1                 .L0 
802004fc 802004fc        0     1                 .L0 
802004fe 802004fe        0     1                 .L0 
80200500 80200500        0     1                 .L0 
80200502 80200502        0     1                 .L0 
80200504 80200504        0     1                 .L0 
80200506 80200506        0     1                 .L0 
80200508 80200508        0     1                 .L0 
8020050a 8020050a        0     1                 .L0 
8020050a 8020050a        0     1                 .L0 
80200514 80200514        0     1                 .L0 
80200518 80200518        0     1                 .L0 
8020051c 8020051c        0     1                 .L0 
8020051e 8020051e        0     1                 .L0 
80200522 80200522        0     1                 .L0 
80200528 80200528        0     1                 .L0 
8020052a 8020052a        0     1                 .L0 
80200532 80200532        0     1                 .L0 
80200534 80200534        0     1                 .L0 
8020053e 8020053e        0     1                 .L0 
80200546 80200546        0     1                 .L0 
8020054c 8020054c        0     1                 .L0 
80200550 80200550        0     1                 .L0 
80200554 80200554        0     1                 .L0 
80200556 80200556        0     1                 .L0 
8020055a 8020055a        0     1                 .L0 
8020055c 8020055c        0     1                 .L0 
80200560 80200560        0     1                 .L0 
80200564 80200564        0     1                 .L0 
80200572 80200572        0     1                 .L0 
80200576 80200576        0     1                 .L0 
8020057c 8020057c        0     1                 .L0 
8020058a 8020058a        0     1                 .L0 
802005b4 802005b4        0     1                 .L0 
802005b4 802005b4        0     1                 .L0 
802005ba 802005ba        0     1                 .L0 
802005ba 802005ba        0     1                 .L0 
802005ea 802005ea        0     1                 .L0 
802005ea 802005ea        0     1                 .L0 
802005ea 802005ea       4e     2         /home/famous282/1000linesOS/kernel/target/riscv32imac-unknown-none-elf/debug/deps/kernel-dfa3df23995ef8b4.aqtcxbzy89ozo9dgld6fn0q5h.0yvtx01.rcgu.o:(.text._RNvCs1Y7DaGC1cwg_7___rustc17rust_begin_unwind)
802005ea 802005ea        0     1                 .L0 
802005ea 802005ea        0     1                 .L0 
802005ea 802005ea        0     1                 $x
802005ea 802005ea        0     1                 .L0 
802005ea 802005ea       4e     1                 __rustc::rust_begin_unwind
802005f0 802005f0        0     1                 .L0 
80200608 80200608        0     1                 .L0 
80200614 80200614        0     1                 .L0 
80200632 80200632        0     1                 .L0 
80200638 80200638        0     1                 .L0 
80200638 80200638       18     2         /home/famous282/1000linesOS/kernel/target/riscv32imac-unknown-none-elf/debug/deps/kernel-dfa3df23995ef8b4.b1wfjfrxrno1sga9zbdwiqldk.0yvtx01.rcgu.o:(.text.unlikely._ZN4core4hint21unreachable_unchecked18precondition_check17h7c956ae76e5c4394E.llvm.9581896732707436221)
80200638 80200638        0     1                 .L0 
80200638 80200638        0     1                 .L0 
80200638 80200638        0     1                 $x
80200638 80200638        0     1                 .L0 
80200638 80200638       18     1                 core::hint::unreachable_unchecked::precondition_check::h7c956ae76e5c4394 (.llvm.9581896732707436221)
8020063a 8020063a        0     1                 .L0 
80200650 80200650        0     1                 .L0 
80200650 80200650      116     2         /home/famous282/1000linesOS/kernel/target/riscv32imac-unknown-none-elf/debug/deps/kernel-dfa3df23995ef8b4.b1wfjfrxrno1sga9zbdwiqldk.0yvtx01.rcgu.o:(.text._ZN60_$LT$kernel..common..Console$u20$as$u20$core..fmt..Write$GT$9write_str17h742bbae8cb24e93eE)
80200650 80200650        0     1                 .L0 
80200650 80200650        0     1                 .L0 
80200650 80200650        0     1                 $x
80200650 80200650        0     1                 .L0 
80200650 80200650      116     1                 _$LT$kernel..common..Console$u20$as$u20$core..fmt..Write$GT$::write_str::h742bbae8cb24e93e
80200662 80200662        0     1                 .L0 
80200662 80200662        0     1                 .L0 
80200664 80200664        0     1                 .L0 
80200664 80200664        0     1                 .L0 
80200682 80200682        0     1                 .L0 
80200686 80200686        0     1                 .L0 
8020068a 8020068a        0     1                 .L0 
8020068a 8020068a        0     1                 .L0 
8020068e 8020068e        0     1                 .L0 
80200690 80200690        0     1                 .L0 
80200692 80200692        0     1                 .L0 
80200692 80200692        0     1                 .L0 
80200696 80200696        0     1                 .L0 
80200696 80200696        0     1                 .L0 
8020069e 8020069e        0     1                 .L0 
802006a2 802006a2        0     1                 .L0 
802006a6 802006a6        0     1                 .L0 
802006a6 802006a6        0     1                 .L0 
802006aa 802006aa        0     1                 .L0 
802006aa 802006aa        0     1                 .L0 
802006ae 802006ae        0     1                 .L0 
802006b2 802006b2        0     1                 .L0 
802006b6 802006b6        0     1                 .L0 
802006be 802006be        0     1                 .L0 
802006be 802006be        0     1                 .L0 
802006c2 802006c2        0     1                 .L0 
802006c2 802006c2        0     1                 .L0 
802006c6 802006c6        0     1                 .L0 
802006ca 802006ca        0     1                 .L0 
802006d0 802006d0        0     1                 .L0 
802006da 802006da        0     1                 .L0 
802006dc 802006dc        0     1                 .L0 
802006e4 802006e4        0     1                 .L0 
802006ea 802006ea        0     1                 .L0 
802006ec 802006ec        0     1                 .L0 
802006ec 802006ec        0     1                 .L0 
802006f6 802006f6        0     1                 .L0 
802006f6 802006f6        0     1                 .L0 
802006fe 802006fe        0     1                 .L0 
802006fe 802006fe        0     1                 .L0 
80200702 80200702        0     1                 .L0 
80200702 80200702        0     1                 .L0 
80200718 80200718        0     1                 .L0 
80200736 80200736        0     1                 .L0 
80200746 80200746        0     1                 .L0 
80200756 80200756        0     1                 .L0 
80200766 80200766        0     1                 .L0 
80200766 80200766        0     1                 .L0 
80200766 80200766       48     2         /home/famous282/1000linesOS/kernel/target/riscv32imac-unknown-none-elf/debug/deps/kernel-dfa3df23995ef8b4.bd4aykr3vnli855y8j4uib0hb.0yvtx01.rcgu.o:(.text.unlikely.handle_trap)
80200766 80200766        0     1                 .L0 
80200766 80200766        0     1                 .L0 
80200766 80200766        0     1                 $x
80200766 80200766        0     1                 .L0 
80200766 80200766       48     1                 handle_trap
80200768 80200768        0     1                 .L0 
8020076e 8020076e        0     1                 .L0 
80200774 80200774        0     1                 .L0 
8020077a 8020077a        0     1                 .L0 
80200784 80200784        0     1                 .L0 
80200788 80200788        0     1                 .L0 
80200794 80200794        0     1                 .L0 
802007ae 802007ae        0     1                 .L0 
802007ae 802007ae        0     1                 .L0 
802007ae 802007ae       10     2         /home/famous282/.rustup/toolchains/stable-x86_64-unknown-linux-gnu/lib/rustlib/riscv32imac-unknown-none-elf/lib/libcore-36e1cca942c0a58a.rlib(core-36e1cca942c0a58a.core.283c90c5601d86be-cgu.0.rcgu.o):(.text._ZN44_$LT$$RF$T$u20$as$u20$core..fmt..Display$GT$3fmt17h59521dd79574c7deE)
802007ae 802007ae       10     1                 _$LT$$RF$T$u20$as$u20$core..fmt..Display$GT$::fmt::h59521dd79574c7de
802007ae 802007ae        0     1                 .L0 
802007ae 802007ae        0     1                 .L0 
802007ae 802007ae        0     1                 $x
802007ae 802007ae        0     1                 .L0 
802007b4 802007b4        0     1                 .L0 
802007be 802007be        0     1                 .L0 
802007be 802007be      1ee     2         /home/famous282/.rustup/toolchains/stable-x86_64-unknown-linux-gnu/lib/rustlib/riscv32imac-unknown-none-elf/lib/libcore-36e1cca942c0a58a.rlib(core-36e1cca942c0a58a.core.283c90c5601d86be-cgu.0.rcgu.o):(.text._ZN4core3fmt3num3imp21_$LT$impl$u20$u32$GT$10_fmt_inner17h42f8f2e90639b001E)
802007be 802007be      1ee     1                 core::fmt::num::imp::_$LT$impl$u20$u32$GT$::_fmt_inner::h42f8f2e90639b001
802007be 802007be        0     1                 .L0 
802007be 802007be        0     1                 .L0 
802007be 802007be        0     1                 $x
802007be 802007be        0     1                 .L0 
802007dc 802007dc        0     1                 .L0 
802007e0 802007e0        0     1                 .L0 
8020081e 8020081e        0     1                 .L0 
80200822 80200822        0     1                 .L0 
80200852 80200852        0     1                 .L0 
80200856 80200856        0     1                 .L0 
8020085a 8020085a        0     1                 .L0 
80200862 80200862        0     1                 .L0 
80200866 80200866        0     1                 .L0 
8020086a 8020086a        0     1                 .L0 
8020087c 8020087c        0     1                 .L0 
80200880 80200880        0     1                 .L0 
80200884 80200884        0     1                 .L0 
8020088c 8020088c        0     1                 .L0 
80200890 80200890        0     1                 .L0 
80200896 80200896        0     1                 .L0 
8020089c 8020089c        0     1                 .L0 
802008a0 802008a0        0     1                 .L0 
802008a4 802008a4        0     1                 .L0 
802008a8 802008a8        0     1                 .L0 
802008e0 802008e0        0     1                 .L0 
802008e4 802008e4        0     1                 .L0 
802008e8 802008e8        0     1                 .L0 
802008ee 802008ee        0     1                 .L0 
802008f2 802008f2        0     1                 .L0 
802008f6 802008f6        0     1                 .L0 
802008fa 802008fa        0     1                 .L0 
802008fe 802008fe        0     1                 .L0 
80200900 80200900        0     1                 .L0 
80200904 80200904        0     1                 .L0 
80200916 80200916        0     1                 .L0 
802009ac 802009ac        0     1                 .L0 
802009ac 802009ac       4c     2         /home/famous282/.rustup/toolchains/stable-x86_64-unknown-linux-gnu/lib/rustlib/riscv32imac-unknown-none-elf/lib/libcore-36e1cca942c0a58a.rlib(core-36e1cca942c0a58a.core.283c90c5601d86be-cgu.0.rcgu.o):(.text._ZN4core3fmt3num3imp52_$LT$impl$u20$core..fmt..Display$u20$for$u20$u32$GT$3fmt17hf372911b1e30887dE)
802009ac 802009ac        0     1                 .L0 
802009ac 802009ac        0     1                 .L0 
802009ac 802009ac        0     1                 $x
802009ac 802009ac        0     1                 .L0 
802009ac 802009ac       4c     1                 core::fmt::num::imp::_$LT$impl$u20$core..fmt..Display$u20$for$u20$u32$GT$::fmt::hf372911b1e30887d
802009ac 802009ac       4c     1                 core::fmt::num::imp::_$LT$impl$u20$core..fmt..Display$u20$for$u20$usize$GT$::fmt::h34bc925a91450d3a
802009c2 802009c2        0     1                 .L0 
802009d2 802009d2        0     1                 .L0 
802009d6 802009d6        0     1                 .L0 
802009f8 802009f8        0     1                 .L0 
802009f8 802009f8       58     2         /home/famous282/.rustup/toolchains/stable-x86_64-unknown-linux-gnu/lib/rustlib/riscv32imac-unknown-none-elf/lib/libcore-36e1cca942c0a58a.rlib(core-36e1cca942c0a58a.core.283c90c5601d86be-cgu.0.rcgu.o):(.text._ZN4core3fmt3num53_$LT$impl$u20$core..fmt..LowerHex$u20$for$u20$u32$GT$3fmt17h444d6bdda6c4d63cE)
802009f8 802009f8        0     1                 .L0 
802009f8 802009f8        0     1                 .L0 
802009f8 802009f8        0     1                 $x
802009f8 802009f8        0     1                 .L0 
802009f8 802009f8       58     1                 core::fmt::num::_$LT$impl$u20$core..fmt..LowerHex$u20$for$u20$u32$GT$::fmt::h444d6bdda6c4d63c
802009f8 802009f8       58     1                 core::fmt::num::_$LT$impl$u20$core..fmt..LowerHex$u20$for$u20$usize$GT$::fmt::hfaae55204ea9a7b9
80200a20 80200a20        0     1                 .L0 
80200a24 80200a24        0     1                 .L0 
80200a28 80200a28        0     1                 .L0 
80200a50 80200a50        0     1                 .L0 
80200a50 80200a50      1d6     2         /home/famous282/.rustup/toolchains/stable-x86_64-unknown-linux-gnu/lib/rustlib/riscv32imac-unknown-none-elf/lib/libcore-36e1cca942c0a58a.rlib(core-36e1cca942c0a58a.core.283c90c5601d86be-cgu.0.rcgu.o):(.text._ZN4core3fmt5write17h6376708c65409954E)
80200a50 80200a50        0     1                 .L0 
80200a50 80200a50        0     1                 .L0 
80200a50 80200a50        0     1                 $x
80200a50 80200a50        0     1                 .L0 
80200a50 80200a50      1d6     1                 core::fmt::write::h6376708c65409954
80200a70 80200a70        0     1                 .L0 
80200a70 80200a70        0     1                 .L0 
80200a7a 80200a7a        0     1                 .L0 
80200a7a 80200a7a        0     1                 .L0 
80200a7e 80200a7e        0     1                 .L0 
80200a7e 80200a7e        0     1                 .L0 
80200a82 80200a82        0     1                 .L0 
80200a9a 80200a9a        0     1                 .L0 
80200a9a 80200a9a        0     1                 .L0 
80200aa2 80200aa2        0     1                 .L0 
80200aa6 80200aa6        0     1                 .L0 
80200ab6 80200ab6        0     1                 .L0 
80200ab6 80200ab6        0     1                 .L0 
80200ac0 80200ac0        0     1                 .L0 
80200ac0 80200ac0        0     1                 .L0 
80200ac2 80200ac2        0     1                 .L0 
80200ac8 80200ac8        0     1                 .L0 
80200ac8 80200ac8        0     1                 .L0 
80200acc 80200acc        0     1                 .L0 
80200ad0 80200ad0        0     1                 .L0 
80200ad4 80200ad4        0     1                 .L0 
80200ad8 80200ad8        0     1                 .L0 
80200ae0 80200ae0        0     1                 .L0 
80200ae0 80200ae0        0     1                 .L0 
80200ae4 80200ae4        0     1                 .L0 
80200ae4 80200ae4        0     1                 .L0 
80200ae6 80200ae6        0     1                 .L0 
80200ae6 80200ae6        0     1                 .L0 
80200ae8 80200ae8        0     1                 .L0 
80200ae8 80200ae8        0     1                 .L0 
80200af0 80200af0        0     1                 .L0 
80200af8 80200af8        0     1                 .L0 
80200af8 80200af8        0     1                 .L0 
80200b16 80200b16        0     1                 .L0 
80200b1a 80200b1a        0     1                 .L0 
80200b20 80200b20        0     1                 .L0 
80200b22 80200b22        0     1                 .L0 
80200b28 80200b28        0     1                 .L0 
80200b28 80200b28        0     1                 .L0 
80200b34 80200b34        0     1                 .L0 
80200b36 80200b36        0     1                 .L0 
80200b3e 80200b3e        0     1                 .L0 
80200b3e 80200b3e        0     1                 .L0 
80200b4c 80200b4c        0     1                 .L0 
80200b58 80200b58        0     1                 .L0 
80200b58 80200b58        0     1                 .L0 
80200b5a 80200b5a        0     1                 .L0 
80200b5a 80200b5a        0     1                 .L0 
80200b5c 80200b5c        0     1                 .L0 
80200b5c 80200b5c        0     1                 .L0 
80200b5e 80200b5e        0     1                 .L0 
80200b5e 80200b5e        0     1                 .L0 
80200b6a 80200b6a        0     1                 .L0 
80200b6c 80200b6c        0     1                 .L0 
80200b72 80200b72        0     1                 .L0 
80200b74 80200b74        0     1                 .L0 
80200b7a 80200b7a        0     1                 .L0 
80200b7a 80200b7a        0     1                 .L0 
80200b88 80200b88        0     1                 .L0 
80200b8a 80200b8a        0     1                 .L0 
80200b90 80200b90        0     1                 .L0 
80200b96 80200b96        0     1                 .L0 
80200b96 80200b96        0     1                 .L0 
80200b9a 80200b9a        0     1                 .L0 
80200b9e 80200b9e        0     1                 .L0 
80200ba6 80200ba6        0     1                 .L0 
80200baa 80200baa        0     1                 .L0 
80200bbe 80200bbe        0     1                 .L0 
80200bc4 80200bc4        0     1                 .L0 
80200bc4 80200bc4        0     1                 .L0 
80200bca 80200bca        0     1                 .L0 
80200bca 80200bca        0     1                 .L0 
80200bce 80200bce        0     1                 .L0 
80200bd2 80200bd2        0     1                 .L0 
80200bda 80200bda        0     1                 .L0 
80200bde 80200bde        0     1                 .L0 
80200be2 80200be2        0     1                 .L0 
80200c04 80200c04        0     1                 .L0 
80200c0a 80200c0a        0     1                 .L0 
80200c26 80200c26        0     1                 .L0 
80200c26 80200c26       60     2         /home/famous282/.rustup/toolchains/stable-x86_64-unknown-linux-gnu/lib/rustlib/riscv32imac-unknown-none-elf/lib/libcore-36e1cca942c0a58a.rlib(core-36e1cca942c0a58a.core.283c90c5601d86be-cgu.0.rcgu.o):(.text._ZN4core3fmt9Formatter12pad_integral12write_prefix17hdbc87ce8e6b3fdaaE)
80200c26 80200c26       60     1                 core::fmt::Formatter::pad_integral::write_prefix::hdbc87ce8e6b3fdaa
80200c26 80200c26        0     1                 .L0 
80200c26 80200c26        0     1                 .L0 
80200c26 80200c26        0     1                 $x
80200c26 80200c26        0     1                 .L0 
80200c40 80200c40        0     1                 .L0 
80200c44 80200c44        0     1                 .L0 
80200c52 80200c52        0     1                 .L0 
80200c52 80200c52        0     1                 .L0 
80200c54 80200c54        0     1                 .L0 
80200c56 80200c56        0     1                 .L0 
80200c58 80200c58        0     1                 .L0 
80200c5c 80200c5c        0     1                 .L0 
80200c86 80200c86        0     1                 .L0 
80200c86 80200c86      25e     2         /home/famous282/.rustup/toolchains/stable-x86_64-unknown-linux-gnu/lib/rustlib/riscv32imac-unknown-none-elf/lib/libcore-36e1cca942c0a58a.rlib(core-36e1cca942c0a58a.core.283c90c5601d86be-cgu.0.rcgu.o):(.text._ZN4core3fmt9Formatter12pad_integral17hf40683eda9f9fd38E)
80200c86 80200c86        0     1                 .L0 
80200c86 80200c86        0     1                 .L0 
80200c86 80200c86        0     1                 $x
80200c86 80200c86        0     1                 .L0 
80200c86 80200c86      25e     1                 core::fmt::Formatter::pad_integral::hf40683eda9f9fd38
80200cae 80200cae        0     1                 .L0 
80200cb0 80200cb0        0     1                 .L0 
80200cb0 80200cb0        0     1                 .L0 
80200cbe 80200cbe        0     1                 .L0 
80200cc0 80200cc0        0     1                 .L0 
80200cca 80200cca        0     1                 .L0 
80200cd2 80200cd2        0     1                 .L0 
80200cd4 80200cd4        0     1                 .L0 
80200cd4 80200cd4        0     1                 .L0 
80200cd8 80200cd8        0     1                 .L0 
80200cda 80200cda        0     1                 .L0 
80200cda 80200cda        0     1                 .L0 
80200cde 80200cde        0     1                 .L0 
80200cea 80200cea        0     1                 .L0 
80200cf2 80200cf2        0     1                 .L0 
80200cf4 80200cf4        0     1                 .L0 
80200cf8 80200cf8        0     1                 .L0 
80200cf8 80200cf8        0     1                 .L0 
80200cfe 80200cfe        0     1                 .L0 
80200d02 80200d02        0     1                 .L0 
80200d0e 80200d0e        0     1                 .L0 
80200d12 80200d12        0     1                 .L0 
80200d1a 80200d1a        0     1                 .L0 
80200d1c 80200d1c        0     1                 .L0 
80200d1c 80200d1c        0     1                 .L0 
80200d24 80200d24        0     1                 .L0 
80200d26 80200d26        0     1                 .L0 
80200d28 80200d28        0     1                 .L0 
80200d28 80200d28        0     1                 .L0 
80200d34 80200d34        0     1                 .L0 
80200d3c 80200d3c        0     1                 .L0 
80200d42 80200d42        0     1                 .L0 
80200d46 80200d46        0     1                 .L0 
80200d60 80200d60        0     1                 .L0 
80200d60 80200d60        0     1                 .L0 
80200d64 80200d64        0     1                 .L0 
80200d8a 80200d8a        0     1                 .L0 
80200d96 80200d96        0     1                 .L0 
80200d9c 80200d9c        0     1                 .L0 
80200da2 80200da2        0     1                 .L0 
80200dba 80200dba        0     1                 .L0 
80200dc2 80200dc2        0     1                 .L0 
80200dc8 80200dc8        0     1                 .L0 
80200dde 80200dde        0     1                 .L0 
80200df0 80200df0        0     1                 .L0 
80200df0 80200df0        0     1                 .L0 
80200df8 80200df8        0     1                 .L0 
80200df8 80200df8        0     1                 .L0 
80200dfc 80200dfc        0     1                 .L0 
80200dfe 80200dfe        0     1                 .L0 
80200e06 80200e06        0     1                 .L0 
80200e06 80200e06        0     1                 .L0 
80200e0a 80200e0a        0     1                 .L0 
80200e0e 80200e0e        0     1                 .L0 
80200e0e 80200e0e        0     1                 .L0 
80200e12 80200e12        0     1                 .L0 
80200e12 80200e12        0     1                 .L0 
80200e1c 80200e1c        0     1                 .L0 
80200e1c 80200e1c        0     1                 .L0 
80200e2a 80200e2a        0     1                 .L0 
80200e2a 80200e2a        0     1                 .L0 
80200e2c 80200e2c        0     1                 .L0 
80200e2e 80200e2e        0     1                 .L0 
80200e3c 80200e3c        0     1                 .L0 
80200e58 80200e58        0     1                 .L0 
80200e5c 80200e5c        0     1                 .L0 
80200e60 80200e60        0     1                 .L0 
80200e60 80200e60        0     1                 .L0 
80200e64 80200e64        0     1                 .L0 
80200e66 80200e66        0     1                 .L0 
80200e6c 80200e6c        0     1                 .L0 
80200e6c 80200e6c        0     1                 .L0 
80200e6e 80200e6e        0     1                 .L0 
80200e6e 80200e6e        0     1                 .L0 
80200ea4 80200ea4        0     1                 .L0 
80200ea4 80200ea4        0     1                 .L0 
80200ea6 80200ea6        0     1                 .L0 
80200eb4 80200eb4        0     1                 .L0 
80200eb4 80200eb4        0     1                 .L0 
80200eb6 80200eb6        0     1                 .L0 
80200ec8 80200ec8        0     1                 .L0 
80200ed0 80200ed0        0     1                 .L0 
80200ed4 80200ed4        0     1                 .L0 
80200ed4 80200ed4        0     1                 .L0 
80200ed8 80200ed8        0     1                 .L0 
80200eda 80200eda        0     1                 .L0 
80200ee0 80200ee0        0     1                 .L0 
80200ee0 80200ee0        0     1                 .L0 
80200ee4 80200ee4        0     1                 .L0 
80200ee4 80200ee4      1c2     2         /home/famous282/.rustup/toolchains/stable-x86_64-unknown-linux-gnu/lib/rustlib/riscv32imac-unknown-none-elf/lib/libcore-36e1cca942c0a58a.rlib(core-36e1cca942c0a58a.core.283c90c5601d86be-cgu.0.rcgu.o):(.text._ZN4core3fmt9Formatter3pad17h70209f2ecfa223ceE)
80200ee4 80200ee4        0     1                 .L0 
80200ee4 80200ee4        0     1                 .L0 
80200ee4 80200ee4        0     1                 $x
80200ee4 80200ee4        0     1                 .L0 
80200ee4 80200ee4      1c2     1                 core::fmt::Formatter::pad::h70209f2ecfa223ce
80200f02 80200f02        0     1                 .L0 
80200f0e 80200f0e        0     1                 .L0 
80200f0e 80200f0e        0     1                 .L0 
80200f16 80200f16        0     1                 .L0 
80200f16 80200f16        0     1                 .L0 
80200f18 80200f18        0     1                 .L0 
80200f18 80200f18        0     1                 .L0 
80200f1c 80200f1c        0     1                 .L0 
80200f1e 80200f1e        0     1                 .L0 
80200f1e 80200f1e        0     1                 .L0 
80200f22 80200f22        0     1                 .L0 
80200f2e 80200f2e        0     1                 .L0 
80200f36 80200f36        0     1                 .L0 
80200f38 80200f38        0     1                 .L0 
80200f3c 80200f3c        0     1                 .L0 
80200f3c 80200f3c        0     1                 .L0 
80200f44 80200f44        0     1                 .L0 
80200f4a 80200f4a        0     1                 .L0 
80200f52 80200f52        0     1                 .L0 
80200f56 80200f56        0     1                 .L0 
80200f56 80200f56        0     1                 .L0 
80200f5c 80200f5c        0     1                 .L0 
80200f5c 80200f5c        0     1                 .L0 
80200f5e 80200f5e        0     1                 .L0 
80200f60 80200f60        0     1                 .L0 
80200f60 80200f60        0     1                 .L0 
80200f64 80200f64        0     1                 .L0 
80200f64 80200f64        0     1                 .L0 
80200f68 80200f68        0     1                 .L0 
80200f7c 80200f7c        0     1                 .L0 
80200f80 80200f80        0     1                 .L0 
80200f80 80200f80        0     1                 .L0 
80200f84 80200f84        0     1                 .L0 
80200f86 80200f86        0     1                 .L0 
80200f8c 80200f8c        0     1                 .L0 
80200f8c 80200f8c        0     1                 .L0 
80200f8e 80200f8e        0     1                 .L0 
80200f8e 80200f8e        0     1                 .L0 
80200f92 80200f92        0     1                 .L0 
80200f96 80200f96        0     1                 .L0 
80200f9a 80200f9a        0     1                 .L0 
80200f9e 80200f9e        0     1                 .L0 
80200fa2 80200fa2        0     1                 .L0 
80200fa6 80200fa6        0     1                 .L0 
80200fa6 80200fa6        0     1                 .L0 
80200fac 80200fac        0     1                 .L0 
80200fb0 80200fb0        0     1                 .L0 
80200fb2 80200fb2        0     1                 .L0 
80200fb6 80200fb6        0     1                 .L0 
80200fb8 80200fb8        0     1                 .L0 
80200fb8 80200fb8        0     1                 .L0 
80200fba 80200fba        0     1                 .L0 
80200fc2 80200fc2        0     1                 .L0 
80200fea 80200fea        0     1                 .L0 
80200ffa 80200ffa        0     1                 .L0 
80200ffa 80200ffa        0     1                 .L0 
80201004 80201004        0     1                 .L0 
80201006 80201006        0     1                 .L0 
80201006 80201006        0     1                 .L0 
8020100a 8020100a        0     1                 .L0 
8020100a 8020100a        0     1                 .L0 
80201028 80201028        0     1                 .L0 
8020102c 8020102c        0     1                 .L0 
80201030 80201030        0     1                 .L0 
80201030 80201030        0     1                 .L0 
80201034 80201034        0     1                 .L0 
80201036 80201036        0     1                 .L0 
8020103c 8020103c        0     1                 .L0 
8020103c 8020103c        0     1                 .L0 
80201040 80201040        0     1                 .L0 
80201040 80201040        0     1                 .L0 
8020104c 8020104c        0     1                 .L0 
8020104c 8020104c        0     1                 .L0 
8020104e 8020104e        0     1                 .L0 
80201072 80201072        0     1                 .L0 
8020107c 8020107c        0     1                 .L0 
8020108a 8020108a        0     1                 .L0 
8020108a 8020108a        0     1                 .L0 
80201096 80201096        0     1                 .L0 
80201096 80201096        0     1                 .L0 
8020109a 8020109a        0     1                 .L0 
8020109c 8020109c        0     1                 .L0 
8020109c 8020109c        0     1                 .L0 
802010a6 802010a6        0     1                 .L0 
802010a6 802010a6      178     2         /home/famous282/.rustup/toolchains/stable-x86_64-unknown-linux-gnu/lib/rustlib/riscv32imac-unknown-none-elf/lib/libcore-36e1cca942c0a58a.rlib(core-36e1cca942c0a58a.core.283c90c5601d86be-cgu.0.rcgu.o):(.text._ZN4core3str5count14do_count_chars17h23251e7b20e60103E)
802010a6 802010a6        0     1                 .L0 
802010a6 802010a6        0     1                 .L0 
802010a6 802010a6        0     1                 $x
802010a6 802010a6        0     1                 .L0 
802010a6 802010a6      178     1                 core::str::count::do_count_chars::h23251e7b20e60103
802010ac 802010ac        0     1                 .L0 
802010b4 802010b4        0     1                 .L0 
802010b8 802010b8        0     1                 .L0 
802010b8 802010b8        0     1                 .L0 
802010ba 802010ba        0     1                 .L0 
802010ba 802010ba        0     1                 .L0 
802010bc 802010bc        0     1                 .L0 
802010c4 802010c4        0     1                 .L0 
802010cc 802010cc        0     1                 .L0 
802010ce 802010ce        0     1                 .L0 
802010d2 802010d2        0     1                 .L0 
802010d8 802010d8        0     1                 .L0 
802010dc 802010dc        0     1                 .L0 
802010e0 802010e0        0     1                 .L0 
802010e0 802010e0        0     1                 .L0 
802010e4 802010e4        0     1                 .L0 
802010ec 802010ec        0     1                 .L0 
802010ec 802010ec        0     1                 .L0 
802010f0 802010f0        0     1                 .L0 
802010f6 802010f6        0     1                 .L0 
802010fe 802010fe        0     1                 .L0 
80201100 80201100        0     1                 .L0 
80201104 80201104        0     1                 .L0 
80201106 80201106        0     1                 .L0 
80201106 80201106        0     1                 .L0 
80201108 80201108        0     1                 .L0 
8020111a 8020111a        0     1                 .L0 
80201122 80201122        0     1                 .L0 
80201124 80201124        0     1                 .L0 
80201128 80201128        0     1                 .L0 
80201138 80201138        0     1                 .L0 
8020113c 8020113c        0     1                 .L0 
80201148 80201148        0     1                 .L0 
80201156 80201156        0     1                 .L0 
8020115e 8020115e        0     1                 .L0 
80201162 80201162        0     1                 .L0 
80201176 80201176        0     1                 .L0 
80201176 80201176        0     1                 .L0 
8020117c 8020117c        0     1                 .L0 
8020117c 8020117c        0     1                 .L0 
80201182 80201182        0     1                 .L0 
80201192 80201192        0     1                 .L0 
802011c0 802011c0        0     1                 .L0 
802011c2 802011c2        0     1                 .L0 
802011ce 802011ce        0     1                 .L0 
802011d2 802011d2        0     1                 .L0 
802011d4 802011d4        0     1                 .L0 
802011dc 802011dc        0     1                 .L0 
802011e6 802011e6        0     1                 .L0 
802011ec 802011ec        0     1                 .L0 
802011ee 802011ee        0     1                 .L0 
802011fc 802011fc        0     1                 .L0 
802011fe 802011fe        0     1                 .L0 
802011fe 802011fe        0     1                 .L0 
80201202 80201202        0     1                 .L0 
80201202 80201202        0     1                 .L0 
8020120e 8020120e        0     1                 .L0 
8020121e 8020121e        0     1                 .L0 
8020121e 8020121e       1e     2         /home/famous282/.rustup/toolchains/stable-x86_64-unknown-linux-gnu/lib/rustlib/riscv32imac-unknown-none-elf/lib/libcore-36e1cca942c0a58a.rlib(core-36e1cca942c0a58a.core.283c90c5601d86be-cgu.0.rcgu.o):(.text.unlikely._ZN4core9panicking11panic_const24panic_const_add_overflow17h8d177bbb89cf278aE)
8020121e 8020121e        0     1                 .L0 
8020121e 8020121e        0     1                 .L0 
8020121e 8020121e        0     1                 $x
8020121e 8020121e        0     1                 .L0 
8020121e 8020121e       1e     1                 core::panicking::panic_const::panic_const_add_overflow::h8d177bbb89cf278a
8020123c 8020123c        0     1                 .L0 
8020123c 8020123c       1e     2         /home/famous282/.rustup/toolchains/stable-x86_64-unknown-linux-gnu/lib/rustlib/riscv32imac-unknown-none-elf/lib/libcore-36e1cca942c0a58a.rlib(core-36e1cca942c0a58a.core.283c90c5601d86be-cgu.0.rcgu.o):(.text.unlikely._ZN4core9panicking11panic_const24panic_const_sub_overflow17h6ef2b7d85abc4017E)
8020123c 8020123c        0     1                 .L0 
8020123c 8020123c        0     1                 .L0 
8020123c 8020123c        0     1                 $x
8020123c 8020123c        0     1                 .L0 
8020123c 8020123c       1e     1                 core::panicking::panic_const::panic_const_sub_overflow::h6ef2b7d85abc4017
8020125a 8020125a        0     1                 .L0 
8020125a 8020125a       3c     2         /home/famous282/.rustup/toolchains/stable-x86_64-unknown-linux-gnu/lib/rustlib/riscv32imac-unknown-none-elf/lib/libcore-36e1cca942c0a58a.rlib(core-36e1cca942c0a58a.core.283c90c5601d86be-cgu.0.rcgu.o):(.text.unlikely._ZN4core9panicking18panic_bounds_check17h6a2ad95339b34aceE)
8020125a 8020125a        0     1                 .L0 
8020125a 8020125a        0     1                 .L0 
8020125a 8020125a        0     1                 $x
8020125a 8020125a        0     1                 .L0 
8020125a 8020125a       3c     1                 core::panicking::panic_bounds_check::h6a2ad95339b34ace
80201296 80201296        0     1                 .L0 
80201296 80201296       30     2         /home/famous282/.rustup/toolchains/stable-x86_64-unknown-linux-gnu/lib/rustlib/riscv32imac-unknown-none-elf/lib/libcore-36e1cca942c0a58a.rlib(core-36e1cca942c0a58a.core.283c90c5601d86be-cgu.0.rcgu.o):(.text.unlikely._ZN4core9panicking18panic_nounwind_fmt17h55180109d2515dcfE)
80201296 80201296        0     1                 .L0 
80201296 80201296        0     1                 .L0 
80201296 80201296        0     1                 $x
80201296 80201296        0     1                 .L0 
80201296 80201296       30     1                 core::panicking::panic_nounwind_fmt::h55180109d2515dcf
802012aa 802012aa        0     1                 .L0 
802012c6 802012c6        0     1                 .L0 
802012c6 802012c6       20     2         /home/famous282/.rustup/toolchains/stable-x86_64-unknown-linux-gnu/lib/rustlib/riscv32imac-unknown-none-elf/lib/libcore-36e1cca942c0a58a.rlib(core-36e1cca942c0a58a.core.283c90c5601d86be-cgu.0.rcgu.o):(.text.unlikely._ZN4core9panicking30panic_null_pointer_dereference17h3d6c6067fce9e2c4E)
802012c6 802012c6        0     1                 .L0 
802012c6 802012c6        0     1                 .L0 
802012c6 802012c6        0     1                 $x
802012c6 802012c6        0     1                 .L0 
802012c6 802012c6       20     1                 core::panicking::panic_null_pointer_dereference::h3d6c6067fce9e2c4
802012e6 802012e6        0     1                 .L0 
802012e6 802012e6       40     2         /home/famous282/.rustup/toolchains/stable-x86_64-unknown-linux-gnu/lib/rustlib/riscv32imac-unknown-none-elf/lib/libcore-36e1cca942c0a58a.rlib(core-36e1cca942c0a58a.core.283c90c5601d86be-cgu.0.rcgu.o):(.text.unlikely._ZN4core9panicking36panic_misaligned_pointer_dereference17h564b2bf115471192E)
802012e6 802012e6        0     1                 .L0 
802012e6 802012e6        0     1                 .L0 
802012e6 802012e6        0     1                 $x
802012e6 802012e6        0     1                 .L0 
802012e6 802012e6       40     1                 core::panicking::panic_misaligned_pointer_dereference::h564b2bf115471192
80201326 80201326        0     1                 .L0 
80201326 80201326       2e     2         /home/famous282/.rustup/toolchains/stable-x86_64-unknown-linux-gnu/lib/rustlib/riscv32imac-unknown-none-elf/lib/libcore-36e1cca942c0a58a.rlib(core-36e1cca942c0a58a.core.283c90c5601d86be-cgu.0.rcgu.o):(.text.unlikely._ZN4core9panicking9panic_fmt17h2d50c466dfa5b6faE)
80201326 80201326        0     1                 .L0 
80201326 80201326        0     1                 .L0 
80201326 80201326        0     1                 $x
80201326 80201326        0     1                 .L0 
80201326 80201326       2e     1                 core::panicking::panic_fmt::h2d50c466dfa5b6fa
8020133c 8020133c        0     1                 .L0 
80201354 80201354        0     1                 .L0 
80201354 80201354       c6     2         /home/famous282/.rustup/toolchains/stable-x86_64-unknown-linux-gnu/lib/rustlib/riscv32imac-unknown-none-elf/lib/libcore-36e1cca942c0a58a.rlib(core-36e1cca942c0a58a.core.283c90c5601d86be-cgu.0.rcgu.o):(.text._ZN73_$LT$core..panic..panic_info..PanicInfo$u20$as$u20$core..fmt..Display$GT$3fmt17h7dfa1da8d6aafbacE)
80201354 80201354        0     1                 .L0 
80201354 80201354        0     1                 .L0 
80201354 80201354        0     1                 $x
80201354 80201354        0     1                 .L0 
80201354 80201354       c6     1                 _$LT$core..panic..panic_info..PanicInfo$u20$as$u20$core..fmt..Display$GT$::fmt::h7dfa1da8d6aafbac
80201366 80201366        0     1                 .L0 
80201382 80201382        0     1                 .L0 
80201382 80201382        0     1                 .L0 
80201384 80201384        0     1                 .L0 
8020138c 8020138c        0     1                 .L0 
8020139c 8020139c        0     1                 .L0 
802013a0 802013a0        0     1                 .L0 
802013b6 802013b6        0     1                 .L0 
802013be 802013be        0     1                 .L0 
802013c6 802013c6        0     1                 .L0 
802013de 802013de        0     1                 .L0 
802013de 802013de        0     1                 .L0 
802013e0 802013e0        0     1                 .L0 
802013e0 802013e0        0     1                 .L0 
802013ee 802013ee        0     1                 .L0 
802013ee 802013ee        0     1                 .L0 
802013f0 802013f0        0     1                 .L0 
802013f8 802013f8        0     1                 .L0 
8020141a 8020141a        0     1                 .L0 
8020141a 8020141a       6c     2         /home/famous282/.rustup/toolchains/stable-x86_64-unknown-linux-gnu/lib/rustlib/riscv32imac-unknown-none-elf/lib/libcompiler_builtins-5525e237063e5553.rlib(compiler_builtins-5525e237063e5553.compiler_builtins.8129c65e379068d4-cgu.193.rcgu.o):(.text.memset)
8020141a 8020141a        0     1                 .L0 
8020141a 8020141a        0     1                 .L0 
8020141a 8020141a        0     1                 $x
8020141a 8020141a        0     1                 .L0 
8020141a 8020141a       6c     1                 memset
8020141c 8020141c        0     1                 .L0 
8020141c 8020141c        0     1                 .L0 
80201420 80201420        0     1                 .L0 
80201420 80201420        0     1                 .L0 
80201428 80201428        0     1                 .L0 
8020142c 8020142c        0     1                 .L0 
80201430 80201430        0     1                 .L0 
8020143a 8020143a        0     1                 .L0 
8020143c 8020143c        0     1                 .L0 
8020143e 8020143e        0     1                 .L0 
80201446 80201446        0     1                 .L0 
80201448 80201448        0     1                 .L0 
8020144c 8020144c        0     1                 .L0 
8020145e 8020145e        0     1                 .L0 
80201460 80201460        0     1                 .L0 
80201464 80201464        0     1                 .L0 
80201466 80201466        0     1                 .L0 
8020146e 8020146e        0     1                 .L0 
80201474 80201474        0     1                 .L0 
80201474 80201474        0     1                 .L0 
80201478 80201478        0     1                 .L0 
8020147c 8020147c        0     1                 .L0 
80201486 80201486        0     1                 .L0 
80201488 80201488      671     4 .rodata
80201488 80201488      1db     1         <internal>:(.rodata.str1.1)
80201664 80201664       10     4         /home/famous282/1000linesOS/kernel/target/riscv32imac-unknown-none-elf/debug/deps/kernel-dfa3df23995ef8b4.24qdkavsqt2e6ckh6joba0u2j.0yvtx01.rcgu.o:(.rodata.anon.dafe0b063aafa2b693a83aad04a32060.2.llvm.5401126556691993204)
80201664 80201664        0     1                 $d
80201664 80201664       10     1                 anon.dafe0b063aafa2b693a83aad04a32060.2.llvm.5401126556691993204
80201674 80201674        d     1         /home/famous282/1000linesOS/kernel/target/riscv32imac-unknown-none-elf/debug/deps/kernel-dfa3df23995ef8b4.24qdkavsqt2e6ckh6joba0u2j.0yvtx01.rcgu.o:(.rodata.anon.dafe0b063aafa2b693a83aad04a32060.3.llvm.5401126556691993204)
80201674 80201674        0     1                 $d
80201674 80201674        d     1                 anon.dafe0b063aafa2b693a83aad04a32060.3.llvm.5401126556691993204
80201684 80201684       10     4         /home/famous282/1000linesOS/kernel/target/riscv32imac-unknown-none-elf/debug/deps/kernel-dfa3df23995ef8b4.24qdkavsqt2e6ckh6joba0u2j.0yvtx01.rcgu.o:(.rodata.anon.dafe0b063aafa2b693a83aad04a32060.4.llvm.5401126556691993204)
80201684 80201684        0     1                 $d
80201684 80201684       10     1                 anon.dafe0b063aafa2b693a83aad04a32060.4.llvm.5401126556691993204
80201694 80201694       16     1         /home/famous282/1000linesOS/kernel/target/riscv32imac-unknown-none-elf/debug/deps/kernel-dfa3df23995ef8b4.24qdkavsqt2e6ckh6joba0u2j.0yvtx01.rcgu.o:(.rodata..Lanon.dafe0b063aafa2b693a83aad04a32060.5)
80201694 80201694       16     1                 .Lanon.dafe0b063aafa2b693a83aad04a32060.5
80201694 80201694        0     1                 $d
802016aa 802016aa       16     1         /home/famous282/1000linesOS/kernel/target/riscv32imac-unknown-none-elf/debug/deps/kernel-dfa3df23995ef8b4.24qdkavsqt2e6ckh6joba0u2j.0yvtx01.rcgu.o:(.rodata..Lanon.dafe0b063aafa2b693a83aad04a32060.6)
802016aa 802016aa       16     1                 .Lanon.dafe0b063aafa2b693a83aad04a32060.6
802016aa 802016aa        0     1                 $d
802016c0 802016c0       10     4         /home/famous282/1000linesOS/kernel/target/riscv32imac-unknown-none-elf/debug/deps/kernel-dfa3df23995ef8b4.24qdkavsqt2e6ckh6joba0u2j.0yvtx01.rcgu.o:(.rodata..Lanon.dafe0b063aafa2b693a83aad04a32060.7)
802016c0 802016c0       10     1                 .Lanon.dafe0b063aafa2b693a83aad04a32060.7
802016c0 802016c0        0     1                 $d
802016d0 802016d0       10     4         /home/famous282/1000linesOS/kernel/target/riscv32imac-unknown-none-elf/debug/deps/kernel-dfa3df23995ef8b4.24qdkavsqt2e6ckh6joba0u2j.0yvtx01.rcgu.o:(.rodata..Lanon.dafe0b063aafa2b693a83aad04a32060.8)
802016d0 802016d0       10     1                 .Lanon.dafe0b063aafa2b693a83aad04a32060.8
802016d0 802016d0        0     1                 $d
802016e0 802016e0       18     1         /home/famous282/1000linesOS/kernel/target/riscv32imac-unknown-none-elf/debug/deps/kernel-dfa3df23995ef8b4.24qdkavsqt2e6ckh6joba0u2j.0yvtx01.rcgu.o:(.rodata..Lanon.dafe0b063aafa2b693a83aad04a32060.9)
802016e0 802016e0       18     1                 .Lanon.dafe0b063aafa2b693a83aad04a32060.9
802016e0 802016e0        0     1                 $d
802016f8 802016f8       10     4         /home/famous282/1000linesOS/kernel/target/riscv32imac-unknown-none-elf/debug/deps/kernel-dfa3df23995ef8b4.24qdkavsqt2e6ckh6joba0u2j.0yvtx01.rcgu.o:(.rodata..Lanon.dafe0b063aafa2b693a83aad04a32060.10)
802016f8 802016f8       10     1                 .Lanon.dafe0b063aafa2b693a83aad04a32060.10
802016f8 802016f8        0     1                 $d
80201708 80201708       18     4         /home/famous282/1000linesOS/kernel/target/riscv32imac-unknown-none-elf/debug/deps/kernel-dfa3df23995ef8b4.3lszhsxzyn1vde1rs4win02um.0yvtx01.rcgu.o:(.rodata.anon.3065e104e28d6a5facd9e62a3ecae246.0.llvm.6829158211990935668)
80201708 80201708        0     1                 $d
80201708 80201708       18     1                 anon.3065e104e28d6a5facd9e62a3ecae246.0.llvm.6829158211990935668
80201720 80201720       10     4         /home/famous282/1000linesOS/kernel/target/riscv32imac-unknown-none-elf/debug/deps/kernel-dfa3df23995ef8b4.63ptxjvpldbz03i077ow9897u.0yvtx01.rcgu.o:(.rodata..Lanon.9a18cc69fd9a87585fdaf094a09d3ef5.1)
80201720 80201720       10     1                 .Lanon.9a18cc69fd9a87585fdaf094a09d3ef5.1
80201720 80201720        0     1                 $d
80201730 80201730       10     4         /home/famous282/1000linesOS/kernel/target/riscv32imac-unknown-none-elf/debug/deps/kernel-dfa3df23995ef8b4.63ptxjvpldbz03i077ow9897u.0yvtx01.rcgu.o:(.rodata..Lanon.9a18cc69fd9a87585fdaf094a09d3ef5.2)
80201730 80201730       10     1                 .Lanon.9a18cc69fd9a87585fdaf094a09d3ef5.2
80201730 80201730        0     1                 $d
80201740 80201740       15     1         /home/famous282/1000linesOS/kernel/target/riscv32imac-unknown-none-elf/debug/deps/kernel-dfa3df23995ef8b4.63ptxjvpldbz03i077ow9897u.0yvtx01.rcgu.o:(.rodata.anon.9a18cc69fd9a87585fdaf094a09d3ef5.3.llvm.11028493992479846092)
80201740 80201740        0     1                 $d
80201740 80201740       15     1                 anon.9a18cc69fd9a87585fdaf094a09d3ef5.3.llvm.11028493992479846092
80201758 80201758       10     4         /home/famous282/1000linesOS/kernel/target/riscv32imac-unknown-none-elf/debug/deps/kernel-dfa3df23995ef8b4.63ptxjvpldbz03i077ow9897u.0yvtx01.rcgu.o:(.rodata.anon.9a18cc69fd9a87585fdaf094a09d3ef5.4.llvm.11028493992479846092)
80201758 80201758        0     1                 $d
80201758 80201758       10     1                 anon.9a18cc69fd9a87585fdaf094a09d3ef5.4.llvm.11028493992479846092
80201768 80201768       10     4         /home/famous282/1000linesOS/kernel/target/riscv32imac-unknown-none-elf/debug/deps/kernel-dfa3df23995ef8b4.63ptxjvpldbz03i077ow9897u.0yvtx01.rcgu.o:(.rodata.anon.9a18cc69fd9a87585fdaf094a09d3ef5.5.llvm.11028493992479846092)
80201768 80201768        0     1                 $d
80201768 80201768       10     1                 anon.9a18cc69fd9a87585fdaf094a09d3ef5.5.llvm.11028493992479846092
80201778 80201778        e     1         /home/famous282/1000linesOS/kernel/target/riscv32imac-unknown-none-elf/debug/deps/kernel-dfa3df23995ef8b4.aqtcxbzy89ozo9dgld6fn0q5h.0yvtx01.rcgu.o:(.rodata..Lanon.9e0d9a3b70bfecc7ede061ec6c9e287a.0)
80201778 80201778        e     1                 .Lanon.9e0d9a3b70bfecc7ede061ec6c9e287a.0
80201778 80201778        0     1                 $d
80201788 80201788       10     4         /home/famous282/1000linesOS/kernel/target/riscv32imac-unknown-none-elf/debug/deps/kernel-dfa3df23995ef8b4.b1wfjfrxrno1sga9zbdwiqldk.0yvtx01.rcgu.o:(.rodata.anon.ec365b032719ac4aafe4712422c74bb6.1.llvm.9581896732707436221)
80201788 80201788        0     1                 $d
80201788 80201788       10     1                 anon.ec365b032719ac4aafe4712422c74bb6.1.llvm.9581896732707436221
80201798 80201798       10     4         /home/famous282/1000linesOS/kernel/target/riscv32imac-unknown-none-elf/debug/deps/kernel-dfa3df23995ef8b4.b1wfjfrxrno1sga9zbdwiqldk.0yvtx01.rcgu.o:(.rodata.anon.ec365b032719ac4aafe4712422c74bb6.2.llvm.9581896732707436221)
80201798 80201798        0     1                 $d
80201798 80201798       10     1                 anon.ec365b032719ac4aafe4712422c74bb6.2.llvm.9581896732707436221
802017a8 802017a8       10     4         /home/famous282/1000linesOS/kernel/target/riscv32imac-unknown-none-elf/debug/deps/kernel-dfa3df23995ef8b4.b1wfjfrxrno1sga9zbdwiqldk.0yvtx01.rcgu.o:(.rodata.anon.ec365b032719ac4aafe4712422c74bb6.3.llvm.9581896732707436221)
802017a8 802017a8        0     1                 $d
802017a8 802017a8       10     1                 anon.ec365b032719ac4aafe4712422c74bb6.3.llvm.9581896732707436221
802017b8 802017b8       ae     1         /home/famous282/1000linesOS/kernel/target/riscv32imac-unknown-none-elf/debug/deps/kernel-dfa3df23995ef8b4.b1wfjfrxrno1sga9zbdwiqldk.0yvtx01.rcgu.o:(.rodata.anon.ec365b032719ac4aafe4712422c74bb6.4.llvm.9581896732707436221)
802017b8 802017b8        0     1                 $d
802017b8 802017b8       ae     1                 anon.ec365b032719ac4aafe4712422c74bb6.4.llvm.9581896732707436221
80201866 80201866       c7     1         /home/famous282/1000linesOS/kernel/target/riscv32imac-unknown-none-elf/debug/deps/kernel-dfa3df23995ef8b4.b1wfjfrxrno1sga9zbdwiqldk.0yvtx01.rcgu.o:(.rodata.anon.ec365b032719ac4aafe4712422c74bb6.5.llvm.9581896732707436221)
80201866 80201866        0     1                 $d
80201866 80201866       c7     1                 anon.ec365b032719ac4aafe4712422c74bb6.5.llvm.9581896732707436221
80201930 80201930       10     4         /home/famous282/1000linesOS/kernel/target/riscv32imac-unknown-none-elf/debug/deps/kernel-dfa3df23995ef8b4.b1wfjfrxrno1sga9zbdwiqldk.0yvtx01.rcgu.o:(.rodata.anon.ec365b032719ac4aafe4712422c74bb6.7.llvm.9581896732707436221)
80201930 80201930        0     1                 $d
80201930 80201930       10     1                 anon.ec365b032719ac4aafe4712422c74bb6.7.llvm.9581896732707436221
80201940 80201940       10     4         /home/famous282/1000linesOS/kernel/target/riscv32imac-unknown-none-elf/debug/deps/kernel-dfa3df23995ef8b4.bd4aykr3vnli855y8j4uib0hb.0yvtx01.rcgu.o:(.rodata..Lanon.44dbf0a5850731176117aaf5252d3610.2)
80201940 80201940       10     1                 .Lanon.44dbf0a5850731176117aaf5252d3610.2
80201940 80201940        0     1                 $d
80201950 80201950       c8     1         /home/famous282/.rustup/toolchains/stable-x86_64-unknown-linux-gnu/lib/rustlib/riscv32imac-unknown-none-elf/lib/libcore-36e1cca942c0a58a.rlib(core-36e1cca942c0a58a.core.283c90c5601d86be-cgu.0.rcgu.o):(.rodata..Lanon.c1b9f5fb5e0d403858e825deb85600fc.10)
80201950 80201950       c8     1                 .Lanon.c1b9f5fb5e0d403858e825deb85600fc.10
80201950 80201950        0     1                 $d
80201a18 80201a18       10     4         /home/famous282/.rustup/toolchains/stable-x86_64-unknown-linux-gnu/lib/rustlib/riscv32imac-unknown-none-elf/lib/libcore-36e1cca942c0a58a.rlib(core-36e1cca942c0a58a.core.283c90c5601d86be-cgu.0.rcgu.o):(.rodata..Lanon.c1b9f5fb5e0d403858e825deb85600fc.22)
80201a18 80201a18       10     1                 .Lanon.c1b9f5fb5e0d403858e825deb85600fc.22
80201a18 80201a18        0     1                 $d
80201a28 80201a28       10     2         <internal>:(.rodata.cst16)
80201a38 80201a38        2     1         /home/famous282/.rustup/toolchains/stable-x86_64-unknown-linux-gnu/lib/rustlib/riscv32imac-unknown-none-elf/lib/libcore-36e1cca942c0a58a.rlib(core-36e1cca942c0a58a.core.283c90c5601d86be-cgu.0.rcgu.o):(.rodata..Lanon.c1b9f5fb5e0d403858e825deb85600fc.33)
80201a38 80201a38        2     1                 .Lanon.c1b9f5fb5e0d403858e825deb85600fc.33
80201a38 80201a38        0     1                 $d
80201a3a 80201a3a       1c     1         /home/famous282/.rustup/toolchains/stable-x86_64-unknown-linux-gnu/lib/rustlib/riscv32imac-unknown-none-elf/lib/libcore-36e1cca942c0a58a.rlib(core-36e1cca942c0a58a.core.283c90c5601d86be-cgu.0.rcgu.o):(.rodata..Lanon.c1b9f5fb5e0d403858e825deb85600fc.82)
80201a3a 80201a3a       1c     1                 .Lanon.c1b9f5fb5e0d403858e825deb85600fc.82
80201a3a 80201a3a        0     1                 $d
80201a56 80201a56       21     1         /home/famous282/.rustup/toolchains/stable-x86_64-unknown-linux-gnu/lib/rustlib/riscv32imac-unknown-none-elf/lib/libcore-36e1cca942c0a58a.rlib(core-36e1cca942c0a58a.core.283c90c5601d86be-cgu.0.rcgu.o):(.rodata..Lanon.c1b9f5fb5e0d403858e825deb85600fc.89)
80201a56 80201a56       21     1                 .Lanon.c1b9f5fb5e0d403858e825deb85600fc.89
80201a56 80201a56        0     1                 $d
80201a77 80201a77       21     1         /home/famous282/.rustup/toolchains/stable-x86_64-unknown-linux-gnu/lib/rustlib/riscv32imac-unknown-none-elf/lib/libcore-36e1cca942c0a58a.rlib(core-36e1cca942c0a58a.core.283c90c5601d86be-cgu.0.rcgu.o):(.rodata..Lanon.c1b9f5fb5e0d403858e825deb85600fc.290)
80201a77 80201a77       21     1                 .Lanon.c1b9f5fb5e0d403858e825deb85600fc.290
80201a77 80201a77        0     1                 $d
80201a98 80201a98       53     1         /home/famous282/.rustup/toolchains/stable-x86_64-unknown-linux-gnu/lib/rustlib/riscv32imac-unknown-none-elf/lib/libcore-36e1cca942c0a58a.rlib(core-36e1cca942c0a58a.core.283c90c5601d86be-cgu.0.rcgu.o):(.rodata..Lanon.c1b9f5fb5e0d403858e825deb85600fc.292)
80201a98 80201a98       53     1                 .Lanon.c1b9f5fb5e0d403858e825deb85600fc.292
80201a98 80201a98        0     1                 $d
80201aeb 80201aeb        c     1         /home/famous282/.rustup/toolchains/stable-x86_64-unknown-linux-gnu/lib/rustlib/riscv32imac-unknown-none-elf/lib/libcore-36e1cca942c0a58a.rlib(core-36e1cca942c0a58a.core.283c90c5601d86be-cgu.0.rcgu.o):(.rodata..Lanon.c1b9f5fb5e0d403858e825deb85600fc.401)
80201aeb 80201aeb        c     1                 .Lanon.c1b9f5fb5e0d403858e825deb85600fc.401
80201aeb 80201aeb        0     1                 $d
80201af7 80201af7        2     1         /home/famous282/.rustup/toolchains/stable-x86_64-unknown-linux-gnu/lib/rustlib/riscv32imac-unknown-none-elf/lib/libcore-36e1cca942c0a58a.rlib(core-36e1cca942c0a58a.core.283c90c5601d86be-cgu.0.rcgu.o):(.rodata..Lanon.c1b9f5fb5e0d403858e825deb85600fc.402)
80201af7 80201af7        2     1                 .Lanon.c1b9f5fb5e0d403858e825deb85600fc.402
80201af7 80201af7        0     1                 $d
80201afc 80201afc      38c     4 .eh_frame
80201afc 80201afc       14     1         /home/famous282/.rustup/toolchains/stable-x86_64-unknown-linux-gnu/lib/rustlib/riscv32imac-unknown-none-elf/lib/libcore-36e1cca942c0a58a.rlib(core-36e1cca942c0a58a.core.283c90c5601d86be-cgu.0.rcgu.o):(.eh_frame+0x0)
80201b10 80201b10       14     1         /home/famous282/.rustup/toolchains/stable-x86_64-unknown-linux-gnu/lib/rustlib/riscv32imac-unknown-none-elf/lib/libcore-36e1cca942c0a58a.rlib(core-36e1cca942c0a58a.core.283c90c5601d86be-cgu.0.rcgu.o):(.eh_frame+0x378)
80201b24 80201b24       44     1         /home/famous282/.rustup/toolchains/stable-x86_64-unknown-linux-gnu/lib/rustlib/riscv32imac-unknown-none-elf/lib/libcore-36e1cca942c0a58a.rlib(core-36e1cca942c0a58a.core.283c90c5601d86be-cgu.0.rcgu.o):(.eh_frame+0x784)
80201b68 80201b68       30     1         /home/famous282/.rustup/toolchains/stable-x86_64-unknown-linux-gnu/lib/rustlib/riscv32imac-unknown-none-elf/lib/libcore-36e1cca942c0a58a.rlib(core-36e1cca942c0a58a.core.283c90c5601d86be-cgu.0.rcgu.o):(.eh_frame+0x9e0)
80201b98 80201b98       28     1         /home/famous282/.rustup/toolchains/stable-x86_64-unknown-linux-gnu/lib/rustlib/riscv32imac-unknown-none-elf/lib/libcore-36e1cca942c0a58a.rlib(core-36e1cca942c0a58a.core.283c90c5601d86be-cgu.0.rcgu.o):(.eh_frame+0x1294)
80201bc0 80201bc0       60     1         /home/famous282/.rustup/toolchains/stable-x86_64-unknown-linux-gnu/lib/rustlib/riscv32imac-unknown-none-elf/lib/libcore-36e1cca942c0a58a.rlib(core-36e1cca942c0a58a.core.283c90c5601d86be-cgu.0.rcgu.o):(.eh_frame+0x1b14)
80201c20 80201c20       ac     1         /home/famous282/.rustup/toolchains/stable-x86_64-unknown-linux-gnu/lib/rustlib/riscv32imac-unknown-none-elf/lib/libcore-36e1cca942c0a58a.rlib(core-36e1cca942c0a58a.core.283c90c5601d86be-cgu.0.rcgu.o):(.eh_frame+0x1fb8)
80201ccc 80201ccc       64     1         /home/famous282/.rustup/toolchains/stable-x86_64-unknown-linux-gnu/lib/rustlib/riscv32imac-unknown-none-elf/lib/libcore-36e1cca942c0a58a.rlib(core-36e1cca942c0a58a.core.283c90c5601d86be-cgu.0.rcgu.o):(.eh_frame+0x2460)
80201d30 80201d30       28     1         /home/famous282/.rustup/toolchains/stable-x86_64-unknown-linux-gnu/lib/rustlib/riscv32imac-unknown-none-elf/lib/libcore-36e1cca942c0a58a.rlib(core-36e1cca942c0a58a.core.283c90c5601d86be-cgu.0.rcgu.o):(.eh_frame+0x36b8)
80201d58 80201d58       20     1         /home/famous282/.rustup/toolchains/stable-x86_64-unknown-linux-gnu/lib/rustlib/riscv32imac-unknown-none-elf/lib/libcore-36e1cca942c0a58a.rlib(core-36e1cca942c0a58a.core.283c90c5601d86be-cgu.0.rcgu.o):(.eh_frame+0x3bf8)
80201d78 80201d78       20     1         /home/famous282/.rustup/toolchains/stable-x86_64-unknown-linux-gnu/lib/rustlib/riscv32imac-unknown-none-elf/lib/libcore-36e1cca942c0a58a.rlib(core-36e1cca942c0a58a.core.283c90c5601d86be-cgu.0.rcgu.o):(.eh_frame+0x3cd8)
80201d98 80201d98       40     1         /home/famous282/.rustup/toolchains/stable-x86_64-unknown-linux-gnu/lib/rustlib/riscv32imac-unknown-none-elf/lib/libcore-36e1cca942c0a58a.rlib(core-36e1cca942c0a58a.core.283c90c5601d86be-cgu.0.rcgu.o):(.eh_frame+0x3f18)
80201dd8 80201dd8       20     1         /home/famous282/.rustup/toolchains/stable-x86_64-unknown-linux-gnu/lib/rustlib/riscv32imac-unknown-none-elf/lib/libcore-36e1cca942c0a58a.rlib(core-36e1cca942c0a58a.core.283c90c5601d86be-cgu.0.rcgu.o):(.eh_frame+0x3fb8)
80201df8 80201df8       20     1         /home/famous282/.rustup/toolchains/stable-x86_64-unknown-linux-gnu/lib/rustlib/riscv32imac-unknown-none-elf/lib/libcore-36e1cca942c0a58a.rlib(core-36e1cca942c0a58a.core.283c90c5601d86be-cgu.0.rcgu.o):(.eh_frame+0x3ff8)
80201e18 80201e18       20     1         /home/famous282/.rustup/toolchains/stable-x86_64-unknown-linux-gnu/lib/rustlib/riscv32imac-unknown-none-elf/lib/libcore-36e1cca942c0a58a.rlib(core-36e1cca942c0a58a.core.283c90c5601d86be-cgu.0.rcgu.o):(.eh_frame+0x4038)
80201e38 80201e38       38     1         /home/famous282/.rustup/toolchains/stable-x86_64-unknown-linux-gnu/lib/rustlib/riscv32imac-unknown-none-elf/lib/libcore-36e1cca942c0a58a.rlib(core-36e1cca942c0a58a.core.283c90c5601d86be-cgu.0.rcgu.o):(.eh_frame+0x4ec8)
80201e70 80201e70       14     1         /home/famous282/.rustup/toolchains/stable-x86_64-unknown-linux-gnu/lib/rustlib/riscv32imac-unknown-none-elf/lib/libcompiler_builtins-5525e237063e5553.rlib(compiler_builtins-5525e237063e5553.compiler_builtins.8129c65e379068d4-cgu.193.rcgu.o):(.eh_frame+0x14)
80201e88 80201e88       ac     4 .bss
80201e88 80201e88        0     1         __bss = .
80201e88 80201e88        4     4         /home/famous282/1000linesOS/kernel/target/riscv32imac-unknown-none-elf/debug/deps/kernel-dfa3df23995ef8b4.24qdkavsqt2e6ckh6joba0u2j.0yvtx01.rcgu.o:(.bss._ZN6kernel6kernel10NEXT_PADDR17he2deb472b50ca120E.0.llvm.5401126556691993204)
80201e88 80201e88        0     1                 $d
80201e88 80201e88        4     1                 kernel::kernel::NEXT_PADDR::he2deb472b50ca120 (.0.llvm.5401126556691993204)
80201e8c 80201e8c       a8     4         /home/famous282/1000linesOS/kernel/target/riscv32imac-unknown-none-elf/debug/deps/kernel-dfa3df23995ef8b4.63ptxjvpldbz03i077ow9897u.0yvtx01.rcgu.o:(.bss..L_MergedGlobals)
80201e8c 80201e8c       a8     1                 .L_MergedGlobals
80201e8c 80201e8c        0     1                 $d
80201e8c 80201e8c        4     1                 kernel::process::IDLE_PROC::h35b56339473bd838
80201e90 80201e90        4     1                 kernel::process::CURRENT_PROC::hb128621936b49df0
80201e94 80201e94       a0     1                 kernel::process::PROCS::he71177911dd5df9c (.llvm.11028493992479846092)
80201f34 80201f34        0     1         __bss_end = .
80201f34 80201f34        0     1 . = ALIGN(4)
80201f34 80201f34    20000     1 . += 128 * 1024
80221f34 80221f34        0     1 __stack_top = .
80221f34 80221f34       cc     1 . = ALIGN(4096)
80222000 80222000        0     1 __free_ram = .
80222000 80222000  4000000     1 . += 64 * 1024 * 1024
84222000 84222000        0     1 __free_ram_end = .
       0        0     10bd     1 .debug_loc
       0        0      3d9     1         /home/famous282/1000linesOS/kernel/target/riscv32imac-unknown-none-elf/debug/deps/kernel-dfa3df23995ef8b4.24qdkavsqt2e6ckh6joba0u2j.0yvtx01.rcgu.o:(.debug_loc)
       0        0        0     1                 .L0 
       0        0        0     1                 $d
      31       31        0     1                 .L0 
      62       62        0     1                 .L0 
      88       88        0     1                 .L0 
      ae       ae        0     1                 .L0 
      c9       c9        0     1                 .L0 
      ea       ea        0     1                 .L0 
     12e      12e        0     1                 .L0 
     172      172        0     1                 .L0 
     1b3      1b3        0     1                 .L0 
     1ec      1ec        0     1                 .L0 
     230      230        0     1                 .L0 
     274      274        0     1                 .L0 
     2b5      2b5        0     1                 .L0 
     2ee      2ee        0     1                 .L0 
     309      309        0     1                 .L0 
     32f      32f        0     1                 .L0 
     34a      34a        0     1                 .L0 
     388      388        0     1                 .L0 
     3a3      3a3        0     1                 .L0 
     3be      3be        0     1                 .L0 
     3d9      3d9      29a     1         /home/famous282/1000linesOS/kernel/target/riscv32imac-unknown-none-elf/debug/deps/kernel-dfa3df23995ef8b4.3lszhsxzyn1vde1rs4win02um.0yvtx01.rcgu.o:(.debug_loc)
     3d9      3d9        0     1                 .L0 
     3d9      3d9        0     1                 $d
     3f4      3f4        0     1                 .L0 
     425      425        0     1                 .L0 
     456      456        0     1                 .L0 
     479      479        0     1                 .L0 
     4aa      4aa        0     1                 .L0 
     4db      4db        0     1                 .L0 
     4fe      4fe        0     1                 .L0 
     51a      51a        0     1                 .L0 
     54b      54b        0     1                 .L0 
     575      575        0     1                 .L0 
     591      591        0     1                 .L0 
     5c2      5c2        0     1                 .L0 
     5dd      5dd        0     1                 .L0 
     5f8      5f8        0     1                 .L0 
     613      613        0     1                 .L0 
     653      653        0     1                 .L0 
     673      673       13     1         /home/famous282/1000linesOS/kernel/target/riscv32imac-unknown-none-elf/debug/deps/kernel-dfa3df23995ef8b4.4ftrnxq5k2ijxu6ko4fxfrcj8.0yvtx01.rcgu.o:(.debug_loc)
     673      673        0     1                 .L0 
     673      673        0     1                 $d
     686      686      544     1         /home/famous282/1000linesOS/kernel/target/riscv32imac-unknown-none-elf/debug/deps/kernel-dfa3df23995ef8b4.63ptxjvpldbz03i077ow9897u.0yvtx01.rcgu.o:(.debug_loc)
     686      686        0     1                 .L0 
     686      686        0     1                 $d
     6b7      6b7        0     1                 .L0 
     78b      78b        0     1                 .L0 
     7fb      7fb        0     1                 .L0 
     863      863        0     1                 .L0 
     87e      87e        0     1                 .L0 
     8af      8af        0     1                 .L0 
     9a9      9a9        0     1                 .L0 
     a61      a61        0     1                 .L0 
     a7c      a7c        0     1                 .L0 
     aad      aad        0     1                 .L0 
     ad5      ad5        0     1                 .L0 
     afb      afb        0     1                 .L0 
     b21      b21        0     1                 .L0 
     b57      b57        0     1                 .L0 
[...]
    d120     d120        0     1                 .L0 
    d120     d120        0     1                 $d
    d140     d140       20     1         /home/famous282/.rustup/toolchains/stable-x86_64-unknown-linux-gnu/lib/rustlib/riscv32imac-unknown-none-elf/lib/libcompiler_builtins-5525e237063e5553.rlib(compiler_builtins-5525e237063e5553.compiler_builtins.8129c65e379068d4-cgu.328.rcgu.o):(.debug_ranges)
    d140     d140        0     1                 .L0 
    d140     d140        0     1                 $d
    d160     d160       d8     1         /home/famous282/.rustup/toolchains/stable-x86_64-unknown-linux-gnu/lib/rustlib/riscv32imac-unknown-none-elf/lib/libcompiler_builtins-5525e237063e5553.rlib(compiler_builtins-5525e237063e5553.compiler_builtins.8129c65e379068d4-cgu.330.rcgu.o):(.debug_ranges)
    d160     d160        0     1                 .L0 
    d160     d160        0     1                 $d
    d1a0     d1a0        0     1                 .L0 
    d1e0     d1e0        0     1                 .L0 
    d220     d220        0     1                 .L0 
       0        0    4316c     1 .debug_str
       0        0    4316c     1         <internal>:(.debug_str)
       0        0       8b     1 .comment
       0        0       8b     1         <internal>:(.comment)
       0        0       4e     1 .riscv.attributes
       0        0       4e     1         <internal>:(.riscv.attributes)
       0        0      1e8     4 .debug_frame
       0        0       7c     4         /home/famous282/1000linesOS/kernel/target/riscv32imac-unknown-none-elf/debug/deps/kernel-dfa3df23995ef8b4.24qdkavsqt2e6ckh6joba0u2j.0yvtx01.rcgu.o:(.debug_frame)
       0        0        0     1                 .L0 
       0        0        0     1                 $d
      7c       7c       40     4         /home/famous282/1000linesOS/kernel/target/riscv32imac-unknown-none-elf/debug/deps/kernel-dfa3df23995ef8b4.3lszhsxzyn1vde1rs4win02um.0yvtx01.rcgu.o:(.debug_frame)
      7c       7c        0     1                 .L0 
      7c       7c        0     1                 $d
      bc       bc       24     4         /home/famous282/1000linesOS/kernel/target/riscv32imac-unknown-none-elf/debug/deps/kernel-dfa3df23995ef8b4.4ftrnxq5k2ijxu6ko4fxfrcj8.0yvtx01.rcgu.o:(.debug_frame)
      bc       bc        0     1                 .L0 
      bc       bc        0     1                 $d
      e0       e0       4c     4         /home/famous282/1000linesOS/kernel/target/riscv32imac-unknown-none-elf/debug/deps/kernel-dfa3df23995ef8b4.63ptxjvpldbz03i077ow9897u.0yvtx01.rcgu.o:(.debug_frame)
      e0       e0        0     1                 .L0 
      e0       e0        0     1                 $d
     12c      12c       2c     4         /home/famous282/1000linesOS/kernel/target/riscv32imac-unknown-none-elf/debug/deps/kernel-dfa3df23995ef8b4.aqtcxbzy89ozo9dgld6fn0q5h.0yvtx01.rcgu.o:(.debug_frame)
     12c      12c        0     1                 .L0 
     12c      12c        0     1                 $d
     158      158       58     4         /home/famous282/1000linesOS/kernel/target/riscv32imac-unknown-none-elf/debug/deps/kernel-dfa3df23995ef8b4.b1wfjfrxrno1sga9zbdwiqldk.0yvtx01.rcgu.o:(.debug_frame)
     158      158        0     1                 .L0 
     158      158        0     1                 $d
     1b0      1b0       38     4         /home/famous282/1000linesOS/kernel/target/riscv32imac-unknown-none-elf/debug/deps/kernel-dfa3df23995ef8b4.bd4aykr3vnli855y8j4uib0hb.0yvtx01.rcgu.o:(.debug_frame)
     1b0      1b0        0     1                 .L0 
     1b0      1b0        0     1                 $d
       0        0    237d7     1 .debug_line
       0        0      47b     1         /home/famous282/1000linesOS/kernel/target/riscv32imac-unknown-none-elf/debug/deps/kernel-dfa3df23995ef8b4.24qdkavsqt2e6ckh6joba0u2j.0yvtx01.rcgu.o:(.debug_line)
       0        0        0     1                 .Lline_table_start0
       0        0        0     1                 $d
     3b9      3b9        0     1                 .Lline_table_start1
     44e      44e        0     1                 .Lline_table_start2
     47b      47b      1d6     1         /home/famous282/1000linesOS/kernel/target/riscv32imac-unknown-none-elf/debug/deps/kernel-dfa3df23995ef8b4.3lszhsxzyn1vde1rs4win02um.0yvtx01.rcgu.o:(.debug_line)
     47b      47b        0     1                 .Lline_table_start0
     47b      47b        0     1                 $d
     651      651       ac     1         /home/famous282/1000linesOS/kernel/target/riscv32imac-unknown-none-elf/debug/deps/kernel-dfa3df23995ef8b4.4ftrnxq5k2ijxu6ko4fxfrcj8.0yvtx01.rcgu.o:(.debug_line)
     651      651        0     1                 .Lline_table_start0
     651      651        0     1                 $d
     6fd      6fd      501     1         /home/famous282/1000linesOS/kernel/target/riscv32imac-unknown-none-elf/debug/deps/kernel-dfa3df23995ef8b4.63ptxjvpldbz03i077ow9897u.0yvtx01.rcgu.o:(.debug_line)
     6fd      6fd        0     1                 .Lline_table_start0
     6fd      6fd        0     1                 $d
     ad0      ad0        0     1                 .Lline_table_start1
     bfe      bfe      17e     1         /home/famous282/1000linesOS/kernel/target/riscv32imac-unknown-none-elf/debug/deps/kernel-dfa3df23995ef8b4.aqtcxbzy89ozo9dgld6fn0q5h.0yvtx01.rcgu.o:(.debug_line)
     bfe      bfe        0     1                 .Lline_table_start0
     bfe      bfe        0     1                 $d
     ce7      ce7        0     1                 .Lline_table_start1
     d7c      d7c      3fd     1         /home/famous282/1000linesOS/kernel/target/riscv32imac-unknown-none-elf/debug/deps/kernel-dfa3df23995ef8b4.b1wfjfrxrno1sga9zbdwiqldk.0yvtx01.rcgu.o:(.debug_line)
     d7c      d7c        0     1                 .Lline_table_start0
     d7c      d7c        0     1                 $d
    1179     1179       88     1         /home/famous282/1000linesOS/kernel/target/riscv32imac-unknown-none-elf/debug/deps/kernel-dfa3df23995ef8b4.bd4aykr3vnli855y8j4uib0hb.0yvtx01.rcgu.o:(.debug_line)
    1179     1179        0     1                 .Lline_table_start0
    1179     1179        0     1                 $d
    1201     1201    1bb15     1         /home/famous282/.rustup/toolchains/stable-x86_64-unknown-linux-gnu/lib/rustlib/riscv32imac-unknown-none-elf/lib/libcore-36e1cca942c0a58a.rlib(core-36e1cca942c0a58a.core.283c90c5601d86be-cgu.0.rcgu.o):(.debug_line)
    1201     1201        0     1                 .Lline_table_start0
    1201     1201        0     1                 $d
   1cd16    1cd16       eb     1         /home/famous282/.rustup/toolchains/stable-x86_64-unknown-linux-gnu/lib/rustlib/riscv32imac-unknown-none-elf/lib/libcompiler_builtins-5525e237063e5553.rlib(compiler_builtins-5525e237063e5553.compiler_builtins.8129c65e379068d4-cgu.107.rcgu.o):(.debug_line)
   1cd16    1cd16        0     1                 .Lline_table_start0
   1cd16    1cd16        0     1                 $d
   1ce01    1ce01      11d     1         /home/famous282/.rustup/toolchains/stable-x86_64-unknown-linux-gnu/lib/rustlib/riscv32imac-unknown-none-elf/lib/libcompiler_builtins-5525e237063e5553.rlib(compiler_builtins-5525e237063e5553.compiler_builtins.8129c65e379068d4-cgu.163.rcgu.o):(.debug_line)
   1ce01    1ce01        0     1                 .Lline_table_start0
   1ce01    1ce01        0     1                 $d
   1cec3    1cec3        0     1                 .Lline_table_start1
   1cf1e    1cf1e      a08     1         /home/famous282/.rustup/toolchains/stable-x86_64-unknown-linux-gnu/lib/rustlib/riscv32imac-unknown-none-elf/lib/libcompiler_builtins-5525e237063e5553.rlib(compiler_builtins-5525e237063e5553.compiler_builtins.8129c65e379068d4-cgu.017.rcgu.o):(.debug_line)
   1cf1e    1cf1e        0     1                 .Lline_table_start0
   1cf1e    1cf1e        0     1                 $d
   1d926    1d926      230     1         /home/famous282/.rustup/toolchains/stable-x86_64-unknown-linux-gnu/lib/rustlib/riscv32imac-unknown-none-elf/lib/libcompiler_builtins-5525e237063e5553.rlib(compiler_builtins-5525e237063e5553.compiler_builtins.8129c65e379068d4-cgu.173.rcgu.o):(.debug_line)
   1d926    1d926        0     1                 .Lline_table_start0
   1d926    1d926        0     1                 $d
   1da81    1da81        0     1                 .Lline_table_start1
   1db56    1db56       6e     1         /home/famous282/.rustup/toolchains/stable-x86_64-unknown-linux-gnu/lib/rustlib/riscv32imac-unknown-none-elf/lib/libcompiler_builtins-5525e237063e5553.rlib(compiler_builtins-5525e237063e5553.compiler_builtins.8129c65e379068d4-cgu.177.rcgu.o):(.debug_line)
   1db56    1db56        0     1                 .Lline_table_start0
   1db56    1db56        0     1                 $d
   1dbc4    1dbc4     125d     1         /home/famous282/.rustup/toolchains/stable-x86_64-unknown-linux-gnu/lib/rustlib/riscv32imac-unknown-none-elf/lib/libcompiler_builtins-5525e237063e5553.rlib(compiler_builtins-5525e237063e5553.compiler_builtins.8129c65e379068d4-cgu.003.rcgu.o):(.debug_line)
   1dbc4    1dbc4        0     1                 .Lline_table_start0
   1dbc4    1dbc4        0     1                 $d
   1ecda    1ecda        0     1                 .Lline_table_start1
   1ed39    1ed39        0     1                 .Lline_table_start2
   1edc3    1edc3        0     1                 .Lline_table_start3
   1ee21    1ee21      6ae     1         /home/famous282/.rustup/toolchains/stable-x86_64-unknown-linux-gnu/lib/rustlib/riscv32imac-unknown-none-elf/lib/libcompiler_builtins-5525e237063e5553.rlib(compiler_builtins-5525e237063e5553.compiler_builtins.8129c65e379068d4-cgu.019.rcgu.o):(.debug_line)
   1ee21    1ee21        0     1                 .Lline_table_start0
   1ee21    1ee21        0     1                 $d
   1f471    1f471        0     1                 .Lline_table_start1
   1f4cf    1f4cf      2d2     1         /home/famous282/.rustup/toolchains/stable-x86_64-unknown-linux-gnu/lib/rustlib/riscv32imac-unknown-none-elf/lib/libcompiler_builtins-5525e237063e5553.rlib(compiler_builtins-5525e237063e5553.compiler_builtins.8129c65e379068d4-cgu.178.rcgu.o):(.debug_line)
   1f4cf    1f4cf        0     1                 .Lline_table_start0
   1f4cf    1f4cf        0     1                 $d
   1f6cc    1f6cc        0     1                 .Lline_table_start1
   1f7a1    1f7a1      118     1         /home/famous282/.rustup/toolchains/stable-x86_64-unknown-linux-gnu/lib/rustlib/riscv32imac-unknown-none-elf/lib/libcompiler_builtins-5525e237063e5553.rlib(compiler_builtins-5525e237063e5553.compiler_builtins.8129c65e379068d4-cgu.184.rcgu.o):(.debug_line)
   1f7a1    1f7a1        0     1                 .Lline_table_start0
   1f7a1    1f7a1        0     1                 $d
   1f85e    1f85e        0     1                 .Lline_table_start1
   1f8b9    1f8b9       6e     1         /home/famous282/.rustup/toolchains/stable-x86_64-unknown-linux-gnu/lib/rustlib/riscv32imac-unknown-none-elf/lib/libcompiler_builtins-5525e237063e5553.rlib(compiler_builtins-5525e237063e5553.compiler_builtins.8129c65e379068d4-cgu.192.rcgu.o):(.debug_line)
   1f8b9    1f8b9        0     1                 .Lline_table_start0
   1f8b9    1f8b9        0     1                 $d
   1f927    1f927     14de     1         /home/famous282/.rustup/toolchains/stable-x86_64-unknown-linux-gnu/lib/rustlib/riscv32imac-unknown-none-elf/lib/libcompiler_builtins-5525e237063e5553.rlib(compiler_builtins-5525e237063e5553.compiler_builtins.8129c65e379068d4-cgu.000.rcgu.o):(.debug_line)
   1f927    1f927        0     1                 .Lline_table_start0
   1f927    1f927        0     1                 $d
   20da9    20da9        0     1                 .Lline_table_start1
   20e05    20e05      2f6     1         /home/famous282/.rustup/toolchains/stable-x86_64-unknown-linux-gnu/lib/rustlib/riscv32imac-unknown-none-elf/lib/libcompiler_builtins-5525e237063e5553.rlib(compiler_builtins-5525e237063e5553.compiler_builtins.8129c65e379068d4-cgu.193.rcgu.o):(.debug_line)
   20e05    20e05        0     1                 .Lline_table_start0
   20e05    20e05        0     1                 $d
   20ff0    20ff0        0     1                 .Lline_table_start1
   210fb    210fb      3a2     1         /home/famous282/.rustup/toolchains/stable-x86_64-unknown-linux-gnu/lib/rustlib/riscv32imac-unknown-none-elf/lib/libcompiler_builtins-5525e237063e5553.rlib(compiler_builtins-5525e237063e5553.compiler_builtins.8129c65e379068d4-cgu.205.rcgu.o):(.debug_line)
   210fb    210fb        0     1                 .Lline_table_start0
   210fb    210fb        0     1                 $d
   2136a    2136a        0     1                 .Lline_table_start1
   2149d    2149d      245     1         /home/famous282/.rustup/toolchains/stable-x86_64-unknown-linux-gnu/lib/rustlib/riscv32imac-unknown-none-elf/lib/libcompiler_builtins-5525e237063e5553.rlib(compiler_builtins-5525e237063e5553.compiler_builtins.8129c65e379068d4-cgu.221.rcgu.o):(.debug_line)
   2149d    2149d        0     1                 .Lline_table_start0
   2149d    2149d        0     1                 $d
   2160d    2160d        0     1                 .Lline_table_start1
   216e2    216e2      118     1         /home/famous282/.rustup/toolchains/stable-x86_64-unknown-linux-gnu/lib/rustlib/riscv32imac-unknown-none-elf/lib/libcompiler_builtins-5525e237063e5553.rlib(compiler_builtins-5525e237063e5553.compiler_builtins.8129c65e379068d4-cgu.247.rcgu.o):(.debug_line)
   216e2    216e2        0     1                 .Lline_table_start0
   216e2    216e2        0     1                 $d
   2179f    2179f        0     1                 .Lline_table_start1
   217fa    217fa      2c0     1         /home/famous282/.rustup/toolchains/stable-x86_64-unknown-linux-gnu/lib/rustlib/riscv32imac-unknown-none-elf/lib/libcompiler_builtins-5525e237063e5553.rlib(compiler_builtins-5525e237063e5553.compiler_builtins.8129c65e379068d4-cgu.248.rcgu.o):(.debug_line)
   217fa    217fa        0     1                 .Lline_table_start0
   217fa    217fa        0     1                 $d
   219ae    219ae        0     1                 .Lline_table_start1
   21a5f    21a5f        0     1                 .Lline_table_start2
   21aba    21aba      2b9     1         /home/famous282/.rustup/toolchains/stable-x86_64-unknown-linux-gnu/lib/rustlib/riscv32imac-unknown-none-elf/lib/libcompiler_builtins-5525e237063e5553.rlib(compiler_builtins-5525e237063e5553.compiler_builtins.8129c65e379068d4-cgu.249.rcgu.o):(.debug_line)
   21aba    21aba        0     1                 .Lline_table_start0
   21aba    21aba        0     1                 $d
   21c67    21c67        0     1                 .Lline_table_start1
   21d18    21d18        0     1                 .Lline_table_start2
   21d73    21d73      11d     1         /home/famous282/.rustup/toolchains/stable-x86_64-unknown-linux-gnu/lib/rustlib/riscv32imac-unknown-none-elf/lib/libcompiler_builtins-5525e237063e5553.rlib(compiler_builtins-5525e237063e5553.compiler_builtins.8129c65e379068d4-cgu.256.rcgu.o):(.debug_line)
   21d73    21d73        0     1                 .Lline_table_start0
   21d73    21d73        0     1                 $d
   21e35    21e35        0     1                 .Lline_table_start1
   21e90    21e90       6e     1         /home/famous282/.rustup/toolchains/stable-x86_64-unknown-linux-gnu/lib/rustlib/riscv32imac-unknown-none-elf/lib/libcompiler_builtins-5525e237063e5553.rlib(compiler_builtins-5525e237063e5553.compiler_builtins.8129c65e379068d4-cgu.264.rcgu.o):(.debug_line)
   21e90    21e90        0     1                 .Lline_table_start0
   21e90    21e90        0     1                 $d
   21efe    21efe      971     1         /home/famous282/.rustup/toolchains/stable-x86_64-unknown-linux-gnu/lib/rustlib/riscv32imac-unknown-none-elf/lib/libcompiler_builtins-5525e237063e5553.rlib(compiler_builtins-5525e237063e5553.compiler_builtins.8129c65e379068d4-cgu.012.rcgu.o):(.debug_line)
   21efe    21efe        0     1                 .Lline_table_start0
   21efe    21efe        0     1                 $d
   2286f    2286f      2bc     1         /home/famous282/.rustup/toolchains/stable-x86_64-unknown-linux-gnu/lib/rustlib/riscv32imac-unknown-none-elf/lib/libcompiler_builtins-5525e237063e5553.rlib(compiler_builtins-5525e237063e5553.compiler_builtins.8129c65e379068d4-cgu.295.rcgu.o):(.debug_line)
   2286f    2286f        0     1                 .Lline_table_start0
   2286f    2286f        0     1                 $d
   22a56    22a56        0     1                 .Lline_table_start1
   22b2b    22b2b      2d2     1         /home/famous282/.rustup/toolchains/stable-x86_64-unknown-linux-gnu/lib/rustlib/riscv32imac-unknown-none-elf/lib/libcompiler_builtins-5525e237063e5553.rlib(compiler_builtins-5525e237063e5553.compiler_builtins.8129c65e379068d4-cgu.314.rcgu.o):(.debug_line)
   22b2b    22b2b        0     1                 .Lline_table_start0
   22b2b    22b2b        0     1                 $d
   22d28    22d28        0     1                 .Lline_table_start1
   22dfd    22dfd       6e     1         /home/famous282/.rustup/toolchains/stable-x86_64-unknown-linux-gnu/lib/rustlib/riscv32imac-unknown-none-elf/lib/libcompiler_builtins-5525e237063e5553.rlib(compiler_builtins-5525e237063e5553.compiler_builtins.8129c65e379068d4-cgu.322.rcgu.o):(.debug_line)
   22dfd    22dfd        0     1                 .Lline_table_start0
   22dfd    22dfd        0     1                 $d
   22e6b    22e6b      245     1         /home/famous282/.rustup/toolchains/stable-x86_64-unknown-linux-gnu/lib/rustlib/riscv32imac-unknown-none-elf/lib/libcompiler_builtins-5525e237063e5553.rlib(compiler_builtins-5525e237063e5553.compiler_builtins.8129c65e379068d4-cgu.326.rcgu.o):(.debug_line)
   22e6b    22e6b        0     1                 .Lline_table_start0
   22e6b    22e6b        0     1                 $d
   22fdb    22fdb        0     1                 .Lline_table_start1
   230b0    230b0      245     1         /home/famous282/.rustup/toolchains/stable-x86_64-unknown-linux-gnu/lib/rustlib/riscv32imac-unknown-none-elf/lib/libcompiler_builtins-5525e237063e5553.rlib(compiler_builtins-5525e237063e5553.compiler_builtins.8129c65e379068d4-cgu.328.rcgu.o):(.debug_line)
   230b0    230b0        0     1                 .Lline_table_start0
   230b0    230b0        0     1                 $d
   23220    23220        0     1                 .Lline_table_start1
   232f5    232f5      474     1         /home/famous282/.rustup/toolchains/stable-x86_64-unknown-linux-gnu/lib/rustlib/riscv32imac-unknown-none-elf/lib/libcompiler_builtins-5525e237063e5553.rlib(compiler_builtins-5525e237063e5553.compiler_builtins.8129c65e379068d4-cgu.330.rcgu.o):(.debug_line)
   232f5    232f5        0     1                 .Lline_table_start0
   232f5    232f5        0     1                 $d
   23637    23637        0     1                 .Lline_table_start1
   23769    23769       6e     1         /home/famous282/.rustup/toolchains/stable-x86_64-unknown-linux-gnu/lib/rustlib/riscv32imac-unknown-none-elf/lib/libcompiler_builtins-5525e237063e5553.rlib(compiler_builtins-5525e237063e5553.compiler_builtins.8129c65e379068d4-cgu.336.rcgu.o):(.debug_line)
   23769    23769        0     1                 .Lline_table_start0
   23769    23769        0     1                 $d
       0        0     bdd0     4 .symtab
       0        0     bdd0     4         <internal>:(.symtab)
       0        0       b9     1 .shstrtab
       0        0       b9     1         <internal>:(.shstrtab)
       0        0     5052     1 .strtab
       0        0     5052     1         <internal>:(.strtab)
