     VMA      LMA     Size Align Out     In      Symbol
       0        0 80200000     1 . = 0x80200000
80200000 80200000       a4     4 .text
80200000 80200000        c     4         /home/famous282/OS_in_1000Lines/kernel/target/riscv32imac-unknown-none-elf/debug/deps/kernel-e423684175293233.7hqkh35l985iompa8en7ayj8i.0ptiyd8.rcgu.o:(.text.boot)
80200000 80200000        0     1                 .Lpcrel_hi0
80200000 80200000        0     1                 $x
80200000 80200000        c     1                 boot
8020000c 8020000c        2     2         /home/famous282/OS_in_1000Lines/kernel/target/riscv32imac-unknown-none-elf/debug/deps/kernel-e423684175293233.1zwa976huie3oeuiu5py3i96v.0ptiyd8.rcgu.o:(.text._RNvCshXwFllX56pT_7___rustc17rust_begin_unwind)
8020000c 8020000c        0     1                 .L0 
8020000c 8020000c        0     1                 .L0 
8020000c 8020000c        0     1                 $x
8020000c 8020000c        0     1                 .L0 
8020000c 8020000c        2     1                 __rustc::rust_begin_unwind
8020000e 8020000e        0     1                 .L0 
8020000e 8020000e       4a     2         /home/famous282/OS_in_1000Lines/kernel/target/riscv32imac-unknown-none-elf/debug/deps/kernel-e423684175293233.7hqkh35l985iompa8en7ayj8i.0ptiyd8.rcgu.o:(.text._ZN6kernel6kernel11kernel_main17h3bb806c42cdf33e7E)
8020000e 8020000e       4a     1                 kernel::kernel::kernel_main::h3bb806c42cdf33e7
8020000e 8020000e        0     1                 .L0 
8020000e 8020000e        0     1                 .L0 
8020000e 8020000e        0     1                 $x
8020000e 8020000e        0     1                 .L0 
80200022 80200022        0     1                 .L0 
80200022 80200022        0     1                 .L0 
80200026 80200026        0     1                 .L0 
80200028 80200028        0     1                 .L0 
80200038 80200038        0     1                 .L0 
8020003c 8020003c        0     1                 .L0 
8020003e 8020003e        0     1                 .L0 
80200042 80200042        0     1                 .L0 
80200048 80200048        0     1                 .L0 
80200058 80200058       1e     2         /home/famous282/.rustup/toolchains/stable-x86_64-unknown-linux-gnu/lib/rustlib/riscv32imac-unknown-none-elf/lib/libcore-c6eeea32d188506f.rlib(core-c6eeea32d188506f.core.f2b050c2002e39f1-cgu.0.rcgu.o):(.text.unlikely._ZN4core9panicking11panic_const24panic_const_sub_overflow17hae11a25074c61f95E)
80200058 80200058        0     1                 .L0 
80200058 80200058        0     1                 .L0 
80200058 80200058        0     1                 $x
80200058 80200058        0     1                 .L0 
80200058 80200058       1e     1                 core::panicking::panic_const::panic_const_sub_overflow::hae11a25074c61f95
80200076 80200076        0     1                 .L0 
80200076 80200076       2e     2         /home/famous282/.rustup/toolchains/stable-x86_64-unknown-linux-gnu/lib/rustlib/riscv32imac-unknown-none-elf/lib/libcore-c6eeea32d188506f.rlib(core-c6eeea32d188506f.core.f2b050c2002e39f1-cgu.0.rcgu.o):(.text.unlikely._ZN4core9panicking9panic_fmt17hf2b467cfc0e561d3E)
80200076 80200076        0     1                 .L0 
80200076 80200076        0     1                 .L0 
80200076 80200076        0     1                 $x
80200076 80200076        0     1                 .L0 
80200076 80200076       2e     1                 core::panicking::panic_fmt::hf2b467cfc0e561d3
8020008c 8020008c        0     1                 .L0 
802000a4 802000a4        0     1                 .L0 
802000a4 802000a4       41     4 .rodata
802000a4 802000a4        e     1         <internal>:(.rodata.str1.1)
802000b4 802000b4       10     4         /home/famous282/OS_in_1000Lines/kernel/target/riscv32imac-unknown-none-elf/debug/deps/kernel-e423684175293233.7hqkh35l985iompa8en7ayj8i.0ptiyd8.rcgu.o:(.rodata..Lanon.16ef1bd609cf5f8549bc01262f21c8d8.1)
802000b4 802000b4       10     1                 .Lanon.16ef1bd609cf5f8549bc01262f21c8d8.1
802000b4 802000b4        0     1                 $d
802000c4 802000c4       21     1         /home/famous282/.rustup/toolchains/stable-x86_64-unknown-linux-gnu/lib/rustlib/riscv32imac-unknown-none-elf/lib/libcore-c6eeea32d188506f.rlib(core-c6eeea32d188506f.core.f2b050c2002e39f1-cgu.0.rcgu.o):(.rodata..Lanon.f74838b38e70b6e7b417ca0660cf6a38.95)
802000c4 802000c4       21     1                 .Lanon.f74838b38e70b6e7b417ca0660cf6a38.95
802000c4 802000c4        0     1                 $d
802000e8 802000e8       58     4 .eh_frame
802000e8 802000e8       14     1         /home/famous282/.rustup/toolchains/stable-x86_64-unknown-linux-gnu/lib/rustlib/riscv32imac-unknown-none-elf/lib/libcore-c6eeea32d188506f.rlib(core-c6eeea32d188506f.core.f2b050c2002e39f1-cgu.0.rcgu.o):(.eh_frame+0x0)
802000fc 802000fc       20     1         /home/famous282/.rustup/toolchains/stable-x86_64-unknown-linux-gnu/lib/rustlib/riscv32imac-unknown-none-elf/lib/libcore-c6eeea32d188506f.rlib(core-c6eeea32d188506f.core.f2b050c2002e39f1-cgu.0.rcgu.o):(.eh_frame+0x3f78)
8020011c 8020011c       20     1         /home/famous282/.rustup/toolchains/stable-x86_64-unknown-linux-gnu/lib/rustlib/riscv32imac-unknown-none-elf/lib/libcore-c6eeea32d188506f.rlib(core-c6eeea32d188506f.core.f2b050c2002e39f1-cgu.0.rcgu.o):(.eh_frame+0x42d8)
80200140 80200140        0     4 .bss
80200140 80200140        0     1         __bss = .
80200140 80200140        0     1         __bss_end = .
80200140 80200140        0     1 . = ALIGN(4)
80200140 80200140    20000     1 . += 128 * 1024
80220140 80220140        0     1 __stack_top = .
       0        0     1719     1 .debug_abbrev
       0        0      106     1         /home/famous282/OS_in_1000Lines/kernel/target/riscv32imac-unknown-none-elf/debug/deps/kernel-e423684175293233.1zwa976huie3oeuiu5py3i96v.0ptiyd8.rcgu.o:(.debug_abbrev)
       0        0        0     1                 $d
     106      106      189     1         /home/famous282/OS_in_1000Lines/kernel/target/riscv32imac-unknown-none-elf/debug/deps/kernel-e423684175293233.7hqkh35l985iompa8en7ayj8i.0ptiyd8.rcgu.o:(.debug_abbrev)
     106      106        0     1                 $d
     28f      28f      312     1         /home/famous282/.rustup/toolchains/stable-x86_64-unknown-linux-gnu/lib/rustlib/riscv32imac-unknown-none-elf/lib/libcore-c6eeea32d188506f.rlib(core-c6eeea32d188506f.core.f2b050c2002e39f1-cgu.0.rcgu.o):(.debug_abbrev)
     28f      28f        0     1                 $d
     5a1      5a1       5b     1         /home/famous282/.rustup/toolchains/stable-x86_64-unknown-linux-gnu/lib/rustlib/riscv32imac-unknown-none-elf/lib/libcompiler_builtins-ad31f96eaed4fe7a.rlib(compiler_builtins-ad31f96eaed4fe7a.compiler_builtins.a8dbbfe33f18591e-cgu.105.rcgu.o):(.debug_abbrev)
     5a1      5a1        0     1                 $d
     5fc      5fc       5f     1         /home/famous282/.rustup/toolchains/stable-x86_64-unknown-linux-gnu/lib/rustlib/riscv32imac-unknown-none-elf/lib/libcompiler_builtins-ad31f96eaed4fe7a.rlib(compiler_builtins-ad31f96eaed4fe7a.compiler_builtins.a8dbbfe33f18591e-cgu.157.rcgu.o):(.debug_abbrev)
     5fc      5fc        0     1                 $d
     65b      65b       a8     1         /home/famous282/.rustup/toolchains/stable-x86_64-unknown-linux-gnu/lib/rustlib/riscv32imac-unknown-none-elf/lib/libcompiler_builtins-ad31f96eaed4fe7a.rlib(compiler_builtins-ad31f96eaed4fe7a.compiler_builtins.a8dbbfe33f18591e-cgu.016.rcgu.o):(.debug_abbrev)
     65b      65b        0     1                 $d
     703      703       aa     1         /home/famous282/.rustup/toolchains/stable-x86_64-unknown-linux-gnu/lib/rustlib/riscv32imac-unknown-none-elf/lib/libcompiler_builtins-ad31f96eaed4fe7a.rlib(compiler_builtins-ad31f96eaed4fe7a.compiler_builtins.a8dbbfe33f18591e-cgu.162.rcgu.o):(.debug_abbrev)
     703      703        0     1                 $d
     7ad      7ad       e9     1         /home/famous282/.rustup/toolchains/stable-x86_64-unknown-linux-gnu/lib/rustlib/riscv32imac-unknown-none-elf/lib/libcompiler_builtins-ad31f96eaed4fe7a.rlib(compiler_builtins-ad31f96eaed4fe7a.compiler_builtins.a8dbbfe33f18591e-cgu.199.rcgu.o):(.debug_abbrev)
     7ad      7ad        0     1                 $d
     896      896       cf     1         /home/famous282/.rustup/toolchains/stable-x86_64-unknown-linux-gnu/lib/rustlib/riscv32imac-unknown-none-elf/lib/libcompiler_builtins-ad31f96eaed4fe7a.rlib(compiler_builtins-ad31f96eaed4fe7a.compiler_builtins.a8dbbfe33f18591e-cgu.225.rcgu.o):(.debug_abbrev)
     896      896        0     1                 $d
     965      965       2e     1         /home/famous282/.rustup/toolchains/stable-x86_64-unknown-linux-gnu/lib/rustlib/riscv32imac-unknown-none-elf/lib/libcompiler_builtins-ad31f96eaed4fe7a.rlib(compiler_builtins-ad31f96eaed4fe7a.compiler_builtins.a8dbbfe33f18591e-cgu.228.rcgu.o):(.debug_abbrev)
     965      965        0     1                 $d
     993      993      134     1         /home/famous282/.rustup/toolchains/stable-x86_64-unknown-linux-gnu/lib/rustlib/riscv32imac-unknown-none-elf/lib/libcompiler_builtins-ad31f96eaed4fe7a.rlib(compiler_builtins-ad31f96eaed4fe7a.compiler_builtins.a8dbbfe33f18591e-cgu.003.rcgu.o):(.debug_abbrev)
     993      993        0     1                 $d
     ac7      ac7      181     1         /home/famous282/.rustup/toolchains/stable-x86_64-unknown-linux-gnu/lib/rustlib/riscv32imac-unknown-none-elf/lib/libcompiler_builtins-ad31f96eaed4fe7a.rlib(compiler_builtins-ad31f96eaed4fe7a.compiler_builtins.a8dbbfe33f18591e-cgu.017.rcgu.o):(.debug_abbrev)
     ac7      ac7        0     1                 $d
     c48      c48       e0     1         /home/famous282/.rustup/toolchains/stable-x86_64-unknown-linux-gnu/lib/rustlib/riscv32imac-unknown-none-elf/lib/libcompiler_builtins-ad31f96eaed4fe7a.rlib(compiler_builtins-ad31f96eaed4fe7a.compiler_builtins.a8dbbfe33f18591e-cgu.236.rcgu.o):(.debug_abbrev)
     c48      c48        0     1                 $d
     d28      d28       aa     1         /home/famous282/.rustup/toolchains/stable-x86_64-unknown-linux-gnu/lib/rustlib/riscv32imac-unknown-none-elf/lib/libcompiler_builtins-ad31f96eaed4fe7a.rlib(compiler_builtins-ad31f96eaed4fe7a.compiler_builtins.a8dbbfe33f18591e-cgu.239.rcgu.o):(.debug_abbrev)
     d28      d28        0     1                 $d
     dd2      dd2       2e     1         /home/famous282/.rustup/toolchains/stable-x86_64-unknown-linux-gnu/lib/rustlib/riscv32imac-unknown-none-elf/lib/libcompiler_builtins-ad31f96eaed4fe7a.rlib(compiler_builtins-ad31f96eaed4fe7a.compiler_builtins.a8dbbfe33f18591e-cgu.256.rcgu.o):(.debug_abbrev)
     dd2      dd2        0     1                 $d
     e00      e00      14e     1         /home/famous282/.rustup/toolchains/stable-x86_64-unknown-linux-gnu/lib/rustlib/riscv32imac-unknown-none-elf/lib/libcompiler_builtins-ad31f96eaed4fe7a.rlib(compiler_builtins-ad31f96eaed4fe7a.compiler_builtins.a8dbbfe33f18591e-cgu.000.rcgu.o):(.debug_abbrev)
     e00      e00        0     1                 $d
     f4e      f4e       b9     1         /home/famous282/.rustup/toolchains/stable-x86_64-unknown-linux-gnu/lib/rustlib/riscv32imac-unknown-none-elf/lib/libcompiler_builtins-ad31f96eaed4fe7a.rlib(compiler_builtins-ad31f96eaed4fe7a.compiler_builtins.a8dbbfe33f18591e-cgu.285.rcgu.o):(.debug_abbrev)
     f4e      f4e        0     1                 $d
    1007     1007       5f     1         /home/famous282/.rustup/toolchains/stable-x86_64-unknown-linux-gnu/lib/rustlib/riscv32imac-unknown-none-elf/lib/libcompiler_builtins-ad31f96eaed4fe7a.rlib(compiler_builtins-ad31f96eaed4fe7a.compiler_builtins.a8dbbfe33f18591e-cgu.287.rcgu.o):(.debug_abbrev)
    1007     1007        0     1                 $d
    1066     1066       2e     1         /home/famous282/.rustup/toolchains/stable-x86_64-unknown-linux-gnu/lib/rustlib/riscv32imac-unknown-none-elf/lib/libcompiler_builtins-ad31f96eaed4fe7a.rlib(compiler_builtins-ad31f96eaed4fe7a.compiler_builtins.a8dbbfe33f18591e-cgu.295.rcgu.o):(.debug_abbrev)
    1066     1066        0     1                 $d
    1094     1094       b9     1         /home/famous282/.rustup/toolchains/stable-x86_64-unknown-linux-gnu/lib/rustlib/riscv32imac-unknown-none-elf/lib/libcompiler_builtins-ad31f96eaed4fe7a.rlib(compiler_builtins-ad31f96eaed4fe7a.compiler_builtins.a8dbbfe33f18591e-cgu.300.rcgu.o):(.debug_abbrev)
    1094     1094        0     1                 $d
    114d     114d       ca     1         /home/famous282/.rustup/toolchains/stable-x86_64-unknown-linux-gnu/lib/rustlib/riscv32imac-unknown-none-elf/lib/libcompiler_builtins-ad31f96eaed4fe7a.rlib(compiler_builtins-ad31f96eaed4fe7a.compiler_builtins.a8dbbfe33f18591e-cgu.303.rcgu.o):(.debug_abbrev)
    114d     114d        0     1                 $d
    1217     1217       5f     1         /home/famous282/.rustup/toolchains/stable-x86_64-unknown-linux-gnu/lib/rustlib/riscv32imac-unknown-none-elf/lib/libcompiler_builtins-ad31f96eaed4fe7a.rlib(compiler_builtins-ad31f96eaed4fe7a.compiler_builtins.a8dbbfe33f18591e-cgu.308.rcgu.o):(.debug_abbrev)
    1217     1217        0     1                 $d
    1276     1276       5f     1         /home/famous282/.rustup/toolchains/stable-x86_64-unknown-linux-gnu/lib/rustlib/riscv32imac-unknown-none-elf/lib/libcompiler_builtins-ad31f96eaed4fe7a.rlib(compiler_builtins-ad31f96eaed4fe7a.compiler_builtins.a8dbbfe33f18591e-cgu.315.rcgu.o):(.debug_abbrev)
    1276     1276        0     1                 $d
    12d5     12d5       aa     1         /home/famous282/.rustup/toolchains/stable-x86_64-unknown-linux-gnu/lib/rustlib/riscv32imac-unknown-none-elf/lib/libcompiler_builtins-ad31f96eaed4fe7a.rlib(compiler_builtins-ad31f96eaed4fe7a.compiler_builtins.a8dbbfe33f18591e-cgu.325.rcgu.o):(.debug_abbrev)
    12d5     12d5        0     1                 $d
    137f     137f       2e     1         /home/famous282/.rustup/toolchains/stable-x86_64-unknown-linux-gnu/lib/rustlib/riscv32imac-unknown-none-elf/lib/libcompiler_builtins-ad31f96eaed4fe7a.rlib(compiler_builtins-ad31f96eaed4fe7a.compiler_builtins.a8dbbfe33f18591e-cgu.326.rcgu.o):(.debug_abbrev)
    137f     137f        0     1                 $d
    13ad     13ad       aa     1         /home/famous282/.rustup/toolchains/stable-x86_64-unknown-linux-gnu/lib/rustlib/riscv32imac-unknown-none-elf/lib/libcompiler_builtins-ad31f96eaed4fe7a.rlib(compiler_builtins-ad31f96eaed4fe7a.compiler_builtins.a8dbbfe33f18591e-cgu.327.rcgu.o):(.debug_abbrev)
    13ad     13ad        0     1                 $d
    1457     1457       b9     1         /home/famous282/.rustup/toolchains/stable-x86_64-unknown-linux-gnu/lib/rustlib/riscv32imac-unknown-none-elf/lib/libcompiler_builtins-ad31f96eaed4fe7a.rlib(compiler_builtins-ad31f96eaed4fe7a.compiler_builtins.a8dbbfe33f18591e-cgu.331.rcgu.o):(.debug_abbrev)
    1457     1457        0     1                 $d
    1510     1510       aa     1         /home/famous282/.rustup/toolchains/stable-x86_64-unknown-linux-gnu/lib/rustlib/riscv32imac-unknown-none-elf/lib/libcompiler_builtins-ad31f96eaed4fe7a.rlib(compiler_builtins-ad31f96eaed4fe7a.compiler_builtins.a8dbbfe33f18591e-cgu.332.rcgu.o):(.debug_abbrev)
    1510     1510        0     1                 $d
    15ba     15ba       2e     1         /home/famous282/.rustup/toolchains/stable-x86_64-unknown-linux-gnu/lib/rustlib/riscv32imac-unknown-none-elf/lib/libcompiler_builtins-ad31f96eaed4fe7a.rlib(compiler_builtins-ad31f96eaed4fe7a.compiler_builtins.a8dbbfe33f18591e-cgu.351.rcgu.o):(.debug_abbrev)
    15ba     15ba        0     1                 $d
    15e8     15e8      131     1         /home/famous282/.rustup/toolchains/stable-x86_64-unknown-linux-gnu/lib/rustlib/riscv32imac-unknown-none-elf/lib/libcompiler_builtins-ad31f96eaed4fe7a.rlib(compiler_builtins-ad31f96eaed4fe7a.compiler_builtins.a8dbbfe33f18591e-cgu.012.rcgu.o):(.debug_abbrev)
    15e8     15e8        0     1                 $d
       0        0    271c4     1 .debug_info
       0        0      45c     1         /home/famous282/OS_in_1000Lines/kernel/target/riscv32imac-unknown-none-elf/debug/deps/kernel-e423684175293233.1zwa976huie3oeuiu5py3i96v.0ptiyd8.rcgu.o:(.debug_info)
       0        0        0     1                 .L0 
       0        0        0     1                 $d
     45c      45c      37e     1         /home/famous282/OS_in_1000Lines/kernel/target/riscv32imac-unknown-none-elf/debug/deps/kernel-e423684175293233.7hqkh35l985iompa8en7ayj8i.0ptiyd8.rcgu.o:(.debug_info)
     45c      45c        0     1                 .L0 
     45c      45c        0     1                 $d
     7da      7da    20826     1         /home/famous282/.rustup/toolchains/stable-x86_64-unknown-linux-gnu/lib/rustlib/riscv32imac-unknown-none-elf/lib/libcore-c6eeea32d188506f.rlib(core-c6eeea32d188506f.core.f2b050c2002e39f1-cgu.0.rcgu.o):(.debug_info)
     7da      7da        0     1                 .L0 
     7da      7da        0     1                 $d
   21000    21000       86     1         /home/famous282/.rustup/toolchains/stable-x86_64-unknown-linux-gnu/lib/rustlib/riscv32imac-unknown-none-elf/lib/libcompiler_builtins-ad31f96eaed4fe7a.rlib(compiler_builtins-ad31f96eaed4fe7a.compiler_builtins.a8dbbfe33f18591e-cgu.105.rcgu.o):(.debug_info)
   21000    21000        0     1                 .L0 
   21000    21000        0     1                 $d
   21086    21086       a1     1         /home/famous282/.rustup/toolchains/stable-x86_64-unknown-linux-gnu/lib/rustlib/riscv32imac-unknown-none-elf/lib/libcompiler_builtins-ad31f96eaed4fe7a.rlib(compiler_builtins-ad31f96eaed4fe7a.compiler_builtins.a8dbbfe33f18591e-cgu.157.rcgu.o):(.debug_info)
   21086    21086        0     1                 .L0 
   21086    21086        0     1                 $d
   21127    21127      419     1         /home/famous282/.rustup/toolchains/stable-x86_64-unknown-linux-gnu/lib/rustlib/riscv32imac-unknown-none-elf/lib/libcompiler_builtins-ad31f96eaed4fe7a.rlib(compiler_builtins-ad31f96eaed4fe7a.compiler_builtins.a8dbbfe33f18591e-cgu.016.rcgu.o):(.debug_info)
   21127    21127        0     1                 .L0 
   21127    21127        0     1                 $d
   21540    21540      15e     1         /home/famous282/.rustup/toolchains/stable-x86_64-unknown-linux-gnu/lib/rustlib/riscv32imac-unknown-none-elf/lib/libcompiler_builtins-ad31f96eaed4fe7a.rlib(compiler_builtins-ad31f96eaed4fe7a.compiler_builtins.a8dbbfe33f18591e-cgu.162.rcgu.o):(.debug_info)
   21540    21540        0     1                 .L0 
   21540    21540        0     1                 $d
   2169e    2169e      2a7     1         /home/famous282/.rustup/toolchains/stable-x86_64-unknown-linux-gnu/lib/rustlib/riscv32imac-unknown-none-elf/lib/libcompiler_builtins-ad31f96eaed4fe7a.rlib(compiler_builtins-ad31f96eaed4fe7a.compiler_builtins.a8dbbfe33f18591e-cgu.199.rcgu.o):(.debug_info)
   2169e    2169e        0     1                 .L0 
   2169e    2169e        0     1                 $d
   21945    21945      273     1         /home/famous282/.rustup/toolchains/stable-x86_64-unknown-linux-gnu/lib/rustlib/riscv32imac-unknown-none-elf/lib/libcompiler_builtins-ad31f96eaed4fe7a.rlib(compiler_builtins-ad31f96eaed4fe7a.compiler_builtins.a8dbbfe33f18591e-cgu.225.rcgu.o):(.debug_info)
   21945    21945        0     1                 .L0 
   21945    21945        0     1                 $d
   21bb8    21bb8       51     1         /home/famous282/.rustup/toolchains/stable-x86_64-unknown-linux-gnu/lib/rustlib/riscv32imac-unknown-none-elf/lib/libcompiler_builtins-ad31f96eaed4fe7a.rlib(compiler_builtins-ad31f96eaed4fe7a.compiler_builtins.a8dbbfe33f18591e-cgu.228.rcgu.o):(.debug_info)
   21bb8    21bb8        0     1                 .L0 
   21bb8    21bb8        0     1                 $d
   21c09    21c09     14d6     1         /home/famous282/.rustup/toolchains/stable-x86_64-unknown-linux-gnu/lib/rustlib/riscv32imac-unknown-none-elf/lib/libcompiler_builtins-ad31f96eaed4fe7a.rlib(compiler_builtins-ad31f96eaed4fe7a.compiler_builtins.a8dbbfe33f18591e-cgu.003.rcgu.o):(.debug_info)
   21c09    21c09        0     1                 .L0 
   21c09    21c09        0     1                 $d
   230df    230df      37f     1         /home/famous282/.rustup/toolchains/stable-x86_64-unknown-linux-gnu/lib/rustlib/riscv32imac-unknown-none-elf/lib/libcompiler_builtins-ad31f96eaed4fe7a.rlib(compiler_builtins-ad31f96eaed4fe7a.compiler_builtins.a8dbbfe33f18591e-cgu.017.rcgu.o):(.debug_info)
   230df    230df        0     1                 .L0 
   230df    230df        0     1                 $d
   2345e    2345e      274     1         /home/famous282/.rustup/toolchains/stable-x86_64-unknown-linux-gnu/lib/rustlib/riscv32imac-unknown-none-elf/lib/libcompiler_builtins-ad31f96eaed4fe7a.rlib(compiler_builtins-ad31f96eaed4fe7a.compiler_builtins.a8dbbfe33f18591e-cgu.236.rcgu.o):(.debug_info)
   2345e    2345e        0     1                 .L0 
   2345e    2345e        0     1                 $d
   236d2    236d2      15e     1         /home/famous282/.rustup/toolchains/stable-x86_64-unknown-linux-gnu/lib/rustlib/riscv32imac-unknown-none-elf/lib/libcompiler_builtins-ad31f96eaed4fe7a.rlib(compiler_builtins-ad31f96eaed4fe7a.compiler_builtins.a8dbbfe33f18591e-cgu.239.rcgu.o):(.debug_info)
   236d2    236d2        0     1                 .L0 
   236d2    236d2        0     1                 $d
   23830    23830       51     1         /home/famous282/.rustup/toolchains/stable-x86_64-unknown-linux-gnu/lib/rustlib/riscv32imac-unknown-none-elf/lib/libcompiler_builtins-ad31f96eaed4fe7a.rlib(compiler_builtins-ad31f96eaed4fe7a.compiler_builtins.a8dbbfe33f18591e-cgu.256.rcgu.o):(.debug_info)
   23830    23830        0     1                 .L0 
   23830    23830        0     1                 $d
   23881    23881     182c     1         /home/famous282/.rustup/toolchains/stable-x86_64-unknown-linux-gnu/lib/rustlib/riscv32imac-unknown-none-elf/lib/libcompiler_builtins-ad31f96eaed4fe7a.rlib(compiler_builtins-ad31f96eaed4fe7a.compiler_builtins.a8dbbfe33f18591e-cgu.000.rcgu.o):(.debug_info)
   23881    23881        0     1                 .L0 
   23881    23881        0     1                 $d
   250ad    250ad      1d8     1         /home/famous282/.rustup/toolchains/stable-x86_64-unknown-linux-gnu/lib/rustlib/riscv32imac-unknown-none-elf/lib/libcompiler_builtins-ad31f96eaed4fe7a.rlib(compiler_builtins-ad31f96eaed4fe7a.compiler_builtins.a8dbbfe33f18591e-cgu.285.rcgu.o):(.debug_info)
   250ad    250ad        0     1                 .L0 
   250ad    250ad        0     1                 $d
   25285    25285       a1     1         /home/famous282/.rustup/toolchains/stable-x86_64-unknown-linux-gnu/lib/rustlib/riscv32imac-unknown-none-elf/lib/libcompiler_builtins-ad31f96eaed4fe7a.rlib(compiler_builtins-ad31f96eaed4fe7a.compiler_builtins.a8dbbfe33f18591e-cgu.287.rcgu.o):(.debug_info)
   25285    25285        0     1                 .L0 
   25285    25285        0     1                 $d
   25326    25326       51     1         /home/famous282/.rustup/toolchains/stable-x86_64-unknown-linux-gnu/lib/rustlib/riscv32imac-unknown-none-elf/lib/libcompiler_builtins-ad31f96eaed4fe7a.rlib(compiler_builtins-ad31f96eaed4fe7a.compiler_builtins.a8dbbfe33f18591e-cgu.295.rcgu.o):(.debug_info)
   25326    25326        0     1                 .L0 
   25326    25326        0     1                 $d
   25377    25377      1d8     1         /home/famous282/.rustup/toolchains/stable-x86_64-unknown-linux-gnu/lib/rustlib/riscv32imac-unknown-none-elf/lib/libcompiler_builtins-ad31f96eaed4fe7a.rlib(compiler_builtins-ad31f96eaed4fe7a.compiler_builtins.a8dbbfe33f18591e-cgu.300.rcgu.o):(.debug_info)
   25377    25377        0     1                 .L0 
   25377    25377        0     1                 $d
   2554f    2554f      377     1         /home/famous282/.rustup/toolchains/stable-x86_64-unknown-linux-gnu/lib/rustlib/riscv32imac-unknown-none-elf/lib/libcompiler_builtins-ad31f96eaed4fe7a.rlib(compiler_builtins-ad31f96eaed4fe7a.compiler_builtins.a8dbbfe33f18591e-cgu.303.rcgu.o):(.debug_info)
   2554f    2554f        0     1                 .L0 
   2554f    2554f        0     1                 $d
   258c6    258c6       a1     1         /home/famous282/.rustup/toolchains/stable-x86_64-unknown-linux-gnu/lib/rustlib/riscv32imac-unknown-none-elf/lib/libcompiler_builtins-ad31f96eaed4fe7a.rlib(compiler_builtins-ad31f96eaed4fe7a.compiler_builtins.a8dbbfe33f18591e-cgu.308.rcgu.o):(.debug_info)
   258c6    258c6        0     1                 .L0 
   258c6    258c6        0     1                 $d
   25967    25967       a1     1         /home/famous282/.rustup/toolchains/stable-x86_64-unknown-linux-gnu/lib/rustlib/riscv32imac-unknown-none-elf/lib/libcompiler_builtins-ad31f96eaed4fe7a.rlib(compiler_builtins-ad31f96eaed4fe7a.compiler_builtins.a8dbbfe33f18591e-cgu.315.rcgu.o):(.debug_info)
   25967    25967        0     1                 .L0 
   25967    25967        0     1                 $d
   25a08    25a08      15e     1         /home/famous282/.rustup/toolchains/stable-x86_64-unknown-linux-gnu/lib/rustlib/riscv32imac-unknown-none-elf/lib/libcompiler_builtins-ad31f96eaed4fe7a.rlib(compiler_builtins-ad31f96eaed4fe7a.compiler_builtins.a8dbbfe33f18591e-cgu.325.rcgu.o):(.debug_info)
   25a08    25a08        0     1                 .L0 
   25a08    25a08        0     1                 $d
   25b66    25b66       51     1         /home/famous282/.rustup/toolchains/stable-x86_64-unknown-linux-gnu/lib/rustlib/riscv32imac-unknown-none-elf/lib/libcompiler_builtins-ad31f96eaed4fe7a.rlib(compiler_builtins-ad31f96eaed4fe7a.compiler_builtins.a8dbbfe33f18591e-cgu.326.rcgu.o):(.debug_info)
   25b66    25b66        0     1                 .L0 
   25b66    25b66        0     1                 $d
   25bb7    25bb7      373     1         /home/famous282/.rustup/toolchains/stable-x86_64-unknown-linux-gnu/lib/rustlib/riscv32imac-unknown-none-elf/lib/libcompiler_builtins-ad31f96eaed4fe7a.rlib(compiler_builtins-ad31f96eaed4fe7a.compiler_builtins.a8dbbfe33f18591e-cgu.327.rcgu.o):(.debug_info)
   25bb7    25bb7        0     1                 .L0 
   25bb7    25bb7        0     1                 $d
   25f2a    25f2a      1d8     1         /home/famous282/.rustup/toolchains/stable-x86_64-unknown-linux-gnu/lib/rustlib/riscv32imac-unknown-none-elf/lib/libcompiler_builtins-ad31f96eaed4fe7a.rlib(compiler_builtins-ad31f96eaed4fe7a.compiler_builtins.a8dbbfe33f18591e-cgu.331.rcgu.o):(.debug_info)
   25f2a    25f2a        0     1                 .L0 
   25f2a    25f2a        0     1                 $d
   26102    26102      15e     1         /home/famous282/.rustup/toolchains/stable-x86_64-unknown-linux-gnu/lib/rustlib/riscv32imac-unknown-none-elf/lib/libcompiler_builtins-ad31f96eaed4fe7a.rlib(compiler_builtins-ad31f96eaed4fe7a.compiler_builtins.a8dbbfe33f18591e-cgu.332.rcgu.o):(.debug_info)
   26102    26102        0     1                 .L0 
   26102    26102        0     1                 $d
   26260    26260       4b     1         /home/famous282/.rustup/toolchains/stable-x86_64-unknown-linux-gnu/lib/rustlib/riscv32imac-unknown-none-elf/lib/libcompiler_builtins-ad31f96eaed4fe7a.rlib(compiler_builtins-ad31f96eaed4fe7a.compiler_builtins.a8dbbfe33f18591e-cgu.351.rcgu.o):(.debug_info)
   26260    26260        0     1                 .L0 
   26260    26260        0     1                 $d
   262ab    262ab      f19     1         /home/famous282/.rustup/toolchains/stable-x86_64-unknown-linux-gnu/lib/rustlib/riscv32imac-unknown-none-elf/lib/libcompiler_builtins-ad31f96eaed4fe7a.rlib(compiler_builtins-ad31f96eaed4fe7a.compiler_builtins.a8dbbfe33f18591e-cgu.012.rcgu.o):(.debug_info)
   262ab    262ab        0     1                 .L0 
   262ab    262ab        0     1                 $d
       0        0     1580     1 .debug_aranges
       0        0       20     1         /home/famous282/OS_in_1000Lines/kernel/target/riscv32imac-unknown-none-elf/debug/deps/kernel-e423684175293233.1zwa976huie3oeuiu5py3i96v.0ptiyd8.rcgu.o:(.debug_aranges)
       0        0        0     1                 $d
      20       20       20     1         /home/famous282/OS_in_1000Lines/kernel/target/riscv32imac-unknown-none-elf/debug/deps/kernel-e423684175293233.7hqkh35l985iompa8en7ayj8i.0ptiyd8.rcgu.o:(.debug_aranges)
      20       20        0     1                 $d
      40       40     1160     1         /home/famous282/.rustup/toolchains/stable-x86_64-unknown-linux-gnu/lib/rustlib/riscv32imac-unknown-none-elf/lib/libcore-c6eeea32d188506f.rlib(core-c6eeea32d188506f.core.f2b050c2002e39f1-cgu.0.rcgu.o):(.debug_aranges)
      40       40        0     1                 $d
    11a0     11a0       20     1         /home/famous282/.rustup/toolchains/stable-x86_64-unknown-linux-gnu/lib/rustlib/riscv32imac-unknown-none-elf/lib/libcompiler_builtins-ad31f96eaed4fe7a.rlib(compiler_builtins-ad31f96eaed4fe7a.compiler_builtins.a8dbbfe33f18591e-cgu.105.rcgu.o):(.debug_aranges)
    11a0     11a0        0     1                 $d
    11c0     11c0       20     1         /home/famous282/.rustup/toolchains/stable-x86_64-unknown-linux-gnu/lib/rustlib/riscv32imac-unknown-none-elf/lib/libcompiler_builtins-ad31f96eaed4fe7a.rlib(compiler_builtins-ad31f96eaed4fe7a.compiler_builtins.a8dbbfe33f18591e-cgu.157.rcgu.o):(.debug_aranges)
    11c0     11c0        0     1                 $d
    11e0     11e0       28     1         /home/famous282/.rustup/toolchains/stable-x86_64-unknown-linux-gnu/lib/rustlib/riscv32imac-unknown-none-elf/lib/libcompiler_builtins-ad31f96eaed4fe7a.rlib(compiler_builtins-ad31f96eaed4fe7a.compiler_builtins.a8dbbfe33f18591e-cgu.016.rcgu.o):(.debug_aranges)
    11e0     11e0        0     1                 $d
    1208     1208       20     1         /home/famous282/.rustup/toolchains/stable-x86_64-unknown-linux-gnu/lib/rustlib/riscv32imac-unknown-none-elf/lib/libcompiler_builtins-ad31f96eaed4fe7a.rlib(compiler_builtins-ad31f96eaed4fe7a.compiler_builtins.a8dbbfe33f18591e-cgu.162.rcgu.o):(.debug_aranges)
    1208     1208        0     1                 $d
    1228     1228       20     1         /home/famous282/.rustup/toolchains/stable-x86_64-unknown-linux-gnu/lib/rustlib/riscv32imac-unknown-none-elf/lib/libcompiler_builtins-ad31f96eaed4fe7a.rlib(compiler_builtins-ad31f96eaed4fe7a.compiler_builtins.a8dbbfe33f18591e-cgu.199.rcgu.o):(.debug_aranges)
    1228     1228        0     1                 $d
    1248     1248       20     1         /home/famous282/.rustup/toolchains/stable-x86_64-unknown-linux-gnu/lib/rustlib/riscv32imac-unknown-none-elf/lib/libcompiler_builtins-ad31f96eaed4fe7a.rlib(compiler_builtins-ad31f96eaed4fe7a.compiler_builtins.a8dbbfe33f18591e-cgu.225.rcgu.o):(.debug_aranges)
    1248     1248        0     1                 $d
    1268     1268       20     1         /home/famous282/.rustup/toolchains/stable-x86_64-unknown-linux-gnu/lib/rustlib/riscv32imac-unknown-none-elf/lib/libcompiler_builtins-ad31f96eaed4fe7a.rlib(compiler_builtins-ad31f96eaed4fe7a.compiler_builtins.a8dbbfe33f18591e-cgu.228.rcgu.o):(.debug_aranges)
    1268     1268        0     1                 $d
    1288     1288       38     1         /home/famous282/.rustup/toolchains/stable-x86_64-unknown-linux-gnu/lib/rustlib/riscv32imac-unknown-none-elf/lib/libcompiler_builtins-ad31f96eaed4fe7a.rlib(compiler_builtins-ad31f96eaed4fe7a.compiler_builtins.a8dbbfe33f18591e-cgu.003.rcgu.o):(.debug_aranges)
    1288     1288        0     1                 $d
    12c0     12c0       60     1         /home/famous282/.rustup/toolchains/stable-x86_64-unknown-linux-gnu/lib/rustlib/riscv32imac-unknown-none-elf/lib/libcompiler_builtins-ad31f96eaed4fe7a.rlib(compiler_builtins-ad31f96eaed4fe7a.compiler_builtins.a8dbbfe33f18591e-cgu.017.rcgu.o):(.debug_aranges)
    12c0     12c0        0     1                 $d
    1320     1320       20     1         /home/famous282/.rustup/toolchains/stable-x86_64-unknown-linux-gnu/lib/rustlib/riscv32imac-unknown-none-elf/lib/libcompiler_builtins-ad31f96eaed4fe7a.rlib(compiler_builtins-ad31f96eaed4fe7a.compiler_builtins.a8dbbfe33f18591e-cgu.236.rcgu.o):(.debug_aranges)
    1320     1320        0     1                 $d
    1340     1340       20     1         /home/famous282/.rustup/toolchains/stable-x86_64-unknown-linux-gnu/lib/rustlib/riscv32imac-unknown-none-elf/lib/libcompiler_builtins-ad31f96eaed4fe7a.rlib(compiler_builtins-ad31f96eaed4fe7a.compiler_builtins.a8dbbfe33f18591e-cgu.239.rcgu.o):(.debug_aranges)
    1340     1340        0     1                 $d
    1360     1360       20     1         /home/famous282/.rustup/toolchains/stable-x86_64-unknown-linux-gnu/lib/rustlib/riscv32imac-unknown-none-elf/lib/libcompiler_builtins-ad31f96eaed4fe7a.rlib(compiler_builtins-ad31f96eaed4fe7a.compiler_builtins.a8dbbfe33f18591e-cgu.256.rcgu.o):(.debug_aranges)
    1360     1360        0     1                 $d
    1380     1380       30     1         /home/famous282/.rustup/toolchains/stable-x86_64-unknown-linux-gnu/lib/rustlib/riscv32imac-unknown-none-elf/lib/libcompiler_builtins-ad31f96eaed4fe7a.rlib(compiler_builtins-ad31f96eaed4fe7a.compiler_builtins.a8dbbfe33f18591e-cgu.000.rcgu.o):(.debug_aranges)
    1380     1380        0     1                 $d
    13b0     13b0       20     1         /home/famous282/.rustup/toolchains/stable-x86_64-unknown-linux-gnu/lib/rustlib/riscv32imac-unknown-none-elf/lib/libcompiler_builtins-ad31f96eaed4fe7a.rlib(compiler_builtins-ad31f96eaed4fe7a.compiler_builtins.a8dbbfe33f18591e-cgu.285.rcgu.o):(.debug_aranges)
    13b0     13b0        0     1                 $d
    13d0     13d0       20     1         /home/famous282/.rustup/toolchains/stable-x86_64-unknown-linux-gnu/lib/rustlib/riscv32imac-unknown-none-elf/lib/libcompiler_builtins-ad31f96eaed4fe7a.rlib(compiler_builtins-ad31f96eaed4fe7a.compiler_builtins.a8dbbfe33f18591e-cgu.287.rcgu.o):(.debug_aranges)
    13d0     13d0        0     1                 $d
    13f0     13f0       20     1         /home/famous282/.rustup/toolchains/stable-x86_64-unknown-linux-gnu/lib/rustlib/riscv32imac-unknown-none-elf/lib/libcompiler_builtins-ad31f96eaed4fe7a.rlib(compiler_builtins-ad31f96eaed4fe7a.compiler_builtins.a8dbbfe33f18591e-cgu.295.rcgu.o):(.debug_aranges)
    13f0     13f0        0     1                 $d
    1410     1410       20     1         /home/famous282/.rustup/toolchains/stable-x86_64-unknown-linux-gnu/lib/rustlib/riscv32imac-unknown-none-elf/lib/libcompiler_builtins-ad31f96eaed4fe7a.rlib(compiler_builtins-ad31f96eaed4fe7a.compiler_builtins.a8dbbfe33f18591e-cgu.300.rcgu.o):(.debug_aranges)
    1410     1410        0     1                 $d
    1430     1430       20     1         /home/famous282/.rustup/toolchains/stable-x86_64-unknown-linux-gnu/lib/rustlib/riscv32imac-unknown-none-elf/lib/libcompiler_builtins-ad31f96eaed4fe7a.rlib(compiler_builtins-ad31f96eaed4fe7a.compiler_builtins.a8dbbfe33f18591e-cgu.303.rcgu.o):(.debug_aranges)
    1430     1430        0     1                 $d
    1450     1450       20     1         /home/famous282/.rustup/toolchains/stable-x86_64-unknown-linux-gnu/lib/rustlib/riscv32imac-unknown-none-elf/lib/libcompiler_builtins-ad31f96eaed4fe7a.rlib(compiler_builtins-ad31f96eaed4fe7a.compiler_builtins.a8dbbfe33f18591e-cgu.308.rcgu.o):(.debug_aranges)
    1450     1450        0     1                 $d
    1470     1470       20     1         /home/famous282/.rustup/toolchains/stable-x86_64-unknown-linux-gnu/lib/rustlib/riscv32imac-unknown-none-elf/lib/libcompiler_builtins-ad31f96eaed4fe7a.rlib(compiler_builtins-ad31f96eaed4fe7a.compiler_builtins.a8dbbfe33f18591e-cgu.315.rcgu.o):(.debug_aranges)
    1470     1470        0     1                 $d
    1490     1490       20     1         /home/famous282/.rustup/toolchains/stable-x86_64-unknown-linux-gnu/lib/rustlib/riscv32imac-unknown-none-elf/lib/libcompiler_builtins-ad31f96eaed4fe7a.rlib(compiler_builtins-ad31f96eaed4fe7a.compiler_builtins.a8dbbfe33f18591e-cgu.325.rcgu.o):(.debug_aranges)
    1490     1490        0     1                 $d
    14b0     14b0       20     1         /home/famous282/.rustup/toolchains/stable-x86_64-unknown-linux-gnu/lib/rustlib/riscv32imac-unknown-none-elf/lib/libcompiler_builtins-ad31f96eaed4fe7a.rlib(compiler_builtins-ad31f96eaed4fe7a.compiler_builtins.a8dbbfe33f18591e-cgu.326.rcgu.o):(.debug_aranges)
    14b0     14b0        0     1                 $d
    14d0     14d0       20     1         /home/famous282/.rustup/toolchains/stable-x86_64-unknown-linux-gnu/lib/rustlib/riscv32imac-unknown-none-elf/lib/libcompiler_builtins-ad31f96eaed4fe7a.rlib(compiler_builtins-ad31f96eaed4fe7a.compiler_builtins.a8dbbfe33f18591e-cgu.327.rcgu.o):(.debug_aranges)
    14d0     14d0        0     1                 $d
    14f0     14f0       20     1         /home/famous282/.rustup/toolchains/stable-x86_64-unknown-linux-gnu/lib/rustlib/riscv32imac-unknown-none-elf/lib/libcompiler_builtins-ad31f96eaed4fe7a.rlib(compiler_builtins-ad31f96eaed4fe7a.compiler_builtins.a8dbbfe33f18591e-cgu.331.rcgu.o):(.debug_aranges)
    14f0     14f0        0     1                 $d
    1510     1510       20     1         /home/famous282/.rustup/toolchains/stable-x86_64-unknown-linux-gnu/lib/rustlib/riscv32imac-unknown-none-elf/lib/libcompiler_builtins-ad31f96eaed4fe7a.rlib(compiler_builtins-ad31f96eaed4fe7a.compiler_builtins.a8dbbfe33f18591e-cgu.332.rcgu.o):(.debug_aranges)
    1510     1510        0     1                 $d
    1530     1530       20     1         /home/famous282/.rustup/toolchains/stable-x86_64-unknown-linux-gnu/lib/rustlib/riscv32imac-unknown-none-elf/lib/libcompiler_builtins-ad31f96eaed4fe7a.rlib(compiler_builtins-ad31f96eaed4fe7a.compiler_builtins.a8dbbfe33f18591e-cgu.351.rcgu.o):(.debug_aranges)
    1530     1530        0     1                 $d
    1550     1550       30     1         /home/famous282/.rustup/toolchains/stable-x86_64-unknown-linux-gnu/lib/rustlib/riscv32imac-unknown-none-elf/lib/libcompiler_builtins-ad31f96eaed4fe7a.rlib(compiler_builtins-ad31f96eaed4fe7a.compiler_builtins.a8dbbfe33f18591e-cgu.012.rcgu.o):(.debug_aranges)
    1550     1550        0     1                 $d
       0        0    418b6     1 .debug_str
       0        0    418b6     1         <internal>:(.debug_str)
       0        0       8b     1 .comment
       0        0       8b     1         <internal>:(.comment)
       0        0       4e     1 .riscv.attributes
       0        0       4e     1         <internal>:(.riscv.attributes)
       0        0       48     4 .debug_frame
       0        0       24     4         /home/famous282/OS_in_1000Lines/kernel/target/riscv32imac-unknown-none-elf/debug/deps/kernel-e423684175293233.1zwa976huie3oeuiu5py3i96v.0ptiyd8.rcgu.o:(.debug_frame)
       0        0        0     1                 .L0 
       0        0        0     1                 $d
      24       24       24     4         /home/famous282/OS_in_1000Lines/kernel/target/riscv32imac-unknown-none-elf/debug/deps/kernel-e423684175293233.7hqkh35l985iompa8en7ayj8i.0ptiyd8.rcgu.o:(.debug_frame)
      24       24        0     1                 .L0 
      24       24        0     1                 $d
       0        0    23147     1 .debug_line
       0        0       3e     1         /home/famous282/OS_in_1000Lines/kernel/target/riscv32imac-unknown-none-elf/debug/deps/kernel-e423684175293233.1zwa976huie3oeuiu5py3i96v.0ptiyd8.rcgu.o:(.debug_line)
       0        0        0     1                 .Lline_table_start0
       0        0        0     1                 $d
      3e       3e      204     1         /home/famous282/OS_in_1000Lines/kernel/target/riscv32imac-unknown-none-elf/debug/deps/kernel-e423684175293233.7hqkh35l985iompa8en7ayj8i.0ptiyd8.rcgu.o:(.debug_line)
      3e       3e        0     1                 .Lline_table_start0
      3e       3e        0     1                 $d
     242      242    1c42e     1         /home/famous282/.rustup/toolchains/stable-x86_64-unknown-linux-gnu/lib/rustlib/riscv32imac-unknown-none-elf/lib/libcore-c6eeea32d188506f.rlib(core-c6eeea32d188506f.core.f2b050c2002e39f1-cgu.0.rcgu.o):(.debug_line)
     242      242        0     1                 .Lline_table_start0
     242      242        0     1                 $d
   1c670    1c670       eb     1         /home/famous282/.rustup/toolchains/stable-x86_64-unknown-linux-gnu/lib/rustlib/riscv32imac-unknown-none-elf/lib/libcompiler_builtins-ad31f96eaed4fe7a.rlib(compiler_builtins-ad31f96eaed4fe7a.compiler_builtins.a8dbbfe33f18591e-cgu.105.rcgu.o):(.debug_line)
   1c670    1c670        0     1                 .Lline_table_start0
   1c670    1c670        0     1                 $d
   1c75b    1c75b      118     1         /home/famous282/.rustup/toolchains/stable-x86_64-unknown-linux-gnu/lib/rustlib/riscv32imac-unknown-none-elf/lib/libcompiler_builtins-ad31f96eaed4fe7a.rlib(compiler_builtins-ad31f96eaed4fe7a.compiler_builtins.a8dbbfe33f18591e-cgu.157.rcgu.o):(.debug_line)
   1c75b    1c75b        0     1                 .Lline_table_start0
   1c75b    1c75b        0     1                 $d
   1c818    1c818        0     1                 .Lline_table_start1
   1c873    1c873      a08     1         /home/famous282/.rustup/toolchains/stable-x86_64-unknown-linux-gnu/lib/rustlib/riscv32imac-unknown-none-elf/lib/libcompiler_builtins-ad31f96eaed4fe7a.rlib(compiler_builtins-ad31f96eaed4fe7a.compiler_builtins.a8dbbfe33f18591e-cgu.016.rcgu.o):(.debug_line)
   1c873    1c873        0     1                 .Lline_table_start0
   1c873    1c873        0     1                 $d
   1d27b    1d27b      245     1         /home/famous282/.rustup/toolchains/stable-x86_64-unknown-linux-gnu/lib/rustlib/riscv32imac-unknown-none-elf/lib/libcompiler_builtins-ad31f96eaed4fe7a.rlib(compiler_builtins-ad31f96eaed4fe7a.compiler_builtins.a8dbbfe33f18591e-cgu.162.rcgu.o):(.debug_line)
   1d27b    1d27b        0     1                 .Lline_table_start0
   1d27b    1d27b        0     1                 $d
   1d3eb    1d3eb        0     1                 .Lline_table_start1
   1d4c0    1d4c0      2f6     1         /home/famous282/.rustup/toolchains/stable-x86_64-unknown-linux-gnu/lib/rustlib/riscv32imac-unknown-none-elf/lib/libcompiler_builtins-ad31f96eaed4fe7a.rlib(compiler_builtins-ad31f96eaed4fe7a.compiler_builtins.a8dbbfe33f18591e-cgu.199.rcgu.o):(.debug_line)
   1d4c0    1d4c0        0     1                 .Lline_table_start0
   1d4c0    1d4c0        0     1                 $d
   1d6ab    1d6ab        0     1                 .Lline_table_start1
   1d7b6    1d7b6      2b9     1         /home/famous282/.rustup/toolchains/stable-x86_64-unknown-linux-gnu/lib/rustlib/riscv32imac-unknown-none-elf/lib/libcompiler_builtins-ad31f96eaed4fe7a.rlib(compiler_builtins-ad31f96eaed4fe7a.compiler_builtins.a8dbbfe33f18591e-cgu.225.rcgu.o):(.debug_line)
   1d7b6    1d7b6        0     1                 .Lline_table_start0
   1d7b6    1d7b6        0     1                 $d
   1d963    1d963        0     1                 .Lline_table_start1
   1da14    1da14        0     1                 .Lline_table_start2
   1da6f    1da6f       6e     1         /home/famous282/.rustup/toolchains/stable-x86_64-unknown-linux-gnu/lib/rustlib/riscv32imac-unknown-none-elf/lib/libcompiler_builtins-ad31f96eaed4fe7a.rlib(compiler_builtins-ad31f96eaed4fe7a.compiler_builtins.a8dbbfe33f18591e-cgu.228.rcgu.o):(.debug_line)
   1da6f    1da6f        0     1                 .Lline_table_start0
   1da6f    1da6f        0     1                 $d
   1dadd    1dadd     125d     1         /home/famous282/.rustup/toolchains/stable-x86_64-unknown-linux-gnu/lib/rustlib/riscv32imac-unknown-none-elf/lib/libcompiler_builtins-ad31f96eaed4fe7a.rlib(compiler_builtins-ad31f96eaed4fe7a.compiler_builtins.a8dbbfe33f18591e-cgu.003.rcgu.o):(.debug_line)
   1dadd    1dadd        0     1                 .Lline_table_start0
   1dadd    1dadd        0     1                 $d
   1ebf3    1ebf3        0     1                 .Lline_table_start1
   1ec7d    1ec7d        0     1                 .Lline_table_start2
   1ecdb    1ecdb        0     1                 .Lline_table_start3
   1ed3a    1ed3a      6ae     1         /home/famous282/.rustup/toolchains/stable-x86_64-unknown-linux-gnu/lib/rustlib/riscv32imac-unknown-none-elf/lib/libcompiler_builtins-ad31f96eaed4fe7a.rlib(compiler_builtins-ad31f96eaed4fe7a.compiler_builtins.a8dbbfe33f18591e-cgu.017.rcgu.o):(.debug_line)
   1ed3a    1ed3a        0     1                 .Lline_table_start0
   1ed3a    1ed3a        0     1                 $d
   1f38a    1f38a        0     1                 .Lline_table_start1
   1f3e8    1f3e8      2c0     1         /home/famous282/.rustup/toolchains/stable-x86_64-unknown-linux-gnu/lib/rustlib/riscv32imac-unknown-none-elf/lib/libcompiler_builtins-ad31f96eaed4fe7a.rlib(compiler_builtins-ad31f96eaed4fe7a.compiler_builtins.a8dbbfe33f18591e-cgu.236.rcgu.o):(.debug_line)
   1f3e8    1f3e8        0     1                 .Lline_table_start0
   1f3e8    1f3e8        0     1                 $d
   1f59c    1f59c        0     1                 .Lline_table_start1
   1f64d    1f64d        0     1                 .Lline_table_start2
   1f6a8    1f6a8      245     1         /home/famous282/.rustup/toolchains/stable-x86_64-unknown-linux-gnu/lib/rustlib/riscv32imac-unknown-none-elf/lib/libcompiler_builtins-ad31f96eaed4fe7a.rlib(compiler_builtins-ad31f96eaed4fe7a.compiler_builtins.a8dbbfe33f18591e-cgu.239.rcgu.o):(.debug_line)
   1f6a8    1f6a8        0     1                 .Lline_table_start0
   1f6a8    1f6a8        0     1                 $d
   1f818    1f818        0     1                 .Lline_table_start1
   1f8ed    1f8ed       6e     1         /home/famous282/.rustup/toolchains/stable-x86_64-unknown-linux-gnu/lib/rustlib/riscv32imac-unknown-none-elf/lib/libcompiler_builtins-ad31f96eaed4fe7a.rlib(compiler_builtins-ad31f96eaed4fe7a.compiler_builtins.a8dbbfe33f18591e-cgu.256.rcgu.o):(.debug_line)
   1f8ed    1f8ed        0     1                 .Lline_table_start0
   1f8ed    1f8ed        0     1                 $d
   1f95b    1f95b     14de     1         /home/famous282/.rustup/toolchains/stable-x86_64-unknown-linux-gnu/lib/rustlib/riscv32imac-unknown-none-elf/lib/libcompiler_builtins-ad31f96eaed4fe7a.rlib(compiler_builtins-ad31f96eaed4fe7a.compiler_builtins.a8dbbfe33f18591e-cgu.000.rcgu.o):(.debug_line)
   1f95b    1f95b        0     1                 .Lline_table_start0
   1f95b    1f95b        0     1                 $d
   20ddd    20ddd        0     1                 .Lline_table_start1
   20e39    20e39      2d2     1         /home/famous282/.rustup/toolchains/stable-x86_64-unknown-linux-gnu/lib/rustlib/riscv32imac-unknown-none-elf/lib/libcompiler_builtins-ad31f96eaed4fe7a.rlib(compiler_builtins-ad31f96eaed4fe7a.compiler_builtins.a8dbbfe33f18591e-cgu.285.rcgu.o):(.debug_line)
   20e39    20e39        0     1                 .Lline_table_start0
   20e39    20e39        0     1                 $d
   21036    21036        0     1                 .Lline_table_start1
   2110b    2110b      11d     1         /home/famous282/.rustup/toolchains/stable-x86_64-unknown-linux-gnu/lib/rustlib/riscv32imac-unknown-none-elf/lib/libcompiler_builtins-ad31f96eaed4fe7a.rlib(compiler_builtins-ad31f96eaed4fe7a.compiler_builtins.a8dbbfe33f18591e-cgu.287.rcgu.o):(.debug_line)
   2110b    2110b        0     1                 .Lline_table_start0
   2110b    2110b        0     1                 $d
   211cd    211cd        0     1                 .Lline_table_start1
   21228    21228       6e     1         /home/famous282/.rustup/toolchains/stable-x86_64-unknown-linux-gnu/lib/rustlib/riscv32imac-unknown-none-elf/lib/libcompiler_builtins-ad31f96eaed4fe7a.rlib(compiler_builtins-ad31f96eaed4fe7a.compiler_builtins.a8dbbfe33f18591e-cgu.295.rcgu.o):(.debug_line)
   21228    21228        0     1                 .Lline_table_start0
   21228    21228        0     1                 $d
   21296    21296      2bc     1         /home/famous282/.rustup/toolchains/stable-x86_64-unknown-linux-gnu/lib/rustlib/riscv32imac-unknown-none-elf/lib/libcompiler_builtins-ad31f96eaed4fe7a.rlib(compiler_builtins-ad31f96eaed4fe7a.compiler_builtins.a8dbbfe33f18591e-cgu.300.rcgu.o):(.debug_line)
   21296    21296        0     1                 .Lline_table_start0
   21296    21296        0     1                 $d
   2147d    2147d        0     1                 .Lline_table_start1
   21552    21552      3a2     1         /home/famous282/.rustup/toolchains/stable-x86_64-unknown-linux-gnu/lib/rustlib/riscv32imac-unknown-none-elf/lib/libcompiler_builtins-ad31f96eaed4fe7a.rlib(compiler_builtins-ad31f96eaed4fe7a.compiler_builtins.a8dbbfe33f18591e-cgu.303.rcgu.o):(.debug_line)
   21552    21552        0     1                 .Lline_table_start0
   21552    21552        0     1                 $d
   217c1    217c1        0     1                 .Lline_table_start1
   218f4    218f4      118     1         /home/famous282/.rustup/toolchains/stable-x86_64-unknown-linux-gnu/lib/rustlib/riscv32imac-unknown-none-elf/lib/libcompiler_builtins-ad31f96eaed4fe7a.rlib(compiler_builtins-ad31f96eaed4fe7a.compiler_builtins.a8dbbfe33f18591e-cgu.308.rcgu.o):(.debug_line)
   218f4    218f4        0     1                 .Lline_table_start0
   218f4    218f4        0     1                 $d
   219b1    219b1        0     1                 .Lline_table_start1
   21a0c    21a0c      11d     1         /home/famous282/.rustup/toolchains/stable-x86_64-unknown-linux-gnu/lib/rustlib/riscv32imac-unknown-none-elf/lib/libcompiler_builtins-ad31f96eaed4fe7a.rlib(compiler_builtins-ad31f96eaed4fe7a.compiler_builtins.a8dbbfe33f18591e-cgu.315.rcgu.o):(.debug_line)
   21a0c    21a0c        0     1                 .Lline_table_start0
   21a0c    21a0c        0     1                 $d
   21ace    21ace        0     1                 .Lline_table_start1
   21b29    21b29      245     1         /home/famous282/.rustup/toolchains/stable-x86_64-unknown-linux-gnu/lib/rustlib/riscv32imac-unknown-none-elf/lib/libcompiler_builtins-ad31f96eaed4fe7a.rlib(compiler_builtins-ad31f96eaed4fe7a.compiler_builtins.a8dbbfe33f18591e-cgu.325.rcgu.o):(.debug_line)
   21b29    21b29        0     1                 .Lline_table_start0
   21b29    21b29        0     1                 $d
   21c99    21c99        0     1                 .Lline_table_start1
   21d6e    21d6e       6e     1         /home/famous282/.rustup/toolchains/stable-x86_64-unknown-linux-gnu/lib/rustlib/riscv32imac-unknown-none-elf/lib/libcompiler_builtins-ad31f96eaed4fe7a.rlib(compiler_builtins-ad31f96eaed4fe7a.compiler_builtins.a8dbbfe33f18591e-cgu.326.rcgu.o):(.debug_line)
   21d6e    21d6e        0     1                 .Lline_table_start0
   21d6e    21d6e        0     1                 $d
   21ddc    21ddc      474     1         /home/famous282/.rustup/toolchains/stable-x86_64-unknown-linux-gnu/lib/rustlib/riscv32imac-unknown-none-elf/lib/libcompiler_builtins-ad31f96eaed4fe7a.rlib(compiler_builtins-ad31f96eaed4fe7a.compiler_builtins.a8dbbfe33f18591e-cgu.327.rcgu.o):(.debug_line)
   21ddc    21ddc        0     1                 .Lline_table_start0
   21ddc    21ddc        0     1                 $d
   2211e    2211e        0     1                 .Lline_table_start1
   22250    22250      2d2     1         /home/famous282/.rustup/toolchains/stable-x86_64-unknown-linux-gnu/lib/rustlib/riscv32imac-unknown-none-elf/lib/libcompiler_builtins-ad31f96eaed4fe7a.rlib(compiler_builtins-ad31f96eaed4fe7a.compiler_builtins.a8dbbfe33f18591e-cgu.331.rcgu.o):(.debug_line)
   22250    22250        0     1                 .Lline_table_start0
   22250    22250        0     1                 $d
   2244d    2244d        0     1                 .Lline_table_start1
   22522    22522      230     1         /home/famous282/.rustup/toolchains/stable-x86_64-unknown-linux-gnu/lib/rustlib/riscv32imac-unknown-none-elf/lib/libcompiler_builtins-ad31f96eaed4fe7a.rlib(compiler_builtins-ad31f96eaed4fe7a.compiler_builtins.a8dbbfe33f18591e-cgu.332.rcgu.o):(.debug_line)
   22522    22522        0     1                 .Lline_table_start0
   22522    22522        0     1                 $d
   2267d    2267d        0     1                 .Lline_table_start1
   22752    22752       6e     1         /home/famous282/.rustup/toolchains/stable-x86_64-unknown-linux-gnu/lib/rustlib/riscv32imac-unknown-none-elf/lib/libcompiler_builtins-ad31f96eaed4fe7a.rlib(compiler_builtins-ad31f96eaed4fe7a.compiler_builtins.a8dbbfe33f18591e-cgu.351.rcgu.o):(.debug_line)
   22752    22752        0     1                 .Lline_table_start0
   22752    22752        0     1                 $d
   227c0    227c0      987     1         /home/famous282/.rustup/toolchains/stable-x86_64-unknown-linux-gnu/lib/rustlib/riscv32imac-unknown-none-elf/lib/libcompiler_builtins-ad31f96eaed4fe7a.rlib(compiler_builtins-ad31f96eaed4fe7a.compiler_builtins.a8dbbfe33f18591e-cgu.012.rcgu.o):(.debug_line)
   227c0    227c0        0     1                 .Lline_table_start0
   227c0    227c0        0     1                 $d
       0        0       aa     1 .debug_loc
       0        0       aa     1         /home/famous282/OS_in_1000Lines/kernel/target/riscv32imac-unknown-none-elf/debug/deps/kernel-e423684175293233.7hqkh35l985iompa8en7ayj8i.0ptiyd8.rcgu.o:(.debug_loc)
       0        0        0     1                 .L0 
       0        0        0     1                 $d
      1e       1e        0     1                 .L0 
      3c       3c        0     1                 .L0 
      4f       4f        0     1                 .L0 
      62       62        0     1                 .L0 
      97       97        0     1                 .L0 
       0        0     ce18     1 .debug_ranges
       0        0       50     1         /home/famous282/OS_in_1000Lines/kernel/target/riscv32imac-unknown-none-elf/debug/deps/kernel-e423684175293233.7hqkh35l985iompa8en7ayj8i.0ptiyd8.rcgu.o:(.debug_ranges)
       0        0        0     1                 .L0 
       0        0        0     1                 $d
      18       18        0     1                 .L0 
      30       30        0     1                 .L0 
      50       50     af18     1         /home/famous282/.rustup/toolchains/stable-x86_64-unknown-linux-gnu/lib/rustlib/riscv32imac-unknown-none-elf/lib/libcore-c6eeea32d188506f.rlib(core-c6eeea32d188506f.core.f2b050c2002e39f1-cgu.0.rcgu.o):(.debug_ranges)
      50       50        0     1                 .L0 
      50       50        0     1                 $d
      68       68        0     1                 .L0 
      88       88        0     1                 .L0 
      a8       a8        0     1                 .L0 
      c0       c0        0     1                 .L0 
      e0       e0        0     1                 .L0 
     100      100        0     1                 .L0 
     118      118        0     1                 .L0 
     130      130        0     1                 .L0 
     148      148        0     1                 .L0 
     168      168        0     1                 .L0 
     188      188        0     1                 .L0 
     1a8      1a8        0     1                 .L0 
     1c0      1c0        0     1                 .L0 
     1d8      1d8        0     1                 .L0 
     1f0      1f0        0     1                 .L0 
     208      208        0     1                 .L0 
     220      220        0     1                 .L0 
     238      238        0     1                 .L0 
     250      250        0     1                 .L0 
     268      268        0     1                 .L0 
     290      290        0     1                 .L0 
     2b8      2b8        0     1                 .L0 
     2d0      2d0        0     1                 .L0 
     2f0      2f0        0     1                 .L0 
     320      320        0     1                 .L0 
     340      340        0     1                 .L0 
     358      358        0     1                 .L0 
     370      370        0     1                 .L0 
     388      388        0     1                 .L0 
     3a8      3a8        0     1                 .L0 
     3d0      3d0        0     1                 .L0 
     3f0      3f0        0     1                 .L0 
     408      408        0     1                 .L0 
     420      420        0     1                 .L0 
     440      440        0     1                 .L0 
     458      458        0     1                 .L0 
     470      470        0     1                 .L0 
     488      488        0     1                 .L0 
     4a0      4a0        0     1                 .L0 
     4c0      4c0        0     1                 .L0 
     4e8      4e8        0     1                 .L0 
     508      508        0     1                 .L0 
     520      520        0     1                 .L0 
     538      538        0     1                 .L0 
     550      550        0     1                 .L0 
     568      568        0     1                 .L0 
     588      588        0     1                 .L0 
     5b0      5b0        0     1                 .L0 
     5c8      5c8        0     1                 .L0 
     5e0      5e0        0     1                 .L0 
     5f8      5f8        0     1                 .L0 
     610      610        0     1                 .L0 
     628      628        0     1                 .L0 
     640      640        0     1                 .L0 
     660      660        0     1                 .L0 
     678      678        0     1                 .L0 
     6a0      6a0        0     1                 .L0 
     6c8      6c8        0     1                 .L0 
     6f0      6f0        0     1                 .L0 
     718      718        0     1                 .L0 
     738      738        0     1                 .L0 
     758      758        0     1                 .L0 
     780      780        0     1                 .L0 
     7a8      7a8        0     1                 .L0 
     7d0      7d0        0     1                 .L0 
     7f8      7f8        0     1                 .L0 
     810      810        0     1                 .L0 
     830      830        0     1                 .L0 
     848      848        0     1                 .L0 
     868      868        0     1                 .L0 
     888      888        0     1                 .L0 
     8a0      8a0        0     1                 .L0 
     8b8      8b8        0     1                 .L0 
     8d0      8d0        0     1                 .L0 
     8e8      8e8        0     1                 .L0 
     900      900        0     1                 .L0 
     918      918        0     1                 .L0 
     930      930        0     1                 .L0 
     958      958        0     1                 .L0 
     978      978        0     1                 .L0 
     998      998        0     1                 .L0 
     9b8      9b8        0     1                 .L0 
     9d0      9d0        0     1                 .L0 
     9e8      9e8        0     1                 .L0 
     a00      a00        0     1                 .L0 
     a18      a18        0     1                 .L0 
     a30      a30        0     1                 .L0 
     a48      a48        0     1                 .L0 
     a60      a60        0     1                 .L0 
     a78      a78        0     1                 .L0 
     a90      a90        0     1                 .L0 
     aa8      aa8        0     1                 .L0 
     ac8      ac8        0     1                 .L0 
     ae8      ae8        0     1                 .L0 
     b08      b08        0     1                 .L0 
     b28      b28        0     1                 .L0 
     b40      b40        0     1                 .L0 
     b60      b60        0     1                 .L0 
     b80      b80        0     1                 .L0 
     b98      b98        0     1                 .L0 
     bb0      bb0        0     1                 .L0 
     bc8      bc8        0     1                 .L0 
     be0      be0        0     1                 .L0 
     bf8      bf8        0     1                 .L0 
     c10      c10        0     1                 .L0 
     c30      c30        0     1                 .L0 
     c48      c48        0     1                 .L0 
     c60      c60        0     1                 .L0 
     c78      c78        0     1                 .L0 
     c98      c98        0     1                 .L0 
     cb0      cb0        0     1                 .L0 
     cc8      cc8        0     1                 .L0 
     ce8      ce8        0     1                 .L0 
     d00      d00        0     1                 .L0 
     d18      d18        0     1                 .L0 
     d30      d30        0     1                 .L0 
     d48      d48        0     1                 .L0 
     d60      d60        0     1                 .L0 
     d78      d78        0     1                 .L0 
     d90      d90        0     1                 .L0 
     da8      da8        0     1                 .L0 
     dd0      dd0        0     1                 .L0 
     df0      df0        0     1                 .L0 
     e08      e08        0     1                 .L0 
     e20      e20        0     1                 .L0 
     e38      e38        0     1                 .L0 
     e50      e50        0     1                 .L0 
     e68      e68        0     1                 .L0 
     e80      e80        0     1                 .L0 
     e98      e98        0     1                 .L0 
     eb0      eb0        0     1                 .L0 
     ed0      ed0        0     1                 .L0 
     ee8      ee8        0     1                 .L0 
     f10      f10        0     1                 .L0 
     f28      f28        0     1                 .L0 
     f40      f40        0     1                 .L0 
     f58      f58        0     1                 .L0 
     f70      f70        0     1                 .L0 
     f88      f88        0     1                 .L0 
     fa0      fa0        0     1                 .L0 
     fc8      fc8        0     1                 .L0 
     fe0      fe0        0     1                 .L0 
     ff8      ff8        0     1                 .L0 
    1010     1010        0     1                 .L0 
    1028     1028        0     1                 .L0 
    1040     1040        0     1                 .L0 
    1058     1058        0     1                 .L0 
    1070     1070        0     1                 .L0 
    1098     1098        0     1                 .L0 
    10c0     10c0        0     1                 .L0 
    10d8     10d8        0     1                 .L0 
    10f0     10f0        0     1                 .L0 
    1118     1118        0     1                 .L0 
    1138     1138        0     1                 .L0 
    1168     1168        0     1                 .L0 
    1180     1180        0     1                 .L0 
    1198     1198        0     1                 .L0 
    11b8     11b8        0     1                 .L0 
    11d0     11d0        0     1                 .L0 
    11e8     11e8        0     1                 .L0 
    1208     1208        0     1                 .L0 
    1220     1220        0     1                 .L0 
    1238     1238        0     1                 .L0 
    1250     1250        0     1                 .L0 
    1268     1268        0     1                 .L0 
    1288     1288        0     1                 .L0 
    12b0     12b0        0     1                 .L0 
    12c8     12c8        0     1                 .L0 
    12e8     12e8        0     1                 .L0 
    1310     1310        0     1                 .L0 
    1328     1328        0     1                 .L0 
    1348     1348        0     1                 .L0 
    1370     1370        0     1                 .L0 
    1388     1388        0     1                 .L0 
    13a8     13a8        0     1                 .L0 
    13d0     13d0        0     1                 .L0 
    13e8     13e8        0     1                 .L0 
    1400     1400        0     1                 .L0 
    1420     1420        0     1                 .L0 
    1438     1438        0     1                 .L0 
    1460     1460        0     1                 .L0 
    1478     1478        0     1                 .L0 
    1490     1490        0     1                 .L0 
    14b0     14b0        0     1                 .L0 
    14c8     14c8        0     1                 .L0 
    14f0     14f0        0     1                 .L0 
    1508     1508        0     1                 .L0 
    1520     1520        0     1                 .L0 
    1538     1538        0     1                 .L0 
    1560     1560        0     1                 .L0 
    1588     1588        0     1                 .L0 
    15a0     15a0        0     1                 .L0 
    15b8     15b8        0     1                 .L0 
    15e0     15e0        0     1                 .L0 
    15f8     15f8        0     1                 .L0 
    1620     1620        0     1                 .L0 
    1648     1648        0     1                 .L0 
    1668     1668        0     1                 .L0 
    1680     1680        0     1                 .L0 
    16a8     16a8        0     1                 .L0 
    16c0     16c0        0     1                 .L0 
    16e0     16e0        0     1                 .L0 
    16f8     16f8        0     1                 .L0 
    1720     1720        0     1                 .L0 
    1738     1738        0     1                 .L0 
    1750     1750        0     1                 .L0 
    1768     1768        0     1                 .L0 
    1780     1780        0     1                 .L0 
    17a8     17a8        0     1                 .L0 
    17d0     17d0        0     1                 .L0 
    17e8     17e8        0     1                 .L0 
    1800     1800        0     1                 .L0 
    1818     1818        0     1                 .L0 
    1838     1838        0     1                 .L0 
    1850     1850        0     1                 .L0 
    1878     1878        0     1                 .L0 
    1890     1890        0     1                 .L0 
    18a8     18a8        0     1                 .L0 
    18c0     18c0        0     1                 .L0 
    18d8     18d8        0     1                 .L0 
    1900     1900        0     1                 .L0 
    1928     1928        0     1                 .L0 
    1940     1940        0     1                 .L0 
    1968     1968        0     1                 .L0 
    1980     1980        0     1                 .L0 
    1998     1998        0     1                 .L0 
    19b8     19b8        0     1                 .L0 
    19d0     19d0        0     1                 .L0 
    19f8     19f8        0     1                 .L0 
    1a10     1a10        0     1                 .L0 
    1a38     1a38        0     1                 .L0 
    1a50     1a50        0     1                 .L0 
    1a68     1a68        0     1                 .L0 
    1a88     1a88        0     1                 .L0 
    1aa0     1aa0        0     1                 .L0 
    1ac8     1ac8        0     1                 .L0 
    1ae0     1ae0        0     1                 .L0 
    1b08     1b08        0     1                 .L0 
    1b20     1b20        0     1                 .L0 
    1b50     1b50        0     1                 .L0 
    1b70     1b70        0     1                 .L0 
    1b88     1b88        0     1                 .L0 
    1bb8     1bb8        0     1                 .L0 
    1bd8     1bd8        0     1                 .L0 
    1bf0     1bf0        0     1                 .L0 
    1c20     1c20        0     1                 .L0 
    1c40     1c40        0     1                 .L0 
    1c58     1c58        0     1                 .L0 
    1c80     1c80        0     1                 .L0 
    1ca0     1ca0        0     1                 .L0 
    1cb8     1cb8        0     1                 .L0 
    1ce0     1ce0        0     1                 .L0 
    1d00     1d00        0     1                 .L0 
    1d18     1d18        0     1                 .L0 
    1d40     1d40        0     1                 .L0 
    1d60     1d60        0     1                 .L0 
    1d78     1d78        0     1                 .L0 
    1da0     1da0        0     1                 .L0 
    1dc0     1dc0        0     1                 .L0 
    1dd8     1dd8        0     1                 .L0 
    1e00     1e00        0     1                 .L0 
    1e20     1e20        0     1                 .L0 
    1e38     1e38        0     1                 .L0 
    1e60     1e60        0     1                 .L0 
    1e80     1e80        0     1                 .L0 
    1e98     1e98        0     1                 .L0 
    1ec0     1ec0        0     1                 .L0 
    1ee0     1ee0        0     1                 .L0 
    1ef8     1ef8        0     1                 .L0 
    1f20     1f20        0     1                 .L0 
    1f40     1f40        0     1                 .L0 
    1f58     1f58        0     1                 .L0 
    1f80     1f80        0     1                 .L0 
    1fa0     1fa0        0     1                 .L0 
    1fb8     1fb8        0     1                 .L0 
    1fd0     1fd0        0     1                 .L0 
    1fe8     1fe8        0     1                 .L0 
    2000     2000        0     1                 .L0 
    2018     2018        0     1                 .L0 
    2030     2030        0     1                 .L0 
    2048     2048        0     1                 .L0 
    2060     2060        0     1                 .L0 
    2080     2080        0     1                 .L0 
    2098     2098        0     1                 .L0 
    20b0     20b0        0     1                 .L0 
    20c8     20c8        0     1                 .L0 
    20e0     20e0        0     1                 .L0 
    20f8     20f8        0     1                 .L0 
    2110     2110        0     1                 .L0 
    2128     2128        0     1                 .L0 
    2140     2140        0     1                 .L0 
    2158     2158        0     1                 .L0 
    2170     2170        0     1                 .L0 
    2188     2188        0     1                 .L0 
    21a0     21a0        0     1                 .L0 
    21b8     21b8        0     1                 .L0 
    21d0     21d0        0     1                 .L0 
    21e8     21e8        0     1                 .L0 
    2200     2200        0     1                 .L0 
    2218     2218        0     1                 .L0 
    2230     2230        0     1                 .L0 
    2248     2248        0     1                 .L0 
    2260     2260        0     1                 .L0 
    2278     2278        0     1                 .L0 
    22a0     22a0        0     1                 .L0 
    22c0     22c0        0     1                 .L0 
    22d8     22d8        0     1                 .L0 
    22f8     22f8        0     1                 .L0 
    2310     2310        0     1                 .L0 
    2328     2328        0     1                 .L0 
    2340     2340        0     1                 .L0 
    2358     2358        0     1                 .L0 
    2378     2378        0     1                 .L0 
    2390     2390        0     1                 .L0 
    23a8     23a8        0     1                 .L0 
    23c0     23c0        0     1                 .L0 
    23d8     23d8        0     1                 .L0 
    23f0     23f0        0     1                 .L0 
    2410     2410        0     1                 .L0 
    2430     2430        0     1                 .L0 
    2448     2448        0     1                 .L0 
    2460     2460        0     1                 .L0 
    2478     2478        0     1                 .L0 
    2490     2490        0     1                 .L0 
    24b0     24b0        0     1                 .L0 
    24c8     24c8        0     1                 .L0 
    24e0     24e0        0     1                 .L0 
    24f8     24f8        0     1                 .L0 
    2510     2510        0     1                 .L0 
    2528     2528        0     1                 .L0 
    2548     2548        0     1                 .L0 
    2560     2560        0     1                 .L0 
    2578     2578        0     1                 .L0 
    2590     2590        0     1                 .L0 
    25a8     25a8        0     1                 .L0 
    25c8     25c8        0     1                 .L0 
    25e0     25e0        0     1                 .L0 
    25f8     25f8        0     1                 .L0 
    2618     2618        0     1                 .L0 
    2630     2630        0     1                 .L0 
    2650     2650        0     1                 .L0 
    2668     2668        0     1                 .L0 
    2680     2680        0     1                 .L0 
    2698     2698        0     1                 .L0 
    26b8     26b8        0     1                 .L0 
    26d0     26d0        0     1                 .L0 
    26e8     26e8        0     1                 .L0 
    2700     2700        0     1                 .L0 
    2718     2718        0     1                 .L0 
    2738     2738        0     1                 .L0 
    2750     2750        0     1                 .L0 
    2768     2768        0     1                 .L0 
    2780     2780        0     1                 .L0 
    2798     2798        0     1                 .L0 
    27b0     27b0        0     1                 .L0 
    27d0     27d0        0     1                 .L0 
    27e8     27e8        0     1                 .L0 
    2800     2800        0     1                 .L0 
    2818     2818        0     1                 .L0 
    2830     2830        0     1                 .L0 
    2848     2848        0     1                 .L0 
    2860     2860        0     1                 .L0 
    2880     2880        0     1                 .L0 
    2898     2898        0     1                 .L0 
    28b0     28b0        0     1                 .L0 
    28c8     28c8        0     1                 .L0 
    28e0     28e0        0     1                 .L0 
    28f8     28f8        0     1                 .L0 
    2910     2910        0     1                 .L0 
    2928     2928        0     1                 .L0 
    2948     2948        0     1                 .L0 
    2970     2970        0     1                 .L0 
    2990     2990        0     1                 .L0 
    29a8     29a8        0     1                 .L0 
    29c0     29c0        0     1                 .L0 
    29d8     29d8        0     1                 .L0 
    29f0     29f0        0     1                 .L0 
    2a28     2a28        0     1                 .L0 
    2a40     2a40        0     1                 .L0 
    2a78     2a78        0     1                 .L0 
    2a90     2a90        0     1                 .L0 
    2aa8     2aa8        0     1                 .L0 
    2ac0     2ac0        0     1                 .L0 
    2ad8     2ad8        0     1                 .L0 
    2af0     2af0        0     1                 .L0 
    2b08     2b08        0     1                 .L0 
    2b28     2b28        0     1                 .L0 
    2b40     2b40        0     1                 .L0 
    2b58     2b58        0     1                 .L0 
    2b70     2b70        0     1                 .L0 
    2b90     2b90        0     1                 .L0 
    2ba8     2ba8        0     1                 .L0 
    2bc0     2bc0        0     1                 .L0 
    2be0     2be0        0     1                 .L0 
    2bf8     2bf8        0     1                 .L0 
    2c10     2c10        0     1                 .L0 
    2c28     2c28        0     1                 .L0 
    2c40     2c40        0     1                 .L0 
    2c58     2c58        0     1                 .L0 
    2c80     2c80        0     1                 .L0 
    2ca8     2ca8        0     1                 .L0 
    2cc0     2cc0        0     1                 .L0 
    2cd8     2cd8        0     1                 .L0 
    2cf8     2cf8        0     1                 .L0 
    2d10     2d10        0     1                 .L0 
    2d28     2d28        0     1                 .L0 
    2d40     2d40        0     1                 .L0 
    2d60     2d60        0     1                 .L0 
    2d78     2d78        0     1                 .L0 
    2d98     2d98        0     1                 .L0 
    2db8     2db8        0     1                 .L0 
    2dd8     2dd8        0     1                 .L0 
    2df0     2df0        0     1                 .L0 
    2e08     2e08        0     1                 .L0 
    2e20     2e20        0     1                 .L0 
    2e38     2e38        0     1                 .L0 
    2e50     2e50        0     1                 .L0 
    2e68     2e68        0     1                 .L0 
    2e88     2e88        0     1                 .L0 
    2ea0     2ea0        0     1                 .L0 
    2eb8     2eb8        0     1                 .L0 
    2ed0     2ed0        0     1                 .L0 
    2ee8     2ee8        0     1                 .L0 
    2f38     2f38        0     1                 .L0 
    2f88     2f88        0     1                 .L0 
    2fd0     2fd0        0     1                 .L0 
    2ff8     2ff8        0     1                 .L0 
    3028     3028        0     1                 .L0 
    3048     3048        0     1                 .L0 
    3060     3060        0     1                 .L0 
    30a0     30a0        0     1                 .L0 
    30e0     30e0        0     1                 .L0 
    3118     3118        0     1                 .L0 
    3140     3140        0     1                 .L0 
    3160     3160        0     1                 .L0 
    3180     3180        0     1                 .L0 
    31a8     31a8        0     1                 .L0 
    31c0     31c0        0     1                 .L0 
    31d8     31d8        0     1                 .L0 
    31f0     31f0        0     1                 .L0 
    3208     3208        0     1                 .L0 
    3220     3220        0     1                 .L0 
    3248     3248        0     1                 .L0 
    3280     3280        0     1                 .L0 
    32a8     32a8        0     1                 .L0 
    32c0     32c0        0     1                 .L0 
    32e8     32e8        0     1                 .L0 
    33b0     33b0        0     1                 .L0 
    3498     3498        0     1                 .L0 
    3548     3548        0     1                 .L0 
    35d0     35d0        0     1                 .L0 
    3638     3638        0     1                 .L0 
    3688     3688        0     1                 .L0 
    36c0     36c0        0     1                 .L0 
    36e0     36e0        0     1                 .L0 
    3708     3708        0     1                 .L0 
    3738     3738        0     1                 .L0 
    3778     3778        0     1                 .L0 
    3790     3790        0     1                 .L0 
    37a8     37a8        0     1                 .L0 
    37c0     37c0        0     1                 .L0 
    37e0     37e0        0     1                 .L0 
    37f8     37f8        0     1                 .L0 
    3810     3810        0     1                 .L0 
    3828     3828        0     1                 .L0 
    3840     3840        0     1                 .L0 
    3860     3860        0     1                 .L0 
    3878     3878        0     1                 .L0 
    3890     3890        0     1                 .L0 
    38a8     38a8        0     1                 .L0 
[...]
    9bb0     9bb0        0     1                 .L0 
    9bc8     9bc8        0     1                 .L0 
    9bf0     9bf0        0     1                 .L0 
    9c08     9c08        0     1                 .L0 
    9c20     9c20        0     1                 .L0 
    9c38     9c38        0     1                 .L0 
    9c50     9c50        0     1                 .L0 
    9c68     9c68        0     1                 .L0 
    9c80     9c80        0     1                 .L0 
    9c98     9c98        0     1                 .L0 
    9cb0     9cb0        0     1                 .L0 
    9cc8     9cc8        0     1                 .L0 
    9ce8     9ce8        0     1                 .L0 
    9d00     9d00        0     1                 .L0 
    9d18     9d18        0     1                 .L0 
    9d30     9d30        0     1                 .L0 
    9d50     9d50        0     1                 .L0 
    9d68     9d68        0     1                 .L0 
    9d88     9d88        0     1                 .L0 
    9da0     9da0        0     1                 .L0 
    9db8     9db8        0     1                 .L0 
    9dd0     9dd0        0     1                 .L0 
    9de8     9de8        0     1                 .L0 
    9e00     9e00        0     1                 .L0 
    9e18     9e18        0     1                 .L0 
    af68     af68       18     1         /home/famous282/.rustup/toolchains/stable-x86_64-unknown-linux-gnu/lib/rustlib/riscv32imac-unknown-none-elf/lib/libcompiler_builtins-ad31f96eaed4fe7a.rlib(compiler_builtins-ad31f96eaed4fe7a.compiler_builtins.a8dbbfe33f18591e-cgu.105.rcgu.o):(.debug_ranges)
    af68     af68        0     1                 .L0 
    af68     af68        0     1                 $d
    af80     af80      168     1         /home/famous282/.rustup/toolchains/stable-x86_64-unknown-linux-gnu/lib/rustlib/riscv32imac-unknown-none-elf/lib/libcompiler_builtins-ad31f96eaed4fe7a.rlib(compiler_builtins-ad31f96eaed4fe7a.compiler_builtins.a8dbbfe33f18591e-cgu.016.rcgu.o):(.debug_ranges)
    af80     af80        0     1                 .L0 
    af80     af80        0     1                 $d
    af98     af98        0     1                 .L0 
    afb8     afb8        0     1                 .L0 
    afd0     afd0        0     1                 .L0 
    afe8     afe8        0     1                 .L0 
    b000     b000        0     1                 .L0 
    b020     b020        0     1                 .L0 
    b040     b040        0     1                 .L0 
    b058     b058        0     1                 .L0 
    b070     b070        0     1                 .L0 
    b088     b088        0     1                 .L0 
    b0a0     b0a0        0     1                 .L0 
    b0b8     b0b8        0     1                 .L0 
    b0d0     b0d0        0     1                 .L0 
    b0e8     b0e8       20     1         /home/famous282/.rustup/toolchains/stable-x86_64-unknown-linux-gnu/lib/rustlib/riscv32imac-unknown-none-elf/lib/libcompiler_builtins-ad31f96eaed4fe7a.rlib(compiler_builtins-ad31f96eaed4fe7a.compiler_builtins.a8dbbfe33f18591e-cgu.162.rcgu.o):(.debug_ranges)
    b0e8     b0e8        0     1                 .L0 
    b0e8     b0e8        0     1                 $d
    b108     b108       48     1         /home/famous282/.rustup/toolchains/stable-x86_64-unknown-linux-gnu/lib/rustlib/riscv32imac-unknown-none-elf/lib/libcompiler_builtins-ad31f96eaed4fe7a.rlib(compiler_builtins-ad31f96eaed4fe7a.compiler_builtins.a8dbbfe33f18591e-cgu.199.rcgu.o):(.debug_ranges)
    b108     b108        0     1                 .L0 
    b108     b108        0     1                 $d
    b120     b120        0     1                 .L0 
    b138     b138        0     1                 .L0 
    b150     b150       60     1         /home/famous282/.rustup/toolchains/stable-x86_64-unknown-linux-gnu/lib/rustlib/riscv32imac-unknown-none-elf/lib/libcompiler_builtins-ad31f96eaed4fe7a.rlib(compiler_builtins-ad31f96eaed4fe7a.compiler_builtins.a8dbbfe33f18591e-cgu.225.rcgu.o):(.debug_ranges)
    b150     b150        0     1                 .L0 
    b150     b150        0     1                 $d
    b168     b168        0     1                 .L0 
    b180     b180        0     1                 .L0 
    b198     b198        0     1                 .L0 
    b1b0     b1b0      620     1         /home/famous282/.rustup/toolchains/stable-x86_64-unknown-linux-gnu/lib/rustlib/riscv32imac-unknown-none-elf/lib/libcompiler_builtins-ad31f96eaed4fe7a.rlib(compiler_builtins-ad31f96eaed4fe7a.compiler_builtins.a8dbbfe33f18591e-cgu.003.rcgu.o):(.debug_ranges)
    b1b0     b1b0        0     1                 .L0 
    b1b0     b1b0        0     1                 $d
    b1c8     b1c8        0     1                 .L0 
    b1e0     b1e0        0     1                 .L0 
    b1f8     b1f8        0     1                 .L0 
    b210     b210        0     1                 .L0 
    b228     b228        0     1                 .L0 
    b258     b258        0     1                 .L0 
    b2a0     b2a0        0     1                 .L0 
    b2f8     b2f8        0     1                 .L0 
    b348     b348        0     1                 .L0 
    b360     b360        0     1                 .L0 
    b390     b390        0     1                 .L0 
    b3a8     b3a8        0     1                 .L0 
    b3c0     b3c0        0     1                 .L0 
    b3d8     b3d8        0     1                 .L0 
    b3f0     b3f0        0     1                 .L0 
    b408     b408        0     1                 .L0 
    b420     b420        0     1                 .L0 
    b438     b438        0     1                 .L0 
    b450     b450        0     1                 .L0 
    b468     b468        0     1                 .L0 
    b480     b480        0     1                 .L0 
    b498     b498        0     1                 .L0 
    b4b0     b4b0        0     1                 .L0 
    b4f8     b4f8        0     1                 .L0 
    b510     b510        0     1                 .L0 
    b528     b528        0     1                 .L0 
    b548     b548        0     1                 .L0 
    b560     b560        0     1                 .L0 
    b578     b578        0     1                 .L0 
    b5a0     b5a0        0     1                 .L0 
    b5e0     b5e0        0     1                 .L0 
    b5f8     b5f8        0     1                 .L0 
    b618     b618        0     1                 .L0 
    b640     b640        0     1                 .L0 
    b658     b658        0     1                 .L0 
    b670     b670        0     1                 .L0 
    b688     b688        0     1                 .L0 
    b6a0     b6a0        0     1                 .L0 
    b6b8     b6b8        0     1                 .L0 
    b6d0     b6d0        0     1                 .L0 
    b718     b718        0     1                 .L0 
    b730     b730        0     1                 .L0 
    b748     b748        0     1                 .L0 
    b760     b760        0     1                 .L0 
    b778     b778        0     1                 .L0 
    b790     b790        0     1                 .L0 
    b7a8     b7a8        0     1                 .L0 
    b7d0     b7d0      1f0     1         /home/famous282/.rustup/toolchains/stable-x86_64-unknown-linux-gnu/lib/rustlib/riscv32imac-unknown-none-elf/lib/libcompiler_builtins-ad31f96eaed4fe7a.rlib(compiler_builtins-ad31f96eaed4fe7a.compiler_builtins.a8dbbfe33f18591e-cgu.017.rcgu.o):(.debug_ranges)
    b7d0     b7d0        0     1                 .L0 
    b7d0     b7d0        0     1                 $d
    b7f8     b7f8        0     1                 .L0 
    b848     b848        0     1                 .L0 
    b898     b898        0     1                 .L0 
    b8f0     b8f0        0     1                 .L0 
    b930     b930        0     1                 .L0 
    b970     b970        0     1                 .L0 
    b9c0     b9c0       58     1         /home/famous282/.rustup/toolchains/stable-x86_64-unknown-linux-gnu/lib/rustlib/riscv32imac-unknown-none-elf/lib/libcompiler_builtins-ad31f96eaed4fe7a.rlib(compiler_builtins-ad31f96eaed4fe7a.compiler_builtins.a8dbbfe33f18591e-cgu.236.rcgu.o):(.debug_ranges)
    b9c0     b9c0        0     1                 .L0 
    b9c0     b9c0        0     1                 $d
    b9d8     b9d8        0     1                 .L0 
    b9f8     b9f8        0     1                 .L0 
    ba18     ba18       20     1         /home/famous282/.rustup/toolchains/stable-x86_64-unknown-linux-gnu/lib/rustlib/riscv32imac-unknown-none-elf/lib/libcompiler_builtins-ad31f96eaed4fe7a.rlib(compiler_builtins-ad31f96eaed4fe7a.compiler_builtins.a8dbbfe33f18591e-cgu.239.rcgu.o):(.debug_ranges)
    ba18     ba18        0     1                 .L0 
    ba18     ba18        0     1                 $d
    ba38     ba38      d30     1         /home/famous282/.rustup/toolchains/stable-x86_64-unknown-linux-gnu/lib/rustlib/riscv32imac-unknown-none-elf/lib/libcompiler_builtins-ad31f96eaed4fe7a.rlib(compiler_builtins-ad31f96eaed4fe7a.compiler_builtins.a8dbbfe33f18591e-cgu.000.rcgu.o):(.debug_ranges)
    ba38     ba38        0     1                 .L0 
    ba38     ba38        0     1                 $d
    ba50     ba50        0     1                 .L0 
    ba68     ba68        0     1                 .L0 
    ba88     ba88        0     1                 .L0 
    baa8     baa8        0     1                 .L0 
    bac8     bac8        0     1                 .L0 
    bb48     bb48        0     1                 .L0 
    bbc8     bbc8        0     1                 .L0 
    bc70     bc70        0     1                 .L0 
    bd18     bd18        0     1                 .L0 
    bd30     bd30        0     1                 .L0 
    bd70     bd70        0     1                 .L0 
    bdb8     bdb8        0     1                 .L0 
    bde8     bde8        0     1                 .L0 
    be28     be28        0     1                 .L0 
    be90     be90        0     1                 .L0 
    bec8     bec8        0     1                 .L0 
    bef8     bef8        0     1                 .L0 
    bf20     bf20        0     1                 .L0 
    bf40     bf40        0     1                 .L0 
    bf60     bf60        0     1                 .L0 
    bf80     bf80        0     1                 .L0 
    bf98     bf98        0     1                 .L0 
    bfd0     bfd0        0     1                 .L0 
    c010     c010        0     1                 .L0 
    c038     c038        0     1                 .L0 
    c058     c058        0     1                 .L0 
    c090     c090        0     1                 .L0 
    c0a8     c0a8        0     1                 .L0 
    c0e8     c0e8        0     1                 .L0 
    c100     c100        0     1                 .L0 
    c118     c118        0     1                 .L0 
    c138     c138        0     1                 .L0 
    c158     c158        0     1                 .L0 
    c170     c170        0     1                 .L0 
    c198     c198        0     1                 .L0 
    c1c0     c1c0        0     1                 .L0 
    c1d8     c1d8        0     1                 .L0 
    c228     c228        0     1                 .L0 
    c240     c240        0     1                 .L0 
    c258     c258        0     1                 .L0 
    c278     c278        0     1                 .L0 
    c290     c290        0     1                 .L0 
    c2b0     c2b0        0     1                 .L0 
    c2d8     c2d8        0     1                 .L0 
    c2f8     c2f8        0     1                 .L0 
    c310     c310        0     1                 .L0 
    c328     c328        0     1                 .L0 
    c340     c340        0     1                 .L0 
    c358     c358        0     1                 .L0 
    c370     c370        0     1                 .L0 
    c3b0     c3b0        0     1                 .L0 
    c3e0     c3e0        0     1                 .L0 
    c400     c400        0     1                 .L0 
    c418     c418        0     1                 .L0 
    c430     c430        0     1                 .L0 
    c448     c448        0     1                 .L0 
    c468     c468        0     1                 .L0 
    c488     c488        0     1                 .L0 
    c4a8     c4a8        0     1                 .L0 
    c4c8     c4c8        0     1                 .L0 
    c4e8     c4e8        0     1                 .L0 
    c500     c500        0     1                 .L0 
    c518     c518        0     1                 .L0 
    c530     c530        0     1                 .L0 
    c548     c548        0     1                 .L0 
    c570     c570        0     1                 .L0 
    c590     c590        0     1                 .L0 
    c5a8     c5a8        0     1                 .L0 
    c5f0     c5f0        0     1                 .L0 
    c608     c608        0     1                 .L0 
    c620     c620        0     1                 .L0 
    c638     c638        0     1                 .L0 
    c650     c650        0     1                 .L0 
    c668     c668        0     1                 .L0 
    c680     c680        0     1                 .L0 
    c698     c698        0     1                 .L0 
    c6b0     c6b0        0     1                 .L0 
    c6c8     c6c8        0     1                 .L0 
    c6e0     c6e0        0     1                 .L0 
    c6f8     c6f8        0     1                 .L0 
    c710     c710        0     1                 .L0 
    c728     c728        0     1                 .L0 
    c748     c748        0     1                 .L0 
    c768     c768       78     1         /home/famous282/.rustup/toolchains/stable-x86_64-unknown-linux-gnu/lib/rustlib/riscv32imac-unknown-none-elf/lib/libcompiler_builtins-ad31f96eaed4fe7a.rlib(compiler_builtins-ad31f96eaed4fe7a.compiler_builtins.a8dbbfe33f18591e-cgu.285.rcgu.o):(.debug_ranges)
    c768     c768        0     1                 .L0 
    c768     c768        0     1                 $d
    c798     c798        0     1                 .L0 
    c7b0     c7b0        0     1                 .L0 
    c7c8     c7c8        0     1                 .L0 
    c7e0     c7e0       68     1         /home/famous282/.rustup/toolchains/stable-x86_64-unknown-linux-gnu/lib/rustlib/riscv32imac-unknown-none-elf/lib/libcompiler_builtins-ad31f96eaed4fe7a.rlib(compiler_builtins-ad31f96eaed4fe7a.compiler_builtins.a8dbbfe33f18591e-cgu.300.rcgu.o):(.debug_ranges)
    c7e0     c7e0        0     1                 .L0 
    c7e0     c7e0        0     1                 $d
    c800     c800        0     1                 .L0 
    c818     c818        0     1                 .L0 
    c830     c830        0     1                 .L0 
    c848     c848       98     1         /home/famous282/.rustup/toolchains/stable-x86_64-unknown-linux-gnu/lib/rustlib/riscv32imac-unknown-none-elf/lib/libcompiler_builtins-ad31f96eaed4fe7a.rlib(compiler_builtins-ad31f96eaed4fe7a.compiler_builtins.a8dbbfe33f18591e-cgu.303.rcgu.o):(.debug_ranges)
    c848     c848        0     1                 .L0 
    c848     c848        0     1                 $d
    c868     c868        0     1                 .L0 
    c888     c888        0     1                 .L0 
    c8a8     c8a8        0     1                 .L0 
    c8c8     c8c8        0     1                 .L0 
    c8e0     c8e0       20     1         /home/famous282/.rustup/toolchains/stable-x86_64-unknown-linux-gnu/lib/rustlib/riscv32imac-unknown-none-elf/lib/libcompiler_builtins-ad31f96eaed4fe7a.rlib(compiler_builtins-ad31f96eaed4fe7a.compiler_builtins.a8dbbfe33f18591e-cgu.325.rcgu.o):(.debug_ranges)
    c8e0     c8e0        0     1                 .L0 
    c8e0     c8e0        0     1                 $d
    c900     c900       d8     1         /home/famous282/.rustup/toolchains/stable-x86_64-unknown-linux-gnu/lib/rustlib/riscv32imac-unknown-none-elf/lib/libcompiler_builtins-ad31f96eaed4fe7a.rlib(compiler_builtins-ad31f96eaed4fe7a.compiler_builtins.a8dbbfe33f18591e-cgu.327.rcgu.o):(.debug_ranges)
    c900     c900        0     1                 .L0 
    c900     c900        0     1                 $d
    c940     c940        0     1                 .L0 
    c980     c980        0     1                 .L0 
    c9c0     c9c0        0     1                 .L0 
    c9d8     c9d8       78     1         /home/famous282/.rustup/toolchains/stable-x86_64-unknown-linux-gnu/lib/rustlib/riscv32imac-unknown-none-elf/lib/libcompiler_builtins-ad31f96eaed4fe7a.rlib(compiler_builtins-ad31f96eaed4fe7a.compiler_builtins.a8dbbfe33f18591e-cgu.331.rcgu.o):(.debug_ranges)
    c9d8     c9d8        0     1                 .L0 
    c9d8     c9d8        0     1                 $d
    ca08     ca08        0     1                 .L0 
    ca20     ca20        0     1                 .L0 
    ca38     ca38        0     1                 .L0 
    ca50     ca50       18     1         /home/famous282/.rustup/toolchains/stable-x86_64-unknown-linux-gnu/lib/rustlib/riscv32imac-unknown-none-elf/lib/libcompiler_builtins-ad31f96eaed4fe7a.rlib(compiler_builtins-ad31f96eaed4fe7a.compiler_builtins.a8dbbfe33f18591e-cgu.332.rcgu.o):(.debug_ranges)
    ca50     ca50        0     1                 .L0 
    ca50     ca50        0     1                 $d
    ca68     ca68      3b0     1         /home/famous282/.rustup/toolchains/stable-x86_64-unknown-linux-gnu/lib/rustlib/riscv32imac-unknown-none-elf/lib/libcompiler_builtins-ad31f96eaed4fe7a.rlib(compiler_builtins-ad31f96eaed4fe7a.compiler_builtins.a8dbbfe33f18591e-cgu.012.rcgu.o):(.debug_ranges)
    ca68     ca68        0     1                 .L0 
    ca68     ca68        0     1                 $d
    ca80     ca80        0     1                 .L0 
    ca98     ca98        0     1                 .L0 
    cab8     cab8        0     1                 .L0 
    cad8     cad8        0     1                 .L0 
    caf0     caf0        0     1                 .L0 
    cb08     cb08        0     1                 .L0 
    cb20     cb20        0     1                 .L0 
    cb38     cb38        0     1                 .L0 
    cb50     cb50        0     1                 .L0 
    cb68     cb68        0     1                 .L0 
    cb80     cb80        0     1                 .L0 
    cb98     cb98        0     1                 .L0 
    cbc8     cbc8        0     1                 .L0 
    cbe0     cbe0        0     1                 .L0 
    cc00     cc00        0     1                 .L0 
    cc28     cc28        0     1                 .L0 
    cc48     cc48        0     1                 .L0 
    cc68     cc68        0     1                 .L0 
    cc80     cc80        0     1                 .L0 
    cc98     cc98        0     1                 .L0 
    ccb8     ccb8        0     1                 .L0 
    ccd8     ccd8        0     1                 .L0 
    cd00     cd00        0     1                 .L0 
    cd18     cd18        0     1                 .L0 
    cd30     cd30        0     1                 .L0 
    cd50     cd50        0     1                 .L0 
    cd70     cd70        0     1                 .L0 
    cd88     cd88        0     1                 .L0 
    cda0     cda0        0     1                 .L0 
    cdb8     cdb8        0     1                 .L0 
    cdd8     cdd8        0     1                 .L0 
    cdf8     cdf8        0     1                 .L0 
       0        0     7b20     4 .symtab
       0        0     7b20     4         <internal>:(.symtab)
       0        0       b9     1 .shstrtab
       0        0       b9     1         <internal>:(.shstrtab)
       0        0     2ce6     1 .strtab
       0        0     2ce6     1         <internal>:(.strtab)
