     VMA      LMA     Size Align Out     In      Symbol
       0        0 80200000     1 . = 0x80200000
80200000 80200000     1210     4 .text
80200000 80200000        c     4         /home/famous282/1000linesOS/kernel/target/riscv32imac-unknown-none-elf/debug/deps/kernel-dfa3df23995ef8b4.24qdkavsqt2e6ckh6joba0u2j.1g4k02t.rcgu.o:(.text.boot)
80200000 80200000        0     1                 .Lpcrel_hi0
80200000 80200000        0     1                 $x
80200000 80200000        c     1                 boot
8020000c 8020000c       96     4         /home/famous282/1000linesOS/kernel/target/riscv32imac-unknown-none-elf/debug/deps/kernel-dfa3df23995ef8b4.24qdkavsqt2e6ckh6joba0u2j.1g4k02t.rcgu.o:(.text)
8020000c 8020000c        0     1                 trap_handler
802000a2 802000a2       62     2         /home/famous282/1000linesOS/kernel/target/riscv32imac-unknown-none-elf/debug/deps/kernel-dfa3df23995ef8b4.24qdkavsqt2e6ckh6joba0u2j.1g4k02t.rcgu.o:(.text._ZN6kernel6kernel12proc_a_entry17h499cf061b07a7cf1E)
802000a2 802000a2       62     1                 kernel::kernel::proc_a_entry::h499cf061b07a7cf1
802000a2 802000a2        0     1                 .L0 
802000a2 802000a2        0     1                 .L0 
802000a2 802000a2        0     1                 $x
802000a2 802000a2        0     1                 .L0 
802000ac 802000ac        0     1                 .L0 
802000d2 802000d2        0     1                 .L0 
802000ec 802000ec        0     1                 .L0 
802000ee 802000ee        0     1                 .L0 
802000f0 802000f0        0     1                 .L0 
802000f2 802000f2        0     1                 .L0 
802000fc 802000fc        0     1                 .L0 
802000fe 802000fe        0     1                 .L0 
80200100 80200100        0     1                 .L0 
80200104 80200104        0     1                 .L0 
80200104 80200104       62     2         /home/famous282/1000linesOS/kernel/target/riscv32imac-unknown-none-elf/debug/deps/kernel-dfa3df23995ef8b4.24qdkavsqt2e6ckh6joba0u2j.1g4k02t.rcgu.o:(.text._ZN6kernel6kernel12proc_b_entry17h9ea391ce5fc2f741E)
80200104 80200104       62     1                 kernel::kernel::proc_b_entry::h9ea391ce5fc2f741
80200104 80200104        0     1                 .L0 
80200104 80200104        0     1                 .L0 
80200104 80200104        0     1                 $x
80200104 80200104        0     1                 .L0 
8020010e 8020010e        0     1                 .L0 
80200134 80200134        0     1                 .L0 
8020014e 8020014e        0     1                 .L0 
80200150 80200150        0     1                 .L0 
80200152 80200152        0     1                 .L0 
80200154 80200154        0     1                 .L0 
8020015e 8020015e        0     1                 .L0 
80200160 80200160        0     1                 .L0 
80200162 80200162        0     1                 .L0 
80200166 80200166        0     1                 .L0 
80200166 80200166       14     2         /home/famous282/1000linesOS/kernel/target/riscv32imac-unknown-none-elf/debug/deps/kernel-dfa3df23995ef8b4.24qdkavsqt2e6ckh6joba0u2j.1g4k02t.rcgu.o:(.text._ZN6kernel6kernel7putchar17h6820f44ab32fcf5cE)
80200166 80200166        0     1                 .L0 
80200166 80200166        0     1                 .L0 
80200166 80200166        0     1                 $x
80200166 80200166        0     1                 .L0 
80200166 80200166       14     1                 kernel::kernel::putchar::h6820f44ab32fcf5c
8020017a 8020017a        0     1                 .L0 
8020017a 8020017a       8c     2         /home/famous282/1000linesOS/kernel/target/riscv32imac-unknown-none-elf/debug/deps/kernel-dfa3df23995ef8b4.24qdkavsqt2e6ckh6joba0u2j.1g4k02t.rcgu.o:(.text.kernel_main)
8020017a 8020017a        0     1                 .L0 
8020017a 8020017a        0     1                 .L0 
8020017a 8020017a        0     1                 $x
8020017a 8020017a        0     1                 .L0 
8020017a 8020017a       8c     1                 kernel_main
80200180 80200180        0     1                 .L0 
80200180 80200180        0     1                 .L0 
802001a4 802001a4        0     1                 .L0 
802001a4 802001a4        0     1                 .L0 
802001a8 802001a8        0     1                 .L0 
802001aa 802001aa        0     1                 .L0 
802001aa 802001aa        0     1                 .L0 
802001ae 802001ae        0     1                 .L0 
802001b0 802001b0        0     1                 .L0 
802001b0 802001b0        0     1                 .L0 
802001b4 802001b4        0     1                 .L0 
802001b4 802001b4        0     1                 .L0 
802001c0 802001c0        0     1                 .L0 
80200206 80200206        0     1                 .L0 
80200206 80200206       8e     2         /home/famous282/1000linesOS/kernel/target/riscv32imac-unknown-none-elf/debug/deps/kernel-dfa3df23995ef8b4.3lszhsxzyn1vde1rs4win02um.1g4k02t.rcgu.o:(.text._ZN4core3fmt5Write10write_char17hdd5523afddb1ab42E.llvm.6829158211990935668)
80200206 80200206        0     1                 .L0 
80200206 80200206        0     1                 .L0 
80200206 80200206        0     1                 $x
80200206 80200206        0     1                 .L0 
80200206 80200206       8e     1                 core::fmt::Write::write_char::hdd5523afddb1ab42 (.llvm.6829158211990935668)
80200210 80200210        0     1                 .L0 
80200210 80200210        0     1                 .L0 
80200214 80200214        0     1                 .L0 
80200214 80200214        0     1                 .L0 
8020021a 8020021a        0     1                 .L0 
8020021c 8020021c        0     1                 .L0 
8020021c 8020021c        0     1                 .L0 
80200220 80200220        0     1                 .L0 
80200228 80200228        0     1                 .L0 
8020022c 8020022c        0     1                 .L0 
8020022c 8020022c        0     1                 .L0 
8020022e 8020022e        0     1                 .L0 
8020023c 8020023c        0     1                 .L0 
8020023e 8020023e        0     1                 .L0 
80200242 80200242        0     1                 .L0 
80200242 80200242        0     1                 .L0 
80200246 80200246        0     1                 .L0 
8020024e 8020024e        0     1                 .L0 
8020024e 8020024e        0     1                 .L0 
80200250 80200250        0     1                 .L0 
80200262 80200262        0     1                 .L0 
80200264 80200264        0     1                 .L0 
80200272 80200272        0     1                 .L0 
80200272 80200272        0     1                 .L0 
80200284 80200284        0     1                 .L0 
80200294 80200294        0     1                 .L0 
80200294 80200294       14     2         /home/famous282/1000linesOS/kernel/target/riscv32imac-unknown-none-elf/debug/deps/kernel-dfa3df23995ef8b4.3lszhsxzyn1vde1rs4win02um.1g4k02t.rcgu.o:(.text._ZN4core3fmt5Write9write_fmt17h495146c7c6b4fb2aE)
80200294 80200294        0     1                 .L0 
80200294 80200294        0     1                 .L0 
80200294 80200294        0     1                 $x
80200294 80200294        0     1                 .L0 
80200294 80200294       14     1                 core::fmt::Write::write_fmt::h495146c7c6b4fb2a
80200298 80200298        0     1                 .L0 
802002a8 802002a8        0     1                 .L0 
802002a8 802002a8        a     2         /home/famous282/1000linesOS/kernel/target/riscv32imac-unknown-none-elf/debug/deps/kernel-dfa3df23995ef8b4.4ftrnxq5k2ijxu6ko4fxfrcj8.1g4k02t.rcgu.o:(.text._ZN44_$LT$$RF$T$u20$as$u20$core..fmt..Display$GT$3fmt17h4087c62fb84bccbeE)
802002a8 802002a8        0     1                 .L0 
802002a8 802002a8        0     1                 .L0 
802002a8 802002a8        0     1                 $x
802002a8 802002a8        0     1                 .L0 
802002a8 802002a8        a     1                 _$LT$$RF$T$u20$as$u20$core..fmt..Display$GT$::fmt::h4087c62fb84bccbe
802002b4 802002b4       46     4         /home/famous282/1000linesOS/kernel/target/riscv32imac-unknown-none-elf/debug/deps/kernel-dfa3df23995ef8b4.63ptxjvpldbz03i077ow9897u.1g4k02t.rcgu.o:(.text._ZN6kernel7process14switch_context17ha0dfa133835f2d04E)
802002b4 802002b4        0     1                 $x
802002b4 802002b4       46     1                 kernel::process::switch_context::ha0dfa133835f2d04
802002fa 802002fa      132     2         /home/famous282/1000linesOS/kernel/target/riscv32imac-unknown-none-elf/debug/deps/kernel-dfa3df23995ef8b4.63ptxjvpldbz03i077ow9897u.1g4k02t.rcgu.o:(.text._ZN6kernel7process7Process6create17hc34d84661f49304eE)
802002fa 802002fa        0     1                 .L0 
802002fa 802002fa        0     1                 .L0 
802002fa 802002fa        0     1                 $x
802002fa 802002fa        0     1                 .L0 
802002fa 802002fa      132     1                 kernel::process::Process::create::hc34d84661f49304e
80200304 80200304        0     1                 .L0 
80200338 80200338        0     1                 .L0 
8020033a 8020033a        0     1                 .L0 
8020033c 8020033c        0     1                 .L0 
80200342 80200342        0     1                 .L0 
80200344 80200344        0     1                 .L0 
80200346 80200346        0     1                 .L0 
80200348 80200348        0     1                 .L0 
8020034a 8020034a        0     1                 .L0 
8020034c 8020034c        0     1                 .L0 
8020034e 8020034e        0     1                 .L0 
80200350 80200350        0     1                 .L0 
80200370 80200370        0     1                 .L0 
80200378 80200378        0     1                 .L0 
80200384 80200384        0     1                 .L0 
8020038c 8020038c        0     1                 .L0 
8020038e 8020038e        0     1                 .L0 
80200392 80200392        0     1                 .L0 
80200396 80200396        0     1                 .L0 
80200398 80200398        0     1                 .L0 
8020039e 8020039e        0     1                 .L0 
802003a2 802003a2        0     1                 .L0 
802003a6 802003a6        0     1                 .L0 
802003b4 802003b4        0     1                 .L0 
802003b8 802003b8        0     1                 .L0 
802003f6 802003f6        0     1                 .L0 
802003fc 802003fc        0     1                 .L0 
8020042c 8020042c       4e     2         /home/famous282/1000linesOS/kernel/target/riscv32imac-unknown-none-elf/debug/deps/kernel-dfa3df23995ef8b4.aqtcxbzy89ozo9dgld6fn0q5h.1g4k02t.rcgu.o:(.text._RNvCs1Y7DaGC1cwg_7___rustc17rust_begin_unwind)
8020042c 8020042c        0     1                 .L0 
8020042c 8020042c        0     1                 .L0 
8020042c 8020042c        0     1                 $x
8020042c 8020042c        0     1                 .L0 
8020042c 8020042c       4e     1                 __rustc::rust_begin_unwind
80200432 80200432        0     1                 .L0 
8020044a 8020044a        0     1                 .L0 
80200456 80200456        0     1                 .L0 
80200474 80200474        0     1                 .L0 
8020047a 8020047a        0     1                 .L0 
8020047a 8020047a       18     2         /home/famous282/1000linesOS/kernel/target/riscv32imac-unknown-none-elf/debug/deps/kernel-dfa3df23995ef8b4.b1wfjfrxrno1sga9zbdwiqldk.1g4k02t.rcgu.o:(.text.unlikely._ZN4core4hint21unreachable_unchecked18precondition_check17h7c956ae76e5c4394E.llvm.9581896732707436221)
8020047a 8020047a        0     1                 .L0 
8020047a 8020047a        0     1                 .L0 
8020047a 8020047a        0     1                 $x
8020047a 8020047a        0     1                 .L0 
8020047a 8020047a       18     1                 core::hint::unreachable_unchecked::precondition_check::h7c956ae76e5c4394 (.llvm.9581896732707436221)
8020047c 8020047c        0     1                 .L0 
80200492 80200492        0     1                 .L0 
80200492 80200492      116     2         /home/famous282/1000linesOS/kernel/target/riscv32imac-unknown-none-elf/debug/deps/kernel-dfa3df23995ef8b4.b1wfjfrxrno1sga9zbdwiqldk.1g4k02t.rcgu.o:(.text._ZN60_$LT$kernel..common..Console$u20$as$u20$core..fmt..Write$GT$9write_str17h742bbae8cb24e93eE)
80200492 80200492        0     1                 .L0 
80200492 80200492        0     1                 .L0 
80200492 80200492        0     1                 $x
80200492 80200492        0     1                 .L0 
80200492 80200492      116     1                 _$LT$kernel..common..Console$u20$as$u20$core..fmt..Write$GT$::write_str::h742bbae8cb24e93e
802004a4 802004a4        0     1                 .L0 
802004a4 802004a4        0     1                 .L0 
802004a6 802004a6        0     1                 .L0 
802004a6 802004a6        0     1                 .L0 
802004c4 802004c4        0     1                 .L0 
802004c8 802004c8        0     1                 .L0 
802004cc 802004cc        0     1                 .L0 
802004cc 802004cc        0     1                 .L0 
802004d0 802004d0        0     1                 .L0 
802004d2 802004d2        0     1                 .L0 
802004d4 802004d4        0     1                 .L0 
802004d4 802004d4        0     1                 .L0 
802004d8 802004d8        0     1                 .L0 
802004d8 802004d8        0     1                 .L0 
802004e0 802004e0        0     1                 .L0 
802004e4 802004e4        0     1                 .L0 
802004e8 802004e8        0     1                 .L0 
802004e8 802004e8        0     1                 .L0 
802004ec 802004ec        0     1                 .L0 
802004ec 802004ec        0     1                 .L0 
802004f0 802004f0        0     1                 .L0 
802004f4 802004f4        0     1                 .L0 
802004f8 802004f8        0     1                 .L0 
80200500 80200500        0     1                 .L0 
80200500 80200500        0     1                 .L0 
80200504 80200504        0     1                 .L0 
80200504 80200504        0     1                 .L0 
80200508 80200508        0     1                 .L0 
8020050c 8020050c        0     1                 .L0 
80200512 80200512        0     1                 .L0 
8020051c 8020051c        0     1                 .L0 
8020051e 8020051e        0     1                 .L0 
80200526 80200526        0     1                 .L0 
8020052c 8020052c        0     1                 .L0 
8020052e 8020052e        0     1                 .L0 
8020052e 8020052e        0     1                 .L0 
80200538 80200538        0     1                 .L0 
80200538 80200538        0     1                 .L0 
80200540 80200540        0     1                 .L0 
80200540 80200540        0     1                 .L0 
80200544 80200544        0     1                 .L0 
80200544 80200544        0     1                 .L0 
8020055a 8020055a        0     1                 .L0 
80200578 80200578        0     1                 .L0 
80200588 80200588        0     1                 .L0 
80200598 80200598        0     1                 .L0 
802005a8 802005a8        0     1                 .L0 
802005a8 802005a8        0     1                 .L0 
802005a8 802005a8       48     2         /home/famous282/1000linesOS/kernel/target/riscv32imac-unknown-none-elf/debug/deps/kernel-dfa3df23995ef8b4.bd4aykr3vnli855y8j4uib0hb.1g4k02t.rcgu.o:(.text.unlikely.handle_trap)
802005a8 802005a8        0     1                 .L0 
802005a8 802005a8        0     1                 .L0 
802005a8 802005a8        0     1                 $x
802005a8 802005a8        0     1                 .L0 
802005a8 802005a8       48     1                 handle_trap
802005aa 802005aa        0     1                 .L0 
802005b0 802005b0        0     1                 .L0 
802005b6 802005b6        0     1                 .L0 
802005bc 802005bc        0     1                 .L0 
802005c6 802005c6        0     1                 .L0 
802005ca 802005ca        0     1                 .L0 
802005d6 802005d6        0     1                 .L0 
802005f0 802005f0        0     1                 .L0 
802005f0 802005f0        0     1                 .L0 
802005f0 802005f0       10     2         /home/famous282/.rustup/toolchains/stable-x86_64-unknown-linux-gnu/lib/rustlib/riscv32imac-unknown-none-elf/lib/libcore-36e1cca942c0a58a.rlib(core-36e1cca942c0a58a.core.283c90c5601d86be-cgu.0.rcgu.o):(.text._ZN44_$LT$$RF$T$u20$as$u20$core..fmt..Display$GT$3fmt17h59521dd79574c7deE)
802005f0 802005f0       10     1                 _$LT$$RF$T$u20$as$u20$core..fmt..Display$GT$::fmt::h59521dd79574c7de
802005f0 802005f0        0     1                 .L0 
802005f0 802005f0        0     1                 .L0 
802005f0 802005f0        0     1                 $x
802005f0 802005f0        0     1                 .L0 
802005f6 802005f6        0     1                 .L0 
80200600 80200600        0     1                 .L0 
80200600 80200600      1ee     2         /home/famous282/.rustup/toolchains/stable-x86_64-unknown-linux-gnu/lib/rustlib/riscv32imac-unknown-none-elf/lib/libcore-36e1cca942c0a58a.rlib(core-36e1cca942c0a58a.core.283c90c5601d86be-cgu.0.rcgu.o):(.text._ZN4core3fmt3num3imp21_$LT$impl$u20$u32$GT$10_fmt_inner17h42f8f2e90639b001E)
80200600 80200600      1ee     1                 core::fmt::num::imp::_$LT$impl$u20$u32$GT$::_fmt_inner::h42f8f2e90639b001
80200600 80200600        0     1                 .L0 
80200600 80200600        0     1                 .L0 
80200600 80200600        0     1                 $x
80200600 80200600        0     1                 .L0 
8020061e 8020061e        0     1                 .L0 
80200622 80200622        0     1                 .L0 
80200660 80200660        0     1                 .L0 
80200664 80200664        0     1                 .L0 
80200694 80200694        0     1                 .L0 
80200698 80200698        0     1                 .L0 
8020069c 8020069c        0     1                 .L0 
802006a4 802006a4        0     1                 .L0 
802006a8 802006a8        0     1                 .L0 
802006ac 802006ac        0     1                 .L0 
802006be 802006be        0     1                 .L0 
802006c2 802006c2        0     1                 .L0 
802006c6 802006c6        0     1                 .L0 
802006ce 802006ce        0     1                 .L0 
802006d2 802006d2        0     1                 .L0 
802006d8 802006d8        0     1                 .L0 
802006de 802006de        0     1                 .L0 
802006e2 802006e2        0     1                 .L0 
802006e6 802006e6        0     1                 .L0 
802006ea 802006ea        0     1                 .L0 
80200722 80200722        0     1                 .L0 
80200726 80200726        0     1                 .L0 
8020072a 8020072a        0     1                 .L0 
80200730 80200730        0     1                 .L0 
80200734 80200734        0     1                 .L0 
80200738 80200738        0     1                 .L0 
8020073c 8020073c        0     1                 .L0 
80200740 80200740        0     1                 .L0 
80200742 80200742        0     1                 .L0 
80200746 80200746        0     1                 .L0 
80200758 80200758        0     1                 .L0 
802007ee 802007ee        0     1                 .L0 
802007ee 802007ee       4c     2         /home/famous282/.rustup/toolchains/stable-x86_64-unknown-linux-gnu/lib/rustlib/riscv32imac-unknown-none-elf/lib/libcore-36e1cca942c0a58a.rlib(core-36e1cca942c0a58a.core.283c90c5601d86be-cgu.0.rcgu.o):(.text._ZN4core3fmt3num3imp52_$LT$impl$u20$core..fmt..Display$u20$for$u20$u32$GT$3fmt17hf372911b1e30887dE)
802007ee 802007ee        0     1                 .L0 
802007ee 802007ee        0     1                 .L0 
802007ee 802007ee        0     1                 $x
802007ee 802007ee        0     1                 .L0 
802007ee 802007ee       4c     1                 core::fmt::num::imp::_$LT$impl$u20$core..fmt..Display$u20$for$u20$u32$GT$::fmt::hf372911b1e30887d
802007ee 802007ee       4c     1                 core::fmt::num::imp::_$LT$impl$u20$core..fmt..Display$u20$for$u20$usize$GT$::fmt::h34bc925a91450d3a
80200804 80200804        0     1                 .L0 
80200814 80200814        0     1                 .L0 
80200818 80200818        0     1                 .L0 
8020083a 8020083a        0     1                 .L0 
8020083a 8020083a      1d6     2         /home/famous282/.rustup/toolchains/stable-x86_64-unknown-linux-gnu/lib/rustlib/riscv32imac-unknown-none-elf/lib/libcore-36e1cca942c0a58a.rlib(core-36e1cca942c0a58a.core.283c90c5601d86be-cgu.0.rcgu.o):(.text._ZN4core3fmt5write17h6376708c65409954E)
8020083a 8020083a        0     1                 .L0 
8020083a 8020083a        0     1                 .L0 
8020083a 8020083a        0     1                 $x
8020083a 8020083a        0     1                 .L0 
8020083a 8020083a      1d6     1                 core::fmt::write::h6376708c65409954
8020085a 8020085a        0     1                 .L0 
8020085a 8020085a        0     1                 .L0 
80200864 80200864        0     1                 .L0 
80200864 80200864        0     1                 .L0 
80200868 80200868        0     1                 .L0 
80200868 80200868        0     1                 .L0 
8020086c 8020086c        0     1                 .L0 
80200884 80200884        0     1                 .L0 
80200884 80200884        0     1                 .L0 
8020088c 8020088c        0     1                 .L0 
80200890 80200890        0     1                 .L0 
802008a0 802008a0        0     1                 .L0 
802008a0 802008a0        0     1                 .L0 
802008aa 802008aa        0     1                 .L0 
802008aa 802008aa        0     1                 .L0 
802008ac 802008ac        0     1                 .L0 
802008b2 802008b2        0     1                 .L0 
802008b2 802008b2        0     1                 .L0 
802008b6 802008b6        0     1                 .L0 
802008ba 802008ba        0     1                 .L0 
802008be 802008be        0     1                 .L0 
802008c2 802008c2        0     1                 .L0 
802008ca 802008ca        0     1                 .L0 
802008ca 802008ca        0     1                 .L0 
802008ce 802008ce        0     1                 .L0 
802008ce 802008ce        0     1                 .L0 
802008d0 802008d0        0     1                 .L0 
802008d0 802008d0        0     1                 .L0 
802008d2 802008d2        0     1                 .L0 
802008d2 802008d2        0     1                 .L0 
802008da 802008da        0     1                 .L0 
802008e2 802008e2        0     1                 .L0 
802008e2 802008e2        0     1                 .L0 
80200900 80200900        0     1                 .L0 
80200904 80200904        0     1                 .L0 
8020090a 8020090a        0     1                 .L0 
8020090c 8020090c        0     1                 .L0 
80200912 80200912        0     1                 .L0 
80200912 80200912        0     1                 .L0 
8020091e 8020091e        0     1                 .L0 
80200920 80200920        0     1                 .L0 
80200928 80200928        0     1                 .L0 
80200928 80200928        0     1                 .L0 
80200936 80200936        0     1                 .L0 
80200942 80200942        0     1                 .L0 
80200942 80200942        0     1                 .L0 
80200944 80200944        0     1                 .L0 
80200944 80200944        0     1                 .L0 
80200946 80200946        0     1                 .L0 
80200946 80200946        0     1                 .L0 
80200948 80200948        0     1                 .L0 
80200948 80200948        0     1                 .L0 
80200954 80200954        0     1                 .L0 
80200956 80200956        0     1                 .L0 
8020095c 8020095c        0     1                 .L0 
8020095e 8020095e        0     1                 .L0 
80200964 80200964        0     1                 .L0 
80200964 80200964        0     1                 .L0 
80200972 80200972        0     1                 .L0 
80200974 80200974        0     1                 .L0 
8020097a 8020097a        0     1                 .L0 
80200980 80200980        0     1                 .L0 
80200980 80200980        0     1                 .L0 
80200984 80200984        0     1                 .L0 
80200988 80200988        0     1                 .L0 
80200990 80200990        0     1                 .L0 
80200994 80200994        0     1                 .L0 
802009a8 802009a8        0     1                 .L0 
802009ae 802009ae        0     1                 .L0 
802009ae 802009ae        0     1                 .L0 
802009b4 802009b4        0     1                 .L0 
802009b4 802009b4        0     1                 .L0 
802009b8 802009b8        0     1                 .L0 
802009bc 802009bc        0     1                 .L0 
802009c4 802009c4        0     1                 .L0 
802009c8 802009c8        0     1                 .L0 
802009cc 802009cc        0     1                 .L0 
802009ee 802009ee        0     1                 .L0 
802009f4 802009f4        0     1                 .L0 
80200a10 80200a10        0     1                 .L0 
80200a10 80200a10       60     2         /home/famous282/.rustup/toolchains/stable-x86_64-unknown-linux-gnu/lib/rustlib/riscv32imac-unknown-none-elf/lib/libcore-36e1cca942c0a58a.rlib(core-36e1cca942c0a58a.core.283c90c5601d86be-cgu.0.rcgu.o):(.text._ZN4core3fmt9Formatter12pad_integral12write_prefix17hdbc87ce8e6b3fdaaE)
80200a10 80200a10       60     1                 core::fmt::Formatter::pad_integral::write_prefix::hdbc87ce8e6b3fdaa
80200a10 80200a10        0     1                 .L0 
80200a10 80200a10        0     1                 .L0 
80200a10 80200a10        0     1                 $x
80200a10 80200a10        0     1                 .L0 
80200a2a 80200a2a        0     1                 .L0 
80200a2e 80200a2e        0     1                 .L0 
80200a3c 80200a3c        0     1                 .L0 
80200a3c 80200a3c        0     1                 .L0 
80200a3e 80200a3e        0     1                 .L0 
80200a40 80200a40        0     1                 .L0 
80200a42 80200a42        0     1                 .L0 
80200a46 80200a46        0     1                 .L0 
80200a70 80200a70        0     1                 .L0 
80200a70 80200a70      25e     2         /home/famous282/.rustup/toolchains/stable-x86_64-unknown-linux-gnu/lib/rustlib/riscv32imac-unknown-none-elf/lib/libcore-36e1cca942c0a58a.rlib(core-36e1cca942c0a58a.core.283c90c5601d86be-cgu.0.rcgu.o):(.text._ZN4core3fmt9Formatter12pad_integral17hf40683eda9f9fd38E)
80200a70 80200a70        0     1                 .L0 
80200a70 80200a70        0     1                 .L0 
80200a70 80200a70        0     1                 $x
80200a70 80200a70        0     1                 .L0 
80200a70 80200a70      25e     1                 core::fmt::Formatter::pad_integral::hf40683eda9f9fd38
80200a98 80200a98        0     1                 .L0 
80200a9a 80200a9a        0     1                 .L0 
80200a9a 80200a9a        0     1                 .L0 
80200aa8 80200aa8        0     1                 .L0 
80200aaa 80200aaa        0     1                 .L0 
80200ab4 80200ab4        0     1                 .L0 
80200abc 80200abc        0     1                 .L0 
80200abe 80200abe        0     1                 .L0 
80200abe 80200abe        0     1                 .L0 
80200ac2 80200ac2        0     1                 .L0 
80200ac4 80200ac4        0     1                 .L0 
80200ac4 80200ac4        0     1                 .L0 
80200ac8 80200ac8        0     1                 .L0 
80200ad4 80200ad4        0     1                 .L0 
80200adc 80200adc        0     1                 .L0 
80200ade 80200ade        0     1                 .L0 
80200ae2 80200ae2        0     1                 .L0 
80200ae2 80200ae2        0     1                 .L0 
80200ae8 80200ae8        0     1                 .L0 
80200aec 80200aec        0     1                 .L0 
80200af8 80200af8        0     1                 .L0 
80200afc 80200afc        0     1                 .L0 
80200b04 80200b04        0     1                 .L0 
80200b06 80200b06        0     1                 .L0 
80200b06 80200b06        0     1                 .L0 
80200b0e 80200b0e        0     1                 .L0 
80200b10 80200b10        0     1                 .L0 
80200b12 80200b12        0     1                 .L0 
80200b12 80200b12        0     1                 .L0 
80200b1e 80200b1e        0     1                 .L0 
80200b26 80200b26        0     1                 .L0 
80200b2c 80200b2c        0     1                 .L0 
80200b30 80200b30        0     1                 .L0 
80200b4a 80200b4a        0     1                 .L0 
80200b4a 80200b4a        0     1                 .L0 
80200b4e 80200b4e        0     1                 .L0 
80200b74 80200b74        0     1                 .L0 
80200b80 80200b80        0     1                 .L0 
80200b86 80200b86        0     1                 .L0 
80200b8c 80200b8c        0     1                 .L0 
80200ba4 80200ba4        0     1                 .L0 
80200bac 80200bac        0     1                 .L0 
80200bb2 80200bb2        0     1                 .L0 
80200bc8 80200bc8        0     1                 .L0 
80200bda 80200bda        0     1                 .L0 
80200bda 80200bda        0     1                 .L0 
80200be2 80200be2        0     1                 .L0 
80200be2 80200be2        0     1                 .L0 
80200be6 80200be6        0     1                 .L0 
80200be8 80200be8        0     1                 .L0 
80200bf0 80200bf0        0     1                 .L0 
80200bf0 80200bf0        0     1                 .L0 
80200bf4 80200bf4        0     1                 .L0 
80200bf8 80200bf8        0     1                 .L0 
80200bf8 80200bf8        0     1                 .L0 
80200bfc 80200bfc        0     1                 .L0 
80200bfc 80200bfc        0     1                 .L0 
80200c06 80200c06        0     1                 .L0 
80200c06 80200c06        0     1                 .L0 
80200c14 80200c14        0     1                 .L0 
80200c14 80200c14        0     1                 .L0 
80200c16 80200c16        0     1                 .L0 
80200c18 80200c18        0     1                 .L0 
80200c26 80200c26        0     1                 .L0 
80200c42 80200c42        0     1                 .L0 
80200c46 80200c46        0     1                 .L0 
80200c4a 80200c4a        0     1                 .L0 
80200c4a 80200c4a        0     1                 .L0 
80200c4e 80200c4e        0     1                 .L0 
80200c50 80200c50        0     1                 .L0 
80200c56 80200c56        0     1                 .L0 
80200c56 80200c56        0     1                 .L0 
80200c58 80200c58        0     1                 .L0 
80200c58 80200c58        0     1                 .L0 
80200c8e 80200c8e        0     1                 .L0 
80200c8e 80200c8e        0     1                 .L0 
80200c90 80200c90        0     1                 .L0 
80200c9e 80200c9e        0     1                 .L0 
80200c9e 80200c9e        0     1                 .L0 
80200ca0 80200ca0        0     1                 .L0 
80200cb2 80200cb2        0     1                 .L0 
80200cba 80200cba        0     1                 .L0 
80200cbe 80200cbe        0     1                 .L0 
80200cbe 80200cbe        0     1                 .L0 
80200cc2 80200cc2        0     1                 .L0 
80200cc4 80200cc4        0     1                 .L0 
80200cca 80200cca        0     1                 .L0 
80200cca 80200cca        0     1                 .L0 
80200cce 80200cce        0     1                 .L0 
80200cce 80200cce      1c2     2         /home/famous282/.rustup/toolchains/stable-x86_64-unknown-linux-gnu/lib/rustlib/riscv32imac-unknown-none-elf/lib/libcore-36e1cca942c0a58a.rlib(core-36e1cca942c0a58a.core.283c90c5601d86be-cgu.0.rcgu.o):(.text._ZN4core3fmt9Formatter3pad17h70209f2ecfa223ceE)
80200cce 80200cce        0     1                 .L0 
80200cce 80200cce        0     1                 .L0 
80200cce 80200cce        0     1                 $x
80200cce 80200cce        0     1                 .L0 
80200cce 80200cce      1c2     1                 core::fmt::Formatter::pad::h70209f2ecfa223ce
80200cec 80200cec        0     1                 .L0 
80200cf8 80200cf8        0     1                 .L0 
80200cf8 80200cf8        0     1                 .L0 
80200d00 80200d00        0     1                 .L0 
80200d00 80200d00        0     1                 .L0 
80200d02 80200d02        0     1                 .L0 
80200d02 80200d02        0     1                 .L0 
80200d06 80200d06        0     1                 .L0 
80200d08 80200d08        0     1                 .L0 
80200d08 80200d08        0     1                 .L0 
80200d0c 80200d0c        0     1                 .L0 
80200d18 80200d18        0     1                 .L0 
80200d20 80200d20        0     1                 .L0 
80200d22 80200d22        0     1                 .L0 
80200d26 80200d26        0     1                 .L0 
80200d26 80200d26        0     1                 .L0 
80200d2e 80200d2e        0     1                 .L0 
80200d34 80200d34        0     1                 .L0 
80200d3c 80200d3c        0     1                 .L0 
80200d40 80200d40        0     1                 .L0 
80200d40 80200d40        0     1                 .L0 
80200d46 80200d46        0     1                 .L0 
80200d46 80200d46        0     1                 .L0 
80200d48 80200d48        0     1                 .L0 
80200d4a 80200d4a        0     1                 .L0 
80200d4a 80200d4a        0     1                 .L0 
80200d4e 80200d4e        0     1                 .L0 
80200d4e 80200d4e        0     1                 .L0 
80200d52 80200d52        0     1                 .L0 
80200d66 80200d66        0     1                 .L0 
80200d6a 80200d6a        0     1                 .L0 
80200d6a 80200d6a        0     1                 .L0 
80200d6e 80200d6e        0     1                 .L0 
80200d70 80200d70        0     1                 .L0 
80200d76 80200d76        0     1                 .L0 
80200d76 80200d76        0     1                 .L0 
80200d78 80200d78        0     1                 .L0 
80200d78 80200d78        0     1                 .L0 
80200d7c 80200d7c        0     1                 .L0 
80200d80 80200d80        0     1                 .L0 
80200d84 80200d84        0     1                 .L0 
80200d88 80200d88        0     1                 .L0 
80200d8c 80200d8c        0     1                 .L0 
80200d90 80200d90        0     1                 .L0 
80200d90 80200d90        0     1                 .L0 
80200d96 80200d96        0     1                 .L0 
80200d9a 80200d9a        0     1                 .L0 
80200d9c 80200d9c        0     1                 .L0 
80200da0 80200da0        0     1                 .L0 
80200da2 80200da2        0     1                 .L0 
80200da2 80200da2        0     1                 .L0 
80200da4 80200da4        0     1                 .L0 
80200dac 80200dac        0     1                 .L0 
80200dd4 80200dd4        0     1                 .L0 
80200de4 80200de4        0     1                 .L0 
80200de4 80200de4        0     1                 .L0 
80200dee 80200dee        0     1                 .L0 
80200df0 80200df0        0     1                 .L0 
80200df0 80200df0        0     1                 .L0 
80200df4 80200df4        0     1                 .L0 
80200df4 80200df4        0     1                 .L0 
80200e12 80200e12        0     1                 .L0 
80200e16 80200e16        0     1                 .L0 
80200e1a 80200e1a        0     1                 .L0 
80200e1a 80200e1a        0     1                 .L0 
80200e1e 80200e1e        0     1                 .L0 
80200e20 80200e20        0     1                 .L0 
80200e26 80200e26        0     1                 .L0 
80200e26 80200e26        0     1                 .L0 
80200e2a 80200e2a        0     1                 .L0 
80200e2a 80200e2a        0     1                 .L0 
80200e36 80200e36        0     1                 .L0 
80200e36 80200e36        0     1                 .L0 
80200e38 80200e38        0     1                 .L0 
80200e5c 80200e5c        0     1                 .L0 
80200e66 80200e66        0     1                 .L0 
80200e74 80200e74        0     1                 .L0 
80200e74 80200e74        0     1                 .L0 
80200e80 80200e80        0     1                 .L0 
80200e80 80200e80        0     1                 .L0 
80200e84 80200e84        0     1                 .L0 
80200e86 80200e86        0     1                 .L0 
80200e86 80200e86        0     1                 .L0 
80200e90 80200e90        0     1                 .L0 
80200e90 80200e90      178     2         /home/famous282/.rustup/toolchains/stable-x86_64-unknown-linux-gnu/lib/rustlib/riscv32imac-unknown-none-elf/lib/libcore-36e1cca942c0a58a.rlib(core-36e1cca942c0a58a.core.283c90c5601d86be-cgu.0.rcgu.o):(.text._ZN4core3str5count14do_count_chars17h23251e7b20e60103E)
80200e90 80200e90        0     1                 .L0 
80200e90 80200e90        0     1                 .L0 
80200e90 80200e90        0     1                 $x
80200e90 80200e90        0     1                 .L0 
80200e90 80200e90      178     1                 core::str::count::do_count_chars::h23251e7b20e60103
80200e96 80200e96        0     1                 .L0 
80200e9e 80200e9e        0     1                 .L0 
80200ea2 80200ea2        0     1                 .L0 
80200ea2 80200ea2        0     1                 .L0 
80200ea4 80200ea4        0     1                 .L0 
80200ea4 80200ea4        0     1                 .L0 
80200ea6 80200ea6        0     1                 .L0 
80200eae 80200eae        0     1                 .L0 
80200eb6 80200eb6        0     1                 .L0 
80200eb8 80200eb8        0     1                 .L0 
80200ebc 80200ebc        0     1                 .L0 
80200ec2 80200ec2        0     1                 .L0 
80200ec6 80200ec6        0     1                 .L0 
80200eca 80200eca        0     1                 .L0 
80200eca 80200eca        0     1                 .L0 
80200ece 80200ece        0     1                 .L0 
80200ed6 80200ed6        0     1                 .L0 
80200ed6 80200ed6        0     1                 .L0 
80200eda 80200eda        0     1                 .L0 
80200ee0 80200ee0        0     1                 .L0 
80200ee8 80200ee8        0     1                 .L0 
80200eea 80200eea        0     1                 .L0 
80200eee 80200eee        0     1                 .L0 
80200ef0 80200ef0        0     1                 .L0 
80200ef0 80200ef0        0     1                 .L0 
80200ef2 80200ef2        0     1                 .L0 
80200f04 80200f04        0     1                 .L0 
80200f0c 80200f0c        0     1                 .L0 
80200f0e 80200f0e        0     1                 .L0 
80200f12 80200f12        0     1                 .L0 
80200f22 80200f22        0     1                 .L0 
80200f26 80200f26        0     1                 .L0 
80200f32 80200f32        0     1                 .L0 
80200f40 80200f40        0     1                 .L0 
80200f48 80200f48        0     1                 .L0 
80200f4c 80200f4c        0     1                 .L0 
80200f60 80200f60        0     1                 .L0 
80200f60 80200f60        0     1                 .L0 
80200f66 80200f66        0     1                 .L0 
80200f66 80200f66        0     1                 .L0 
80200f6c 80200f6c        0     1                 .L0 
80200f7c 80200f7c        0     1                 .L0 
80200faa 80200faa        0     1                 .L0 
80200fac 80200fac        0     1                 .L0 
80200fb8 80200fb8        0     1                 .L0 
80200fbc 80200fbc        0     1                 .L0 
80200fbe 80200fbe        0     1                 .L0 
80200fc6 80200fc6        0     1                 .L0 
80200fd0 80200fd0        0     1                 .L0 
80200fd6 80200fd6        0     1                 .L0 
80200fd8 80200fd8        0     1                 .L0 
80200fe6 80200fe6        0     1                 .L0 
80200fe8 80200fe8        0     1                 .L0 
80200fe8 80200fe8        0     1                 .L0 
80200fec 80200fec        0     1                 .L0 
80200fec 80200fec        0     1                 .L0 
80200ff8 80200ff8        0     1                 .L0 
80201008 80201008        0     1                 .L0 
80201008 80201008       1e     2         /home/famous282/.rustup/toolchains/stable-x86_64-unknown-linux-gnu/lib/rustlib/riscv32imac-unknown-none-elf/lib/libcore-36e1cca942c0a58a.rlib(core-36e1cca942c0a58a.core.283c90c5601d86be-cgu.0.rcgu.o):(.text.unlikely._ZN4core9panicking11panic_const24panic_const_add_overflow17h8d177bbb89cf278aE)
80201008 80201008        0     1                 .L0 
80201008 80201008        0     1                 .L0 
80201008 80201008        0     1                 $x
80201008 80201008        0     1                 .L0 
80201008 80201008       1e     1                 core::panicking::panic_const::panic_const_add_overflow::h8d177bbb89cf278a
80201026 80201026        0     1                 .L0 
80201026 80201026       1e     2         /home/famous282/.rustup/toolchains/stable-x86_64-unknown-linux-gnu/lib/rustlib/riscv32imac-unknown-none-elf/lib/libcore-36e1cca942c0a58a.rlib(core-36e1cca942c0a58a.core.283c90c5601d86be-cgu.0.rcgu.o):(.text.unlikely._ZN4core9panicking11panic_const24panic_const_sub_overflow17h6ef2b7d85abc4017E)
80201026 80201026        0     1                 .L0 
80201026 80201026        0     1                 .L0 
80201026 80201026        0     1                 $x
80201026 80201026        0     1                 .L0 
80201026 80201026       1e     1                 core::panicking::panic_const::panic_const_sub_overflow::h6ef2b7d85abc4017
80201044 80201044        0     1                 .L0 
80201044 80201044       3c     2         /home/famous282/.rustup/toolchains/stable-x86_64-unknown-linux-gnu/lib/rustlib/riscv32imac-unknown-none-elf/lib/libcore-36e1cca942c0a58a.rlib(core-36e1cca942c0a58a.core.283c90c5601d86be-cgu.0.rcgu.o):(.text.unlikely._ZN4core9panicking18panic_bounds_check17h6a2ad95339b34aceE)
80201044 80201044        0     1                 .L0 
80201044 80201044        0     1                 .L0 
80201044 80201044        0     1                 $x
80201044 80201044        0     1                 .L0 
80201044 80201044       3c     1                 core::panicking::panic_bounds_check::h6a2ad95339b34ace
80201080 80201080        0     1                 .L0 
80201080 80201080       30     2         /home/famous282/.rustup/toolchains/stable-x86_64-unknown-linux-gnu/lib/rustlib/riscv32imac-unknown-none-elf/lib/libcore-36e1cca942c0a58a.rlib(core-36e1cca942c0a58a.core.283c90c5601d86be-cgu.0.rcgu.o):(.text.unlikely._ZN4core9panicking18panic_nounwind_fmt17h55180109d2515dcfE)
80201080 80201080        0     1                 .L0 
80201080 80201080        0     1                 .L0 
80201080 80201080        0     1                 $x
80201080 80201080        0     1                 .L0 
80201080 80201080       30     1                 core::panicking::panic_nounwind_fmt::h55180109d2515dcf
80201094 80201094        0     1                 .L0 
802010b0 802010b0        0     1                 .L0 
802010b0 802010b0       2e     2         /home/famous282/.rustup/toolchains/stable-x86_64-unknown-linux-gnu/lib/rustlib/riscv32imac-unknown-none-elf/lib/libcore-36e1cca942c0a58a.rlib(core-36e1cca942c0a58a.core.283c90c5601d86be-cgu.0.rcgu.o):(.text.unlikely._ZN4core9panicking9panic_fmt17h2d50c466dfa5b6faE)
802010b0 802010b0        0     1                 .L0 
802010b0 802010b0        0     1                 .L0 
802010b0 802010b0        0     1                 $x
802010b0 802010b0        0     1                 .L0 
802010b0 802010b0       2e     1                 core::panicking::panic_fmt::h2d50c466dfa5b6fa
802010c6 802010c6        0     1                 .L0 
802010de 802010de        0     1                 .L0 
802010de 802010de       c6     2         /home/famous282/.rustup/toolchains/stable-x86_64-unknown-linux-gnu/lib/rustlib/riscv32imac-unknown-none-elf/lib/libcore-36e1cca942c0a58a.rlib(core-36e1cca942c0a58a.core.283c90c5601d86be-cgu.0.rcgu.o):(.text._ZN73_$LT$core..panic..panic_info..PanicInfo$u20$as$u20$core..fmt..Display$GT$3fmt17h7dfa1da8d6aafbacE)
802010de 802010de        0     1                 .L0 
802010de 802010de        0     1                 .L0 
802010de 802010de        0     1                 $x
802010de 802010de        0     1                 .L0 
802010de 802010de       c6     1                 _$LT$core..panic..panic_info..PanicInfo$u20$as$u20$core..fmt..Display$GT$::fmt::h7dfa1da8d6aafbac
802010f0 802010f0        0     1                 .L0 
8020110c 8020110c        0     1                 .L0 
8020110c 8020110c        0     1                 .L0 
8020110e 8020110e        0     1                 .L0 
80201116 80201116        0     1                 .L0 
80201126 80201126        0     1                 .L0 
8020112a 8020112a        0     1                 .L0 
80201140 80201140        0     1                 .L0 
80201148 80201148        0     1                 .L0 
80201150 80201150        0     1                 .L0 
80201168 80201168        0     1                 .L0 
80201168 80201168        0     1                 .L0 
8020116a 8020116a        0     1                 .L0 
8020116a 8020116a        0     1                 .L0 
80201178 80201178        0     1                 .L0 
80201178 80201178        0     1                 .L0 
8020117a 8020117a        0     1                 .L0 
80201182 80201182        0     1                 .L0 
802011a4 802011a4        0     1                 .L0 
802011a4 802011a4       6c     2         /home/famous282/.rustup/toolchains/stable-x86_64-unknown-linux-gnu/lib/rustlib/riscv32imac-unknown-none-elf/lib/libcompiler_builtins-5525e237063e5553.rlib(compiler_builtins-5525e237063e5553.compiler_builtins.8129c65e379068d4-cgu.193.rcgu.o):(.text.memset)
802011a4 802011a4        0     1                 .L0 
802011a4 802011a4        0     1                 .L0 
802011a4 802011a4        0     1                 $x
802011a4 802011a4        0     1                 .L0 
802011a4 802011a4       6c     1                 memset
802011a6 802011a6        0     1                 .L0 
802011a6 802011a6        0     1                 .L0 
802011aa 802011aa        0     1                 .L0 
802011aa 802011aa        0     1                 .L0 
802011b2 802011b2        0     1                 .L0 
802011b6 802011b6        0     1                 .L0 
802011ba 802011ba        0     1                 .L0 
802011c4 802011c4        0     1                 .L0 
802011c6 802011c6        0     1                 .L0 
802011c8 802011c8        0     1                 .L0 
802011d0 802011d0        0     1                 .L0 
802011d2 802011d2        0     1                 .L0 
802011d6 802011d6        0     1                 .L0 
802011e8 802011e8        0     1                 .L0 
802011ea 802011ea        0     1                 .L0 
802011ee 802011ee        0     1                 .L0 
802011f0 802011f0        0     1                 .L0 
802011f8 802011f8        0     1                 .L0 
802011fe 802011fe        0     1                 .L0 
802011fe 802011fe        0     1                 .L0 
80201202 80201202        0     1                 .L0 
80201206 80201206        0     1                 .L0 
80201210 80201210        0     1                 .L0 
80201210 80201210      593     4 .rodata
80201210 80201210      1db     1         <internal>:(.rodata.str1.1)
802013ec 802013ec       10     4         /home/famous282/1000linesOS/kernel/target/riscv32imac-unknown-none-elf/debug/deps/kernel-dfa3df23995ef8b4.24qdkavsqt2e6ckh6joba0u2j.1g4k02t.rcgu.o:(.rodata.anon.dafe0b063aafa2b693a83aad04a32060.2.llvm.6827238226404650821)
802013ec 802013ec        0     1                 $d
802013ec 802013ec       10     1                 anon.dafe0b063aafa2b693a83aad04a32060.2.llvm.6827238226404650821
802013fc 802013fc        d     1         /home/famous282/1000linesOS/kernel/target/riscv32imac-unknown-none-elf/debug/deps/kernel-dfa3df23995ef8b4.24qdkavsqt2e6ckh6joba0u2j.1g4k02t.rcgu.o:(.rodata.anon.dafe0b063aafa2b693a83aad04a32060.3.llvm.6827238226404650821)
802013fc 802013fc        0     1                 $d
802013fc 802013fc        d     1                 anon.dafe0b063aafa2b693a83aad04a32060.3.llvm.6827238226404650821
8020140c 8020140c       10     4         /home/famous282/1000linesOS/kernel/target/riscv32imac-unknown-none-elf/debug/deps/kernel-dfa3df23995ef8b4.24qdkavsqt2e6ckh6joba0u2j.1g4k02t.rcgu.o:(.rodata.anon.dafe0b063aafa2b693a83aad04a32060.4.llvm.6827238226404650821)
8020140c 8020140c        0     1                 $d
8020140c 8020140c       10     1                 anon.dafe0b063aafa2b693a83aad04a32060.4.llvm.6827238226404650821
8020141c 8020141c       16     1         /home/famous282/1000linesOS/kernel/target/riscv32imac-unknown-none-elf/debug/deps/kernel-dfa3df23995ef8b4.24qdkavsqt2e6ckh6joba0u2j.1g4k02t.rcgu.o:(.rodata..Lanon.dafe0b063aafa2b693a83aad04a32060.5)
8020141c 8020141c       16     1                 .Lanon.dafe0b063aafa2b693a83aad04a32060.5
8020141c 8020141c        0     1                 $d
80201432 80201432       16     1         /home/famous282/1000linesOS/kernel/target/riscv32imac-unknown-none-elf/debug/deps/kernel-dfa3df23995ef8b4.24qdkavsqt2e6ckh6joba0u2j.1g4k02t.rcgu.o:(.rodata..Lanon.dafe0b063aafa2b693a83aad04a32060.6)
80201432 80201432       16     1                 .Lanon.dafe0b063aafa2b693a83aad04a32060.6
80201432 80201432        0     1                 $d
80201448 80201448       10     4         /home/famous282/1000linesOS/kernel/target/riscv32imac-unknown-none-elf/debug/deps/kernel-dfa3df23995ef8b4.24qdkavsqt2e6ckh6joba0u2j.1g4k02t.rcgu.o:(.rodata..Lanon.dafe0b063aafa2b693a83aad04a32060.7)
80201448 80201448       10     1                 .Lanon.dafe0b063aafa2b693a83aad04a32060.7
80201448 80201448        0     1                 $d
80201458 80201458       18     4         /home/famous282/1000linesOS/kernel/target/riscv32imac-unknown-none-elf/debug/deps/kernel-dfa3df23995ef8b4.3lszhsxzyn1vde1rs4win02um.1g4k02t.rcgu.o:(.rodata.anon.3065e104e28d6a5facd9e62a3ecae246.0.llvm.6829158211990935668)
80201458 80201458        0     1                 $d
80201458 80201458       18     1                 anon.3065e104e28d6a5facd9e62a3ecae246.0.llvm.6829158211990935668
80201470 80201470       15     1         /home/famous282/1000linesOS/kernel/target/riscv32imac-unknown-none-elf/debug/deps/kernel-dfa3df23995ef8b4.63ptxjvpldbz03i077ow9897u.1g4k02t.rcgu.o:(.rodata.anon.bcd15ab2b2598e76cf511eefaa720ece.1.llvm.5462976515518120064)
80201470 80201470        0     1                 $d
80201470 80201470       15     1                 anon.bcd15ab2b2598e76cf511eefaa720ece.1.llvm.5462976515518120064
80201488 80201488       10     4         /home/famous282/1000linesOS/kernel/target/riscv32imac-unknown-none-elf/debug/deps/kernel-dfa3df23995ef8b4.63ptxjvpldbz03i077ow9897u.1g4k02t.rcgu.o:(.rodata.anon.bcd15ab2b2598e76cf511eefaa720ece.2.llvm.5462976515518120064)
80201488 80201488        0     1                 $d
80201488 80201488       10     1                 anon.bcd15ab2b2598e76cf511eefaa720ece.2.llvm.5462976515518120064
80201498 80201498       10     4         /home/famous282/1000linesOS/kernel/target/riscv32imac-unknown-none-elf/debug/deps/kernel-dfa3df23995ef8b4.63ptxjvpldbz03i077ow9897u.1g4k02t.rcgu.o:(.rodata.anon.bcd15ab2b2598e76cf511eefaa720ece.3.llvm.5462976515518120064)
80201498 80201498        0     1                 $d
80201498 80201498       10     1                 anon.bcd15ab2b2598e76cf511eefaa720ece.3.llvm.5462976515518120064
802014a8 802014a8        e     1         /home/famous282/1000linesOS/kernel/target/riscv32imac-unknown-none-elf/debug/deps/kernel-dfa3df23995ef8b4.aqtcxbzy89ozo9dgld6fn0q5h.1g4k02t.rcgu.o:(.rodata..Lanon.9e0d9a3b70bfecc7ede061ec6c9e287a.0)
802014a8 802014a8        e     1                 .Lanon.9e0d9a3b70bfecc7ede061ec6c9e287a.0
802014a8 802014a8        0     1                 $d
802014b8 802014b8       10     4         /home/famous282/1000linesOS/kernel/target/riscv32imac-unknown-none-elf/debug/deps/kernel-dfa3df23995ef8b4.b1wfjfrxrno1sga9zbdwiqldk.1g4k02t.rcgu.o:(.rodata.anon.ec365b032719ac4aafe4712422c74bb6.1.llvm.9581896732707436221)
802014b8 802014b8        0     1                 $d
802014b8 802014b8       10     1                 anon.ec365b032719ac4aafe4712422c74bb6.1.llvm.9581896732707436221
802014c8 802014c8       10     4         /home/famous282/1000linesOS/kernel/target/riscv32imac-unknown-none-elf/debug/deps/kernel-dfa3df23995ef8b4.b1wfjfrxrno1sga9zbdwiqldk.1g4k02t.rcgu.o:(.rodata.anon.ec365b032719ac4aafe4712422c74bb6.2.llvm.9581896732707436221)
802014c8 802014c8        0     1                 $d
802014c8 802014c8       10     1                 anon.ec365b032719ac4aafe4712422c74bb6.2.llvm.9581896732707436221
802014d8 802014d8       10     4         /home/famous282/1000linesOS/kernel/target/riscv32imac-unknown-none-elf/debug/deps/kernel-dfa3df23995ef8b4.b1wfjfrxrno1sga9zbdwiqldk.1g4k02t.rcgu.o:(.rodata.anon.ec365b032719ac4aafe4712422c74bb6.3.llvm.9581896732707436221)
802014d8 802014d8        0     1                 $d
802014d8 802014d8       10     1                 anon.ec365b032719ac4aafe4712422c74bb6.3.llvm.9581896732707436221
802014e8 802014e8       ae     1         /home/famous282/1000linesOS/kernel/target/riscv32imac-unknown-none-elf/debug/deps/kernel-dfa3df23995ef8b4.b1wfjfrxrno1sga9zbdwiqldk.1g4k02t.rcgu.o:(.rodata.anon.ec365b032719ac4aafe4712422c74bb6.4.llvm.9581896732707436221)
802014e8 802014e8        0     1                 $d
802014e8 802014e8       ae     1                 anon.ec365b032719ac4aafe4712422c74bb6.4.llvm.9581896732707436221
80201596 80201596       c7     1         /home/famous282/1000linesOS/kernel/target/riscv32imac-unknown-none-elf/debug/deps/kernel-dfa3df23995ef8b4.b1wfjfrxrno1sga9zbdwiqldk.1g4k02t.rcgu.o:(.rodata.anon.ec365b032719ac4aafe4712422c74bb6.5.llvm.9581896732707436221)
80201596 80201596        0     1                 $d
80201596 80201596       c7     1                 anon.ec365b032719ac4aafe4712422c74bb6.5.llvm.9581896732707436221
80201660 80201660       10     4         /home/famous282/1000linesOS/kernel/target/riscv32imac-unknown-none-elf/debug/deps/kernel-dfa3df23995ef8b4.b1wfjfrxrno1sga9zbdwiqldk.1g4k02t.rcgu.o:(.rodata.anon.ec365b032719ac4aafe4712422c74bb6.7.llvm.9581896732707436221)
80201660 80201660        0     1                 $d
80201660 80201660       10     1                 anon.ec365b032719ac4aafe4712422c74bb6.7.llvm.9581896732707436221
80201670 80201670       10     4         /home/famous282/1000linesOS/kernel/target/riscv32imac-unknown-none-elf/debug/deps/kernel-dfa3df23995ef8b4.bd4aykr3vnli855y8j4uib0hb.1g4k02t.rcgu.o:(.rodata..Lanon.44dbf0a5850731176117aaf5252d3610.2)
80201670 80201670       10     1                 .Lanon.44dbf0a5850731176117aaf5252d3610.2
80201670 80201670        0     1                 $d
80201680 80201680       c8     1         /home/famous282/.rustup/toolchains/stable-x86_64-unknown-linux-gnu/lib/rustlib/riscv32imac-unknown-none-elf/lib/libcore-36e1cca942c0a58a.rlib(core-36e1cca942c0a58a.core.283c90c5601d86be-cgu.0.rcgu.o):(.rodata..Lanon.c1b9f5fb5e0d403858e825deb85600fc.10)
80201680 80201680       c8     1                 .Lanon.c1b9f5fb5e0d403858e825deb85600fc.10
80201680 80201680        0     1                 $d
80201748 80201748       10     4         /home/famous282/.rustup/toolchains/stable-x86_64-unknown-linux-gnu/lib/rustlib/riscv32imac-unknown-none-elf/lib/libcore-36e1cca942c0a58a.rlib(core-36e1cca942c0a58a.core.283c90c5601d86be-cgu.0.rcgu.o):(.rodata..Lanon.c1b9f5fb5e0d403858e825deb85600fc.22)
80201748 80201748       10     1                 .Lanon.c1b9f5fb5e0d403858e825deb85600fc.22
80201748 80201748        0     1                 $d
80201758 80201758       1c     1         /home/famous282/.rustup/toolchains/stable-x86_64-unknown-linux-gnu/lib/rustlib/riscv32imac-unknown-none-elf/lib/libcore-36e1cca942c0a58a.rlib(core-36e1cca942c0a58a.core.283c90c5601d86be-cgu.0.rcgu.o):(.rodata..Lanon.c1b9f5fb5e0d403858e825deb85600fc.82)
80201758 80201758       1c     1                 .Lanon.c1b9f5fb5e0d403858e825deb85600fc.82
80201758 80201758        0     1                 $d
80201774 80201774       21     1         /home/famous282/.rustup/toolchains/stable-x86_64-unknown-linux-gnu/lib/rustlib/riscv32imac-unknown-none-elf/lib/libcore-36e1cca942c0a58a.rlib(core-36e1cca942c0a58a.core.283c90c5601d86be-cgu.0.rcgu.o):(.rodata..Lanon.c1b9f5fb5e0d403858e825deb85600fc.89)
80201774 80201774       21     1                 .Lanon.c1b9f5fb5e0d403858e825deb85600fc.89
80201774 80201774        0     1                 $d
80201795 80201795        c     1         /home/famous282/.rustup/toolchains/stable-x86_64-unknown-linux-gnu/lib/rustlib/riscv32imac-unknown-none-elf/lib/libcore-36e1cca942c0a58a.rlib(core-36e1cca942c0a58a.core.283c90c5601d86be-cgu.0.rcgu.o):(.rodata..Lanon.c1b9f5fb5e0d403858e825deb85600fc.401)
80201795 80201795        c     1                 .Lanon.c1b9f5fb5e0d403858e825deb85600fc.401
80201795 80201795        0     1                 $d
802017a1 802017a1        2     1         /home/famous282/.rustup/toolchains/stable-x86_64-unknown-linux-gnu/lib/rustlib/riscv32imac-unknown-none-elf/lib/libcore-36e1cca942c0a58a.rlib(core-36e1cca942c0a58a.core.283c90c5601d86be-cgu.0.rcgu.o):(.rodata..Lanon.c1b9f5fb5e0d403858e825deb85600fc.402)
802017a1 802017a1        2     1                 .Lanon.c1b9f5fb5e0d403858e825deb85600fc.402
802017a1 802017a1        0     1                 $d
802017a4 802017a4      324     4 .eh_frame
802017a4 802017a4       14     1         /home/famous282/.rustup/toolchains/stable-x86_64-unknown-linux-gnu/lib/rustlib/riscv32imac-unknown-none-elf/lib/libcore-36e1cca942c0a58a.rlib(core-36e1cca942c0a58a.core.283c90c5601d86be-cgu.0.rcgu.o):(.eh_frame+0x0)
802017b8 802017b8       14     1         /home/famous282/.rustup/toolchains/stable-x86_64-unknown-linux-gnu/lib/rustlib/riscv32imac-unknown-none-elf/lib/libcore-36e1cca942c0a58a.rlib(core-36e1cca942c0a58a.core.283c90c5601d86be-cgu.0.rcgu.o):(.eh_frame+0x378)
802017cc 802017cc       44     1         /home/famous282/.rustup/toolchains/stable-x86_64-unknown-linux-gnu/lib/rustlib/riscv32imac-unknown-none-elf/lib/libcore-36e1cca942c0a58a.rlib(core-36e1cca942c0a58a.core.283c90c5601d86be-cgu.0.rcgu.o):(.eh_frame+0x784)
80201810 80201810       30     1         /home/famous282/.rustup/toolchains/stable-x86_64-unknown-linux-gnu/lib/rustlib/riscv32imac-unknown-none-elf/lib/libcore-36e1cca942c0a58a.rlib(core-36e1cca942c0a58a.core.283c90c5601d86be-cgu.0.rcgu.o):(.eh_frame+0x9e0)
80201840 80201840       60     1         /home/famous282/.rustup/toolchains/stable-x86_64-unknown-linux-gnu/lib/rustlib/riscv32imac-unknown-none-elf/lib/libcore-36e1cca942c0a58a.rlib(core-36e1cca942c0a58a.core.283c90c5601d86be-cgu.0.rcgu.o):(.eh_frame+0x1b14)
802018a0 802018a0       ac     1         /home/famous282/.rustup/toolchains/stable-x86_64-unknown-linux-gnu/lib/rustlib/riscv32imac-unknown-none-elf/lib/libcore-36e1cca942c0a58a.rlib(core-36e1cca942c0a58a.core.283c90c5601d86be-cgu.0.rcgu.o):(.eh_frame+0x1fb8)
8020194c 8020194c       64     1         /home/famous282/.rustup/toolchains/stable-x86_64-unknown-linux-gnu/lib/rustlib/riscv32imac-unknown-none-elf/lib/libcore-36e1cca942c0a58a.rlib(core-36e1cca942c0a58a.core.283c90c5601d86be-cgu.0.rcgu.o):(.eh_frame+0x2460)
802019b0 802019b0       28     1         /home/famous282/.rustup/toolchains/stable-x86_64-unknown-linux-gnu/lib/rustlib/riscv32imac-unknown-none-elf/lib/libcore-36e1cca942c0a58a.rlib(core-36e1cca942c0a58a.core.283c90c5601d86be-cgu.0.rcgu.o):(.eh_frame+0x36b8)
802019d8 802019d8       20     1         /home/famous282/.rustup/toolchains/stable-x86_64-unknown-linux-gnu/lib/rustlib/riscv32imac-unknown-none-elf/lib/libcore-36e1cca942c0a58a.rlib(core-36e1cca942c0a58a.core.283c90c5601d86be-cgu.0.rcgu.o):(.eh_frame+0x3bf8)
802019f8 802019f8       20     1         /home/famous282/.rustup/toolchains/stable-x86_64-unknown-linux-gnu/lib/rustlib/riscv32imac-unknown-none-elf/lib/libcore-36e1cca942c0a58a.rlib(core-36e1cca942c0a58a.core.283c90c5601d86be-cgu.0.rcgu.o):(.eh_frame+0x3cd8)
80201a18 80201a18       40     1         /home/famous282/.rustup/toolchains/stable-x86_64-unknown-linux-gnu/lib/rustlib/riscv32imac-unknown-none-elf/lib/libcore-36e1cca942c0a58a.rlib(core-36e1cca942c0a58a.core.283c90c5601d86be-cgu.0.rcgu.o):(.eh_frame+0x3f18)
80201a58 80201a58       20     1         /home/famous282/.rustup/toolchains/stable-x86_64-unknown-linux-gnu/lib/rustlib/riscv32imac-unknown-none-elf/lib/libcore-36e1cca942c0a58a.rlib(core-36e1cca942c0a58a.core.283c90c5601d86be-cgu.0.rcgu.o):(.eh_frame+0x4038)
80201a78 80201a78       38     1         /home/famous282/.rustup/toolchains/stable-x86_64-unknown-linux-gnu/lib/rustlib/riscv32imac-unknown-none-elf/lib/libcore-36e1cca942c0a58a.rlib(core-36e1cca942c0a58a.core.283c90c5601d86be-cgu.0.rcgu.o):(.eh_frame+0x4ec8)
80201ab0 80201ab0       14     1         /home/famous282/.rustup/toolchains/stable-x86_64-unknown-linux-gnu/lib/rustlib/riscv32imac-unknown-none-elf/lib/libcompiler_builtins-5525e237063e5553.rlib(compiler_builtins-5525e237063e5553.compiler_builtins.8129c65e379068d4-cgu.193.rcgu.o):(.eh_frame+0x14)
80201ac8 80201ac8        8     4 .data
80201ac8 80201ac8        8     4         /home/famous282/1000linesOS/kernel/target/riscv32imac-unknown-none-elf/debug/deps/kernel-dfa3df23995ef8b4.24qdkavsqt2e6ckh6joba0u2j.1g4k02t.rcgu.o:(.data..L_MergedGlobals)
80201ac8 80201ac8        8     1                 .L_MergedGlobals
80201ac8 80201ac8        0     1                 $d
80201ac8 80201ac8        4     1                 kernel::kernel::PROC_A::h565e8766714051b9
80201acc 80201acc        4     1                 kernel::kernel::PROC_B::h56a18d90eaad530c
80201ad0 80201ad0       cc     4 .bss
80201ad0 80201ad0        0     1         __bss = .
80201ad0 80201ad0        4     4         /home/famous282/1000linesOS/kernel/target/riscv32imac-unknown-none-elf/debug/deps/kernel-dfa3df23995ef8b4.24qdkavsqt2e6ckh6joba0u2j.1g4k02t.rcgu.o:(.bss._ZN6kernel6kernel10NEXT_PADDR17he2deb472b50ca120E.0.llvm.6827238226404650821)
80201ad0 80201ad0        0     1                 $d
80201ad0 80201ad0        4     1                 kernel::kernel::NEXT_PADDR::he2deb472b50ca120 (.0.llvm.6827238226404650821)
80201ad4 80201ad4       14     4         /home/famous282/1000linesOS/kernel/target/riscv32imac-unknown-none-elf/debug/deps/kernel-dfa3df23995ef8b4.24qdkavsqt2e6ckh6joba0u2j.1g4k02t.rcgu.o:(.bss._ZN6kernel6kernel6PROC_A27_$u7b$$u7b$nested$u7d$$u7d$17h17ba4df5dc72d107E)
80201ad4 80201ad4       14     1                 kernel::kernel::PROC_A::_$u7b$$u7b$nested$u7d$$u7d$::h17ba4df5dc72d107
80201ad4 80201ad4        0     1                 $d
80201ae8 80201ae8       14     4         /home/famous282/1000linesOS/kernel/target/riscv32imac-unknown-none-elf/debug/deps/kernel-dfa3df23995ef8b4.24qdkavsqt2e6ckh6joba0u2j.1g4k02t.rcgu.o:(.bss._ZN6kernel6kernel6PROC_B27_$u7b$$u7b$nested$u7d$$u7d$17hd667c654923f7770E)
80201ae8 80201ae8       14     1                 kernel::kernel::PROC_B::_$u7b$$u7b$nested$u7d$$u7d$::hd667c654923f7770
80201ae8 80201ae8        0     1                 $d
80201afc 80201afc       a0     4         /home/famous282/1000linesOS/kernel/target/riscv32imac-unknown-none-elf/debug/deps/kernel-dfa3df23995ef8b4.63ptxjvpldbz03i077ow9897u.1g4k02t.rcgu.o:(.bss._ZN6kernel7process5PROCS17he71177911dd5df9cE.llvm.5462976515518120064)
80201afc 80201afc        0     1                 $d
80201afc 80201afc       a0     1                 kernel::process::PROCS::he71177911dd5df9c (.llvm.5462976515518120064)
80201b9c 80201b9c        0     1         __bss_end = .
80201b9c 80201b9c        0     1 . = ALIGN(4)
80201b9c 80201b9c    20000     1 . += 128 * 1024
80221b9c 80221b9c        0     1 __stack_top = .
80221b9c 80221b9c      464     1 . = ALIGN(4096)
80222000 80222000        0     1 __free_ram = .
80222000 80222000  4000000     1 . += 64 * 1024 * 1024
84222000 84222000        0     1 __free_ram_end = .
       0        0      ef6     1 .debug_loc
       0        0      45f     1         /home/famous282/1000linesOS/kernel/target/riscv32imac-unknown-none-elf/debug/deps/kernel-dfa3df23995ef8b4.24qdkavsqt2e6ckh6joba0u2j.1g4k02t.rcgu.o:(.debug_loc)
       0        0        0     1                 .L0 
       0        0        0     1                 $d
      31       31        0     1                 .L0 
      62       62        0     1                 .L0 
      88       88        0     1                 .L0 
      ae       ae        0     1                 .L0 
      c9       c9        0     1                 .L0 
      ea       ea        0     1                 .L0 
     12e      12e        0     1                 .L0 
     172      172        0     1                 .L0 
     1b3      1b3        0     1                 .L0 
     1db      1db        0     1                 .L0 
     1f6      1f6        0     1                 .L0 
     22f      22f        0     1                 .L0 
     273      273        0     1                 .L0 
     2b7      2b7        0     1                 .L0 
     2f8      2f8        0     1                 .L0 
     320      320        0     1                 .L0 
     33b      33b        0     1                 .L0 
     374      374        0     1                 .L0 
     38f      38f        0     1                 .L0 
     3b5      3b5        0     1                 .L0 
     3d0      3d0        0     1                 .L0 
     40e      40e        0     1                 .L0 
     429      429        0     1                 .L0 
     444      444        0     1                 .L0 
     45f      45f      29a     1         /home/famous282/1000linesOS/kernel/target/riscv32imac-unknown-none-elf/debug/deps/kernel-dfa3df23995ef8b4.3lszhsxzyn1vde1rs4win02um.1g4k02t.rcgu.o:(.debug_loc)
     45f      45f        0     1                 .L0 
     45f      45f        0     1                 $d
     47a      47a        0     1                 .L0 
     4ab      4ab        0     1                 .L0 
     4dc      4dc        0     1                 .L0 
     4ff      4ff        0     1                 .L0 
     530      530        0     1                 .L0 
     561      561        0     1                 .L0 
     584      584        0     1                 .L0 
     5a0      5a0        0     1                 .L0 
     5d1      5d1        0     1                 .L0 
     5fb      5fb        0     1                 .L0 
     617      617        0     1                 .L0 
     648      648        0     1                 .L0 
     663      663        0     1                 .L0 
     67e      67e        0     1                 .L0 
     699      699        0     1                 .L0 
     6d9      6d9        0     1                 .L0 
     6f9      6f9       13     1         /home/famous282/1000linesOS/kernel/target/riscv32imac-unknown-none-elf/debug/deps/kernel-dfa3df23995ef8b4.4ftrnxq5k2ijxu6ko4fxfrcj8.1g4k02t.rcgu.o:(.debug_loc)
     6f9      6f9        0     1                 .L0 
     6f9      6f9        0     1                 $d
     70c      70c      2f7     1         /home/famous282/1000linesOS/kernel/target/riscv32imac-unknown-none-elf/debug/deps/kernel-dfa3df23995ef8b4.63ptxjvpldbz03i077ow9897u.1g4k02t.rcgu.o:(.debug_loc)
     70c      70c        0     1                 .L0 
     70c      70c        0     1                 $d
     735      735        0     1                 .L0 
     827      827        0     1                 .L0 
     8d7      8d7        0     1                 .L0 
     8f5      8f5        0     1                 .L0 
     91e      91e        0     1                 .L0 
     93e      93e        0     1                 .L0 
     95c      95c        0     1                 .L0 
     97a      97a        0     1                 .L0 
     9a8      9a8        0     1                 .L0 
     9bb      9bb        0     1                 .L0 
     9d9      9d9        0     1                 .L0 
     a03      a03      101     1         /home/famous282/1000linesOS/kernel/target/riscv32imac-unknown-none-elf/debug/deps/kernel-dfa3df23995ef8b4.aqtcxbzy89ozo9dgld6fn0q5h.1g4k02t.rcgu.o:(.debug_loc)
     a03      a03        0     1                 .L0 
     a03      a03        0     1                 $d
     a3c      a3c        0     1                 .L0 
     a75      a75        0     1                 .L0 
     aae      aae        0     1                 .L0 
     ad9      ad9        0     1                 .L0 
     b04      b04      3bc     1         /home/famous282/1000linesOS/kernel/target/riscv32imac-unknown-none-elf/debug/deps/kernel-dfa3df23995ef8b4.b1wfjfrxrno1sga9zbdwiqldk.1g4k02t.rcgu.o:(.debug_loc)
     b04      b04        0     1                 .L0 
     b04      b04        0     1                 $d
     b4b      b4b        0     1                 .L0 
     b66      b66        0     1                 .L0 
     b96      b96        0     1                 .L0 
     c8e      c8e        0     1                 .L0 
     cb4      cb4        0     1                 .L0 
     ce5      ce5        0     1                 .L0 
     d0b      d0b        0     1                 .L0 
     d26      d26        0     1                 .L0 
     d41      d41        0     1                 .L0 
     d5c      d5c        0     1                 .L0 
     d8d      d8d        0     1                 .L0 
     dcd      dcd        0     1                 .L0 
     df3      df3        0     1                 .L0 
     e19      e19        0     1                 .L0 
     e3f      e3f        0     1                 .L0 
     e65      e65        0     1                 .L0 
     e8b      e8b        0     1                 .L0 
     ec0      ec0       36     1         /home/famous282/1000linesOS/kernel/target/riscv32imac-unknown-none-elf/debug/deps/kernel-dfa3df23995ef8b4.bd4aykr3vnli855y8j4uib0hb.1g4k02t.rcgu.o:(.debug_loc)
     ec0      ec0        0     1                 .L0 
     ec0      ec0        0     1                 $d
     edb      edb        0     1                 .L0 
       0        0     22ee     1 .debug_abbrev
       0        0      2f8     1         /home/famous282/1000linesOS/kernel/target/riscv32imac-unknown-none-elf/debug/deps/kernel-dfa3df23995ef8b4.24qdkavsqt2e6ckh6joba0u2j.1g4k02t.rcgu.o:(.debug_abbrev)
       0        0        0     1                 $d
     2f8      2f8      1f2     1         /home/famous282/1000linesOS/kernel/target/riscv32imac-unknown-none-elf/debug/deps/kernel-dfa3df23995ef8b4.3lszhsxzyn1vde1rs4win02um.1g4k02t.rcgu.o:(.debug_abbrev)
     2f8      2f8        0     1                 $d
     4ea      4ea      114     1         /home/famous282/1000linesOS/kernel/target/riscv32imac-unknown-none-elf/debug/deps/kernel-dfa3df23995ef8b4.4ftrnxq5k2ijxu6ko4fxfrcj8.1g4k02t.rcgu.o:(.debug_abbrev)
     4ea      4ea        0     1                 $d
     5fe      5fe      2c5     1         /home/famous282/1000linesOS/kernel/target/riscv32imac-unknown-none-elf/debug/deps/kernel-dfa3df23995ef8b4.63ptxjvpldbz03i077ow9897u.1g4k02t.rcgu.o:(.debug_abbrev)
     5fe      5fe        0     1                 $d
     8c3      8c3      1e3     1         /home/famous282/1000linesOS/kernel/target/riscv32imac-unknown-none-elf/debug/deps/kernel-dfa3df23995ef8b4.aqtcxbzy89ozo9dgld6fn0q5h.1g4k02t.rcgu.o:(.debug_abbrev)
     8c3      8c3        0     1                 $d
     aa6      aa6      284     1         /home/famous282/1000linesOS/kernel/target/riscv32imac-unknown-none-elf/debug/deps/kernel-dfa3df23995ef8b4.b1wfjfrxrno1sga9zbdwiqldk.1g4k02t.rcgu.o:(.debug_abbrev)
     aa6      aa6        0     1                 $d
     d2a      d2a      12b     1         /home/famous282/1000linesOS/kernel/target/riscv32imac-unknown-none-elf/debug/deps/kernel-dfa3df23995ef8b4.bd4aykr3vnli855y8j4uib0hb.1g4k02t.rcgu.o:(.debug_abbrev)
     d2a      d2a        0     1                 $d
     e55      e55      321     1         /home/famous282/.rustup/toolchains/stable-x86_64-unknown-linux-gnu/lib/rustlib/riscv32imac-unknown-none-elf/lib/libcore-36e1cca942c0a58a.rlib(core-36e1cca942c0a58a.core.283c90c5601d86be-cgu.0.rcgu.o):(.debug_abbrev)
     e55      e55        0     1                 $d
    1176     1176       5b     1         /home/famous282/.rustup/toolchains/stable-x86_64-unknown-linux-gnu/lib/rustlib/riscv32imac-unknown-none-elf/lib/libcompiler_builtins-5525e237063e5553.rlib(compiler_builtins-5525e237063e5553.compiler_builtins.8129c65e379068d4-cgu.107.rcgu.o):(.debug_abbrev)
    1176     1176        0     1                 $d
    11d1     11d1       5f     1         /home/famous282/.rustup/toolchains/stable-x86_64-unknown-linux-gnu/lib/rustlib/riscv32imac-unknown-none-elf/lib/libcompiler_builtins-5525e237063e5553.rlib(compiler_builtins-5525e237063e5553.compiler_builtins.8129c65e379068d4-cgu.163.rcgu.o):(.debug_abbrev)
    11d1     11d1        0     1                 $d
    1230     1230       a8     1         /home/famous282/.rustup/toolchains/stable-x86_64-unknown-linux-gnu/lib/rustlib/riscv32imac-unknown-none-elf/lib/libcompiler_builtins-5525e237063e5553.rlib(compiler_builtins-5525e237063e5553.compiler_builtins.8129c65e379068d4-cgu.017.rcgu.o):(.debug_abbrev)
    1230     1230        0     1                 $d
    12d8     12d8       aa     1         /home/famous282/.rustup/toolchains/stable-x86_64-unknown-linux-gnu/lib/rustlib/riscv32imac-unknown-none-elf/lib/libcompiler_builtins-5525e237063e5553.rlib(compiler_builtins-5525e237063e5553.compiler_builtins.8129c65e379068d4-cgu.173.rcgu.o):(.debug_abbrev)
    12d8     12d8        0     1                 $d
    1382     1382       2e     1         /home/famous282/.rustup/toolchains/stable-x86_64-unknown-linux-gnu/lib/rustlib/riscv32imac-unknown-none-elf/lib/libcompiler_builtins-5525e237063e5553.rlib(compiler_builtins-5525e237063e5553.compiler_builtins.8129c65e379068d4-cgu.177.rcgu.o):(.debug_abbrev)
    1382     1382        0     1                 $d
    13b0     13b0      134     1         /home/famous282/.rustup/toolchains/stable-x86_64-unknown-linux-gnu/lib/rustlib/riscv32imac-unknown-none-elf/lib/libcompiler_builtins-5525e237063e5553.rlib(compiler_builtins-5525e237063e5553.compiler_builtins.8129c65e379068d4-cgu.003.rcgu.o):(.debug_abbrev)
    13b0     13b0        0     1                 $d
    14e4     14e4      181     1         /home/famous282/.rustup/toolchains/stable-x86_64-unknown-linux-gnu/lib/rustlib/riscv32imac-unknown-none-elf/lib/libcompiler_builtins-5525e237063e5553.rlib(compiler_builtins-5525e237063e5553.compiler_builtins.8129c65e379068d4-cgu.019.rcgu.o):(.debug_abbrev)
    14e4     14e4        0     1                 $d
    1665     1665       b9     1         /home/famous282/.rustup/toolchains/stable-x86_64-unknown-linux-gnu/lib/rustlib/riscv32imac-unknown-none-elf/lib/libcompiler_builtins-5525e237063e5553.rlib(compiler_builtins-5525e237063e5553.compiler_builtins.8129c65e379068d4-cgu.178.rcgu.o):(.debug_abbrev)
    1665     1665        0     1                 $d
    171e     171e       5f     1         /home/famous282/.rustup/toolchains/stable-x86_64-unknown-linux-gnu/lib/rustlib/riscv32imac-unknown-none-elf/lib/libcompiler_builtins-5525e237063e5553.rlib(compiler_builtins-5525e237063e5553.compiler_builtins.8129c65e379068d4-cgu.184.rcgu.o):(.debug_abbrev)
    171e     171e        0     1                 $d
    177d     177d       2e     1         /home/famous282/.rustup/toolchains/stable-x86_64-unknown-linux-gnu/lib/rustlib/riscv32imac-unknown-none-elf/lib/libcompiler_builtins-5525e237063e5553.rlib(compiler_builtins-5525e237063e5553.compiler_builtins.8129c65e379068d4-cgu.192.rcgu.o):(.debug_abbrev)
    177d     177d        0     1                 $d
    17ab     17ab      14e     1         /home/famous282/.rustup/toolchains/stable-x86_64-unknown-linux-gnu/lib/rustlib/riscv32imac-unknown-none-elf/lib/libcompiler_builtins-5525e237063e5553.rlib(compiler_builtins-5525e237063e5553.compiler_builtins.8129c65e379068d4-cgu.000.rcgu.o):(.debug_abbrev)
    17ab     17ab        0     1                 $d
    18f9     18f9       e9     1         /home/famous282/.rustup/toolchains/stable-x86_64-unknown-linux-gnu/lib/rustlib/riscv32imac-unknown-none-elf/lib/libcompiler_builtins-5525e237063e5553.rlib(compiler_builtins-5525e237063e5553.compiler_builtins.8129c65e379068d4-cgu.193.rcgu.o):(.debug_abbrev)
    18f9     18f9        0     1                 $d
    19e2     19e2       ca     1         /home/famous282/.rustup/toolchains/stable-x86_64-unknown-linux-gnu/lib/rustlib/riscv32imac-unknown-none-elf/lib/libcompiler_builtins-5525e237063e5553.rlib(compiler_builtins-5525e237063e5553.compiler_builtins.8129c65e379068d4-cgu.205.rcgu.o):(.debug_abbrev)
    19e2     19e2        0     1                 $d
    1aac     1aac       aa     1         /home/famous282/.rustup/toolchains/stable-x86_64-unknown-linux-gnu/lib/rustlib/riscv32imac-unknown-none-elf/lib/libcompiler_builtins-5525e237063e5553.rlib(compiler_builtins-5525e237063e5553.compiler_builtins.8129c65e379068d4-cgu.221.rcgu.o):(.debug_abbrev)
    1aac     1aac        0     1                 $d
    1b56     1b56       5f     1         /home/famous282/.rustup/toolchains/stable-x86_64-unknown-linux-gnu/lib/rustlib/riscv32imac-unknown-none-elf/lib/libcompiler_builtins-5525e237063e5553.rlib(compiler_builtins-5525e237063e5553.compiler_builtins.8129c65e379068d4-cgu.247.rcgu.o):(.debug_abbrev)
    1b56     1b56        0     1                 $d
    1bb5     1bb5       e0     1         /home/famous282/.rustup/toolchains/stable-x86_64-unknown-linux-gnu/lib/rustlib/riscv32imac-unknown-none-elf/lib/libcompiler_builtins-5525e237063e5553.rlib(compiler_builtins-5525e237063e5553.compiler_builtins.8129c65e379068d4-cgu.248.rcgu.o):(.debug_abbrev)
    1bb5     1bb5        0     1                 $d
    1c95     1c95       cf     1         /home/famous282/.rustup/toolchains/stable-x86_64-unknown-linux-gnu/lib/rustlib/riscv32imac-unknown-none-elf/lib/libcompiler_builtins-5525e237063e5553.rlib(compiler_builtins-5525e237063e5553.compiler_builtins.8129c65e379068d4-cgu.249.rcgu.o):(.debug_abbrev)
    1c95     1c95        0     1                 $d
    1d64     1d64       5f     1         /home/famous282/.rustup/toolchains/stable-x86_64-unknown-linux-gnu/lib/rustlib/riscv32imac-unknown-none-elf/lib/libcompiler_builtins-5525e237063e5553.rlib(compiler_builtins-5525e237063e5553.compiler_builtins.8129c65e379068d4-cgu.256.rcgu.o):(.debug_abbrev)
    1d64     1d64        0     1                 $d
    1dc3     1dc3       2e     1         /home/famous282/.rustup/toolchains/stable-x86_64-unknown-linux-gnu/lib/rustlib/riscv32imac-unknown-none-elf/lib/libcompiler_builtins-5525e237063e5553.rlib(compiler_builtins-5525e237063e5553.compiler_builtins.8129c65e379068d4-cgu.264.rcgu.o):(.debug_abbrev)
    1dc3     1dc3        0     1                 $d
[...]
    d068     d068        0     1                 .L0 
    d068     d068        0     1                 $d
    d088     d088       20     1         /home/famous282/.rustup/toolchains/stable-x86_64-unknown-linux-gnu/lib/rustlib/riscv32imac-unknown-none-elf/lib/libcompiler_builtins-5525e237063e5553.rlib(compiler_builtins-5525e237063e5553.compiler_builtins.8129c65e379068d4-cgu.328.rcgu.o):(.debug_ranges)
    d088     d088        0     1                 .L0 
    d088     d088        0     1                 $d
    d0a8     d0a8       d8     1         /home/famous282/.rustup/toolchains/stable-x86_64-unknown-linux-gnu/lib/rustlib/riscv32imac-unknown-none-elf/lib/libcompiler_builtins-5525e237063e5553.rlib(compiler_builtins-5525e237063e5553.compiler_builtins.8129c65e379068d4-cgu.330.rcgu.o):(.debug_ranges)
    d0a8     d0a8        0     1                 .L0 
    d0a8     d0a8        0     1                 $d
    d0e8     d0e8        0     1                 .L0 
    d128     d128        0     1                 .L0 
    d168     d168        0     1                 .L0 
       0        0    4312e     1 .debug_str
       0        0    4312e     1         <internal>:(.debug_str)
       0        0       8b     1 .comment
       0        0       8b     1         <internal>:(.comment)
       0        0       4e     1 .riscv.attributes
       0        0       4e     1         <internal>:(.riscv.attributes)
       0        0      1e0     4 .debug_frame
       0        0       84     4         /home/famous282/1000linesOS/kernel/target/riscv32imac-unknown-none-elf/debug/deps/kernel-dfa3df23995ef8b4.24qdkavsqt2e6ckh6joba0u2j.1g4k02t.rcgu.o:(.debug_frame)
       0        0        0     1                 .L0 
       0        0        0     1                 $d
      84       84       40     4         /home/famous282/1000linesOS/kernel/target/riscv32imac-unknown-none-elf/debug/deps/kernel-dfa3df23995ef8b4.3lszhsxzyn1vde1rs4win02um.1g4k02t.rcgu.o:(.debug_frame)
      84       84        0     1                 .L0 
      84       84        0     1                 $d
      c4       c4       24     4         /home/famous282/1000linesOS/kernel/target/riscv32imac-unknown-none-elf/debug/deps/kernel-dfa3df23995ef8b4.4ftrnxq5k2ijxu6ko4fxfrcj8.1g4k02t.rcgu.o:(.debug_frame)
      c4       c4        0     1                 .L0 
      c4       c4        0     1                 $d
      e8       e8       3c     4         /home/famous282/1000linesOS/kernel/target/riscv32imac-unknown-none-elf/debug/deps/kernel-dfa3df23995ef8b4.63ptxjvpldbz03i077ow9897u.1g4k02t.rcgu.o:(.debug_frame)
      e8       e8        0     1                 .L0 
      e8       e8        0     1                 $d
     124      124       2c     4         /home/famous282/1000linesOS/kernel/target/riscv32imac-unknown-none-elf/debug/deps/kernel-dfa3df23995ef8b4.aqtcxbzy89ozo9dgld6fn0q5h.1g4k02t.rcgu.o:(.debug_frame)
     124      124        0     1                 .L0 
     124      124        0     1                 $d
     150      150       58     4         /home/famous282/1000linesOS/kernel/target/riscv32imac-unknown-none-elf/debug/deps/kernel-dfa3df23995ef8b4.b1wfjfrxrno1sga9zbdwiqldk.1g4k02t.rcgu.o:(.debug_frame)
     150      150        0     1                 .L0 
     150      150        0     1                 $d
     1a8      1a8       38     4         /home/famous282/1000linesOS/kernel/target/riscv32imac-unknown-none-elf/debug/deps/kernel-dfa3df23995ef8b4.bd4aykr3vnli855y8j4uib0hb.1g4k02t.rcgu.o:(.debug_frame)
     1a8      1a8        0     1                 .L0 
     1a8      1a8        0     1                 $d
       0        0    2365a     1 .debug_line
       0        0      482     1         /home/famous282/1000linesOS/kernel/target/riscv32imac-unknown-none-elf/debug/deps/kernel-dfa3df23995ef8b4.24qdkavsqt2e6ckh6joba0u2j.1g4k02t.rcgu.o:(.debug_line)
       0        0        0     1                 .Lline_table_start0
       0        0        0     1                 $d
     3c0      3c0        0     1                 .Lline_table_start1
     455      455        0     1                 .Lline_table_start2
     482      482      1d6     1         /home/famous282/1000linesOS/kernel/target/riscv32imac-unknown-none-elf/debug/deps/kernel-dfa3df23995ef8b4.3lszhsxzyn1vde1rs4win02um.1g4k02t.rcgu.o:(.debug_line)
     482      482        0     1                 .Lline_table_start0
     482      482        0     1                 $d
     658      658       ac     1         /home/famous282/1000linesOS/kernel/target/riscv32imac-unknown-none-elf/debug/deps/kernel-dfa3df23995ef8b4.4ftrnxq5k2ijxu6ko4fxfrcj8.1g4k02t.rcgu.o:(.debug_line)
     658      658        0     1                 .Lline_table_start0
     658      658        0     1                 $d
     704      704      37d     1         /home/famous282/1000linesOS/kernel/target/riscv32imac-unknown-none-elf/debug/deps/kernel-dfa3df23995ef8b4.63ptxjvpldbz03i077ow9897u.1g4k02t.rcgu.o:(.debug_line)
     704      704        0     1                 .Lline_table_start0
     704      704        0     1                 $d
     953      953        0     1                 .Lline_table_start1
     a81      a81      17e     1         /home/famous282/1000linesOS/kernel/target/riscv32imac-unknown-none-elf/debug/deps/kernel-dfa3df23995ef8b4.aqtcxbzy89ozo9dgld6fn0q5h.1g4k02t.rcgu.o:(.debug_line)
     a81      a81        0     1                 .Lline_table_start0
     a81      a81        0     1                 $d
     b6a      b6a        0     1                 .Lline_table_start1
     bff      bff      3fd     1         /home/famous282/1000linesOS/kernel/target/riscv32imac-unknown-none-elf/debug/deps/kernel-dfa3df23995ef8b4.b1wfjfrxrno1sga9zbdwiqldk.1g4k02t.rcgu.o:(.debug_line)
     bff      bff        0     1                 .Lline_table_start0
     bff      bff        0     1                 $d
     ffc      ffc       88     1         /home/famous282/1000linesOS/kernel/target/riscv32imac-unknown-none-elf/debug/deps/kernel-dfa3df23995ef8b4.bd4aykr3vnli855y8j4uib0hb.1g4k02t.rcgu.o:(.debug_line)
     ffc      ffc        0     1                 .Lline_table_start0
     ffc      ffc        0     1                 $d
    1084     1084    1bb15     1         /home/famous282/.rustup/toolchains/stable-x86_64-unknown-linux-gnu/lib/rustlib/riscv32imac-unknown-none-elf/lib/libcore-36e1cca942c0a58a.rlib(core-36e1cca942c0a58a.core.283c90c5601d86be-cgu.0.rcgu.o):(.debug_line)
    1084     1084        0     1                 .Lline_table_start0
    1084     1084        0     1                 $d
   1cb99    1cb99       eb     1         /home/famous282/.rustup/toolchains/stable-x86_64-unknown-linux-gnu/lib/rustlib/riscv32imac-unknown-none-elf/lib/libcompiler_builtins-5525e237063e5553.rlib(compiler_builtins-5525e237063e5553.compiler_builtins.8129c65e379068d4-cgu.107.rcgu.o):(.debug_line)
   1cb99    1cb99        0     1                 .Lline_table_start0
   1cb99    1cb99        0     1                 $d
   1cc84    1cc84      11d     1         /home/famous282/.rustup/toolchains/stable-x86_64-unknown-linux-gnu/lib/rustlib/riscv32imac-unknown-none-elf/lib/libcompiler_builtins-5525e237063e5553.rlib(compiler_builtins-5525e237063e5553.compiler_builtins.8129c65e379068d4-cgu.163.rcgu.o):(.debug_line)
   1cc84    1cc84        0     1                 .Lline_table_start0
   1cc84    1cc84        0     1                 $d
   1cd46    1cd46        0     1                 .Lline_table_start1
   1cda1    1cda1      a08     1         /home/famous282/.rustup/toolchains/stable-x86_64-unknown-linux-gnu/lib/rustlib/riscv32imac-unknown-none-elf/lib/libcompiler_builtins-5525e237063e5553.rlib(compiler_builtins-5525e237063e5553.compiler_builtins.8129c65e379068d4-cgu.017.rcgu.o):(.debug_line)
   1cda1    1cda1        0     1                 .Lline_table_start0
   1cda1    1cda1        0     1                 $d
   1d7a9    1d7a9      230     1         /home/famous282/.rustup/toolchains/stable-x86_64-unknown-linux-gnu/lib/rustlib/riscv32imac-unknown-none-elf/lib/libcompiler_builtins-5525e237063e5553.rlib(compiler_builtins-5525e237063e5553.compiler_builtins.8129c65e379068d4-cgu.173.rcgu.o):(.debug_line)
   1d7a9    1d7a9        0     1                 .Lline_table_start0
   1d7a9    1d7a9        0     1                 $d
   1d904    1d904        0     1                 .Lline_table_start1
   1d9d9    1d9d9       6e     1         /home/famous282/.rustup/toolchains/stable-x86_64-unknown-linux-gnu/lib/rustlib/riscv32imac-unknown-none-elf/lib/libcompiler_builtins-5525e237063e5553.rlib(compiler_builtins-5525e237063e5553.compiler_builtins.8129c65e379068d4-cgu.177.rcgu.o):(.debug_line)
   1d9d9    1d9d9        0     1                 .Lline_table_start0
   1d9d9    1d9d9        0     1                 $d
   1da47    1da47     125d     1         /home/famous282/.rustup/toolchains/stable-x86_64-unknown-linux-gnu/lib/rustlib/riscv32imac-unknown-none-elf/lib/libcompiler_builtins-5525e237063e5553.rlib(compiler_builtins-5525e237063e5553.compiler_builtins.8129c65e379068d4-cgu.003.rcgu.o):(.debug_line)
   1da47    1da47        0     1                 .Lline_table_start0
   1da47    1da47        0     1                 $d
   1eb5d    1eb5d        0     1                 .Lline_table_start1
   1ebbc    1ebbc        0     1                 .Lline_table_start2
   1ec46    1ec46        0     1                 .Lline_table_start3
   1eca4    1eca4      6ae     1         /home/famous282/.rustup/toolchains/stable-x86_64-unknown-linux-gnu/lib/rustlib/riscv32imac-unknown-none-elf/lib/libcompiler_builtins-5525e237063e5553.rlib(compiler_builtins-5525e237063e5553.compiler_builtins.8129c65e379068d4-cgu.019.rcgu.o):(.debug_line)
   1eca4    1eca4        0     1                 .Lline_table_start0
   1eca4    1eca4        0     1                 $d
   1f2f4    1f2f4        0     1                 .Lline_table_start1
   1f352    1f352      2d2     1         /home/famous282/.rustup/toolchains/stable-x86_64-unknown-linux-gnu/lib/rustlib/riscv32imac-unknown-none-elf/lib/libcompiler_builtins-5525e237063e5553.rlib(compiler_builtins-5525e237063e5553.compiler_builtins.8129c65e379068d4-cgu.178.rcgu.o):(.debug_line)
   1f352    1f352        0     1                 .Lline_table_start0
   1f352    1f352        0     1                 $d
   1f54f    1f54f        0     1                 .Lline_table_start1
   1f624    1f624      118     1         /home/famous282/.rustup/toolchains/stable-x86_64-unknown-linux-gnu/lib/rustlib/riscv32imac-unknown-none-elf/lib/libcompiler_builtins-5525e237063e5553.rlib(compiler_builtins-5525e237063e5553.compiler_builtins.8129c65e379068d4-cgu.184.rcgu.o):(.debug_line)
   1f624    1f624        0     1                 .Lline_table_start0
   1f624    1f624        0     1                 $d
   1f6e1    1f6e1        0     1                 .Lline_table_start1
   1f73c    1f73c       6e     1         /home/famous282/.rustup/toolchains/stable-x86_64-unknown-linux-gnu/lib/rustlib/riscv32imac-unknown-none-elf/lib/libcompiler_builtins-5525e237063e5553.rlib(compiler_builtins-5525e237063e5553.compiler_builtins.8129c65e379068d4-cgu.192.rcgu.o):(.debug_line)
   1f73c    1f73c        0     1                 .Lline_table_start0
   1f73c    1f73c        0     1                 $d
   1f7aa    1f7aa     14de     1         /home/famous282/.rustup/toolchains/stable-x86_64-unknown-linux-gnu/lib/rustlib/riscv32imac-unknown-none-elf/lib/libcompiler_builtins-5525e237063e5553.rlib(compiler_builtins-5525e237063e5553.compiler_builtins.8129c65e379068d4-cgu.000.rcgu.o):(.debug_line)
   1f7aa    1f7aa        0     1                 .Lline_table_start0
   1f7aa    1f7aa        0     1                 $d
   20c2c    20c2c        0     1                 .Lline_table_start1
   20c88    20c88      2f6     1         /home/famous282/.rustup/toolchains/stable-x86_64-unknown-linux-gnu/lib/rustlib/riscv32imac-unknown-none-elf/lib/libcompiler_builtins-5525e237063e5553.rlib(compiler_builtins-5525e237063e5553.compiler_builtins.8129c65e379068d4-cgu.193.rcgu.o):(.debug_line)
   20c88    20c88        0     1                 .Lline_table_start0
   20c88    20c88        0     1                 $d
   20e73    20e73        0     1                 .Lline_table_start1
   20f7e    20f7e      3a2     1         /home/famous282/.rustup/toolchains/stable-x86_64-unknown-linux-gnu/lib/rustlib/riscv32imac-unknown-none-elf/lib/libcompiler_builtins-5525e237063e5553.rlib(compiler_builtins-5525e237063e5553.compiler_builtins.8129c65e379068d4-cgu.205.rcgu.o):(.debug_line)
   20f7e    20f7e        0     1                 .Lline_table_start0
   20f7e    20f7e        0     1                 $d
   211ed    211ed        0     1                 .Lline_table_start1
   21320    21320      245     1         /home/famous282/.rustup/toolchains/stable-x86_64-unknown-linux-gnu/lib/rustlib/riscv32imac-unknown-none-elf/lib/libcompiler_builtins-5525e237063e5553.rlib(compiler_builtins-5525e237063e5553.compiler_builtins.8129c65e379068d4-cgu.221.rcgu.o):(.debug_line)
   21320    21320        0     1                 .Lline_table_start0
   21320    21320        0     1                 $d
   21490    21490        0     1                 .Lline_table_start1
   21565    21565      118     1         /home/famous282/.rustup/toolchains/stable-x86_64-unknown-linux-gnu/lib/rustlib/riscv32imac-unknown-none-elf/lib/libcompiler_builtins-5525e237063e5553.rlib(compiler_builtins-5525e237063e5553.compiler_builtins.8129c65e379068d4-cgu.247.rcgu.o):(.debug_line)
   21565    21565        0     1                 .Lline_table_start0
   21565    21565        0     1                 $d
   21622    21622        0     1                 .Lline_table_start1
   2167d    2167d      2c0     1         /home/famous282/.rustup/toolchains/stable-x86_64-unknown-linux-gnu/lib/rustlib/riscv32imac-unknown-none-elf/lib/libcompiler_builtins-5525e237063e5553.rlib(compiler_builtins-5525e237063e5553.compiler_builtins.8129c65e379068d4-cgu.248.rcgu.o):(.debug_line)
   2167d    2167d        0     1                 .Lline_table_start0
   2167d    2167d        0     1                 $d
   21831    21831        0     1                 .Lline_table_start1
   218e2    218e2        0     1                 .Lline_table_start2
   2193d    2193d      2b9     1         /home/famous282/.rustup/toolchains/stable-x86_64-unknown-linux-gnu/lib/rustlib/riscv32imac-unknown-none-elf/lib/libcompiler_builtins-5525e237063e5553.rlib(compiler_builtins-5525e237063e5553.compiler_builtins.8129c65e379068d4-cgu.249.rcgu.o):(.debug_line)
   2193d    2193d        0     1                 .Lline_table_start0
   2193d    2193d        0     1                 $d
   21aea    21aea        0     1                 .Lline_table_start1
   21b9b    21b9b        0     1                 .Lline_table_start2
   21bf6    21bf6      11d     1         /home/famous282/.rustup/toolchains/stable-x86_64-unknown-linux-gnu/lib/rustlib/riscv32imac-unknown-none-elf/lib/libcompiler_builtins-5525e237063e5553.rlib(compiler_builtins-5525e237063e5553.compiler_builtins.8129c65e379068d4-cgu.256.rcgu.o):(.debug_line)
   21bf6    21bf6        0     1                 .Lline_table_start0
   21bf6    21bf6        0     1                 $d
   21cb8    21cb8        0     1                 .Lline_table_start1
   21d13    21d13       6e     1         /home/famous282/.rustup/toolchains/stable-x86_64-unknown-linux-gnu/lib/rustlib/riscv32imac-unknown-none-elf/lib/libcompiler_builtins-5525e237063e5553.rlib(compiler_builtins-5525e237063e5553.compiler_builtins.8129c65e379068d4-cgu.264.rcgu.o):(.debug_line)
   21d13    21d13        0     1                 .Lline_table_start0
   21d13    21d13        0     1                 $d
   21d81    21d81      971     1         /home/famous282/.rustup/toolchains/stable-x86_64-unknown-linux-gnu/lib/rustlib/riscv32imac-unknown-none-elf/lib/libcompiler_builtins-5525e237063e5553.rlib(compiler_builtins-5525e237063e5553.compiler_builtins.8129c65e379068d4-cgu.012.rcgu.o):(.debug_line)
   21d81    21d81        0     1                 .Lline_table_start0
   21d81    21d81        0     1                 $d
   226f2    226f2      2bc     1         /home/famous282/.rustup/toolchains/stable-x86_64-unknown-linux-gnu/lib/rustlib/riscv32imac-unknown-none-elf/lib/libcompiler_builtins-5525e237063e5553.rlib(compiler_builtins-5525e237063e5553.compiler_builtins.8129c65e379068d4-cgu.295.rcgu.o):(.debug_line)
   226f2    226f2        0     1                 .Lline_table_start0
   226f2    226f2        0     1                 $d
   228d9    228d9        0     1                 .Lline_table_start1
   229ae    229ae      2d2     1         /home/famous282/.rustup/toolchains/stable-x86_64-unknown-linux-gnu/lib/rustlib/riscv32imac-unknown-none-elf/lib/libcompiler_builtins-5525e237063e5553.rlib(compiler_builtins-5525e237063e5553.compiler_builtins.8129c65e379068d4-cgu.314.rcgu.o):(.debug_line)
   229ae    229ae        0     1                 .Lline_table_start0
   229ae    229ae        0     1                 $d
   22bab    22bab        0     1                 .Lline_table_start1
   22c80    22c80       6e     1         /home/famous282/.rustup/toolchains/stable-x86_64-unknown-linux-gnu/lib/rustlib/riscv32imac-unknown-none-elf/lib/libcompiler_builtins-5525e237063e5553.rlib(compiler_builtins-5525e237063e5553.compiler_builtins.8129c65e379068d4-cgu.322.rcgu.o):(.debug_line)
   22c80    22c80        0     1                 .Lline_table_start0
   22c80    22c80        0     1                 $d
   22cee    22cee      245     1         /home/famous282/.rustup/toolchains/stable-x86_64-unknown-linux-gnu/lib/rustlib/riscv32imac-unknown-none-elf/lib/libcompiler_builtins-5525e237063e5553.rlib(compiler_builtins-5525e237063e5553.compiler_builtins.8129c65e379068d4-cgu.326.rcgu.o):(.debug_line)
   22cee    22cee        0     1                 .Lline_table_start0
   22cee    22cee        0     1                 $d
   22e5e    22e5e        0     1                 .Lline_table_start1
   22f33    22f33      245     1         /home/famous282/.rustup/toolchains/stable-x86_64-unknown-linux-gnu/lib/rustlib/riscv32imac-unknown-none-elf/lib/libcompiler_builtins-5525e237063e5553.rlib(compiler_builtins-5525e237063e5553.compiler_builtins.8129c65e379068d4-cgu.328.rcgu.o):(.debug_line)
   22f33    22f33        0     1                 .Lline_table_start0
   22f33    22f33        0     1                 $d
   230a3    230a3        0     1                 .Lline_table_start1
   23178    23178      474     1         /home/famous282/.rustup/toolchains/stable-x86_64-unknown-linux-gnu/lib/rustlib/riscv32imac-unknown-none-elf/lib/libcompiler_builtins-5525e237063e5553.rlib(compiler_builtins-5525e237063e5553.compiler_builtins.8129c65e379068d4-cgu.330.rcgu.o):(.debug_line)
   23178    23178        0     1                 .Lline_table_start0
   23178    23178        0     1                 $d
   234ba    234ba        0     1                 .Lline_table_start1
   235ec    235ec       6e     1         /home/famous282/.rustup/toolchains/stable-x86_64-unknown-linux-gnu/lib/rustlib/riscv32imac-unknown-none-elf/lib/libcompiler_builtins-5525e237063e5553.rlib(compiler_builtins-5525e237063e5553.compiler_builtins.8129c65e379068d4-cgu.336.rcgu.o):(.debug_line)
   235ec    235ec        0     1                 .Lline_table_start0
   235ec    235ec        0     1                 $d
       0        0     b500     4 .symtab
       0        0     b500     4         <internal>:(.symtab)
       0        0       bf     1 .shstrtab
       0        0       bf     1         <internal>:(.shstrtab)
       0        0     4b86     1 .strtab
       0        0     4b86     1         <internal>:(.strtab)
