     VMA      LMA     Size Align Out     In      Symbol
       0        0 80200000     1 . = 0x80200000
80200000 80200000      bf6     4 .text
80200000 80200000        c     4         /home/famous282/1000linesOS/kernel/target/riscv32imac-unknown-none-elf/debug/deps/kernel-e423684175293233.7hqkh35l985iompa8en7ayj8i.0x2lq71.rcgu.o:(.text.boot)
80200000 80200000        0     1                 .Lpcrel_hi0
80200000 80200000        0     1                 $x
80200000 80200000        c     1                 boot
8020000c 8020000c       8e     2         /home/famous282/1000linesOS/kernel/target/riscv32imac-unknown-none-elf/debug/deps/kernel-e423684175293233.1gy28gr8yncw9yg4wm3kw95ip.0x2lq71.rcgu.o:(.text._ZN4core3fmt5Write10write_char17h31e0d6cdd98ca089E.llvm.5278507534116890449)
8020000c 8020000c        0     1                 .L0 
8020000c 8020000c        0     1                 .L0 
8020000c 8020000c        0     1                 $x
8020000c 8020000c        0     1                 .L0 
8020000c 8020000c       8e     1                 core::fmt::Write::write_char::h31e0d6cdd98ca089 (.llvm.5278507534116890449)
80200016 80200016        0     1                 .L0 
80200016 80200016        0     1                 .L0 
8020001a 8020001a        0     1                 .L0 
8020001a 8020001a        0     1                 .L0 
80200020 80200020        0     1                 .L0 
80200022 80200022        0     1                 .L0 
80200022 80200022        0     1                 .L0 
80200026 80200026        0     1                 .L0 
8020002e 8020002e        0     1                 .L0 
80200032 80200032        0     1                 .L0 
80200032 80200032        0     1                 .L0 
80200034 80200034        0     1                 .L0 
80200042 80200042        0     1                 .L0 
80200044 80200044        0     1                 .L0 
80200048 80200048        0     1                 .L0 
80200048 80200048        0     1                 .L0 
8020004c 8020004c        0     1                 .L0 
80200054 80200054        0     1                 .L0 
80200054 80200054        0     1                 .L0 
80200056 80200056        0     1                 .L0 
80200068 80200068        0     1                 .L0 
8020006a 8020006a        0     1                 .L0 
80200078 80200078        0     1                 .L0 
80200078 80200078        0     1                 .L0 
8020008a 8020008a        0     1                 .L0 
8020009a 8020009a        0     1                 .L0 
8020009a 8020009a       14     2         /home/famous282/1000linesOS/kernel/target/riscv32imac-unknown-none-elf/debug/deps/kernel-e423684175293233.1gy28gr8yncw9yg4wm3kw95ip.0x2lq71.rcgu.o:(.text._ZN4core3fmt5Write9write_fmt17h62d4561b3b4ed37dE)
8020009a 8020009a        0     1                 .L0 
8020009a 8020009a        0     1                 .L0 
8020009a 8020009a        0     1                 $x
8020009a 8020009a        0     1                 .L0 
8020009a 8020009a       14     1                 core::fmt::Write::write_fmt::h62d4561b3b4ed37d
8020009e 8020009e        0     1                 .L0 
802000ae 802000ae        0     1                 .L0 
802000ae 802000ae        2     2         /home/famous282/1000linesOS/kernel/target/riscv32imac-unknown-none-elf/debug/deps/kernel-e423684175293233.1zwa976huie3oeuiu5py3i96v.0x2lq71.rcgu.o:(.text._RNvCshXwFllX56pT_7___rustc17rust_begin_unwind)
802000ae 802000ae        0     1                 .L0 
802000ae 802000ae        0     1                 .L0 
802000ae 802000ae        0     1                 $x
802000ae 802000ae        0     1                 .L0 
802000ae 802000ae        2     1                 __rustc::rust_begin_unwind
802000b0 802000b0        0     1                 .L0 
802000b0 802000b0       14     2         /home/famous282/1000linesOS/kernel/target/riscv32imac-unknown-none-elf/debug/deps/kernel-e423684175293233.7hqkh35l985iompa8en7ayj8i.0x2lq71.rcgu.o:(.text._ZN6kernel6kernel7putchar17hfb6a7f57326cea56E)
802000b0 802000b0        0     1                 .L0 
802000b0 802000b0        0     1                 .L0 
802000b0 802000b0        0     1                 $x
802000b0 802000b0        0     1                 .L0 
802000b0 802000b0       14     1                 kernel::kernel::putchar::hfb6a7f57326cea56
802000c4 802000c4        0     1                 .L0 
802000c4 802000c4       66     2         /home/famous282/1000linesOS/kernel/target/riscv32imac-unknown-none-elf/debug/deps/kernel-e423684175293233.7hqkh35l985iompa8en7ayj8i.0x2lq71.rcgu.o:(.text.kernel_main)
802000c4 802000c4        0     1                 .L0 
802000c4 802000c4        0     1                 .L0 
802000c4 802000c4        0     1                 $x
802000c4 802000c4        0     1                 .L0 
802000c4 802000c4       66     1                 kernel_main
802000c8 802000c8        0     1                 .L0 
802000de 802000de        0     1                 .L0 
80200106 80200106        0     1                 .L0 
80200124 80200124        0     1                 .L0 
8020012a 8020012a        0     1                 .L0 
8020012a 8020012a       18     2         /home/famous282/1000linesOS/kernel/target/riscv32imac-unknown-none-elf/debug/deps/kernel-e423684175293233.7wj5zoa8xxs3t0yy1onealpk8.0x2lq71.rcgu.o:(.text.unlikely._ZN4core4hint21unreachable_unchecked18precondition_check17h553eca9260945490E.llvm.15488555660417600824)
8020012a 8020012a        0     1                 .L0 
8020012a 8020012a        0     1                 .L0 
8020012a 8020012a        0     1                 $x
8020012a 8020012a        0     1                 .L0 
8020012a 8020012a       18     1                 core::hint::unreachable_unchecked::precondition_check::h553eca9260945490 (.llvm.15488555660417600824)
8020012c 8020012c        0     1                 .L0 
80200142 80200142        0     1                 .L0 
80200142 80200142      116     2         /home/famous282/1000linesOS/kernel/target/riscv32imac-unknown-none-elf/debug/deps/kernel-e423684175293233.7wj5zoa8xxs3t0yy1onealpk8.0x2lq71.rcgu.o:(.text._ZN60_$LT$kernel..common..Console$u20$as$u20$core..fmt..Write$GT$9write_str17h29cb7a28077f2031E)
80200142 80200142        0     1                 .L0 
80200142 80200142        0     1                 .L0 
80200142 80200142        0     1                 $x
80200142 80200142        0     1                 .L0 
80200142 80200142      116     1                 _$LT$kernel..common..Console$u20$as$u20$core..fmt..Write$GT$::write_str::h29cb7a28077f2031
80200154 80200154        0     1                 .L0 
80200154 80200154        0     1                 .L0 
80200156 80200156        0     1                 .L0 
80200156 80200156        0     1                 .L0 
80200174 80200174        0     1                 .L0 
80200178 80200178        0     1                 .L0 
8020017c 8020017c        0     1                 .L0 
8020017c 8020017c        0     1                 .L0 
80200180 80200180        0     1                 .L0 
80200182 80200182        0     1                 .L0 
80200184 80200184        0     1                 .L0 
80200184 80200184        0     1                 .L0 
80200188 80200188        0     1                 .L0 
80200188 80200188        0     1                 .L0 
80200190 80200190        0     1                 .L0 
80200194 80200194        0     1                 .L0 
80200198 80200198        0     1                 .L0 
80200198 80200198        0     1                 .L0 
8020019c 8020019c        0     1                 .L0 
8020019c 8020019c        0     1                 .L0 
802001a0 802001a0        0     1                 .L0 
802001a4 802001a4        0     1                 .L0 
802001a8 802001a8        0     1                 .L0 
802001b0 802001b0        0     1                 .L0 
802001b0 802001b0        0     1                 .L0 
802001b4 802001b4        0     1                 .L0 
802001b4 802001b4        0     1                 .L0 
802001b8 802001b8        0     1                 .L0 
802001bc 802001bc        0     1                 .L0 
802001c2 802001c2        0     1                 .L0 
802001cc 802001cc        0     1                 .L0 
802001ce 802001ce        0     1                 .L0 
802001d6 802001d6        0     1                 .L0 
802001dc 802001dc        0     1                 .L0 
802001de 802001de        0     1                 .L0 
802001de 802001de        0     1                 .L0 
802001e8 802001e8        0     1                 .L0 
802001e8 802001e8        0     1                 .L0 
802001f0 802001f0        0     1                 .L0 
802001f0 802001f0        0     1                 .L0 
802001f4 802001f4        0     1                 .L0 
802001f4 802001f4        0     1                 .L0 
8020020a 8020020a        0     1                 .L0 
80200228 80200228        0     1                 .L0 
80200238 80200238        0     1                 .L0 
80200248 80200248        0     1                 .L0 
80200258 80200258        0     1                 .L0 
80200258 80200258        0     1                 .L0 
80200258 80200258      1ee     2         /home/famous282/.rustup/toolchains/stable-x86_64-unknown-linux-gnu/lib/rustlib/riscv32imac-unknown-none-elf/lib/libcore-c6eeea32d188506f.rlib(core-c6eeea32d188506f.core.f2b050c2002e39f1-cgu.0.rcgu.o):(.text._ZN4core3fmt3num3imp21_$LT$impl$u20$u32$GT$10_fmt_inner17h798662ed11497e6fE)
80200258 80200258      1ee     1                 core::fmt::num::imp::_$LT$impl$u20$u32$GT$::_fmt_inner::h798662ed11497e6f
80200258 80200258        0     1                 .L0 
80200258 80200258        0     1                 .L0 
80200258 80200258        0     1                 $x
80200258 80200258        0     1                 .L0 
80200276 80200276        0     1                 .L0 
8020027a 8020027a        0     1                 .L0 
802002b8 802002b8        0     1                 .L0 
802002bc 802002bc        0     1                 .L0 
802002ec 802002ec        0     1                 .L0 
802002f0 802002f0        0     1                 .L0 
802002f4 802002f4        0     1                 .L0 
802002fc 802002fc        0     1                 .L0 
80200300 80200300        0     1                 .L0 
80200304 80200304        0     1                 .L0 
80200316 80200316        0     1                 .L0 
8020031a 8020031a        0     1                 .L0 
8020031e 8020031e        0     1                 .L0 
80200326 80200326        0     1                 .L0 
8020032a 8020032a        0     1                 .L0 
80200330 80200330        0     1                 .L0 
80200336 80200336        0     1                 .L0 
8020033a 8020033a        0     1                 .L0 
8020033e 8020033e        0     1                 .L0 
80200342 80200342        0     1                 .L0 
8020037a 8020037a        0     1                 .L0 
8020037e 8020037e        0     1                 .L0 
80200382 80200382        0     1                 .L0 
80200388 80200388        0     1                 .L0 
8020038c 8020038c        0     1                 .L0 
80200390 80200390        0     1                 .L0 
80200394 80200394        0     1                 .L0 
80200398 80200398        0     1                 .L0 
8020039e 8020039e        0     1                 .L0 
802003b0 802003b0        0     1                 .L0 
80200446 80200446        0     1                 .L0 
80200446 80200446       60     2         /home/famous282/.rustup/toolchains/stable-x86_64-unknown-linux-gnu/lib/rustlib/riscv32imac-unknown-none-elf/lib/libcore-c6eeea32d188506f.rlib(core-c6eeea32d188506f.core.f2b050c2002e39f1-cgu.0.rcgu.o):(.text._ZN4core3fmt3num3imp52_$LT$impl$u20$core..fmt..Display$u20$for$u20$i32$GT$3fmt17h7fcaa7f27ac9886bE)
80200446 80200446        0     1                 .L0 
80200446 80200446        0     1                 .L0 
80200446 80200446        0     1                 $x
80200446 80200446        0     1                 .L0 
80200446 80200446       60     1                 core::fmt::num::imp::_$LT$impl$u20$core..fmt..Display$u20$for$u20$i32$GT$::fmt::h7fcaa7f27ac9886b
80200446 80200446       60     1                 core::fmt::num::imp::_$LT$impl$u20$core..fmt..Display$u20$for$u20$isize$GT$::fmt::h35e770ba9e04d84a
8020045a 8020045a        0     1                 .L0 
8020046a 8020046a        0     1                 .L0 
8020047a 8020047a        0     1                 .L0 
8020047e 8020047e        0     1                 .L0 
802004a6 802004a6        0     1                 .L0 
802004a6 802004a6       4c     2         /home/famous282/.rustup/toolchains/stable-x86_64-unknown-linux-gnu/lib/rustlib/riscv32imac-unknown-none-elf/lib/libcore-c6eeea32d188506f.rlib(core-c6eeea32d188506f.core.f2b050c2002e39f1-cgu.0.rcgu.o):(.text._ZN4core3fmt3num3imp52_$LT$impl$u20$core..fmt..Display$u20$for$u20$u32$GT$3fmt17h3a3b01c2c200e3dfE)
802004a6 802004a6        0     1                 .L0 
802004a6 802004a6        0     1                 .L0 
802004a6 802004a6        0     1                 $x
802004a6 802004a6        0     1                 .L0 
802004a6 802004a6       4c     1                 core::fmt::num::imp::_$LT$impl$u20$core..fmt..Display$u20$for$u20$u32$GT$::fmt::h3a3b01c2c200e3df
802004a6 802004a6       4c     1                 core::fmt::num::imp::_$LT$impl$u20$core..fmt..Display$u20$for$u20$usize$GT$::fmt::h27b9f38dab907a22
802004bc 802004bc        0     1                 .L0 
802004cc 802004cc        0     1                 .L0 
802004d0 802004d0        0     1                 .L0 
802004f2 802004f2        0     1                 .L0 
802004f2 802004f2       58     2         /home/famous282/.rustup/toolchains/stable-x86_64-unknown-linux-gnu/lib/rustlib/riscv32imac-unknown-none-elf/lib/libcore-c6eeea32d188506f.rlib(core-c6eeea32d188506f.core.f2b050c2002e39f1-cgu.0.rcgu.o):(.text._ZN4core3fmt3num53_$LT$impl$u20$core..fmt..LowerHex$u20$for$u20$i32$GT$3fmt17hcc2de0230557d044E)
802004f2 802004f2        0     1                 .L0 
802004f2 802004f2        0     1                 .L0 
802004f2 802004f2        0     1                 $x
802004f2 802004f2        0     1                 .L0 
802004f2 802004f2       58     1                 core::fmt::num::_$LT$impl$u20$core..fmt..LowerHex$u20$for$u20$i32$GT$::fmt::hcc2de0230557d044
802004f2 802004f2       58     1                 core::fmt::num::_$LT$impl$u20$core..fmt..LowerHex$u20$for$u20$isize$GT$::fmt::hf13213851c93ef3f
80200500 80200500        0     1                 .L0 
8020051a 8020051a        0     1                 .L0 
8020051e 8020051e        0     1                 .L0 
80200522 80200522        0     1                 .L0 
8020054a 8020054a        0     1                 .L0 
8020054a 8020054a      1d6     2         /home/famous282/.rustup/toolchains/stable-x86_64-unknown-linux-gnu/lib/rustlib/riscv32imac-unknown-none-elf/lib/libcore-c6eeea32d188506f.rlib(core-c6eeea32d188506f.core.f2b050c2002e39f1-cgu.0.rcgu.o):(.text._ZN4core3fmt5write17h08cf6cd1f1c92632E)
8020054a 8020054a        0     1                 .L0 
8020054a 8020054a        0     1                 .L0 
8020054a 8020054a        0     1                 $x
8020054a 8020054a        0     1                 .L0 
8020054a 8020054a      1d6     1                 core::fmt::write::h08cf6cd1f1c92632
8020056a 8020056a        0     1                 .L0 
80200570 80200570        0     1                 .L0 
80200570 80200570        0     1                 .L0 
80200574 80200574        0     1                 .L0 
80200574 80200574        0     1                 .L0 
80200578 80200578        0     1                 .L0 
80200578 80200578        0     1                 .L0 
8020057c 8020057c        0     1                 .L0 
80200594 80200594        0     1                 .L0 
80200594 80200594        0     1                 .L0 
8020059c 8020059c        0     1                 .L0 
802005a0 802005a0        0     1                 .L0 
802005b0 802005b0        0     1                 .L0 
802005b6 802005b6        0     1                 .L0 
802005b6 802005b6        0     1                 .L0 
802005ba 802005ba        0     1                 .L0 
802005bc 802005bc        0     1                 .L0 
802005c2 802005c2        0     1                 .L0 
802005c2 802005c2        0     1                 .L0 
802005c6 802005c6        0     1                 .L0 
802005ca 802005ca        0     1                 .L0 
802005ce 802005ce        0     1                 .L0 
802005d2 802005d2        0     1                 .L0 
802005da 802005da        0     1                 .L0 
802005de 802005de        0     1                 .L0 
802005e0 802005e0        0     1                 .L0 
802005e2 802005e2        0     1                 .L0 
802005ea 802005ea        0     1                 .L0 
802005f2 802005f2        0     1                 .L0 
802005f2 802005f2        0     1                 .L0 
80200610 80200610        0     1                 .L0 
80200614 80200614        0     1                 .L0 
8020061a 8020061a        0     1                 .L0 
8020061c 8020061c        0     1                 .L0 
80200622 80200622        0     1                 .L0 
80200622 80200622        0     1                 .L0 
8020062e 8020062e        0     1                 .L0 
80200630 80200630        0     1                 .L0 
80200638 80200638        0     1                 .L0 
80200638 80200638        0     1                 .L0 
80200646 80200646        0     1                 .L0 
80200652 80200652        0     1                 .L0 
80200654 80200654        0     1                 .L0 
80200656 80200656        0     1                 .L0 
80200658 80200658        0     1                 .L0 
80200658 80200658        0     1                 .L0 
80200664 80200664        0     1                 .L0 
80200666 80200666        0     1                 .L0 
8020066c 8020066c        0     1                 .L0 
8020066e 8020066e        0     1                 .L0 
80200674 80200674        0     1                 .L0 
80200674 80200674        0     1                 .L0 
80200682 80200682        0     1                 .L0 
80200684 80200684        0     1                 .L0 
8020068a 8020068a        0     1                 .L0 
80200690 80200690        0     1                 .L0 
80200690 80200690        0     1                 .L0 
80200694 80200694        0     1                 .L0 
80200698 80200698        0     1                 .L0 
802006a0 802006a0        0     1                 .L0 
802006a4 802006a4        0     1                 .L0 
802006b8 802006b8        0     1                 .L0 
802006be 802006be        0     1                 .L0 
802006be 802006be        0     1                 .L0 
802006c4 802006c4        0     1                 .L0 
802006c4 802006c4        0     1                 .L0 
802006c8 802006c8        0     1                 .L0 
802006cc 802006cc        0     1                 .L0 
802006d4 802006d4        0     1                 .L0 
802006d8 802006d8        0     1                 .L0 
802006dc 802006dc        0     1                 .L0 
802006fe 802006fe        0     1                 .L0 
80200704 80200704        0     1                 .L0 
80200720 80200720        0     1                 .L0 
80200720 80200720       60     2         /home/famous282/.rustup/toolchains/stable-x86_64-unknown-linux-gnu/lib/rustlib/riscv32imac-unknown-none-elf/lib/libcore-c6eeea32d188506f.rlib(core-c6eeea32d188506f.core.f2b050c2002e39f1-cgu.0.rcgu.o):(.text._ZN4core3fmt9Formatter12pad_integral12write_prefix17hbefd4732ff2afbc6E)
80200720 80200720       60     1                 core::fmt::Formatter::pad_integral::write_prefix::hbefd4732ff2afbc6
80200720 80200720        0     1                 .L0 
80200720 80200720        0     1                 .L0 
80200720 80200720        0     1                 $x
80200720 80200720        0     1                 .L0 
8020073a 8020073a        0     1                 .L0 
8020073e 8020073e        0     1                 .L0 
8020074c 8020074c        0     1                 .L0 
8020074c 8020074c        0     1                 .L0 
8020074e 8020074e        0     1                 .L0 
80200750 80200750        0     1                 .L0 
80200752 80200752        0     1                 .L0 
80200756 80200756        0     1                 .L0 
80200780 80200780        0     1                 .L0 
80200780 80200780      25e     2         /home/famous282/.rustup/toolchains/stable-x86_64-unknown-linux-gnu/lib/rustlib/riscv32imac-unknown-none-elf/lib/libcore-c6eeea32d188506f.rlib(core-c6eeea32d188506f.core.f2b050c2002e39f1-cgu.0.rcgu.o):(.text._ZN4core3fmt9Formatter12pad_integral17hadb0409c6de42a5cE)
80200780 80200780        0     1                 .L0 
80200780 80200780        0     1                 .L0 
80200780 80200780        0     1                 $x
80200780 80200780        0     1                 .L0 
80200780 80200780      25e     1                 core::fmt::Formatter::pad_integral::hadb0409c6de42a5c
802007a8 802007a8        0     1                 .L0 
802007aa 802007aa        0     1                 .L0 
802007aa 802007aa        0     1                 .L0 
802007b8 802007b8        0     1                 .L0 
802007ba 802007ba        0     1                 .L0 
802007c4 802007c4        0     1                 .L0 
802007cc 802007cc        0     1                 .L0 
802007ce 802007ce        0     1                 .L0 
802007ce 802007ce        0     1                 .L0 
802007d2 802007d2        0     1                 .L0 
802007d4 802007d4        0     1                 .L0 
802007d4 802007d4        0     1                 .L0 
802007d8 802007d8        0     1                 .L0 
802007e4 802007e4        0     1                 .L0 
802007ec 802007ec        0     1                 .L0 
802007ee 802007ee        0     1                 .L0 
802007f2 802007f2        0     1                 .L0 
802007f2 802007f2        0     1                 .L0 
802007f8 802007f8        0     1                 .L0 
802007fc 802007fc        0     1                 .L0 
80200808 80200808        0     1                 .L0 
8020080c 8020080c        0     1                 .L0 
80200814 80200814        0     1                 .L0 
80200816 80200816        0     1                 .L0 
80200816 80200816        0     1                 .L0 
8020081e 8020081e        0     1                 .L0 
80200820 80200820        0     1                 .L0 
80200822 80200822        0     1                 .L0 
80200822 80200822        0     1                 .L0 
8020082e 8020082e        0     1                 .L0 
80200836 80200836        0     1                 .L0 
8020083c 8020083c        0     1                 .L0 
80200840 80200840        0     1                 .L0 
8020085a 8020085a        0     1                 .L0 
8020085a 8020085a        0     1                 .L0 
8020085e 8020085e        0     1                 .L0 
80200884 80200884        0     1                 .L0 
80200890 80200890        0     1                 .L0 
80200896 80200896        0     1                 .L0 
8020089c 8020089c        0     1                 .L0 
802008b4 802008b4        0     1                 .L0 
802008bc 802008bc        0     1                 .L0 
802008c2 802008c2        0     1                 .L0 
802008d8 802008d8        0     1                 .L0 
802008ea 802008ea        0     1                 .L0 
802008ea 802008ea        0     1                 .L0 
802008f2 802008f2        0     1                 .L0 
802008f2 802008f2        0     1                 .L0 
802008f6 802008f6        0     1                 .L0 
802008f8 802008f8        0     1                 .L0 
80200900 80200900        0     1                 .L0 
80200900 80200900        0     1                 .L0 
80200904 80200904        0     1                 .L0 
80200908 80200908        0     1                 .L0 
80200908 80200908        0     1                 .L0 
8020090c 8020090c        0     1                 .L0 
8020090c 8020090c        0     1                 .L0 
80200916 80200916        0     1                 .L0 
80200916 80200916        0     1                 .L0 
80200924 80200924        0     1                 .L0 
80200926 80200926        0     1                 .L0 
80200928 80200928        0     1                 .L0 
80200936 80200936        0     1                 .L0 
80200952 80200952        0     1                 .L0 
80200956 80200956        0     1                 .L0 
8020095a 8020095a        0     1                 .L0 
8020095a 8020095a        0     1                 .L0 
8020095e 8020095e        0     1                 .L0 
80200960 80200960        0     1                 .L0 
80200966 80200966        0     1                 .L0 
80200966 80200966        0     1                 .L0 
80200968 80200968        0     1                 .L0 
80200968 80200968        0     1                 .L0 
8020098a 8020098a        0     1                 .L0 
802009a0 802009a0        0     1                 .L0 
802009ae 802009ae        0     1                 .L0 
802009b0 802009b0        0     1                 .L0 
802009c2 802009c2        0     1                 .L0 
802009ca 802009ca        0     1                 .L0 
802009ce 802009ce        0     1                 .L0 
802009ce 802009ce        0     1                 .L0 
802009d2 802009d2        0     1                 .L0 
802009d4 802009d4        0     1                 .L0 
802009da 802009da        0     1                 .L0 
802009da 802009da        0     1                 .L0 
802009de 802009de        0     1                 .L0 
802009de 802009de      17e     2         /home/famous282/.rustup/toolchains/stable-x86_64-unknown-linux-gnu/lib/rustlib/riscv32imac-unknown-none-elf/lib/libcore-c6eeea32d188506f.rlib(core-c6eeea32d188506f.core.f2b050c2002e39f1-cgu.0.rcgu.o):(.text._ZN4core3str5count14do_count_chars17ha085528f26cab3c8E)
802009de 802009de        0     1                 .L0 
802009de 802009de        0     1                 .L0 
802009de 802009de        0     1                 $x
802009de 802009de        0     1                 .L0 
802009de 802009de      17e     1                 core::str::count::do_count_chars::ha085528f26cab3c8
802009e4 802009e4        0     1                 .L0 
802009ec 802009ec        0     1                 .L0 
802009f0 802009f0        0     1                 .L0 
802009f0 802009f0        0     1                 .L0 
802009f2 802009f2        0     1                 .L0 
802009f2 802009f2        0     1                 .L0 
802009f4 802009f4        0     1                 .L0 
802009fc 802009fc        0     1                 .L0 
80200a04 80200a04        0     1                 .L0 
80200a06 80200a06        0     1                 .L0 
80200a0a 80200a0a        0     1                 .L0 
80200a10 80200a10        0     1                 .L0 
80200a14 80200a14        0     1                 .L0 
80200a18 80200a18        0     1                 .L0 
80200a18 80200a18        0     1                 .L0 
80200a1c 80200a1c        0     1                 .L0 
80200a26 80200a26        0     1                 .L0 
80200a26 80200a26        0     1                 .L0 
80200a2a 80200a2a        0     1                 .L0 
80200a30 80200a30        0     1                 .L0 
80200a38 80200a38        0     1                 .L0 
80200a3a 80200a3a        0     1                 .L0 
80200a3e 80200a3e        0     1                 .L0 
80200a40 80200a40        0     1                 .L0 
80200a40 80200a40        0     1                 .L0 
80200a42 80200a42        0     1                 .L0 
80200a54 80200a54        0     1                 .L0 
80200a5c 80200a5c        0     1                 .L0 
80200a5e 80200a5e        0     1                 .L0 
80200a62 80200a62        0     1                 .L0 
80200a72 80200a72        0     1                 .L0 
80200a76 80200a76        0     1                 .L0 
80200a80 80200a80        0     1                 .L0 
80200a8e 80200a8e        0     1                 .L0 
80200a96 80200a96        0     1                 .L0 
80200a9a 80200a9a        0     1                 .L0 
80200aae 80200aae        0     1                 .L0 
80200aae 80200aae        0     1                 .L0 
80200ab4 80200ab4        0     1                 .L0 
80200ab4 80200ab4        0     1                 .L0 
80200aba 80200aba        0     1                 .L0 
80200ac8 80200ac8        0     1                 .L0 
80200afa 80200afa        0     1                 .L0 
80200afc 80200afc        0     1                 .L0 
80200afe 80200afe        0     1                 .L0 
80200b0a 80200b0a        0     1                 .L0 
80200b12 80200b12        0     1                 .L0 
80200b12 80200b12        0     1                 .L0 
80200b18 80200b18        0     1                 .L0 
80200b18 80200b18        0     1                 .L0 
80200b22 80200b22        0     1                 .L0 
80200b2a 80200b2a        0     1                 .L0 
80200b2c 80200b2c        0     1                 .L0 
80200b3a 80200b3a        0     1                 .L0 
80200b3c 80200b3c        0     1                 .L0 
80200b3c 80200b3c        0     1                 .L0 
80200b40 80200b40        0     1                 .L0 
80200b40 80200b40        0     1                 .L0 
80200b4c 80200b4c        0     1                 .L0 
80200b5c 80200b5c        0     1                 .L0 
80200b5c 80200b5c       3c     2         /home/famous282/.rustup/toolchains/stable-x86_64-unknown-linux-gnu/lib/rustlib/riscv32imac-unknown-none-elf/lib/libcore-c6eeea32d188506f.rlib(core-c6eeea32d188506f.core.f2b050c2002e39f1-cgu.0.rcgu.o):(.text.unlikely._ZN4core9panicking18panic_bounds_check17h8c475dbd9aaa9c2fE)
80200b5c 80200b5c        0     1                 .L0 
80200b5c 80200b5c        0     1                 .L0 
80200b5c 80200b5c        0     1                 $x
80200b5c 80200b5c        0     1                 .L0 
80200b5c 80200b5c       3c     1                 core::panicking::panic_bounds_check::h8c475dbd9aaa9c2f
80200b98 80200b98        0     1                 .L0 
80200b98 80200b98       30     2         /home/famous282/.rustup/toolchains/stable-x86_64-unknown-linux-gnu/lib/rustlib/riscv32imac-unknown-none-elf/lib/libcore-c6eeea32d188506f.rlib(core-c6eeea32d188506f.core.f2b050c2002e39f1-cgu.0.rcgu.o):(.text.unlikely._ZN4core9panicking18panic_nounwind_fmt17hbca8acd98a7f1dccE)
80200b98 80200b98        0     1                 .L0 
80200b98 80200b98        0     1                 .L0 
80200b98 80200b98        0     1                 $x
80200b98 80200b98        0     1                 .L0 
80200b98 80200b98       30     1                 core::panicking::panic_nounwind_fmt::hbca8acd98a7f1dcc
80200bac 80200bac        0     1                 .L0 
80200bc8 80200bc8        0     1                 .L0 
80200bc8 80200bc8       2e     2         /home/famous282/.rustup/toolchains/stable-x86_64-unknown-linux-gnu/lib/rustlib/riscv32imac-unknown-none-elf/lib/libcore-c6eeea32d188506f.rlib(core-c6eeea32d188506f.core.f2b050c2002e39f1-cgu.0.rcgu.o):(.text.unlikely._ZN4core9panicking9panic_fmt17hf2b467cfc0e561d3E)
80200bc8 80200bc8        0     1                 .L0 
80200bc8 80200bc8        0     1                 .L0 
80200bc8 80200bc8        0     1                 $x
80200bc8 80200bc8        0     1                 .L0 
80200bc8 80200bc8       2e     1                 core::panicking::panic_fmt::hf2b467cfc0e561d3
80200bde 80200bde        0     1                 .L0 
80200bf6 80200bf6        0     1                 .L0 
80200bf8 80200bf8      42e     4 .rodata
80200bf8 80200bf8       18     4         /home/famous282/1000linesOS/kernel/target/riscv32imac-unknown-none-elf/debug/deps/kernel-e423684175293233.1gy28gr8yncw9yg4wm3kw95ip.0x2lq71.rcgu.o:(.rodata.anon.115b1549741a66689ede8b6afce1a372.0.llvm.5278507534116890449)
80200bf8 80200bf8        0     1                 $d
80200bf8 80200bf8       18     1                 anon.115b1549741a66689ede8b6afce1a372.0.llvm.5278507534116890449
80200c10 80200c10        f     1         /home/famous282/1000linesOS/kernel/target/riscv32imac-unknown-none-elf/debug/deps/kernel-e423684175293233.7hqkh35l985iompa8en7ayj8i.0x2lq71.rcgu.o:(.rodata..Lanon.a4f2901f9d648e2ce06a4e08b4f358ce.0)
80200c10 80200c10        f     1                 .Lanon.a4f2901f9d648e2ce06a4e08b4f358ce.0
80200c10 80200c10        0     1                 $d
80200c20 80200c20        8     4         <internal>:(.rodata.cst4)
80200c28 80200c28      15a     1         <internal>:(.rodata.str1.1)
80200d84 80200d84       10     4         /home/famous282/1000linesOS/kernel/target/riscv32imac-unknown-none-elf/debug/deps/kernel-e423684175293233.7wj5zoa8xxs3t0yy1onealpk8.0x2lq71.rcgu.o:(.rodata.anon.04ccc33b5066ea8aff05e46f4f19a542.1.llvm.15488555660417600824)
80200d84 80200d84        0     1                 $d
80200d84 80200d84       10     1                 anon.04ccc33b5066ea8aff05e46f4f19a542.1.llvm.15488555660417600824
80200d94 80200d94       10     4         /home/famous282/1000linesOS/kernel/target/riscv32imac-unknown-none-elf/debug/deps/kernel-e423684175293233.7wj5zoa8xxs3t0yy1onealpk8.0x2lq71.rcgu.o:(.rodata.anon.04ccc33b5066ea8aff05e46f4f19a542.2.llvm.15488555660417600824)
80200d94 80200d94        0     1                 $d
80200d94 80200d94       10     1                 anon.04ccc33b5066ea8aff05e46f4f19a542.2.llvm.15488555660417600824
80200da4 80200da4       10     4         /home/famous282/1000linesOS/kernel/target/riscv32imac-unknown-none-elf/debug/deps/kernel-e423684175293233.7wj5zoa8xxs3t0yy1onealpk8.0x2lq71.rcgu.o:(.rodata.anon.04ccc33b5066ea8aff05e46f4f19a542.3.llvm.15488555660417600824)
80200da4 80200da4        0     1                 $d
80200da4 80200da4       10     1                 anon.04ccc33b5066ea8aff05e46f4f19a542.3.llvm.15488555660417600824
80200db4 80200db4       ae     1         /home/famous282/1000linesOS/kernel/target/riscv32imac-unknown-none-elf/debug/deps/kernel-e423684175293233.7wj5zoa8xxs3t0yy1onealpk8.0x2lq71.rcgu.o:(.rodata.anon.04ccc33b5066ea8aff05e46f4f19a542.4.llvm.15488555660417600824)
80200db4 80200db4        0     1                 $d
80200db4 80200db4       ae     1                 anon.04ccc33b5066ea8aff05e46f4f19a542.4.llvm.15488555660417600824
80200e62 80200e62       c7     1         /home/famous282/1000linesOS/kernel/target/riscv32imac-unknown-none-elf/debug/deps/kernel-e423684175293233.7wj5zoa8xxs3t0yy1onealpk8.0x2lq71.rcgu.o:(.rodata.anon.04ccc33b5066ea8aff05e46f4f19a542.5.llvm.15488555660417600824)
80200e62 80200e62        0     1                 $d
80200e62 80200e62       c7     1                 anon.04ccc33b5066ea8aff05e46f4f19a542.5.llvm.15488555660417600824
80200f2c 80200f2c       10     4         /home/famous282/1000linesOS/kernel/target/riscv32imac-unknown-none-elf/debug/deps/kernel-e423684175293233.7wj5zoa8xxs3t0yy1onealpk8.0x2lq71.rcgu.o:(.rodata.anon.04ccc33b5066ea8aff05e46f4f19a542.7.llvm.15488555660417600824)
80200f2c 80200f2c        0     1                 $d
80200f2c 80200f2c       10     1                 anon.04ccc33b5066ea8aff05e46f4f19a542.7.llvm.15488555660417600824
80200f3c 80200f3c       c8     1         /home/famous282/.rustup/toolchains/stable-x86_64-unknown-linux-gnu/lib/rustlib/riscv32imac-unknown-none-elf/lib/libcore-c6eeea32d188506f.rlib(core-c6eeea32d188506f.core.f2b050c2002e39f1-cgu.0.rcgu.o):(.rodata..Lanon.f74838b38e70b6e7b417ca0660cf6a38.14)
80200f3c 80200f3c       c8     1                 .Lanon.f74838b38e70b6e7b417ca0660cf6a38.14
80200f3c 80200f3c        0     1                 $d
80201004 80201004       10     4         /home/famous282/.rustup/toolchains/stable-x86_64-unknown-linux-gnu/lib/rustlib/riscv32imac-unknown-none-elf/lib/libcore-c6eeea32d188506f.rlib(core-c6eeea32d188506f.core.f2b050c2002e39f1-cgu.0.rcgu.o):(.rodata..Lanon.f74838b38e70b6e7b417ca0660cf6a38.26)
80201004 80201004       10     1                 .Lanon.f74838b38e70b6e7b417ca0660cf6a38.26
80201004 80201004        0     1                 $d
80201014 80201014       10     2         <internal>:(.rodata.cst16)
80201024 80201024        2     1         /home/famous282/.rustup/toolchains/stable-x86_64-unknown-linux-gnu/lib/rustlib/riscv32imac-unknown-none-elf/lib/libcore-c6eeea32d188506f.rlib(core-c6eeea32d188506f.core.f2b050c2002e39f1-cgu.0.rcgu.o):(.rodata..Lanon.f74838b38e70b6e7b417ca0660cf6a38.37)
80201024 80201024        2     1                 .Lanon.f74838b38e70b6e7b417ca0660cf6a38.37
80201024 80201024        0     1                 $d
80201028 80201028      27c     4 .eh_frame
80201028 80201028       14     1         /home/famous282/.rustup/toolchains/stable-x86_64-unknown-linux-gnu/lib/rustlib/riscv32imac-unknown-none-elf/lib/libcore-c6eeea32d188506f.rlib(core-c6eeea32d188506f.core.f2b050c2002e39f1-cgu.0.rcgu.o):(.eh_frame+0x0)
8020103c 8020103c       44     1         /home/famous282/.rustup/toolchains/stable-x86_64-unknown-linux-gnu/lib/rustlib/riscv32imac-unknown-none-elf/lib/libcore-c6eeea32d188506f.rlib(core-c6eeea32d188506f.core.f2b050c2002e39f1-cgu.0.rcgu.o):(.eh_frame+0x7b0)
80201080 80201080       34     1         /home/famous282/.rustup/toolchains/stable-x86_64-unknown-linux-gnu/lib/rustlib/riscv32imac-unknown-none-elf/lib/libcore-c6eeea32d188506f.rlib(core-c6eeea32d188506f.core.f2b050c2002e39f1-cgu.0.rcgu.o):(.eh_frame+0x97c)
802010b4 802010b4       30     1         /home/famous282/.rustup/toolchains/stable-x86_64-unknown-linux-gnu/lib/rustlib/riscv32imac-unknown-none-elf/lib/libcore-c6eeea32d188506f.rlib(core-c6eeea32d188506f.core.f2b050c2002e39f1-cgu.0.rcgu.o):(.eh_frame+0xa0c)
802010e4 802010e4       28     1         /home/famous282/.rustup/toolchains/stable-x86_64-unknown-linux-gnu/lib/rustlib/riscv32imac-unknown-none-elf/lib/libcore-c6eeea32d188506f.rlib(core-c6eeea32d188506f.core.f2b050c2002e39f1-cgu.0.rcgu.o):(.eh_frame+0x1244)
8020110c 8020110c       60     1         /home/famous282/.rustup/toolchains/stable-x86_64-unknown-linux-gnu/lib/rustlib/riscv32imac-unknown-none-elf/lib/libcore-c6eeea32d188506f.rlib(core-c6eeea32d188506f.core.f2b050c2002e39f1-cgu.0.rcgu.o):(.eh_frame+0x1b3c)
8020116c 8020116c       ac     1         /home/famous282/.rustup/toolchains/stable-x86_64-unknown-linux-gnu/lib/rustlib/riscv32imac-unknown-none-elf/lib/libcore-c6eeea32d188506f.rlib(core-c6eeea32d188506f.core.f2b050c2002e39f1-cgu.0.rcgu.o):(.eh_frame+0x1fe0)
80201218 80201218       28     1         /home/famous282/.rustup/toolchains/stable-x86_64-unknown-linux-gnu/lib/rustlib/riscv32imac-unknown-none-elf/lib/libcore-c6eeea32d188506f.rlib(core-c6eeea32d188506f.core.f2b050c2002e39f1-cgu.0.rcgu.o):(.eh_frame+0x3838)
80201240 80201240       40     1         /home/famous282/.rustup/toolchains/stable-x86_64-unknown-linux-gnu/lib/rustlib/riscv32imac-unknown-none-elf/lib/libcore-c6eeea32d188506f.rlib(core-c6eeea32d188506f.core.f2b050c2002e39f1-cgu.0.rcgu.o):(.eh_frame+0x41b8)
80201280 80201280       20     1         /home/famous282/.rustup/toolchains/stable-x86_64-unknown-linux-gnu/lib/rustlib/riscv32imac-unknown-none-elf/lib/libcore-c6eeea32d188506f.rlib(core-c6eeea32d188506f.core.f2b050c2002e39f1-cgu.0.rcgu.o):(.eh_frame+0x42d8)
802012a4 802012a4        0     4 .bss
802012a4 802012a4        0     1         __bss = .
802012a4 802012a4        0     1         __bss_end = .
802012a4 802012a4        0     1 . = ALIGN(4)
802012a4 802012a4    20000     1 . += 128 * 1024
802212a4 802212a4        0     1 __stack_top = .
       0        0      7d4     1 .debug_loc
       0        0      29a     1         /home/famous282/1000linesOS/kernel/target/riscv32imac-unknown-none-elf/debug/deps/kernel-e423684175293233.1gy28gr8yncw9yg4wm3kw95ip.0x2lq71.rcgu.o:(.debug_loc)
       0        0        0     1                 .L0 
       0        0        0     1                 $d
      1b       1b        0     1                 .L0 
      4c       4c        0     1                 .L0 
      7d       7d        0     1                 .L0 
      a0       a0        0     1                 .L0 
      d1       d1        0     1                 .L0 
     102      102        0     1                 .L0 
     125      125        0     1                 .L0 
     141      141        0     1                 .L0 
     172      172        0     1                 .L0 
     19c      19c        0     1                 .L0 
     1b8      1b8        0     1                 .L0 
     1e9      1e9        0     1                 .L0 
     204      204        0     1                 .L0 
     21f      21f        0     1                 .L0 
     23a      23a        0     1                 .L0 
     27a      27a        0     1                 .L0 
     29a      29a      17e     1         /home/famous282/1000linesOS/kernel/target/riscv32imac-unknown-none-elf/debug/deps/kernel-e423684175293233.7hqkh35l985iompa8en7ayj8i.0x2lq71.rcgu.o:(.debug_loc)
     29a      29a        0     1                 .L0 
     29a      29a        0     1                 $d
     2b5      2b5        0     1                 .L0 
     2f6      2f6        0     1                 .L0 
     337      337        0     1                 .L0 
     378      378        0     1                 .L0 
     3b2      3b2        0     1                 .L0 
     3e5      3e5        0     1                 .L0 
     418      418      3bc     1         /home/famous282/1000linesOS/kernel/target/riscv32imac-unknown-none-elf/debug/deps/kernel-e423684175293233.7wj5zoa8xxs3t0yy1onealpk8.0x2lq71.rcgu.o:(.debug_loc)
     418      418        0     1                 .L0 
     418      418        0     1                 $d
     45f      45f        0     1                 .L0 
     47a      47a        0     1                 .L0 
     4aa      4aa        0     1                 .L0 
     5a2      5a2        0     1                 .L0 
     5c8      5c8        0     1                 .L0 
     5f9      5f9        0     1                 .L0 
     61f      61f        0     1                 .L0 
     63a      63a        0     1                 .L0 
     655      655        0     1                 .L0 
     670      670        0     1                 .L0 
     6a1      6a1        0     1                 .L0 
     6e1      6e1        0     1                 .L0 
     707      707        0     1                 .L0 
     72d      72d        0     1                 .L0 
     753      753        0     1                 .L0 
     779      779        0     1                 .L0 
     79f      79f        0     1                 .L0 
       0        0     1bae     1 .debug_abbrev
       0        0      1f2     1         /home/famous282/1000linesOS/kernel/target/riscv32imac-unknown-none-elf/debug/deps/kernel-e423684175293233.1gy28gr8yncw9yg4wm3kw95ip.0x2lq71.rcgu.o:(.debug_abbrev)
       0        0        0     1                 $d
     1f2      1f2      106     1         /home/famous282/1000linesOS/kernel/target/riscv32imac-unknown-none-elf/debug/deps/kernel-e423684175293233.1zwa976huie3oeuiu5py3i96v.0x2lq71.rcgu.o:(.debug_abbrev)
     1f2      1f2        0     1                 $d
     2f8      2f8      1b9     1         /home/famous282/1000linesOS/kernel/target/riscv32imac-unknown-none-elf/debug/deps/kernel-e423684175293233.7hqkh35l985iompa8en7ayj8i.0x2lq71.rcgu.o:(.debug_abbrev)
     2f8      2f8        0     1                 $d
     4b1      4b1      273     1         /home/famous282/1000linesOS/kernel/target/riscv32imac-unknown-none-elf/debug/deps/kernel-e423684175293233.7wj5zoa8xxs3t0yy1onealpk8.0x2lq71.rcgu.o:(.debug_abbrev)
     4b1      4b1        0     1                 $d
     724      724      312     1         /home/famous282/.rustup/toolchains/stable-x86_64-unknown-linux-gnu/lib/rustlib/riscv32imac-unknown-none-elf/lib/libcore-c6eeea32d188506f.rlib(core-c6eeea32d188506f.core.f2b050c2002e39f1-cgu.0.rcgu.o):(.debug_abbrev)
     724      724        0     1                 $d
     a36      a36       5b     1         /home/famous282/.rustup/toolchains/stable-x86_64-unknown-linux-gnu/lib/rustlib/riscv32imac-unknown-none-elf/lib/libcompiler_builtins-ad31f96eaed4fe7a.rlib(compiler_builtins-ad31f96eaed4fe7a.compiler_builtins.a8dbbfe33f18591e-cgu.105.rcgu.o):(.debug_abbrev)
     a36      a36        0     1                 $d
     a91      a91       5f     1         /home/famous282/.rustup/toolchains/stable-x86_64-unknown-linux-gnu/lib/rustlib/riscv32imac-unknown-none-elf/lib/libcompiler_builtins-ad31f96eaed4fe7a.rlib(compiler_builtins-ad31f96eaed4fe7a.compiler_builtins.a8dbbfe33f18591e-cgu.157.rcgu.o):(.debug_abbrev)
     a91      a91        0     1                 $d
     af0      af0       a8     1         /home/famous282/.rustup/toolchains/stable-x86_64-unknown-linux-gnu/lib/rustlib/riscv32imac-unknown-none-elf/lib/libcompiler_builtins-ad31f96eaed4fe7a.rlib(compiler_builtins-ad31f96eaed4fe7a.compiler_builtins.a8dbbfe33f18591e-cgu.016.rcgu.o):(.debug_abbrev)
     af0      af0        0     1                 $d
     b98      b98       aa     1         /home/famous282/.rustup/toolchains/stable-x86_64-unknown-linux-gnu/lib/rustlib/riscv32imac-unknown-none-elf/lib/libcompiler_builtins-ad31f96eaed4fe7a.rlib(compiler_builtins-ad31f96eaed4fe7a.compiler_builtins.a8dbbfe33f18591e-cgu.162.rcgu.o):(.debug_abbrev)
     b98      b98        0     1                 $d
     c42      c42       e9     1         /home/famous282/.rustup/toolchains/stable-x86_64-unknown-linux-gnu/lib/rustlib/riscv32imac-unknown-none-elf/lib/libcompiler_builtins-ad31f96eaed4fe7a.rlib(compiler_builtins-ad31f96eaed4fe7a.compiler_builtins.a8dbbfe33f18591e-cgu.199.rcgu.o):(.debug_abbrev)
     c42      c42        0     1                 $d
     d2b      d2b       cf     1         /home/famous282/.rustup/toolchains/stable-x86_64-unknown-linux-gnu/lib/rustlib/riscv32imac-unknown-none-elf/lib/libcompiler_builtins-ad31f96eaed4fe7a.rlib(compiler_builtins-ad31f96eaed4fe7a.compiler_builtins.a8dbbfe33f18591e-cgu.225.rcgu.o):(.debug_abbrev)
     d2b      d2b        0     1                 $d
     dfa      dfa       2e     1         /home/famous282/.rustup/toolchains/stable-x86_64-unknown-linux-gnu/lib/rustlib/riscv32imac-unknown-none-elf/lib/libcompiler_builtins-ad31f96eaed4fe7a.rlib(compiler_builtins-ad31f96eaed4fe7a.compiler_builtins.a8dbbfe33f18591e-cgu.228.rcgu.o):(.debug_abbrev)
     dfa      dfa        0     1                 $d
     e28      e28      134     1         /home/famous282/.rustup/toolchains/stable-x86_64-unknown-linux-gnu/lib/rustlib/riscv32imac-unknown-none-elf/lib/libcompiler_builtins-ad31f96eaed4fe7a.rlib(compiler_builtins-ad31f96eaed4fe7a.compiler_builtins.a8dbbfe33f18591e-cgu.003.rcgu.o):(.debug_abbrev)
     e28      e28        0     1                 $d
     f5c      f5c      181     1         /home/famous282/.rustup/toolchains/stable-x86_64-unknown-linux-gnu/lib/rustlib/riscv32imac-unknown-none-elf/lib/libcompiler_builtins-ad31f96eaed4fe7a.rlib(compiler_builtins-ad31f96eaed4fe7a.compiler_builtins.a8dbbfe33f18591e-cgu.017.rcgu.o):(.debug_abbrev)
     f5c      f5c        0     1                 $d
    10dd     10dd       e0     1         /home/famous282/.rustup/toolchains/stable-x86_64-unknown-linux-gnu/lib/rustlib/riscv32imac-unknown-none-elf/lib/libcompiler_builtins-ad31f96eaed4fe7a.rlib(compiler_builtins-ad31f96eaed4fe7a.compiler_builtins.a8dbbfe33f18591e-cgu.236.rcgu.o):(.debug_abbrev)
    10dd     10dd        0     1                 $d
    11bd     11bd       aa     1         /home/famous282/.rustup/toolchains/stable-x86_64-unknown-linux-gnu/lib/rustlib/riscv32imac-unknown-none-elf/lib/libcompiler_builtins-ad31f96eaed4fe7a.rlib(compiler_builtins-ad31f96eaed4fe7a.compiler_builtins.a8dbbfe33f18591e-cgu.239.rcgu.o):(.debug_abbrev)
    11bd     11bd        0     1                 $d
    1267     1267       2e     1         /home/famous282/.rustup/toolchains/stable-x86_64-unknown-linux-gnu/lib/rustlib/riscv32imac-unknown-none-elf/lib/libcompiler_builtins-ad31f96eaed4fe7a.rlib(compiler_builtins-ad31f96eaed4fe7a.compiler_builtins.a8dbbfe33f18591e-cgu.256.rcgu.o):(.debug_abbrev)
    1267     1267        0     1                 $d
    1295     1295      14e     1         /home/famous282/.rustup/toolchains/stable-x86_64-unknown-linux-gnu/lib/rustlib/riscv32imac-unknown-none-elf/lib/libcompiler_builtins-ad31f96eaed4fe7a.rlib(compiler_builtins-ad31f96eaed4fe7a.compiler_builtins.a8dbbfe33f18591e-cgu.000.rcgu.o):(.debug_abbrev)
    1295     1295        0     1                 $d
    13e3     13e3       b9     1         /home/famous282/.rustup/toolchains/stable-x86_64-unknown-linux-gnu/lib/rustlib/riscv32imac-unknown-none-elf/lib/libcompiler_builtins-ad31f96eaed4fe7a.rlib(compiler_builtins-ad31f96eaed4fe7a.compiler_builtins.a8dbbfe33f18591e-cgu.285.rcgu.o):(.debug_abbrev)
    13e3     13e3        0     1                 $d
    149c     149c       5f     1         /home/famous282/.rustup/toolchains/stable-x86_64-unknown-linux-gnu/lib/rustlib/riscv32imac-unknown-none-elf/lib/libcompiler_builtins-ad31f96eaed4fe7a.rlib(compiler_builtins-ad31f96eaed4fe7a.compiler_builtins.a8dbbfe33f18591e-cgu.287.rcgu.o):(.debug_abbrev)
    149c     149c        0     1                 $d
    14fb     14fb       2e     1         /home/famous282/.rustup/toolchains/stable-x86_64-unknown-linux-gnu/lib/rustlib/riscv32imac-unknown-none-elf/lib/libcompiler_builtins-ad31f96eaed4fe7a.rlib(compiler_builtins-ad31f96eaed4fe7a.compiler_builtins.a8dbbfe33f18591e-cgu.295.rcgu.o):(.debug_abbrev)
    14fb     14fb        0     1                 $d
    1529     1529       b9     1         /home/famous282/.rustup/toolchains/stable-x86_64-unknown-linux-gnu/lib/rustlib/riscv32imac-unknown-none-elf/lib/libcompiler_builtins-ad31f96eaed4fe7a.rlib(compiler_builtins-ad31f96eaed4fe7a.compiler_builtins.a8dbbfe33f18591e-cgu.300.rcgu.o):(.debug_abbrev)
    1529     1529        0     1                 $d
    15e2     15e2       ca     1         /home/famous282/.rustup/toolchains/stable-x86_64-unknown-linux-gnu/lib/rustlib/riscv32imac-unknown-none-elf/lib/libcompiler_builtins-ad31f96eaed4fe7a.rlib(compiler_builtins-ad31f96eaed4fe7a.compiler_builtins.a8dbbfe33f18591e-cgu.303.rcgu.o):(.debug_abbrev)
    15e2     15e2        0     1                 $d
    16ac     16ac       5f     1         /home/famous282/.rustup/toolchains/stable-x86_64-unknown-linux-gnu/lib/rustlib/riscv32imac-unknown-none-elf/lib/libcompiler_builtins-ad31f96eaed4fe7a.rlib(compiler_builtins-ad31f96eaed4fe7a.compiler_builtins.a8dbbfe33f18591e-cgu.308.rcgu.o):(.debug_abbrev)
    16ac     16ac        0     1                 $d
    170b     170b       5f     1         /home/famous282/.rustup/toolchains/stable-x86_64-unknown-linux-gnu/lib/rustlib/riscv32imac-unknown-none-elf/lib/libcompiler_builtins-ad31f96eaed4fe7a.rlib(compiler_builtins-ad31f96eaed4fe7a.compiler_builtins.a8dbbfe33f18591e-cgu.315.rcgu.o):(.debug_abbrev)
    170b     170b        0     1                 $d
    176a     176a       aa     1         /home/famous282/.rustup/toolchains/stable-x86_64-unknown-linux-gnu/lib/rustlib/riscv32imac-unknown-none-elf/lib/libcompiler_builtins-ad31f96eaed4fe7a.rlib(compiler_builtins-ad31f96eaed4fe7a.compiler_builtins.a8dbbfe33f18591e-cgu.325.rcgu.o):(.debug_abbrev)
    176a     176a        0     1                 $d
    1814     1814       2e     1         /home/famous282/.rustup/toolchains/stable-x86_64-unknown-linux-gnu/lib/rustlib/riscv32imac-unknown-none-elf/lib/libcompiler_builtins-ad31f96eaed4fe7a.rlib(compiler_builtins-ad31f96eaed4fe7a.compiler_builtins.a8dbbfe33f18591e-cgu.326.rcgu.o):(.debug_abbrev)
    1814     1814        0     1                 $d
    1842     1842       aa     1         /home/famous282/.rustup/toolchains/stable-x86_64-unknown-linux-gnu/lib/rustlib/riscv32imac-unknown-none-elf/lib/libcompiler_builtins-ad31f96eaed4fe7a.rlib(compiler_builtins-ad31f96eaed4fe7a.compiler_builtins.a8dbbfe33f18591e-cgu.327.rcgu.o):(.debug_abbrev)
    1842     1842        0     1                 $d
    18ec     18ec       b9     1         /home/famous282/.rustup/toolchains/stable-x86_64-unknown-linux-gnu/lib/rustlib/riscv32imac-unknown-none-elf/lib/libcompiler_builtins-ad31f96eaed4fe7a.rlib(compiler_builtins-ad31f96eaed4fe7a.compiler_builtins.a8dbbfe33f18591e-cgu.331.rcgu.o):(.debug_abbrev)
    18ec     18ec        0     1                 $d
    19a5     19a5       aa     1         /home/famous282/.rustup/toolchains/stable-x86_64-unknown-linux-gnu/lib/rustlib/riscv32imac-unknown-none-elf/lib/libcompiler_builtins-ad31f96eaed4fe7a.rlib(compiler_builtins-ad31f96eaed4fe7a.compiler_builtins.a8dbbfe33f18591e-cgu.332.rcgu.o):(.debug_abbrev)
    19a5     19a5        0     1                 $d
    1a4f     1a4f       2e     1         /home/famous282/.rustup/toolchains/stable-x86_64-unknown-linux-gnu/lib/rustlib/riscv32imac-unknown-none-elf/lib/libcompiler_builtins-ad31f96eaed4fe7a.rlib(compiler_builtins-ad31f96eaed4fe7a.compiler_builtins.a8dbbfe33f18591e-cgu.351.rcgu.o):(.debug_abbrev)
    1a4f     1a4f        0     1                 $d
    1a7d     1a7d      131     1         /home/famous282/.rustup/toolchains/stable-x86_64-unknown-linux-gnu/lib/rustlib/riscv32imac-unknown-none-elf/lib/libcompiler_builtins-ad31f96eaed4fe7a.rlib(compiler_builtins-ad31f96eaed4fe7a.compiler_builtins.a8dbbfe33f18591e-cgu.012.rcgu.o):(.debug_abbrev)
    1a7d     1a7d        0     1                 $d
       0        0    284e1     1 .debug_info
       0        0      6e6     1         /home/famous282/1000linesOS/kernel/target/riscv32imac-unknown-none-elf/debug/deps/kernel-e423684175293233.1gy28gr8yncw9yg4wm3kw95ip.0x2lq71.rcgu.o:(.debug_info)
       0        0        0     1                 .L0 
       0        0        0     1                 $d
     6e6      6e6      45c     1         /home/famous282/1000linesOS/kernel/target/riscv32imac-unknown-none-elf/debug/deps/kernel-e423684175293233.1zwa976huie3oeuiu5py3i96v.0x2lq71.rcgu.o:(.debug_info)
     6e6      6e6        0     1                 .L0 
     6e6      6e6        0     1                 $d
     b42      b42      3ee     1         /home/famous282/1000linesOS/kernel/target/riscv32imac-unknown-none-elf/debug/deps/kernel-e423684175293233.7hqkh35l985iompa8en7ayj8i.0x2lq71.rcgu.o:(.debug_info)
     b42      b42        0     1                 .L0 
     b42      b42        0     1                 $d
     f30      f30      bc7     1         /home/famous282/1000linesOS/kernel/target/riscv32imac-unknown-none-elf/debug/deps/kernel-e423684175293233.7wj5zoa8xxs3t0yy1onealpk8.0x2lq71.rcgu.o:(.debug_info)
     f30      f30        0     1                 .L0 
     f30      f30        0     1                 $d
    1af7     1af7    20826     1         /home/famous282/.rustup/toolchains/stable-x86_64-unknown-linux-gnu/lib/rustlib/riscv32imac-unknown-none-elf/lib/libcore-c6eeea32d188506f.rlib(core-c6eeea32d188506f.core.f2b050c2002e39f1-cgu.0.rcgu.o):(.debug_info)
    1af7     1af7        0     1                 .L0 
    1af7     1af7        0     1                 $d
   2231d    2231d       86     1         /home/famous282/.rustup/toolchains/stable-x86_64-unknown-linux-gnu/lib/rustlib/riscv32imac-unknown-none-elf/lib/libcompiler_builtins-ad31f96eaed4fe7a.rlib(compiler_builtins-ad31f96eaed4fe7a.compiler_builtins.a8dbbfe33f18591e-cgu.105.rcgu.o):(.debug_info)
   2231d    2231d        0     1                 .L0 
   2231d    2231d        0     1                 $d
   223a3    223a3       a1     1         /home/famous282/.rustup/toolchains/stable-x86_64-unknown-linux-gnu/lib/rustlib/riscv32imac-unknown-none-elf/lib/libcompiler_builtins-ad31f96eaed4fe7a.rlib(compiler_builtins-ad31f96eaed4fe7a.compiler_builtins.a8dbbfe33f18591e-cgu.157.rcgu.o):(.debug_info)
   223a3    223a3        0     1                 .L0 
   223a3    223a3        0     1                 $d
   22444    22444      419     1         /home/famous282/.rustup/toolchains/stable-x86_64-unknown-linux-gnu/lib/rustlib/riscv32imac-unknown-none-elf/lib/libcompiler_builtins-ad31f96eaed4fe7a.rlib(compiler_builtins-ad31f96eaed4fe7a.compiler_builtins.a8dbbfe33f18591e-cgu.016.rcgu.o):(.debug_info)
   22444    22444        0     1                 .L0 
   22444    22444        0     1                 $d
   2285d    2285d      15e     1         /home/famous282/.rustup/toolchains/stable-x86_64-unknown-linux-gnu/lib/rustlib/riscv32imac-unknown-none-elf/lib/libcompiler_builtins-ad31f96eaed4fe7a.rlib(compiler_builtins-ad31f96eaed4fe7a.compiler_builtins.a8dbbfe33f18591e-cgu.162.rcgu.o):(.debug_info)
   2285d    2285d        0     1                 .L0 
   2285d    2285d        0     1                 $d
   229bb    229bb      2a7     1         /home/famous282/.rustup/toolchains/stable-x86_64-unknown-linux-gnu/lib/rustlib/riscv32imac-unknown-none-elf/lib/libcompiler_builtins-ad31f96eaed4fe7a.rlib(compiler_builtins-ad31f96eaed4fe7a.compiler_builtins.a8dbbfe33f18591e-cgu.199.rcgu.o):(.debug_info)
   229bb    229bb        0     1                 .L0 
   229bb    229bb        0     1                 $d
   22c62    22c62      273     1         /home/famous282/.rustup/toolchains/stable-x86_64-unknown-linux-gnu/lib/rustlib/riscv32imac-unknown-none-elf/lib/libcompiler_builtins-ad31f96eaed4fe7a.rlib(compiler_builtins-ad31f96eaed4fe7a.compiler_builtins.a8dbbfe33f18591e-cgu.225.rcgu.o):(.debug_info)
   22c62    22c62        0     1                 .L0 
   22c62    22c62        0     1                 $d
   22ed5    22ed5       51     1         /home/famous282/.rustup/toolchains/stable-x86_64-unknown-linux-gnu/lib/rustlib/riscv32imac-unknown-none-elf/lib/libcompiler_builtins-ad31f96eaed4fe7a.rlib(compiler_builtins-ad31f96eaed4fe7a.compiler_builtins.a8dbbfe33f18591e-cgu.228.rcgu.o):(.debug_info)
   22ed5    22ed5        0     1                 .L0 
   22ed5    22ed5        0     1                 $d
   22f26    22f26     14d6     1         /home/famous282/.rustup/toolchains/stable-x86_64-unknown-linux-gnu/lib/rustlib/riscv32imac-unknown-none-elf/lib/libcompiler_builtins-ad31f96eaed4fe7a.rlib(compiler_builtins-ad31f96eaed4fe7a.compiler_builtins.a8dbbfe33f18591e-cgu.003.rcgu.o):(.debug_info)
   22f26    22f26        0     1                 .L0 
   22f26    22f26        0     1                 $d
   243fc    243fc      37f     1         /home/famous282/.rustup/toolchains/stable-x86_64-unknown-linux-gnu/lib/rustlib/riscv32imac-unknown-none-elf/lib/libcompiler_builtins-ad31f96eaed4fe7a.rlib(compiler_builtins-ad31f96eaed4fe7a.compiler_builtins.a8dbbfe33f18591e-cgu.017.rcgu.o):(.debug_info)
   243fc    243fc        0     1                 .L0 
   243fc    243fc        0     1                 $d
   2477b    2477b      274     1         /home/famous282/.rustup/toolchains/stable-x86_64-unknown-linux-gnu/lib/rustlib/riscv32imac-unknown-none-elf/lib/libcompiler_builtins-ad31f96eaed4fe7a.rlib(compiler_builtins-ad31f96eaed4fe7a.compiler_builtins.a8dbbfe33f18591e-cgu.236.rcgu.o):(.debug_info)
   2477b    2477b        0     1                 .L0 
   2477b    2477b        0     1                 $d
   249ef    249ef      15e     1         /home/famous282/.rustup/toolchains/stable-x86_64-unknown-linux-gnu/lib/rustlib/riscv32imac-unknown-none-elf/lib/libcompiler_builtins-ad31f96eaed4fe7a.rlib(compiler_builtins-ad31f96eaed4fe7a.compiler_builtins.a8dbbfe33f18591e-cgu.239.rcgu.o):(.debug_info)
   249ef    249ef        0     1                 .L0 
   249ef    249ef        0     1                 $d
   24b4d    24b4d       51     1         /home/famous282/.rustup/toolchains/stable-x86_64-unknown-linux-gnu/lib/rustlib/riscv32imac-unknown-none-elf/lib/libcompiler_builtins-ad31f96eaed4fe7a.rlib(compiler_builtins-ad31f96eaed4fe7a.compiler_builtins.a8dbbfe33f18591e-cgu.256.rcgu.o):(.debug_info)
   24b4d    24b4d        0     1                 .L0 
   24b4d    24b4d        0     1                 $d
   24b9e    24b9e     182c     1         /home/famous282/.rustup/toolchains/stable-x86_64-unknown-linux-gnu/lib/rustlib/riscv32imac-unknown-none-elf/lib/libcompiler_builtins-ad31f96eaed4fe7a.rlib(compiler_builtins-ad31f96eaed4fe7a.compiler_builtins.a8dbbfe33f18591e-cgu.000.rcgu.o):(.debug_info)
   24b9e    24b9e        0     1                 .L0 
   24b9e    24b9e        0     1                 $d
   263ca    263ca      1d8     1         /home/famous282/.rustup/toolchains/stable-x86_64-unknown-linux-gnu/lib/rustlib/riscv32imac-unknown-none-elf/lib/libcompiler_builtins-ad31f96eaed4fe7a.rlib(compiler_builtins-ad31f96eaed4fe7a.compiler_builtins.a8dbbfe33f18591e-cgu.285.rcgu.o):(.debug_info)
   263ca    263ca        0     1                 .L0 
   263ca    263ca        0     1                 $d
   265a2    265a2       a1     1         /home/famous282/.rustup/toolchains/stable-x86_64-unknown-linux-gnu/lib/rustlib/riscv32imac-unknown-none-elf/lib/libcompiler_builtins-ad31f96eaed4fe7a.rlib(compiler_builtins-ad31f96eaed4fe7a.compiler_builtins.a8dbbfe33f18591e-cgu.287.rcgu.o):(.debug_info)
   265a2    265a2        0     1                 .L0 
   265a2    265a2        0     1                 $d
   26643    26643       51     1         /home/famous282/.rustup/toolchains/stable-x86_64-unknown-linux-gnu/lib/rustlib/riscv32imac-unknown-none-elf/lib/libcompiler_builtins-ad31f96eaed4fe7a.rlib(compiler_builtins-ad31f96eaed4fe7a.compiler_builtins.a8dbbfe33f18591e-cgu.295.rcgu.o):(.debug_info)
   26643    26643        0     1                 .L0 
   26643    26643        0     1                 $d
   26694    26694      1d8     1         /home/famous282/.rustup/toolchains/stable-x86_64-unknown-linux-gnu/lib/rustlib/riscv32imac-unknown-none-elf/lib/libcompiler_builtins-ad31f96eaed4fe7a.rlib(compiler_builtins-ad31f96eaed4fe7a.compiler_builtins.a8dbbfe33f18591e-cgu.300.rcgu.o):(.debug_info)
   26694    26694        0     1                 .L0 
   26694    26694        0     1                 $d
   2686c    2686c      377     1         /home/famous282/.rustup/toolchains/stable-x86_64-unknown-linux-gnu/lib/rustlib/riscv32imac-unknown-none-elf/lib/libcompiler_builtins-ad31f96eaed4fe7a.rlib(compiler_builtins-ad31f96eaed4fe7a.compiler_builtins.a8dbbfe33f18591e-cgu.303.rcgu.o):(.debug_info)
   2686c    2686c        0     1                 .L0 
   2686c    2686c        0     1                 $d
   26be3    26be3       a1     1         /home/famous282/.rustup/toolchains/stable-x86_64-unknown-linux-gnu/lib/rustlib/riscv32imac-unknown-none-elf/lib/libcompiler_builtins-ad31f96eaed4fe7a.rlib(compiler_builtins-ad31f96eaed4fe7a.compiler_builtins.a8dbbfe33f18591e-cgu.308.rcgu.o):(.debug_info)
   26be3    26be3        0     1                 .L0 
   26be3    26be3        0     1                 $d
   26c84    26c84       a1     1         /home/famous282/.rustup/toolchains/stable-x86_64-unknown-linux-gnu/lib/rustlib/riscv32imac-unknown-none-elf/lib/libcompiler_builtins-ad31f96eaed4fe7a.rlib(compiler_builtins-ad31f96eaed4fe7a.compiler_builtins.a8dbbfe33f18591e-cgu.315.rcgu.o):(.debug_info)
   26c84    26c84        0     1                 .L0 
   26c84    26c84        0     1                 $d
   26d25    26d25      15e     1         /home/famous282/.rustup/toolchains/stable-x86_64-unknown-linux-gnu/lib/rustlib/riscv32imac-unknown-none-elf/lib/libcompiler_builtins-ad31f96eaed4fe7a.rlib(compiler_builtins-ad31f96eaed4fe7a.compiler_builtins.a8dbbfe33f18591e-cgu.325.rcgu.o):(.debug_info)
   26d25    26d25        0     1                 .L0 
   26d25    26d25        0     1                 $d
   26e83    26e83       51     1         /home/famous282/.rustup/toolchains/stable-x86_64-unknown-linux-gnu/lib/rustlib/riscv32imac-unknown-none-elf/lib/libcompiler_builtins-ad31f96eaed4fe7a.rlib(compiler_builtins-ad31f96eaed4fe7a.compiler_builtins.a8dbbfe33f18591e-cgu.326.rcgu.o):(.debug_info)
   26e83    26e83        0     1                 .L0 
   26e83    26e83        0     1                 $d
   26ed4    26ed4      373     1         /home/famous282/.rustup/toolchains/stable-x86_64-unknown-linux-gnu/lib/rustlib/riscv32imac-unknown-none-elf/lib/libcompiler_builtins-ad31f96eaed4fe7a.rlib(compiler_builtins-ad31f96eaed4fe7a.compiler_builtins.a8dbbfe33f18591e-cgu.327.rcgu.o):(.debug_info)
   26ed4    26ed4        0     1                 .L0 
   26ed4    26ed4        0     1                 $d
   27247    27247      1d8     1         /home/famous282/.rustup/toolchains/stable-x86_64-unknown-linux-gnu/lib/rustlib/riscv32imac-unknown-none-elf/lib/libcompiler_builtins-ad31f96eaed4fe7a.rlib(compiler_builtins-ad31f96eaed4fe7a.compiler_builtins.a8dbbfe33f18591e-cgu.331.rcgu.o):(.debug_info)
   27247    27247        0     1                 .L0 
   27247    27247        0     1                 $d
   2741f    2741f      15e     1         /home/famous282/.rustup/toolchains/stable-x86_64-unknown-linux-gnu/lib/rustlib/riscv32imac-unknown-none-elf/lib/libcompiler_builtins-ad31f96eaed4fe7a.rlib(compiler_builtins-ad31f96eaed4fe7a.compiler_builtins.a8dbbfe33f18591e-cgu.332.rcgu.o):(.debug_info)
   2741f    2741f        0     1                 .L0 
   2741f    2741f        0     1                 $d
   2757d    2757d       4b     1         /home/famous282/.rustup/toolchains/stable-x86_64-unknown-linux-gnu/lib/rustlib/riscv32imac-unknown-none-elf/lib/libcompiler_builtins-ad31f96eaed4fe7a.rlib(compiler_builtins-ad31f96eaed4fe7a.compiler_builtins.a8dbbfe33f18591e-cgu.351.rcgu.o):(.debug_info)
   2757d    2757d        0     1                 .L0 
   2757d    2757d        0     1                 $d
   275c8    275c8      f19     1         /home/famous282/.rustup/toolchains/stable-x86_64-unknown-linux-gnu/lib/rustlib/riscv32imac-unknown-none-elf/lib/libcompiler_builtins-ad31f96eaed4fe7a.rlib(compiler_builtins-ad31f96eaed4fe7a.compiler_builtins.a8dbbfe33f18591e-cgu.012.rcgu.o):(.debug_info)
   275c8    275c8        0     1                 .L0 
   275c8    275c8        0     1                 $d
       0        0     15e0     1 .debug_aranges
       0        0       30     1         /home/famous282/1000linesOS/kernel/target/riscv32imac-unknown-none-elf/debug/deps/kernel-e423684175293233.1gy28gr8yncw9yg4wm3kw95ip.0x2lq71.rcgu.o:(.debug_aranges)
       0        0        0     1                 $d
      30       30       20     1         /home/famous282/1000linesOS/kernel/target/riscv32imac-unknown-none-elf/debug/deps/kernel-e423684175293233.1zwa976huie3oeuiu5py3i96v.0x2lq71.rcgu.o:(.debug_aranges)
      30       30        0     1                 $d
      50       50       28     1         /home/famous282/1000linesOS/kernel/target/riscv32imac-unknown-none-elf/debug/deps/kernel-e423684175293233.7hqkh35l985iompa8en7ayj8i.0x2lq71.rcgu.o:(.debug_aranges)
      50       50        0     1                 $d
      78       78       28     1         /home/famous282/1000linesOS/kernel/target/riscv32imac-unknown-none-elf/debug/deps/kernel-e423684175293233.7wj5zoa8xxs3t0yy1onealpk8.0x2lq71.rcgu.o:(.debug_aranges)
      78       78        0     1                 $d
      a0       a0     1160     1         /home/famous282/.rustup/toolchains/stable-x86_64-unknown-linux-gnu/lib/rustlib/riscv32imac-unknown-none-elf/lib/libcore-c6eeea32d188506f.rlib(core-c6eeea32d188506f.core.f2b050c2002e39f1-cgu.0.rcgu.o):(.debug_aranges)
      a0       a0        0     1                 $d
    1200     1200       20     1         /home/famous282/.rustup/toolchains/stable-x86_64-unknown-linux-gnu/lib/rustlib/riscv32imac-unknown-none-elf/lib/libcompiler_builtins-ad31f96eaed4fe7a.rlib(compiler_builtins-ad31f96eaed4fe7a.compiler_builtins.a8dbbfe33f18591e-cgu.105.rcgu.o):(.debug_aranges)
    1200     1200        0     1                 $d
    1220     1220       20     1         /home/famous282/.rustup/toolchains/stable-x86_64-unknown-linux-gnu/lib/rustlib/riscv32imac-unknown-none-elf/lib/libcompiler_builtins-ad31f96eaed4fe7a.rlib(compiler_builtins-ad31f96eaed4fe7a.compiler_builtins.a8dbbfe33f18591e-cgu.157.rcgu.o):(.debug_aranges)
    1220     1220        0     1                 $d
    1240     1240       28     1         /home/famous282/.rustup/toolchains/stable-x86_64-unknown-linux-gnu/lib/rustlib/riscv32imac-unknown-none-elf/lib/libcompiler_builtins-ad31f96eaed4fe7a.rlib(compiler_builtins-ad31f96eaed4fe7a.compiler_builtins.a8dbbfe33f18591e-cgu.016.rcgu.o):(.debug_aranges)
    1240     1240        0     1                 $d
    1268     1268       20     1         /home/famous282/.rustup/toolchains/stable-x86_64-unknown-linux-gnu/lib/rustlib/riscv32imac-unknown-none-elf/lib/libcompiler_builtins-ad31f96eaed4fe7a.rlib(compiler_builtins-ad31f96eaed4fe7a.compiler_builtins.a8dbbfe33f18591e-cgu.162.rcgu.o):(.debug_aranges)
    1268     1268        0     1                 $d
    1288     1288       20     1         /home/famous282/.rustup/toolchains/stable-x86_64-unknown-linux-gnu/lib/rustlib/riscv32imac-unknown-none-elf/lib/libcompiler_builtins-ad31f96eaed4fe7a.rlib(compiler_builtins-ad31f96eaed4fe7a.compiler_builtins.a8dbbfe33f18591e-cgu.199.rcgu.o):(.debug_aranges)
    1288     1288        0     1                 $d
    12a8     12a8       20     1         /home/famous282/.rustup/toolchains/stable-x86_64-unknown-linux-gnu/lib/rustlib/riscv32imac-unknown-none-elf/lib/libcompiler_builtins-ad31f96eaed4fe7a.rlib(compiler_builtins-ad31f96eaed4fe7a.compiler_builtins.a8dbbfe33f18591e-cgu.225.rcgu.o):(.debug_aranges)
    12a8     12a8        0     1                 $d
    12c8     12c8       20     1         /home/famous282/.rustup/toolchains/stable-x86_64-unknown-linux-gnu/lib/rustlib/riscv32imac-unknown-none-elf/lib/libcompiler_builtins-ad31f96eaed4fe7a.rlib(compiler_builtins-ad31f96eaed4fe7a.compiler_builtins.a8dbbfe33f18591e-cgu.228.rcgu.o):(.debug_aranges)
    12c8     12c8        0     1                 $d
    12e8     12e8       38     1         /home/famous282/.rustup/toolchains/stable-x86_64-unknown-linux-gnu/lib/rustlib/riscv32imac-unknown-none-elf/lib/libcompiler_builtins-ad31f96eaed4fe7a.rlib(compiler_builtins-ad31f96eaed4fe7a.compiler_builtins.a8dbbfe33f18591e-cgu.003.rcgu.o):(.debug_aranges)
    12e8     12e8        0     1                 $d
    1320     1320       60     1         /home/famous282/.rustup/toolchains/stable-x86_64-unknown-linux-gnu/lib/rustlib/riscv32imac-unknown-none-elf/lib/libcompiler_builtins-ad31f96eaed4fe7a.rlib(compiler_builtins-ad31f96eaed4fe7a.compiler_builtins.a8dbbfe33f18591e-cgu.017.rcgu.o):(.debug_aranges)
    1320     1320        0     1                 $d
    1380     1380       20     1         /home/famous282/.rustup/toolchains/stable-x86_64-unknown-linux-gnu/lib/rustlib/riscv32imac-unknown-none-elf/lib/libcompiler_builtins-ad31f96eaed4fe7a.rlib(compiler_builtins-ad31f96eaed4fe7a.compiler_builtins.a8dbbfe33f18591e-cgu.236.rcgu.o):(.debug_aranges)
    1380     1380        0     1                 $d
    13a0     13a0       20     1         /home/famous282/.rustup/toolchains/stable-x86_64-unknown-linux-gnu/lib/rustlib/riscv32imac-unknown-none-elf/lib/libcompiler_builtins-ad31f96eaed4fe7a.rlib(compiler_builtins-ad31f96eaed4fe7a.compiler_builtins.a8dbbfe33f18591e-cgu.239.rcgu.o):(.debug_aranges)
    13a0     13a0        0     1                 $d
    13c0     13c0       20     1         /home/famous282/.rustup/toolchains/stable-x86_64-unknown-linux-gnu/lib/rustlib/riscv32imac-unknown-none-elf/lib/libcompiler_builtins-ad31f96eaed4fe7a.rlib(compiler_builtins-ad31f96eaed4fe7a.compiler_builtins.a8dbbfe33f18591e-cgu.256.rcgu.o):(.debug_aranges)
    13c0     13c0        0     1                 $d
    13e0     13e0       30     1         /home/famous282/.rustup/toolchains/stable-x86_64-unknown-linux-gnu/lib/rustlib/riscv32imac-unknown-none-elf/lib/libcompiler_builtins-ad31f96eaed4fe7a.rlib(compiler_builtins-ad31f96eaed4fe7a.compiler_builtins.a8dbbfe33f18591e-cgu.000.rcgu.o):(.debug_aranges)
    13e0     13e0        0     1                 $d
    1410     1410       20     1         /home/famous282/.rustup/toolchains/stable-x86_64-unknown-linux-gnu/lib/rustlib/riscv32imac-unknown-none-elf/lib/libcompiler_builtins-ad31f96eaed4fe7a.rlib(compiler_builtins-ad31f96eaed4fe7a.compiler_builtins.a8dbbfe33f18591e-cgu.285.rcgu.o):(.debug_aranges)
    1410     1410        0     1                 $d
    1430     1430       20     1         /home/famous282/.rustup/toolchains/stable-x86_64-unknown-linux-gnu/lib/rustlib/riscv32imac-unknown-none-elf/lib/libcompiler_builtins-ad31f96eaed4fe7a.rlib(compiler_builtins-ad31f96eaed4fe7a.compiler_builtins.a8dbbfe33f18591e-cgu.287.rcgu.o):(.debug_aranges)
    1430     1430        0     1                 $d
    1450     1450       20     1         /home/famous282/.rustup/toolchains/stable-x86_64-unknown-linux-gnu/lib/rustlib/riscv32imac-unknown-none-elf/lib/libcompiler_builtins-ad31f96eaed4fe7a.rlib(compiler_builtins-ad31f96eaed4fe7a.compiler_builtins.a8dbbfe33f18591e-cgu.295.rcgu.o):(.debug_aranges)
    1450     1450        0     1                 $d
    1470     1470       20     1         /home/famous282/.rustup/toolchains/stable-x86_64-unknown-linux-gnu/lib/rustlib/riscv32imac-unknown-none-elf/lib/libcompiler_builtins-ad31f96eaed4fe7a.rlib(compiler_builtins-ad31f96eaed4fe7a.compiler_builtins.a8dbbfe33f18591e-cgu.300.rcgu.o):(.debug_aranges)
    1470     1470        0     1                 $d
    1490     1490       20     1         /home/famous282/.rustup/toolchains/stable-x86_64-unknown-linux-gnu/lib/rustlib/riscv32imac-unknown-none-elf/lib/libcompiler_builtins-ad31f96eaed4fe7a.rlib(compiler_builtins-ad31f96eaed4fe7a.compiler_builtins.a8dbbfe33f18591e-cgu.303.rcgu.o):(.debug_aranges)
    1490     1490        0     1                 $d
    14b0     14b0       20     1         /home/famous282/.rustup/toolchains/stable-x86_64-unknown-linux-gnu/lib/rustlib/riscv32imac-unknown-none-elf/lib/libcompiler_builtins-ad31f96eaed4fe7a.rlib(compiler_builtins-ad31f96eaed4fe7a.compiler_builtins.a8dbbfe33f18591e-cgu.308.rcgu.o):(.debug_aranges)
    14b0     14b0        0     1                 $d
    14d0     14d0       20     1         /home/famous282/.rustup/toolchains/stable-x86_64-unknown-linux-gnu/lib/rustlib/riscv32imac-unknown-none-elf/lib/libcompiler_builtins-ad31f96eaed4fe7a.rlib(compiler_builtins-ad31f96eaed4fe7a.compiler_builtins.a8dbbfe33f18591e-cgu.315.rcgu.o):(.debug_aranges)
    14d0     14d0        0     1                 $d
    14f0     14f0       20     1         /home/famous282/.rustup/toolchains/stable-x86_64-unknown-linux-gnu/lib/rustlib/riscv32imac-unknown-none-elf/lib/libcompiler_builtins-ad31f96eaed4fe7a.rlib(compiler_builtins-ad31f96eaed4fe7a.compiler_builtins.a8dbbfe33f18591e-cgu.325.rcgu.o):(.debug_aranges)
    14f0     14f0        0     1                 $d
    1510     1510       20     1         /home/famous282/.rustup/toolchains/stable-x86_64-unknown-linux-gnu/lib/rustlib/riscv32imac-unknown-none-elf/lib/libcompiler_builtins-ad31f96eaed4fe7a.rlib(compiler_builtins-ad31f96eaed4fe7a.compiler_builtins.a8dbbfe33f18591e-cgu.326.rcgu.o):(.debug_aranges)
    1510     1510        0     1                 $d
    1530     1530       20     1         /home/famous282/.rustup/toolchains/stable-x86_64-unknown-linux-gnu/lib/rustlib/riscv32imac-unknown-none-elf/lib/libcompiler_builtins-ad31f96eaed4fe7a.rlib(compiler_builtins-ad31f96eaed4fe7a.compiler_builtins.a8dbbfe33f18591e-cgu.327.rcgu.o):(.debug_aranges)
    1530     1530        0     1                 $d
    1550     1550       20     1         /home/famous282/.rustup/toolchains/stable-x86_64-unknown-linux-gnu/lib/rustlib/riscv32imac-unknown-none-elf/lib/libcompiler_builtins-ad31f96eaed4fe7a.rlib(compiler_builtins-ad31f96eaed4fe7a.compiler_builtins.a8dbbfe33f18591e-cgu.331.rcgu.o):(.debug_aranges)
    1550     1550        0     1                 $d
    1570     1570       20     1         /home/famous282/.rustup/toolchains/stable-x86_64-unknown-linux-gnu/lib/rustlib/riscv32imac-unknown-none-elf/lib/libcompiler_builtins-ad31f96eaed4fe7a.rlib(compiler_builtins-ad31f96eaed4fe7a.compiler_builtins.a8dbbfe33f18591e-cgu.332.rcgu.o):(.debug_aranges)
    1570     1570        0     1                 $d
    1590     1590       20     1         /home/famous282/.rustup/toolchains/stable-x86_64-unknown-linux-gnu/lib/rustlib/riscv32imac-unknown-none-elf/lib/libcompiler_builtins-ad31f96eaed4fe7a.rlib(compiler_builtins-ad31f96eaed4fe7a.compiler_builtins.a8dbbfe33f18591e-cgu.351.rcgu.o):(.debug_aranges)
    1590     1590        0     1                 $d
    15b0     15b0       30     1         /home/famous282/.rustup/toolchains/stable-x86_64-unknown-linux-gnu/lib/rustlib/riscv32imac-unknown-none-elf/lib/libcompiler_builtins-ad31f96eaed4fe7a.rlib(compiler_builtins-ad31f96eaed4fe7a.compiler_builtins.a8dbbfe33f18591e-cgu.012.rcgu.o):(.debug_aranges)
    15b0     15b0        0     1                 $d
       0        0     cf98     1 .debug_ranges
       0        0       a0     1         /home/famous282/1000linesOS/kernel/target/riscv32imac-unknown-none-elf/debug/deps/kernel-e423684175293233.1gy28gr8yncw9yg4wm3kw95ip.0x2lq71.rcgu.o:(.debug_ranges)
       0        0        0     1                 .L0 
       0        0        0     1                 $d
      20       20        0     1                 .L0 
      48       48        0     1                 .L0 
      68       68        0     1                 .L0 
      88       88        0     1                 .L0 
      a0       a0       18     1         /home/famous282/1000linesOS/kernel/target/riscv32imac-unknown-none-elf/debug/deps/kernel-e423684175293233.7hqkh35l985iompa8en7ayj8i.0x2lq71.rcgu.o:(.debug_ranges)
      a0       a0        0     1                 .L0 
      a0       a0        0     1                 $d
      b8       b8      118     1         /home/famous282/1000linesOS/kernel/target/riscv32imac-unknown-none-elf/debug/deps/kernel-e423684175293233.7wj5zoa8xxs3t0yy1onealpk8.0x2lq71.rcgu.o:(.debug_ranges)
      b8       b8        0     1                 .L0 
      b8       b8        0     1                 $d
      d0       d0        0     1                 .L0 
      f0       f0        0     1                 .L0 
     110      110        0     1                 .L0 
     130      130        0     1                 .L0 
     148      148        0     1                 .L0 
     160      160        0     1                 .L0 
     180      180        0     1                 .L0 
     1a0      1a0        0     1                 .L0 
     1b8      1b8        0     1                 .L0 
     1d0      1d0     af18     1         /home/famous282/.rustup/toolchains/stable-x86_64-unknown-linux-gnu/lib/rustlib/riscv32imac-unknown-none-elf/lib/libcore-c6eeea32d188506f.rlib(core-c6eeea32d188506f.core.f2b050c2002e39f1-cgu.0.rcgu.o):(.debug_ranges)
     1d0      1d0        0     1                 .L0 
     1d0      1d0        0     1                 $d
     1e8      1e8        0     1                 .L0 
     208      208        0     1                 .L0 
     228      228        0     1                 .L0 
     240      240        0     1                 .L0 
     260      260        0     1                 .L0 
     280      280        0     1                 .L0 
     298      298        0     1                 .L0 
     2b0      2b0        0     1                 .L0 
     2c8      2c8        0     1                 .L0 
     2e8      2e8        0     1                 .L0 
     308      308        0     1                 .L0 
     328      328        0     1                 .L0 
     340      340        0     1                 .L0 
     358      358        0     1                 .L0 
     370      370        0     1                 .L0 
     388      388        0     1                 .L0 
     3a0      3a0        0     1                 .L0 
     3b8      3b8        0     1                 .L0 
[...]
    ca80     ca80        0     1                 .L0 
    ca80     ca80        0     1                 $d
    cac0     cac0        0     1                 .L0 
    cb00     cb00        0     1                 .L0 
    cb40     cb40        0     1                 .L0 
    cb58     cb58       78     1         /home/famous282/.rustup/toolchains/stable-x86_64-unknown-linux-gnu/lib/rustlib/riscv32imac-unknown-none-elf/lib/libcompiler_builtins-ad31f96eaed4fe7a.rlib(compiler_builtins-ad31f96eaed4fe7a.compiler_builtins.a8dbbfe33f18591e-cgu.331.rcgu.o):(.debug_ranges)
    cb58     cb58        0     1                 .L0 
    cb58     cb58        0     1                 $d
    cb88     cb88        0     1                 .L0 
    cba0     cba0        0     1                 .L0 
    cbb8     cbb8        0     1                 .L0 
    cbd0     cbd0       18     1         /home/famous282/.rustup/toolchains/stable-x86_64-unknown-linux-gnu/lib/rustlib/riscv32imac-unknown-none-elf/lib/libcompiler_builtins-ad31f96eaed4fe7a.rlib(compiler_builtins-ad31f96eaed4fe7a.compiler_builtins.a8dbbfe33f18591e-cgu.332.rcgu.o):(.debug_ranges)
    cbd0     cbd0        0     1                 .L0 
    cbd0     cbd0        0     1                 $d
    cbe8     cbe8      3b0     1         /home/famous282/.rustup/toolchains/stable-x86_64-unknown-linux-gnu/lib/rustlib/riscv32imac-unknown-none-elf/lib/libcompiler_builtins-ad31f96eaed4fe7a.rlib(compiler_builtins-ad31f96eaed4fe7a.compiler_builtins.a8dbbfe33f18591e-cgu.012.rcgu.o):(.debug_ranges)
    cbe8     cbe8        0     1                 .L0 
    cbe8     cbe8        0     1                 $d
    cc00     cc00        0     1                 .L0 
    cc18     cc18        0     1                 .L0 
    cc38     cc38        0     1                 .L0 
    cc58     cc58        0     1                 .L0 
    cc70     cc70        0     1                 .L0 
    cc88     cc88        0     1                 .L0 
    cca0     cca0        0     1                 .L0 
    ccb8     ccb8        0     1                 .L0 
    ccd0     ccd0        0     1                 .L0 
    cce8     cce8        0     1                 .L0 
    cd00     cd00        0     1                 .L0 
    cd18     cd18        0     1                 .L0 
    cd48     cd48        0     1                 .L0 
    cd60     cd60        0     1                 .L0 
    cd80     cd80        0     1                 .L0 
    cda8     cda8        0     1                 .L0 
    cdc8     cdc8        0     1                 .L0 
    cde8     cde8        0     1                 .L0 
    ce00     ce00        0     1                 .L0 
    ce18     ce18        0     1                 .L0 
    ce38     ce38        0     1                 .L0 
    ce58     ce58        0     1                 .L0 
    ce80     ce80        0     1                 .L0 
    ce98     ce98        0     1                 .L0 
    ceb0     ceb0        0     1                 .L0 
    ced0     ced0        0     1                 .L0 
    cef0     cef0        0     1                 .L0 
    cf08     cf08        0     1                 .L0 
    cf20     cf20        0     1                 .L0 
    cf38     cf38        0     1                 .L0 
    cf58     cf58        0     1                 .L0 
    cf78     cf78        0     1                 .L0 
       0        0    41f52     1 .debug_str
       0        0    41f52     1         <internal>:(.debug_str)
       0        0       8b     1 .comment
       0        0       8b     1         <internal>:(.comment)
       0        0       4e     1 .riscv.attributes
       0        0       4e     1         <internal>:(.riscv.attributes)
       0        0       f8     4 .debug_frame
       0        0       40     4         /home/famous282/1000linesOS/kernel/target/riscv32imac-unknown-none-elf/debug/deps/kernel-e423684175293233.1gy28gr8yncw9yg4wm3kw95ip.0x2lq71.rcgu.o:(.debug_frame)
       0        0        0     1                 .L0 
       0        0        0     1                 $d
      40       40       24     4         /home/famous282/1000linesOS/kernel/target/riscv32imac-unknown-none-elf/debug/deps/kernel-e423684175293233.1zwa976huie3oeuiu5py3i96v.0x2lq71.rcgu.o:(.debug_frame)
      40       40        0     1                 .L0 
      40       40        0     1                 $d
      64       64       3c     4         /home/famous282/1000linesOS/kernel/target/riscv32imac-unknown-none-elf/debug/deps/kernel-e423684175293233.7hqkh35l985iompa8en7ayj8i.0x2lq71.rcgu.o:(.debug_frame)
      64       64        0     1                 .L0 
      64       64        0     1                 $d
      a0       a0       58     4         /home/famous282/1000linesOS/kernel/target/riscv32imac-unknown-none-elf/debug/deps/kernel-e423684175293233.7wj5zoa8xxs3t0yy1onealpk8.0x2lq71.rcgu.o:(.debug_frame)
      a0       a0        0     1                 .L0 
      a0       a0        0     1                 $d
       0        0    236a5     1 .debug_line
       0        0      1d0     1         /home/famous282/1000linesOS/kernel/target/riscv32imac-unknown-none-elf/debug/deps/kernel-e423684175293233.1gy28gr8yncw9yg4wm3kw95ip.0x2lq71.rcgu.o:(.debug_line)
       0        0        0     1                 .Lline_table_start0
       0        0        0     1                 $d
     1d0      1d0       3e     1         /home/famous282/1000linesOS/kernel/target/riscv32imac-unknown-none-elf/debug/deps/kernel-e423684175293233.1zwa976huie3oeuiu5py3i96v.0x2lq71.rcgu.o:(.debug_line)
     1d0      1d0        0     1                 .Lline_table_start0
     1d0      1d0        0     1                 $d
     20e      20e      195     1         /home/famous282/1000linesOS/kernel/target/riscv32imac-unknown-none-elf/debug/deps/kernel-e423684175293233.7hqkh35l985iompa8en7ayj8i.0x2lq71.rcgu.o:(.debug_line)
     20e      20e        0     1                 .Lline_table_start0
     20e      20e        0     1                 $d
     30e      30e        0     1                 .Lline_table_start1
     3a3      3a3      3fd     1         /home/famous282/1000linesOS/kernel/target/riscv32imac-unknown-none-elf/debug/deps/kernel-e423684175293233.7wj5zoa8xxs3t0yy1onealpk8.0x2lq71.rcgu.o:(.debug_line)
     3a3      3a3        0     1                 .Lline_table_start0
     3a3      3a3        0     1                 $d
     7a0      7a0    1c42e     1         /home/famous282/.rustup/toolchains/stable-x86_64-unknown-linux-gnu/lib/rustlib/riscv32imac-unknown-none-elf/lib/libcore-c6eeea32d188506f.rlib(core-c6eeea32d188506f.core.f2b050c2002e39f1-cgu.0.rcgu.o):(.debug_line)
     7a0      7a0        0     1                 .Lline_table_start0
     7a0      7a0        0     1                 $d
   1cbce    1cbce       eb     1         /home/famous282/.rustup/toolchains/stable-x86_64-unknown-linux-gnu/lib/rustlib/riscv32imac-unknown-none-elf/lib/libcompiler_builtins-ad31f96eaed4fe7a.rlib(compiler_builtins-ad31f96eaed4fe7a.compiler_builtins.a8dbbfe33f18591e-cgu.105.rcgu.o):(.debug_line)
   1cbce    1cbce        0     1                 .Lline_table_start0
   1cbce    1cbce        0     1                 $d
   1ccb9    1ccb9      118     1         /home/famous282/.rustup/toolchains/stable-x86_64-unknown-linux-gnu/lib/rustlib/riscv32imac-unknown-none-elf/lib/libcompiler_builtins-ad31f96eaed4fe7a.rlib(compiler_builtins-ad31f96eaed4fe7a.compiler_builtins.a8dbbfe33f18591e-cgu.157.rcgu.o):(.debug_line)
   1ccb9    1ccb9        0     1                 .Lline_table_start0
   1ccb9    1ccb9        0     1                 $d
   1cd76    1cd76        0     1                 .Lline_table_start1
   1cdd1    1cdd1      a08     1         /home/famous282/.rustup/toolchains/stable-x86_64-unknown-linux-gnu/lib/rustlib/riscv32imac-unknown-none-elf/lib/libcompiler_builtins-ad31f96eaed4fe7a.rlib(compiler_builtins-ad31f96eaed4fe7a.compiler_builtins.a8dbbfe33f18591e-cgu.016.rcgu.o):(.debug_line)
   1cdd1    1cdd1        0     1                 .Lline_table_start0
   1cdd1    1cdd1        0     1                 $d
   1d7d9    1d7d9      245     1         /home/famous282/.rustup/toolchains/stable-x86_64-unknown-linux-gnu/lib/rustlib/riscv32imac-unknown-none-elf/lib/libcompiler_builtins-ad31f96eaed4fe7a.rlib(compiler_builtins-ad31f96eaed4fe7a.compiler_builtins.a8dbbfe33f18591e-cgu.162.rcgu.o):(.debug_line)
   1d7d9    1d7d9        0     1                 .Lline_table_start0
   1d7d9    1d7d9        0     1                 $d
   1d949    1d949        0     1                 .Lline_table_start1
   1da1e    1da1e      2f6     1         /home/famous282/.rustup/toolchains/stable-x86_64-unknown-linux-gnu/lib/rustlib/riscv32imac-unknown-none-elf/lib/libcompiler_builtins-ad31f96eaed4fe7a.rlib(compiler_builtins-ad31f96eaed4fe7a.compiler_builtins.a8dbbfe33f18591e-cgu.199.rcgu.o):(.debug_line)
   1da1e    1da1e        0     1                 .Lline_table_start0
   1da1e    1da1e        0     1                 $d
   1dc09    1dc09        0     1                 .Lline_table_start1
   1dd14    1dd14      2b9     1         /home/famous282/.rustup/toolchains/stable-x86_64-unknown-linux-gnu/lib/rustlib/riscv32imac-unknown-none-elf/lib/libcompiler_builtins-ad31f96eaed4fe7a.rlib(compiler_builtins-ad31f96eaed4fe7a.compiler_builtins.a8dbbfe33f18591e-cgu.225.rcgu.o):(.debug_line)
   1dd14    1dd14        0     1                 .Lline_table_start0
   1dd14    1dd14        0     1                 $d
   1dec1    1dec1        0     1                 .Lline_table_start1
   1df72    1df72        0     1                 .Lline_table_start2
   1dfcd    1dfcd       6e     1         /home/famous282/.rustup/toolchains/stable-x86_64-unknown-linux-gnu/lib/rustlib/riscv32imac-unknown-none-elf/lib/libcompiler_builtins-ad31f96eaed4fe7a.rlib(compiler_builtins-ad31f96eaed4fe7a.compiler_builtins.a8dbbfe33f18591e-cgu.228.rcgu.o):(.debug_line)
   1dfcd    1dfcd        0     1                 .Lline_table_start0
   1dfcd    1dfcd        0     1                 $d
   1e03b    1e03b     125d     1         /home/famous282/.rustup/toolchains/stable-x86_64-unknown-linux-gnu/lib/rustlib/riscv32imac-unknown-none-elf/lib/libcompiler_builtins-ad31f96eaed4fe7a.rlib(compiler_builtins-ad31f96eaed4fe7a.compiler_builtins.a8dbbfe33f18591e-cgu.003.rcgu.o):(.debug_line)
   1e03b    1e03b        0     1                 .Lline_table_start0
   1e03b    1e03b        0     1                 $d
   1f151    1f151        0     1                 .Lline_table_start1
   1f1db    1f1db        0     1                 .Lline_table_start2
   1f239    1f239        0     1                 .Lline_table_start3
   1f298    1f298      6ae     1         /home/famous282/.rustup/toolchains/stable-x86_64-unknown-linux-gnu/lib/rustlib/riscv32imac-unknown-none-elf/lib/libcompiler_builtins-ad31f96eaed4fe7a.rlib(compiler_builtins-ad31f96eaed4fe7a.compiler_builtins.a8dbbfe33f18591e-cgu.017.rcgu.o):(.debug_line)
   1f298    1f298        0     1                 .Lline_table_start0
   1f298    1f298        0     1                 $d
   1f8e8    1f8e8        0     1                 .Lline_table_start1
   1f946    1f946      2c0     1         /home/famous282/.rustup/toolchains/stable-x86_64-unknown-linux-gnu/lib/rustlib/riscv32imac-unknown-none-elf/lib/libcompiler_builtins-ad31f96eaed4fe7a.rlib(compiler_builtins-ad31f96eaed4fe7a.compiler_builtins.a8dbbfe33f18591e-cgu.236.rcgu.o):(.debug_line)
   1f946    1f946        0     1                 .Lline_table_start0
   1f946    1f946        0     1                 $d
   1fafa    1fafa        0     1                 .Lline_table_start1
   1fbab    1fbab        0     1                 .Lline_table_start2
   1fc06    1fc06      245     1         /home/famous282/.rustup/toolchains/stable-x86_64-unknown-linux-gnu/lib/rustlib/riscv32imac-unknown-none-elf/lib/libcompiler_builtins-ad31f96eaed4fe7a.rlib(compiler_builtins-ad31f96eaed4fe7a.compiler_builtins.a8dbbfe33f18591e-cgu.239.rcgu.o):(.debug_line)
   1fc06    1fc06        0     1                 .Lline_table_start0
   1fc06    1fc06        0     1                 $d
   1fd76    1fd76        0     1                 .Lline_table_start1
   1fe4b    1fe4b       6e     1         /home/famous282/.rustup/toolchains/stable-x86_64-unknown-linux-gnu/lib/rustlib/riscv32imac-unknown-none-elf/lib/libcompiler_builtins-ad31f96eaed4fe7a.rlib(compiler_builtins-ad31f96eaed4fe7a.compiler_builtins.a8dbbfe33f18591e-cgu.256.rcgu.o):(.debug_line)
   1fe4b    1fe4b        0     1                 .Lline_table_start0
   1fe4b    1fe4b        0     1                 $d
   1feb9    1feb9     14de     1         /home/famous282/.rustup/toolchains/stable-x86_64-unknown-linux-gnu/lib/rustlib/riscv32imac-unknown-none-elf/lib/libcompiler_builtins-ad31f96eaed4fe7a.rlib(compiler_builtins-ad31f96eaed4fe7a.compiler_builtins.a8dbbfe33f18591e-cgu.000.rcgu.o):(.debug_line)
   1feb9    1feb9        0     1                 .Lline_table_start0
   1feb9    1feb9        0     1                 $d
   2133b    2133b        0     1                 .Lline_table_start1
   21397    21397      2d2     1         /home/famous282/.rustup/toolchains/stable-x86_64-unknown-linux-gnu/lib/rustlib/riscv32imac-unknown-none-elf/lib/libcompiler_builtins-ad31f96eaed4fe7a.rlib(compiler_builtins-ad31f96eaed4fe7a.compiler_builtins.a8dbbfe33f18591e-cgu.285.rcgu.o):(.debug_line)
   21397    21397        0     1                 .Lline_table_start0
   21397    21397        0     1                 $d
   21594    21594        0     1                 .Lline_table_start1
   21669    21669      11d     1         /home/famous282/.rustup/toolchains/stable-x86_64-unknown-linux-gnu/lib/rustlib/riscv32imac-unknown-none-elf/lib/libcompiler_builtins-ad31f96eaed4fe7a.rlib(compiler_builtins-ad31f96eaed4fe7a.compiler_builtins.a8dbbfe33f18591e-cgu.287.rcgu.o):(.debug_line)
   21669    21669        0     1                 .Lline_table_start0
   21669    21669        0     1                 $d
   2172b    2172b        0     1                 .Lline_table_start1
   21786    21786       6e     1         /home/famous282/.rustup/toolchains/stable-x86_64-unknown-linux-gnu/lib/rustlib/riscv32imac-unknown-none-elf/lib/libcompiler_builtins-ad31f96eaed4fe7a.rlib(compiler_builtins-ad31f96eaed4fe7a.compiler_builtins.a8dbbfe33f18591e-cgu.295.rcgu.o):(.debug_line)
   21786    21786        0     1                 .Lline_table_start0
   21786    21786        0     1                 $d
   217f4    217f4      2bc     1         /home/famous282/.rustup/toolchains/stable-x86_64-unknown-linux-gnu/lib/rustlib/riscv32imac-unknown-none-elf/lib/libcompiler_builtins-ad31f96eaed4fe7a.rlib(compiler_builtins-ad31f96eaed4fe7a.compiler_builtins.a8dbbfe33f18591e-cgu.300.rcgu.o):(.debug_line)
   217f4    217f4        0     1                 .Lline_table_start0
   217f4    217f4        0     1                 $d
   219db    219db        0     1                 .Lline_table_start1
   21ab0    21ab0      3a2     1         /home/famous282/.rustup/toolchains/stable-x86_64-unknown-linux-gnu/lib/rustlib/riscv32imac-unknown-none-elf/lib/libcompiler_builtins-ad31f96eaed4fe7a.rlib(compiler_builtins-ad31f96eaed4fe7a.compiler_builtins.a8dbbfe33f18591e-cgu.303.rcgu.o):(.debug_line)
   21ab0    21ab0        0     1                 .Lline_table_start0
   21ab0    21ab0        0     1                 $d
   21d1f    21d1f        0     1                 .Lline_table_start1
   21e52    21e52      118     1         /home/famous282/.rustup/toolchains/stable-x86_64-unknown-linux-gnu/lib/rustlib/riscv32imac-unknown-none-elf/lib/libcompiler_builtins-ad31f96eaed4fe7a.rlib(compiler_builtins-ad31f96eaed4fe7a.compiler_builtins.a8dbbfe33f18591e-cgu.308.rcgu.o):(.debug_line)
   21e52    21e52        0     1                 .Lline_table_start0
   21e52    21e52        0     1                 $d
   21f0f    21f0f        0     1                 .Lline_table_start1
   21f6a    21f6a      11d     1         /home/famous282/.rustup/toolchains/stable-x86_64-unknown-linux-gnu/lib/rustlib/riscv32imac-unknown-none-elf/lib/libcompiler_builtins-ad31f96eaed4fe7a.rlib(compiler_builtins-ad31f96eaed4fe7a.compiler_builtins.a8dbbfe33f18591e-cgu.315.rcgu.o):(.debug_line)
   21f6a    21f6a        0     1                 .Lline_table_start0
   21f6a    21f6a        0     1                 $d
   2202c    2202c        0     1                 .Lline_table_start1
   22087    22087      245     1         /home/famous282/.rustup/toolchains/stable-x86_64-unknown-linux-gnu/lib/rustlib/riscv32imac-unknown-none-elf/lib/libcompiler_builtins-ad31f96eaed4fe7a.rlib(compiler_builtins-ad31f96eaed4fe7a.compiler_builtins.a8dbbfe33f18591e-cgu.325.rcgu.o):(.debug_line)
   22087    22087        0     1                 .Lline_table_start0
   22087    22087        0     1                 $d
   221f7    221f7        0     1                 .Lline_table_start1
   222cc    222cc       6e     1         /home/famous282/.rustup/toolchains/stable-x86_64-unknown-linux-gnu/lib/rustlib/riscv32imac-unknown-none-elf/lib/libcompiler_builtins-ad31f96eaed4fe7a.rlib(compiler_builtins-ad31f96eaed4fe7a.compiler_builtins.a8dbbfe33f18591e-cgu.326.rcgu.o):(.debug_line)
   222cc    222cc        0     1                 .Lline_table_start0
   222cc    222cc        0     1                 $d
   2233a    2233a      474     1         /home/famous282/.rustup/toolchains/stable-x86_64-unknown-linux-gnu/lib/rustlib/riscv32imac-unknown-none-elf/lib/libcompiler_builtins-ad31f96eaed4fe7a.rlib(compiler_builtins-ad31f96eaed4fe7a.compiler_builtins.a8dbbfe33f18591e-cgu.327.rcgu.o):(.debug_line)
   2233a    2233a        0     1                 .Lline_table_start0
   2233a    2233a        0     1                 $d
   2267c    2267c        0     1                 .Lline_table_start1
   227ae    227ae      2d2     1         /home/famous282/.rustup/toolchains/stable-x86_64-unknown-linux-gnu/lib/rustlib/riscv32imac-unknown-none-elf/lib/libcompiler_builtins-ad31f96eaed4fe7a.rlib(compiler_builtins-ad31f96eaed4fe7a.compiler_builtins.a8dbbfe33f18591e-cgu.331.rcgu.o):(.debug_line)
   227ae    227ae        0     1                 .Lline_table_start0
   227ae    227ae        0     1                 $d
   229ab    229ab        0     1                 .Lline_table_start1
   22a80    22a80      230     1         /home/famous282/.rustup/toolchains/stable-x86_64-unknown-linux-gnu/lib/rustlib/riscv32imac-unknown-none-elf/lib/libcompiler_builtins-ad31f96eaed4fe7a.rlib(compiler_builtins-ad31f96eaed4fe7a.compiler_builtins.a8dbbfe33f18591e-cgu.332.rcgu.o):(.debug_line)
   22a80    22a80        0     1                 .Lline_table_start0
   22a80    22a80        0     1                 $d
   22bdb    22bdb        0     1                 .Lline_table_start1
   22cb0    22cb0       6e     1         /home/famous282/.rustup/toolchains/stable-x86_64-unknown-linux-gnu/lib/rustlib/riscv32imac-unknown-none-elf/lib/libcompiler_builtins-ad31f96eaed4fe7a.rlib(compiler_builtins-ad31f96eaed4fe7a.compiler_builtins.a8dbbfe33f18591e-cgu.351.rcgu.o):(.debug_line)
   22cb0    22cb0        0     1                 .Lline_table_start0
   22cb0    22cb0        0     1                 $d
   22d1e    22d1e      987     1         /home/famous282/.rustup/toolchains/stable-x86_64-unknown-linux-gnu/lib/rustlib/riscv32imac-unknown-none-elf/lib/libcompiler_builtins-ad31f96eaed4fe7a.rlib(compiler_builtins-ad31f96eaed4fe7a.compiler_builtins.a8dbbfe33f18591e-cgu.012.rcgu.o):(.debug_line)
   22d1e    22d1e        0     1                 .Lline_table_start0
   22d1e    22d1e        0     1                 $d
       0        0     9bf0     4 .symtab
       0        0     9bf0     4         <internal>:(.symtab)
       0        0       b9     1 .shstrtab
       0        0       b9     1         <internal>:(.shstrtab)
       0        0     3e2c     1 .strtab
       0        0     3e2c     1         <internal>:(.strtab)
