     VMA      LMA     Size Align Out     In      Symbol
       0        0 80200000     1 . = 0x80200000
80200000 80200000     1268     4 .text
80200000 80200000        c     4         /home/famous282/1000linesOS/kernel/target/riscv32imac-unknown-none-elf/debug/deps/kernel-e423684175293233.7hqkh35l985iompa8en7ayj8i.1lyfbdk.rcgu.o:(.text.boot)
80200000 80200000        0     1                 .Lpcrel_hi0
80200000 80200000        0     1                 $x
80200000 80200000        c     1                 boot
8020000c 8020000c        a     2         /home/famous282/1000linesOS/kernel/target/riscv32imac-unknown-none-elf/debug/deps/kernel-e423684175293233.0xglbqqcmy1h5ke8v4z244zh3.1lyfbdk.rcgu.o:(.text._ZN44_$LT$$RF$T$u20$as$u20$core..fmt..Display$GT$3fmt17hcfe92452accabfd8E)
8020000c 8020000c        0     1                 .L0 
8020000c 8020000c        0     1                 .L0 
8020000c 8020000c        0     1                 $x
8020000c 8020000c        0     1                 .L0 
8020000c 8020000c        a     1                 _$LT$$RF$T$u20$as$u20$core..fmt..Display$GT$::fmt::hcfe92452accabfd8
80200016 80200016       8e     2         /home/famous282/1000linesOS/kernel/target/riscv32imac-unknown-none-elf/debug/deps/kernel-e423684175293233.1gy28gr8yncw9yg4wm3kw95ip.1lyfbdk.rcgu.o:(.text._ZN4core3fmt5Write10write_char17h31e0d6cdd98ca089E.llvm.11468890524131549399)
80200016 80200016        0     1                 .L0 
80200016 80200016        0     1                 .L0 
80200016 80200016        0     1                 $x
80200016 80200016        0     1                 .L0 
80200016 80200016       8e     1                 core::fmt::Write::write_char::h31e0d6cdd98ca089 (.llvm.11468890524131549399)
80200020 80200020        0     1                 .L0 
80200020 80200020        0     1                 .L0 
80200024 80200024        0     1                 .L0 
80200024 80200024        0     1                 .L0 
8020002a 8020002a        0     1                 .L0 
8020002c 8020002c        0     1                 .L0 
8020002c 8020002c        0     1                 .L0 
80200030 80200030        0     1                 .L0 
80200038 80200038        0     1                 .L0 
8020003c 8020003c        0     1                 .L0 
8020003c 8020003c        0     1                 .L0 
8020003e 8020003e        0     1                 .L0 
8020004c 8020004c        0     1                 .L0 
8020004e 8020004e        0     1                 .L0 
80200052 80200052        0     1                 .L0 
80200052 80200052        0     1                 .L0 
80200056 80200056        0     1                 .L0 
8020005e 8020005e        0     1                 .L0 
8020005e 8020005e        0     1                 .L0 
80200060 80200060        0     1                 .L0 
80200072 80200072        0     1                 .L0 
80200074 80200074        0     1                 .L0 
80200082 80200082        0     1                 .L0 
80200082 80200082        0     1                 .L0 
80200094 80200094        0     1                 .L0 
802000a4 802000a4        0     1                 .L0 
802000a4 802000a4       14     2         /home/famous282/1000linesOS/kernel/target/riscv32imac-unknown-none-elf/debug/deps/kernel-e423684175293233.1gy28gr8yncw9yg4wm3kw95ip.1lyfbdk.rcgu.o:(.text._ZN4core3fmt5Write9write_fmt17h62d4561b3b4ed37dE)
802000a4 802000a4        0     1                 .L0 
802000a4 802000a4        0     1                 .L0 
802000a4 802000a4        0     1                 $x
802000a4 802000a4        0     1                 .L0 
802000a4 802000a4       14     1                 core::fmt::Write::write_fmt::h62d4561b3b4ed37d
802000a8 802000a8        0     1                 .L0 
802000b8 802000b8        0     1                 .L0 
802000b8 802000b8       4e     2         /home/famous282/1000linesOS/kernel/target/riscv32imac-unknown-none-elf/debug/deps/kernel-e423684175293233.1zwa976huie3oeuiu5py3i96v.1lyfbdk.rcgu.o:(.text._RNvCshXwFllX56pT_7___rustc17rust_begin_unwind)
802000b8 802000b8        0     1                 .L0 
802000b8 802000b8        0     1                 .L0 
802000b8 802000b8        0     1                 $x
802000b8 802000b8        0     1                 .L0 
802000b8 802000b8       4e     1                 __rustc::rust_begin_unwind
802000be 802000be        0     1                 .L0 
802000d6 802000d6        0     1                 .L0 
802000e2 802000e2        0     1                 .L0 
80200100 80200100        0     1                 .L0 
80200106 80200106        0     1                 .L0 
80200108 80200108       46     4         /home/famous282/1000linesOS/kernel/target/riscv32imac-unknown-none-elf/debug/deps/kernel-e423684175293233.3bfxp6v8fwkgtj8xfip8pfh2s.1lyfbdk.rcgu.o:(.text._ZN6kernel7process14switch_context17h16381bfc30fbabcbE)
80200108 80200108        0     1                 $x
80200108 80200108       46     1                 kernel::process::switch_context::h16381bfc30fbabcb
8020014e 8020014e      162     2         /home/famous282/1000linesOS/kernel/target/riscv32imac-unknown-none-elf/debug/deps/kernel-e423684175293233.3bfxp6v8fwkgtj8xfip8pfh2s.1lyfbdk.rcgu.o:(.text._ZN6kernel7process7Process6create17habeb7d02a4725a60E)
8020014e 8020014e        0     1                 .L0 
8020014e 8020014e        0     1                 .L0 
8020014e 8020014e        0     1                 $x
8020014e 8020014e        0     1                 .L0 
8020014e 8020014e      162     1                 kernel::process::Process::create::habeb7d02a4725a60
8020016e 8020016e        0     1                 .L0 
80200174 80200174        0     1                 .L0 
802001a2 802001a2        0     1                 .L0 
802001ac 802001ac        0     1                 .L0 
802001ae 802001ae        0     1                 .L0 
802001b0 802001b0        0     1                 .L0 
802001b2 802001b2        0     1                 .L0 
802001b4 802001b4        0     1                 .L0 
802001b6 802001b6        0     1                 .L0 
802001b8 802001b8        0     1                 .L0 
802001ba 802001ba        0     1                 .L0 
802001bc 802001bc        0     1                 .L0 
802001be 802001be        0     1                 .L0 
802001c0 802001c0        0     1                 .L0 
802001c2 802001c2        0     1                 .L0 
802001d8 802001d8        0     1                 .L0 
802001dc 802001dc        0     1                 .L0 
802001ec 802001ec        0     1                 .L0 
802001f0 802001f0        0     1                 .L0 
802001f2 802001f2        0     1                 .L0 
802001f6 802001f6        0     1                 .L0 
802001fa 802001fa        0     1                 .L0 
802001fc 802001fc        0     1                 .L0 
80200200 80200200        0     1                 .L0 
80200206 80200206        0     1                 .L0 
8020020a 8020020a        0     1                 .L0 
80200218 80200218        0     1                 .L0 
8020021c 8020021c        0     1                 .L0 
80200220 80200220        0     1                 .L0 
802002b0 802002b0       48     2         /home/famous282/1000linesOS/kernel/target/riscv32imac-unknown-none-elf/debug/deps/kernel-e423684175293233.5775z1s3a7kqb3rgz5lv2w5b1.1lyfbdk.rcgu.o:(.text.unlikely.handle_trap)
802002b0 802002b0        0     1                 .L0 
802002b0 802002b0        0     1                 .L0 
802002b0 802002b0        0     1                 $x
802002b0 802002b0        0     1                 .L0 
802002b0 802002b0       48     1                 handle_trap
802002b2 802002b2        0     1                 .L0 
802002b8 802002b8        0     1                 .L0 
802002be 802002be        0     1                 .L0 
802002c4 802002c4        0     1                 .L0 
802002ce 802002ce        0     1                 .L0 
802002d2 802002d2        0     1                 .L0 
802002de 802002de        0     1                 .L0 
802002f8 802002f8        0     1                 .L0 
802002f8 802002f8        0     1                 .L0 
802002f8 802002f8       96     4         /home/famous282/1000linesOS/kernel/target/riscv32imac-unknown-none-elf/debug/deps/kernel-e423684175293233.7hqkh35l985iompa8en7ayj8i.1lyfbdk.rcgu.o:(.text)
802002f8 802002f8        0     1                 trap_handler
8020038e 8020038e       62     2         /home/famous282/1000linesOS/kernel/target/riscv32imac-unknown-none-elf/debug/deps/kernel-e423684175293233.7hqkh35l985iompa8en7ayj8i.1lyfbdk.rcgu.o:(.text._ZN6kernel6kernel12proc_a_entry17h8964682749fec65eE)
8020038e 8020038e       62     1                 kernel::kernel::proc_a_entry::h8964682749fec65e
8020038e 8020038e        0     1                 .L0 
8020038e 8020038e        0     1                 .L0 
8020038e 8020038e        0     1                 $x
8020038e 8020038e        0     1                 .L0 
80200398 80200398        0     1                 .L0 
802003c4 802003c4        0     1                 .L0 
802003da 802003da        0     1                 .L0 
802003e8 802003e8        0     1                 .L0 
802003ea 802003ea        0     1                 .L0 
802003ec 802003ec        0     1                 .L0 
802003f0 802003f0        0     1                 .L0 
802003f0 802003f0       62     2         /home/famous282/1000linesOS/kernel/target/riscv32imac-unknown-none-elf/debug/deps/kernel-e423684175293233.7hqkh35l985iompa8en7ayj8i.1lyfbdk.rcgu.o:(.text._ZN6kernel6kernel12proc_b_entry17hec07218bd1f6ac6aE)
802003f0 802003f0       62     1                 kernel::kernel::proc_b_entry::hec07218bd1f6ac6a
802003f0 802003f0        0     1                 .L0 
802003f0 802003f0        0     1                 .L0 
802003f0 802003f0        0     1                 $x
802003f0 802003f0        0     1                 .L0 
802003fa 802003fa        0     1                 .L0 
80200426 80200426        0     1                 .L0 
8020043c 8020043c        0     1                 .L0 
8020044a 8020044a        0     1                 .L0 
8020044c 8020044c        0     1                 .L0 
8020044e 8020044e        0     1                 .L0 
80200452 80200452        0     1                 .L0 
80200452 80200452       14     2         /home/famous282/1000linesOS/kernel/target/riscv32imac-unknown-none-elf/debug/deps/kernel-e423684175293233.7hqkh35l985iompa8en7ayj8i.1lyfbdk.rcgu.o:(.text._ZN6kernel6kernel7putchar17hfb6a7f57326cea56E)
80200452 80200452        0     1                 .L0 
80200452 80200452        0     1                 .L0 
80200452 80200452        0     1                 $x
80200452 80200452        0     1                 .L0 
80200452 80200452       14     1                 kernel::kernel::putchar::hfb6a7f57326cea56
80200466 80200466        0     1                 .L0 
80200466 80200466       ae     2         /home/famous282/1000linesOS/kernel/target/riscv32imac-unknown-none-elf/debug/deps/kernel-e423684175293233.7hqkh35l985iompa8en7ayj8i.1lyfbdk.rcgu.o:(.text.kernel_main)
80200466 80200466        0     1                 .L0 
80200466 80200466        0     1                 .L0 
80200466 80200466        0     1                 $x
80200466 80200466        0     1                 .L0 
80200466 80200466       ae     1                 kernel_main
8020046c 8020046c        0     1                 .L0 
8020046c 8020046c        0     1                 .L0 
80200490 80200490        0     1                 .L0 
80200490 80200490        0     1                 .L0 
80200494 80200494        0     1                 .L0 
80200496 80200496        0     1                 .L0 
80200496 80200496        0     1                 .L0 
8020049a 8020049a        0     1                 .L0 
8020049c 8020049c        0     1                 .L0 
8020049c 8020049c        0     1                 .L0 
802004a0 802004a0        0     1                 .L0 
802004a0 802004a0        0     1                 .L0 
802004ac 802004ac        0     1                 .L0 
80200514 80200514        0     1                 .L0 
80200514 80200514       18     2         /home/famous282/1000linesOS/kernel/target/riscv32imac-unknown-none-elf/debug/deps/kernel-e423684175293233.7wj5zoa8xxs3t0yy1onealpk8.1lyfbdk.rcgu.o:(.text.unlikely._ZN4core4hint21unreachable_unchecked18precondition_check17h553eca9260945490E.llvm.5727941747683799958)
80200514 80200514        0     1                 .L0 
80200514 80200514        0     1                 .L0 
80200514 80200514        0     1                 $x
80200514 80200514        0     1                 .L0 
80200514 80200514       18     1                 core::hint::unreachable_unchecked::precondition_check::h553eca9260945490 (.llvm.5727941747683799958)
80200516 80200516        0     1                 .L0 
8020052c 8020052c        0     1                 .L0 
8020052c 8020052c      116     2         /home/famous282/1000linesOS/kernel/target/riscv32imac-unknown-none-elf/debug/deps/kernel-e423684175293233.7wj5zoa8xxs3t0yy1onealpk8.1lyfbdk.rcgu.o:(.text._ZN60_$LT$kernel..common..Console$u20$as$u20$core..fmt..Write$GT$9write_str17h29cb7a28077f2031E)
8020052c 8020052c        0     1                 .L0 
8020052c 8020052c        0     1                 .L0 
8020052c 8020052c        0     1                 $x
8020052c 8020052c        0     1                 .L0 
8020052c 8020052c      116     1                 _$LT$kernel..common..Console$u20$as$u20$core..fmt..Write$GT$::write_str::h29cb7a28077f2031
8020053e 8020053e        0     1                 .L0 
8020053e 8020053e        0     1                 .L0 
80200540 80200540        0     1                 .L0 
80200540 80200540        0     1                 .L0 
8020055e 8020055e        0     1                 .L0 
80200562 80200562        0     1                 .L0 
80200566 80200566        0     1                 .L0 
80200566 80200566        0     1                 .L0 
8020056a 8020056a        0     1                 .L0 
8020056c 8020056c        0     1                 .L0 
8020056e 8020056e        0     1                 .L0 
8020056e 8020056e        0     1                 .L0 
80200572 80200572        0     1                 .L0 
80200572 80200572        0     1                 .L0 
8020057a 8020057a        0     1                 .L0 
8020057e 8020057e        0     1                 .L0 
80200582 80200582        0     1                 .L0 
80200582 80200582        0     1                 .L0 
80200586 80200586        0     1                 .L0 
80200586 80200586        0     1                 .L0 
8020058a 8020058a        0     1                 .L0 
8020058e 8020058e        0     1                 .L0 
80200592 80200592        0     1                 .L0 
8020059a 8020059a        0     1                 .L0 
8020059a 8020059a        0     1                 .L0 
8020059e 8020059e        0     1                 .L0 
8020059e 8020059e        0     1                 .L0 
802005a2 802005a2        0     1                 .L0 
802005a6 802005a6        0     1                 .L0 
802005ac 802005ac        0     1                 .L0 
802005b6 802005b6        0     1                 .L0 
802005b8 802005b8        0     1                 .L0 
802005c0 802005c0        0     1                 .L0 
802005c6 802005c6        0     1                 .L0 
802005c8 802005c8        0     1                 .L0 
802005c8 802005c8        0     1                 .L0 
802005d2 802005d2        0     1                 .L0 
802005d2 802005d2        0     1                 .L0 
802005da 802005da        0     1                 .L0 
802005da 802005da        0     1                 .L0 
802005de 802005de        0     1                 .L0 
802005de 802005de        0     1                 .L0 
802005f4 802005f4        0     1                 .L0 
80200612 80200612        0     1                 .L0 
80200622 80200622        0     1                 .L0 
80200632 80200632        0     1                 .L0 
80200642 80200642        0     1                 .L0 
80200642 80200642        0     1                 .L0 
80200642 80200642       10     2         /home/famous282/.rustup/toolchains/stable-x86_64-unknown-linux-gnu/lib/rustlib/riscv32imac-unknown-none-elf/lib/libcore-c6eeea32d188506f.rlib(core-c6eeea32d188506f.core.f2b050c2002e39f1-cgu.0.rcgu.o):(.text._ZN44_$LT$$RF$T$u20$as$u20$core..fmt..Display$GT$3fmt17h5898cbbb0fdaab9dE)
80200642 80200642       10     1                 _$LT$$RF$T$u20$as$u20$core..fmt..Display$GT$::fmt::h5898cbbb0fdaab9d
80200642 80200642        0     1                 .L0 
80200642 80200642        0     1                 .L0 
80200642 80200642        0     1                 $x
80200642 80200642        0     1                 .L0 
80200648 80200648        0     1                 .L0 
80200652 80200652        0     1                 .L0 
80200652 80200652      1ee     2         /home/famous282/.rustup/toolchains/stable-x86_64-unknown-linux-gnu/lib/rustlib/riscv32imac-unknown-none-elf/lib/libcore-c6eeea32d188506f.rlib(core-c6eeea32d188506f.core.f2b050c2002e39f1-cgu.0.rcgu.o):(.text._ZN4core3fmt3num3imp21_$LT$impl$u20$u32$GT$10_fmt_inner17h798662ed11497e6fE)
80200652 80200652      1ee     1                 core::fmt::num::imp::_$LT$impl$u20$u32$GT$::_fmt_inner::h798662ed11497e6f
80200652 80200652        0     1                 .L0 
80200652 80200652        0     1                 .L0 
80200652 80200652        0     1                 $x
80200652 80200652        0     1                 .L0 
80200670 80200670        0     1                 .L0 
80200674 80200674        0     1                 .L0 
802006b2 802006b2        0     1                 .L0 
802006b6 802006b6        0     1                 .L0 
802006e6 802006e6        0     1                 .L0 
802006ea 802006ea        0     1                 .L0 
802006ee 802006ee        0     1                 .L0 
802006f6 802006f6        0     1                 .L0 
802006fa 802006fa        0     1                 .L0 
802006fe 802006fe        0     1                 .L0 
80200710 80200710        0     1                 .L0 
80200714 80200714        0     1                 .L0 
80200718 80200718        0     1                 .L0 
80200720 80200720        0     1                 .L0 
80200724 80200724        0     1                 .L0 
8020072a 8020072a        0     1                 .L0 
80200730 80200730        0     1                 .L0 
80200734 80200734        0     1                 .L0 
80200738 80200738        0     1                 .L0 
8020073c 8020073c        0     1                 .L0 
80200774 80200774        0     1                 .L0 
80200778 80200778        0     1                 .L0 
8020077c 8020077c        0     1                 .L0 
80200782 80200782        0     1                 .L0 
80200786 80200786        0     1                 .L0 
8020078a 8020078a        0     1                 .L0 
8020078e 8020078e        0     1                 .L0 
80200792 80200792        0     1                 .L0 
80200798 80200798        0     1                 .L0 
802007aa 802007aa        0     1                 .L0 
80200840 80200840        0     1                 .L0 
80200840 80200840       4c     2         /home/famous282/.rustup/toolchains/stable-x86_64-unknown-linux-gnu/lib/rustlib/riscv32imac-unknown-none-elf/lib/libcore-c6eeea32d188506f.rlib(core-c6eeea32d188506f.core.f2b050c2002e39f1-cgu.0.rcgu.o):(.text._ZN4core3fmt3num3imp52_$LT$impl$u20$core..fmt..Display$u20$for$u20$u32$GT$3fmt17h3a3b01c2c200e3dfE)
80200840 80200840        0     1                 .L0 
80200840 80200840        0     1                 .L0 
80200840 80200840        0     1                 $x
80200840 80200840        0     1                 .L0 
80200840 80200840       4c     1                 core::fmt::num::imp::_$LT$impl$u20$core..fmt..Display$u20$for$u20$u32$GT$::fmt::h3a3b01c2c200e3df
80200840 80200840       4c     1                 core::fmt::num::imp::_$LT$impl$u20$core..fmt..Display$u20$for$u20$usize$GT$::fmt::h27b9f38dab907a22
80200856 80200856        0     1                 .L0 
80200866 80200866        0     1                 .L0 
8020086a 8020086a        0     1                 .L0 
8020088c 8020088c        0     1                 .L0 
8020088c 8020088c      1d6     2         /home/famous282/.rustup/toolchains/stable-x86_64-unknown-linux-gnu/lib/rustlib/riscv32imac-unknown-none-elf/lib/libcore-c6eeea32d188506f.rlib(core-c6eeea32d188506f.core.f2b050c2002e39f1-cgu.0.rcgu.o):(.text._ZN4core3fmt5write17h08cf6cd1f1c92632E)
8020088c 8020088c        0     1                 .L0 
8020088c 8020088c        0     1                 .L0 
8020088c 8020088c        0     1                 $x
8020088c 8020088c        0     1                 .L0 
8020088c 8020088c      1d6     1                 core::fmt::write::h08cf6cd1f1c92632
802008ac 802008ac        0     1                 .L0 
802008b2 802008b2        0     1                 .L0 
802008b2 802008b2        0     1                 .L0 
802008b6 802008b6        0     1                 .L0 
802008b6 802008b6        0     1                 .L0 
802008ba 802008ba        0     1                 .L0 
802008ba 802008ba        0     1                 .L0 
802008be 802008be        0     1                 .L0 
802008d6 802008d6        0     1                 .L0 
802008d6 802008d6        0     1                 .L0 
802008de 802008de        0     1                 .L0 
802008e2 802008e2        0     1                 .L0 
802008f2 802008f2        0     1                 .L0 
802008f8 802008f8        0     1                 .L0 
802008f8 802008f8        0     1                 .L0 
802008fc 802008fc        0     1                 .L0 
802008fe 802008fe        0     1                 .L0 
80200904 80200904        0     1                 .L0 
80200904 80200904        0     1                 .L0 
80200908 80200908        0     1                 .L0 
8020090c 8020090c        0     1                 .L0 
80200910 80200910        0     1                 .L0 
80200914 80200914        0     1                 .L0 
8020091c 8020091c        0     1                 .L0 
80200920 80200920        0     1                 .L0 
80200922 80200922        0     1                 .L0 
80200924 80200924        0     1                 .L0 
8020092c 8020092c        0     1                 .L0 
80200934 80200934        0     1                 .L0 
80200934 80200934        0     1                 .L0 
80200952 80200952        0     1                 .L0 
80200956 80200956        0     1                 .L0 
8020095c 8020095c        0     1                 .L0 
8020095e 8020095e        0     1                 .L0 
80200964 80200964        0     1                 .L0 
80200964 80200964        0     1                 .L0 
80200970 80200970        0     1                 .L0 
80200972 80200972        0     1                 .L0 
8020097a 8020097a        0     1                 .L0 
8020097a 8020097a        0     1                 .L0 
80200988 80200988        0     1                 .L0 
80200994 80200994        0     1                 .L0 
80200996 80200996        0     1                 .L0 
80200998 80200998        0     1                 .L0 
8020099a 8020099a        0     1                 .L0 
8020099a 8020099a        0     1                 .L0 
802009a6 802009a6        0     1                 .L0 
802009a8 802009a8        0     1                 .L0 
802009ae 802009ae        0     1                 .L0 
802009b0 802009b0        0     1                 .L0 
802009b6 802009b6        0     1                 .L0 
802009b6 802009b6        0     1                 .L0 
802009c4 802009c4        0     1                 .L0 
802009c6 802009c6        0     1                 .L0 
802009cc 802009cc        0     1                 .L0 
802009d2 802009d2        0     1                 .L0 
802009d2 802009d2        0     1                 .L0 
802009d6 802009d6        0     1                 .L0 
802009da 802009da        0     1                 .L0 
802009e2 802009e2        0     1                 .L0 
802009e6 802009e6        0     1                 .L0 
802009fa 802009fa        0     1                 .L0 
80200a00 80200a00        0     1                 .L0 
80200a00 80200a00        0     1                 .L0 
80200a06 80200a06        0     1                 .L0 
80200a06 80200a06        0     1                 .L0 
80200a0a 80200a0a        0     1                 .L0 
80200a0e 80200a0e        0     1                 .L0 
80200a16 80200a16        0     1                 .L0 
80200a1a 80200a1a        0     1                 .L0 
80200a1e 80200a1e        0     1                 .L0 
80200a40 80200a40        0     1                 .L0 
80200a46 80200a46        0     1                 .L0 
80200a62 80200a62        0     1                 .L0 
80200a62 80200a62       60     2         /home/famous282/.rustup/toolchains/stable-x86_64-unknown-linux-gnu/lib/rustlib/riscv32imac-unknown-none-elf/lib/libcore-c6eeea32d188506f.rlib(core-c6eeea32d188506f.core.f2b050c2002e39f1-cgu.0.rcgu.o):(.text._ZN4core3fmt9Formatter12pad_integral12write_prefix17hbefd4732ff2afbc6E)
80200a62 80200a62       60     1                 core::fmt::Formatter::pad_integral::write_prefix::hbefd4732ff2afbc6
80200a62 80200a62        0     1                 .L0 
80200a62 80200a62        0     1                 .L0 
80200a62 80200a62        0     1                 $x
80200a62 80200a62        0     1                 .L0 
80200a7c 80200a7c        0     1                 .L0 
80200a80 80200a80        0     1                 .L0 
80200a8e 80200a8e        0     1                 .L0 
80200a8e 80200a8e        0     1                 .L0 
80200a90 80200a90        0     1                 .L0 
80200a92 80200a92        0     1                 .L0 
80200a94 80200a94        0     1                 .L0 
80200a98 80200a98        0     1                 .L0 
80200ac2 80200ac2        0     1                 .L0 
80200ac2 80200ac2      25e     2         /home/famous282/.rustup/toolchains/stable-x86_64-unknown-linux-gnu/lib/rustlib/riscv32imac-unknown-none-elf/lib/libcore-c6eeea32d188506f.rlib(core-c6eeea32d188506f.core.f2b050c2002e39f1-cgu.0.rcgu.o):(.text._ZN4core3fmt9Formatter12pad_integral17hadb0409c6de42a5cE)
80200ac2 80200ac2        0     1                 .L0 
80200ac2 80200ac2        0     1                 .L0 
80200ac2 80200ac2        0     1                 $x
80200ac2 80200ac2        0     1                 .L0 
80200ac2 80200ac2      25e     1                 core::fmt::Formatter::pad_integral::hadb0409c6de42a5c
80200aea 80200aea        0     1                 .L0 
80200aec 80200aec        0     1                 .L0 
80200aec 80200aec        0     1                 .L0 
80200afa 80200afa        0     1                 .L0 
80200afc 80200afc        0     1                 .L0 
80200b06 80200b06        0     1                 .L0 
80200b0e 80200b0e        0     1                 .L0 
80200b10 80200b10        0     1                 .L0 
80200b10 80200b10        0     1                 .L0 
80200b14 80200b14        0     1                 .L0 
80200b16 80200b16        0     1                 .L0 
80200b16 80200b16        0     1                 .L0 
80200b1a 80200b1a        0     1                 .L0 
80200b26 80200b26        0     1                 .L0 
80200b2e 80200b2e        0     1                 .L0 
80200b30 80200b30        0     1                 .L0 
80200b34 80200b34        0     1                 .L0 
80200b34 80200b34        0     1                 .L0 
80200b3a 80200b3a        0     1                 .L0 
80200b3e 80200b3e        0     1                 .L0 
80200b4a 80200b4a        0     1                 .L0 
80200b4e 80200b4e        0     1                 .L0 
80200b56 80200b56        0     1                 .L0 
80200b58 80200b58        0     1                 .L0 
80200b58 80200b58        0     1                 .L0 
80200b60 80200b60        0     1                 .L0 
80200b62 80200b62        0     1                 .L0 
80200b64 80200b64        0     1                 .L0 
80200b64 80200b64        0     1                 .L0 
80200b70 80200b70        0     1                 .L0 
80200b78 80200b78        0     1                 .L0 
80200b7e 80200b7e        0     1                 .L0 
80200b82 80200b82        0     1                 .L0 
80200b9c 80200b9c        0     1                 .L0 
80200b9c 80200b9c        0     1                 .L0 
80200ba0 80200ba0        0     1                 .L0 
80200bc6 80200bc6        0     1                 .L0 
80200bd2 80200bd2        0     1                 .L0 
80200bd8 80200bd8        0     1                 .L0 
80200bde 80200bde        0     1                 .L0 
80200bf6 80200bf6        0     1                 .L0 
80200bfe 80200bfe        0     1                 .L0 
80200c04 80200c04        0     1                 .L0 
80200c1a 80200c1a        0     1                 .L0 
80200c2c 80200c2c        0     1                 .L0 
80200c2c 80200c2c        0     1                 .L0 
80200c34 80200c34        0     1                 .L0 
80200c34 80200c34        0     1                 .L0 
80200c38 80200c38        0     1                 .L0 
80200c3a 80200c3a        0     1                 .L0 
80200c42 80200c42        0     1                 .L0 
80200c42 80200c42        0     1                 .L0 
80200c46 80200c46        0     1                 .L0 
80200c4a 80200c4a        0     1                 .L0 
80200c4a 80200c4a        0     1                 .L0 
80200c4e 80200c4e        0     1                 .L0 
80200c4e 80200c4e        0     1                 .L0 
80200c58 80200c58        0     1                 .L0 
80200c58 80200c58        0     1                 .L0 
80200c66 80200c66        0     1                 .L0 
80200c68 80200c68        0     1                 .L0 
80200c6a 80200c6a        0     1                 .L0 
80200c78 80200c78        0     1                 .L0 
80200c94 80200c94        0     1                 .L0 
80200c98 80200c98        0     1                 .L0 
80200c9c 80200c9c        0     1                 .L0 
80200c9c 80200c9c        0     1                 .L0 
80200ca0 80200ca0        0     1                 .L0 
80200ca2 80200ca2        0     1                 .L0 
80200ca8 80200ca8        0     1                 .L0 
80200ca8 80200ca8        0     1                 .L0 
80200caa 80200caa        0     1                 .L0 
80200caa 80200caa        0     1                 .L0 
80200ccc 80200ccc        0     1                 .L0 
80200ce2 80200ce2        0     1                 .L0 
80200cf0 80200cf0        0     1                 .L0 
80200cf2 80200cf2        0     1                 .L0 
80200d04 80200d04        0     1                 .L0 
80200d0c 80200d0c        0     1                 .L0 
80200d10 80200d10        0     1                 .L0 
80200d10 80200d10        0     1                 .L0 
80200d14 80200d14        0     1                 .L0 
80200d16 80200d16        0     1                 .L0 
80200d1c 80200d1c        0     1                 .L0 
80200d1c 80200d1c        0     1                 .L0 
80200d20 80200d20        0     1                 .L0 
80200d20 80200d20      1c2     2         /home/famous282/.rustup/toolchains/stable-x86_64-unknown-linux-gnu/lib/rustlib/riscv32imac-unknown-none-elf/lib/libcore-c6eeea32d188506f.rlib(core-c6eeea32d188506f.core.f2b050c2002e39f1-cgu.0.rcgu.o):(.text._ZN4core3fmt9Formatter3pad17hc840830cded8a376E)
80200d20 80200d20        0     1                 .L0 
80200d20 80200d20        0     1                 .L0 
80200d20 80200d20        0     1                 $x
80200d20 80200d20        0     1                 .L0 
80200d20 80200d20      1c2     1                 core::fmt::Formatter::pad::hc840830cded8a376
80200d3e 80200d3e        0     1                 .L0 
80200d4a 80200d4a        0     1                 .L0 
80200d4a 80200d4a        0     1                 .L0 
80200d52 80200d52        0     1                 .L0 
80200d52 80200d52        0     1                 .L0 
80200d54 80200d54        0     1                 .L0 
80200d54 80200d54        0     1                 .L0 
80200d58 80200d58        0     1                 .L0 
80200d5a 80200d5a        0     1                 .L0 
80200d5a 80200d5a        0     1                 .L0 
80200d5e 80200d5e        0     1                 .L0 
80200d6a 80200d6a        0     1                 .L0 
80200d72 80200d72        0     1                 .L0 
80200d74 80200d74        0     1                 .L0 
80200d78 80200d78        0     1                 .L0 
80200d78 80200d78        0     1                 .L0 
80200d80 80200d80        0     1                 .L0 
80200d86 80200d86        0     1                 .L0 
80200d8e 80200d8e        0     1                 .L0 
80200d92 80200d92        0     1                 .L0 
80200d92 80200d92        0     1                 .L0 
80200d98 80200d98        0     1                 .L0 
80200d98 80200d98        0     1                 .L0 
80200d9a 80200d9a        0     1                 .L0 
80200d9c 80200d9c        0     1                 .L0 
80200d9c 80200d9c        0     1                 .L0 
80200da0 80200da0        0     1                 .L0 
80200da0 80200da0        0     1                 .L0 
80200da4 80200da4        0     1                 .L0 
80200db8 80200db8        0     1                 .L0 
80200dbc 80200dbc        0     1                 .L0 
80200dbc 80200dbc        0     1                 .L0 
80200dc0 80200dc0        0     1                 .L0 
80200dc2 80200dc2        0     1                 .L0 
80200dc8 80200dc8        0     1                 .L0 
80200dc8 80200dc8        0     1                 .L0 
80200dca 80200dca        0     1                 .L0 
80200dca 80200dca        0     1                 .L0 
80200dce 80200dce        0     1                 .L0 
80200dd2 80200dd2        0     1                 .L0 
80200dd6 80200dd6        0     1                 .L0 
80200dda 80200dda        0     1                 .L0 
80200dde 80200dde        0     1                 .L0 
80200de2 80200de2        0     1                 .L0 
80200de2 80200de2        0     1                 .L0 
80200de8 80200de8        0     1                 .L0 
80200dec 80200dec        0     1                 .L0 
80200dee 80200dee        0     1                 .L0 
80200df2 80200df2        0     1                 .L0 
80200df4 80200df4        0     1                 .L0 
80200df4 80200df4        0     1                 .L0 
80200df6 80200df6        0     1                 .L0 
80200dfe 80200dfe        0     1                 .L0 
80200e26 80200e26        0     1                 .L0 
80200e36 80200e36        0     1                 .L0 
80200e36 80200e36        0     1                 .L0 
80200e40 80200e40        0     1                 .L0 
80200e42 80200e42        0     1                 .L0 
80200e42 80200e42        0     1                 .L0 
80200e46 80200e46        0     1                 .L0 
80200e46 80200e46        0     1                 .L0 
80200e64 80200e64        0     1                 .L0 
80200e68 80200e68        0     1                 .L0 
80200e6c 80200e6c        0     1                 .L0 
80200e6c 80200e6c        0     1                 .L0 
80200e70 80200e70        0     1                 .L0 
80200e72 80200e72        0     1                 .L0 
80200e78 80200e78        0     1                 .L0 
80200e78 80200e78        0     1                 .L0 
80200e7c 80200e7c        0     1                 .L0 
80200e7c 80200e7c        0     1                 .L0 
80200e88 80200e88        0     1                 .L0 
80200e8a 80200e8a        0     1                 .L0 
80200eae 80200eae        0     1                 .L0 
80200eb8 80200eb8        0     1                 .L0 
80200ec6 80200ec6        0     1                 .L0 
80200ec6 80200ec6        0     1                 .L0 
80200ed2 80200ed2        0     1                 .L0 
80200ed2 80200ed2        0     1                 .L0 
80200ed6 80200ed6        0     1                 .L0 
80200ed8 80200ed8        0     1                 .L0 
80200ed8 80200ed8        0     1                 .L0 
80200ee2 80200ee2        0     1                 .L0 
80200ee2 80200ee2      17e     2         /home/famous282/.rustup/toolchains/stable-x86_64-unknown-linux-gnu/lib/rustlib/riscv32imac-unknown-none-elf/lib/libcore-c6eeea32d188506f.rlib(core-c6eeea32d188506f.core.f2b050c2002e39f1-cgu.0.rcgu.o):(.text._ZN4core3str5count14do_count_chars17ha085528f26cab3c8E)
80200ee2 80200ee2        0     1                 .L0 
80200ee2 80200ee2        0     1                 .L0 
80200ee2 80200ee2        0     1                 $x
80200ee2 80200ee2        0     1                 .L0 
80200ee2 80200ee2      17e     1                 core::str::count::do_count_chars::ha085528f26cab3c8
80200ee8 80200ee8        0     1                 .L0 
80200ef0 80200ef0        0     1                 .L0 
80200ef4 80200ef4        0     1                 .L0 
80200ef4 80200ef4        0     1                 .L0 
80200ef6 80200ef6        0     1                 .L0 
80200ef6 80200ef6        0     1                 .L0 
80200ef8 80200ef8        0     1                 .L0 
80200f00 80200f00        0     1                 .L0 
80200f08 80200f08        0     1                 .L0 
80200f0a 80200f0a        0     1                 .L0 
80200f0e 80200f0e        0     1                 .L0 
80200f14 80200f14        0     1                 .L0 
80200f18 80200f18        0     1                 .L0 
80200f1c 80200f1c        0     1                 .L0 
80200f1c 80200f1c        0     1                 .L0 
80200f20 80200f20        0     1                 .L0 
80200f2a 80200f2a        0     1                 .L0 
80200f2a 80200f2a        0     1                 .L0 
80200f2e 80200f2e        0     1                 .L0 
80200f34 80200f34        0     1                 .L0 
80200f3c 80200f3c        0     1                 .L0 
80200f3e 80200f3e        0     1                 .L0 
80200f42 80200f42        0     1                 .L0 
80200f44 80200f44        0     1                 .L0 
80200f44 80200f44        0     1                 .L0 
80200f46 80200f46        0     1                 .L0 
80200f58 80200f58        0     1                 .L0 
80200f60 80200f60        0     1                 .L0 
80200f62 80200f62        0     1                 .L0 
80200f66 80200f66        0     1                 .L0 
80200f76 80200f76        0     1                 .L0 
80200f7a 80200f7a        0     1                 .L0 
80200f84 80200f84        0     1                 .L0 
80200f92 80200f92        0     1                 .L0 
80200f9a 80200f9a        0     1                 .L0 
80200f9e 80200f9e        0     1                 .L0 
80200fb2 80200fb2        0     1                 .L0 
80200fb2 80200fb2        0     1                 .L0 
80200fb8 80200fb8        0     1                 .L0 
80200fb8 80200fb8        0     1                 .L0 
80200fbe 80200fbe        0     1                 .L0 
80200fcc 80200fcc        0     1                 .L0 
80200ffe 80200ffe        0     1                 .L0 
80201000 80201000        0     1                 .L0 
80201002 80201002        0     1                 .L0 
8020100e 8020100e        0     1                 .L0 
80201016 80201016        0     1                 .L0 
80201016 80201016        0     1                 .L0 
8020101c 8020101c        0     1                 .L0 
8020101c 8020101c        0     1                 .L0 
80201026 80201026        0     1                 .L0 
8020102e 8020102e        0     1                 .L0 
80201030 80201030        0     1                 .L0 
8020103e 8020103e        0     1                 .L0 
80201040 80201040        0     1                 .L0 
80201040 80201040        0     1                 .L0 
80201044 80201044        0     1                 .L0 
80201044 80201044        0     1                 .L0 
80201050 80201050        0     1                 .L0 
80201060 80201060        0     1                 .L0 
80201060 80201060       1e     2         /home/famous282/.rustup/toolchains/stable-x86_64-unknown-linux-gnu/lib/rustlib/riscv32imac-unknown-none-elf/lib/libcore-c6eeea32d188506f.rlib(core-c6eeea32d188506f.core.f2b050c2002e39f1-cgu.0.rcgu.o):(.text.unlikely._ZN4core9panicking11panic_const24panic_const_add_overflow17hbaab9548facd7ec2E)
80201060 80201060        0     1                 .L0 
80201060 80201060        0     1                 .L0 
80201060 80201060        0     1                 $x
80201060 80201060        0     1                 .L0 
80201060 80201060       1e     1                 core::panicking::panic_const::panic_const_add_overflow::hbaab9548facd7ec2
8020107e 8020107e        0     1                 .L0 
8020107e 8020107e       1e     2         /home/famous282/.rustup/toolchains/stable-x86_64-unknown-linux-gnu/lib/rustlib/riscv32imac-unknown-none-elf/lib/libcore-c6eeea32d188506f.rlib(core-c6eeea32d188506f.core.f2b050c2002e39f1-cgu.0.rcgu.o):(.text.unlikely._ZN4core9panicking11panic_const24panic_const_sub_overflow17hae11a25074c61f95E)
8020107e 8020107e        0     1                 .L0 
8020107e 8020107e        0     1                 .L0 
8020107e 8020107e        0     1                 $x
8020107e 8020107e        0     1                 .L0 
8020107e 8020107e       1e     1                 core::panicking::panic_const::panic_const_sub_overflow::hae11a25074c61f95
8020109c 8020109c        0     1                 .L0 
8020109c 8020109c       3c     2         /home/famous282/.rustup/toolchains/stable-x86_64-unknown-linux-gnu/lib/rustlib/riscv32imac-unknown-none-elf/lib/libcore-c6eeea32d188506f.rlib(core-c6eeea32d188506f.core.f2b050c2002e39f1-cgu.0.rcgu.o):(.text.unlikely._ZN4core9panicking18panic_bounds_check17h8c475dbd9aaa9c2fE)
8020109c 8020109c        0     1                 .L0 
8020109c 8020109c        0     1                 .L0 
8020109c 8020109c        0     1                 $x
8020109c 8020109c        0     1                 .L0 
8020109c 8020109c       3c     1                 core::panicking::panic_bounds_check::h8c475dbd9aaa9c2f
802010d8 802010d8        0     1                 .L0 
802010d8 802010d8       30     2         /home/famous282/.rustup/toolchains/stable-x86_64-unknown-linux-gnu/lib/rustlib/riscv32imac-unknown-none-elf/lib/libcore-c6eeea32d188506f.rlib(core-c6eeea32d188506f.core.f2b050c2002e39f1-cgu.0.rcgu.o):(.text.unlikely._ZN4core9panicking18panic_nounwind_fmt17hbca8acd98a7f1dccE)
802010d8 802010d8        0     1                 .L0 
802010d8 802010d8        0     1                 .L0 
802010d8 802010d8        0     1                 $x
802010d8 802010d8        0     1                 .L0 
802010d8 802010d8       30     1                 core::panicking::panic_nounwind_fmt::hbca8acd98a7f1dcc
802010ec 802010ec        0     1                 .L0 
80201108 80201108        0     1                 .L0 
80201108 80201108       2e     2         /home/famous282/.rustup/toolchains/stable-x86_64-unknown-linux-gnu/lib/rustlib/riscv32imac-unknown-none-elf/lib/libcore-c6eeea32d188506f.rlib(core-c6eeea32d188506f.core.f2b050c2002e39f1-cgu.0.rcgu.o):(.text.unlikely._ZN4core9panicking9panic_fmt17hf2b467cfc0e561d3E)
80201108 80201108        0     1                 .L0 
80201108 80201108        0     1                 .L0 
80201108 80201108        0     1                 $x
80201108 80201108        0     1                 .L0 
80201108 80201108       2e     1                 core::panicking::panic_fmt::hf2b467cfc0e561d3
8020111e 8020111e        0     1                 .L0 
80201136 80201136        0     1                 .L0 
80201136 80201136       c6     2         /home/famous282/.rustup/toolchains/stable-x86_64-unknown-linux-gnu/lib/rustlib/riscv32imac-unknown-none-elf/lib/libcore-c6eeea32d188506f.rlib(core-c6eeea32d188506f.core.f2b050c2002e39f1-cgu.0.rcgu.o):(.text._ZN73_$LT$core..panic..panic_info..PanicInfo$u20$as$u20$core..fmt..Display$GT$3fmt17hb5a14bd6be532762E)
80201136 80201136        0     1                 .L0 
80201136 80201136        0     1                 .L0 
80201136 80201136        0     1                 $x
80201136 80201136        0     1                 .L0 
80201136 80201136       c6     1                 _$LT$core..panic..panic_info..PanicInfo$u20$as$u20$core..fmt..Display$GT$::fmt::hb5a14bd6be532762
80201148 80201148        0     1                 .L0 
80201164 80201164        0     1                 .L0 
80201164 80201164        0     1                 .L0 
80201166 80201166        0     1                 .L0 
8020116e 8020116e        0     1                 .L0 
8020117e 8020117e        0     1                 .L0 
80201182 80201182        0     1                 .L0 
80201198 80201198        0     1                 .L0 
802011a0 802011a0        0     1                 .L0 
802011a8 802011a8        0     1                 .L0 
802011c0 802011c0        0     1                 .L0 
802011c0 802011c0        0     1                 .L0 
802011c2 802011c2        0     1                 .L0 
802011c2 802011c2        0     1                 .L0 
802011d0 802011d0        0     1                 .L0 
802011d0 802011d0        0     1                 .L0 
802011d2 802011d2        0     1                 .L0 
802011da 802011da        0     1                 .L0 
802011fc 802011fc        0     1                 .L0 
802011fc 802011fc       6c     2         /home/famous282/.rustup/toolchains/stable-x86_64-unknown-linux-gnu/lib/rustlib/riscv32imac-unknown-none-elf/lib/libcompiler_builtins-ad31f96eaed4fe7a.rlib(compiler_builtins-ad31f96eaed4fe7a.compiler_builtins.a8dbbfe33f18591e-cgu.199.rcgu.o):(.text.memset)
802011fc 802011fc        0     1                 .L0 
802011fc 802011fc        0     1                 .L0 
802011fc 802011fc        0     1                 $x
802011fc 802011fc        0     1                 .L0 
802011fc 802011fc       6c     1                 memset
802011fe 802011fe        0     1                 .L0 
802011fe 802011fe        0     1                 .L0 
80201202 80201202        0     1                 .L0 
80201202 80201202        0     1                 .L0 
8020120a 8020120a        0     1                 .L0 
8020120e 8020120e        0     1                 .L0 
80201212 80201212        0     1                 .L0 
8020121c 8020121c        0     1                 .L0 
8020121e 8020121e        0     1                 .L0 
80201220 80201220        0     1                 .L0 
80201228 80201228        0     1                 .L0 
8020122a 8020122a        0     1                 .L0 
8020122e 8020122e        0     1                 .L0 
80201240 80201240        0     1                 .L0 
80201242 80201242        0     1                 .L0 
80201246 80201246        0     1                 .L0 
80201248 80201248        0     1                 .L0 
80201250 80201250        0     1                 .L0 
80201256 80201256        0     1                 .L0 
80201256 80201256        0     1                 .L0 
8020125a 8020125a        0     1                 .L0 
8020125e 8020125e        0     1                 .L0 
80201268 80201268        0     1                 .L0 
80201268 80201268      563     4 .rodata
80201268 80201268       18     4         /home/famous282/1000linesOS/kernel/target/riscv32imac-unknown-none-elf/debug/deps/kernel-e423684175293233.1gy28gr8yncw9yg4wm3kw95ip.1lyfbdk.rcgu.o:(.rodata.anon.115b1549741a66689ede8b6afce1a372.0.llvm.11468890524131549399)
80201268 80201268        0     1                 $d
80201268 80201268       18     1                 anon.115b1549741a66689ede8b6afce1a372.0.llvm.11468890524131549399
80201280 80201280        e     1         /home/famous282/1000linesOS/kernel/target/riscv32imac-unknown-none-elf/debug/deps/kernel-e423684175293233.1zwa976huie3oeuiu5py3i96v.1lyfbdk.rcgu.o:(.rodata..Lanon.d386e10f8ffd8bb0a94322403120df25.0)
80201280 80201280        e     1                 .Lanon.d386e10f8ffd8bb0a94322403120df25.0
80201280 80201280        0     1                 $d
8020128e 8020128e      1ab     1         <internal>:(.rodata.str1.1)
8020143c 8020143c       10     4         /home/famous282/1000linesOS/kernel/target/riscv32imac-unknown-none-elf/debug/deps/kernel-e423684175293233.3bfxp6v8fwkgtj8xfip8pfh2s.1lyfbdk.rcgu.o:(.rodata.anon.4b0aa6b5bdb464708e0ddc9e9b507aa0.2.llvm.3657229955330092108)
8020143c 8020143c        0     1                 $d
8020143c 8020143c       10     1                 anon.4b0aa6b5bdb464708e0ddc9e9b507aa0.2.llvm.3657229955330092108
8020144c 8020144c       15     1         /home/famous282/1000linesOS/kernel/target/riscv32imac-unknown-none-elf/debug/deps/kernel-e423684175293233.3bfxp6v8fwkgtj8xfip8pfh2s.1lyfbdk.rcgu.o:(.rodata.anon.4b0aa6b5bdb464708e0ddc9e9b507aa0.3.llvm.3657229955330092108)
8020144c 8020144c        0     1                 $d
8020144c 8020144c       15     1                 anon.4b0aa6b5bdb464708e0ddc9e9b507aa0.3.llvm.3657229955330092108
80201464 80201464       10     4         /home/famous282/1000linesOS/kernel/target/riscv32imac-unknown-none-elf/debug/deps/kernel-e423684175293233.3bfxp6v8fwkgtj8xfip8pfh2s.1lyfbdk.rcgu.o:(.rodata.anon.4b0aa6b5bdb464708e0ddc9e9b507aa0.4.llvm.3657229955330092108)
80201464 80201464        0     1                 $d
80201464 80201464       10     1                 anon.4b0aa6b5bdb464708e0ddc9e9b507aa0.4.llvm.3657229955330092108
80201474 80201474       10     4         /home/famous282/1000linesOS/kernel/target/riscv32imac-unknown-none-elf/debug/deps/kernel-e423684175293233.5775z1s3a7kqb3rgz5lv2w5b1.1lyfbdk.rcgu.o:(.rodata..Lanon.c6ca01c3ef7a9928a0f7f70aa5ba5c2a.2)
80201474 80201474       10     1                 .Lanon.c6ca01c3ef7a9928a0f7f70aa5ba5c2a.2
80201474 80201474        0     1                 $d
80201484 80201484       10     4         /home/famous282/1000linesOS/kernel/target/riscv32imac-unknown-none-elf/debug/deps/kernel-e423684175293233.7hqkh35l985iompa8en7ayj8i.1lyfbdk.rcgu.o:(.rodata.anon.d99447dc6b8d749e5c22b35075bf6bc4.2.llvm.6926757759661457893)
80201484 80201484        0     1                 $d
80201484 80201484       10     1                 anon.d99447dc6b8d749e5c22b35075bf6bc4.2.llvm.6926757759661457893
80201494 80201494        d     1         /home/famous282/1000linesOS/kernel/target/riscv32imac-unknown-none-elf/debug/deps/kernel-e423684175293233.7hqkh35l985iompa8en7ayj8i.1lyfbdk.rcgu.o:(.rodata.anon.d99447dc6b8d749e5c22b35075bf6bc4.3.llvm.6926757759661457893)
80201494 80201494        0     1                 $d
80201494 80201494        d     1                 anon.d99447dc6b8d749e5c22b35075bf6bc4.3.llvm.6926757759661457893
802014a4 802014a4       10     4         /home/famous282/1000linesOS/kernel/target/riscv32imac-unknown-none-elf/debug/deps/kernel-e423684175293233.7hqkh35l985iompa8en7ayj8i.1lyfbdk.rcgu.o:(.rodata.anon.d99447dc6b8d749e5c22b35075bf6bc4.4.llvm.6926757759661457893)
802014a4 802014a4        0     1                 $d
802014a4 802014a4       10     1                 anon.d99447dc6b8d749e5c22b35075bf6bc4.4.llvm.6926757759661457893
802014b4 802014b4       16     1         /home/famous282/1000linesOS/kernel/target/riscv32imac-unknown-none-elf/debug/deps/kernel-e423684175293233.7hqkh35l985iompa8en7ayj8i.1lyfbdk.rcgu.o:(.rodata..Lanon.d99447dc6b8d749e5c22b35075bf6bc4.5)
802014b4 802014b4       16     1                 .Lanon.d99447dc6b8d749e5c22b35075bf6bc4.5
802014b4 802014b4        0     1                 $d
802014ca 802014ca       16     1         /home/famous282/1000linesOS/kernel/target/riscv32imac-unknown-none-elf/debug/deps/kernel-e423684175293233.7hqkh35l985iompa8en7ayj8i.1lyfbdk.rcgu.o:(.rodata..Lanon.d99447dc6b8d749e5c22b35075bf6bc4.6)
802014ca 802014ca       16     1                 .Lanon.d99447dc6b8d749e5c22b35075bf6bc4.6
802014ca 802014ca        0     1                 $d
802014e0 802014e0       10     4         /home/famous282/1000linesOS/kernel/target/riscv32imac-unknown-none-elf/debug/deps/kernel-e423684175293233.7hqkh35l985iompa8en7ayj8i.1lyfbdk.rcgu.o:(.rodata..Lanon.d99447dc6b8d749e5c22b35075bf6bc4.7)
802014e0 802014e0       10     1                 .Lanon.d99447dc6b8d749e5c22b35075bf6bc4.7
802014e0 802014e0        0     1                 $d
802014f0 802014f0       10     4         /home/famous282/1000linesOS/kernel/target/riscv32imac-unknown-none-elf/debug/deps/kernel-e423684175293233.7wj5zoa8xxs3t0yy1onealpk8.1lyfbdk.rcgu.o:(.rodata.anon.04ccc33b5066ea8aff05e46f4f19a542.1.llvm.5727941747683799958)
802014f0 802014f0        0     1                 $d
802014f0 802014f0       10     1                 anon.04ccc33b5066ea8aff05e46f4f19a542.1.llvm.5727941747683799958
80201500 80201500       10     4         /home/famous282/1000linesOS/kernel/target/riscv32imac-unknown-none-elf/debug/deps/kernel-e423684175293233.7wj5zoa8xxs3t0yy1onealpk8.1lyfbdk.rcgu.o:(.rodata.anon.04ccc33b5066ea8aff05e46f4f19a542.2.llvm.5727941747683799958)
80201500 80201500        0     1                 $d
80201500 80201500       10     1                 anon.04ccc33b5066ea8aff05e46f4f19a542.2.llvm.5727941747683799958
80201510 80201510       10     4         /home/famous282/1000linesOS/kernel/target/riscv32imac-unknown-none-elf/debug/deps/kernel-e423684175293233.7wj5zoa8xxs3t0yy1onealpk8.1lyfbdk.rcgu.o:(.rodata.anon.04ccc33b5066ea8aff05e46f4f19a542.3.llvm.5727941747683799958)
80201510 80201510        0     1                 $d
80201510 80201510       10     1                 anon.04ccc33b5066ea8aff05e46f4f19a542.3.llvm.5727941747683799958
80201520 80201520       ae     1         /home/famous282/1000linesOS/kernel/target/riscv32imac-unknown-none-elf/debug/deps/kernel-e423684175293233.7wj5zoa8xxs3t0yy1onealpk8.1lyfbdk.rcgu.o:(.rodata.anon.04ccc33b5066ea8aff05e46f4f19a542.4.llvm.5727941747683799958)
80201520 80201520        0     1                 $d
80201520 80201520       ae     1                 anon.04ccc33b5066ea8aff05e46f4f19a542.4.llvm.5727941747683799958
802015ce 802015ce       c7     1         /home/famous282/1000linesOS/kernel/target/riscv32imac-unknown-none-elf/debug/deps/kernel-e423684175293233.7wj5zoa8xxs3t0yy1onealpk8.1lyfbdk.rcgu.o:(.rodata.anon.04ccc33b5066ea8aff05e46f4f19a542.5.llvm.5727941747683799958)
802015ce 802015ce        0     1                 $d
802015ce 802015ce       c7     1                 anon.04ccc33b5066ea8aff05e46f4f19a542.5.llvm.5727941747683799958
80201698 80201698       10     4         /home/famous282/1000linesOS/kernel/target/riscv32imac-unknown-none-elf/debug/deps/kernel-e423684175293233.7wj5zoa8xxs3t0yy1onealpk8.1lyfbdk.rcgu.o:(.rodata.anon.04ccc33b5066ea8aff05e46f4f19a542.7.llvm.5727941747683799958)
80201698 80201698        0     1                 $d
80201698 80201698       10     1                 anon.04ccc33b5066ea8aff05e46f4f19a542.7.llvm.5727941747683799958
802016a8 802016a8       c8     1         /home/famous282/.rustup/toolchains/stable-x86_64-unknown-linux-gnu/lib/rustlib/riscv32imac-unknown-none-elf/lib/libcore-c6eeea32d188506f.rlib(core-c6eeea32d188506f.core.f2b050c2002e39f1-cgu.0.rcgu.o):(.rodata..Lanon.f74838b38e70b6e7b417ca0660cf6a38.14)
802016a8 802016a8       c8     1                 .Lanon.f74838b38e70b6e7b417ca0660cf6a38.14
802016a8 802016a8        0     1                 $d
80201770 80201770       10     4         /home/famous282/.rustup/toolchains/stable-x86_64-unknown-linux-gnu/lib/rustlib/riscv32imac-unknown-none-elf/lib/libcore-c6eeea32d188506f.rlib(core-c6eeea32d188506f.core.f2b050c2002e39f1-cgu.0.rcgu.o):(.rodata..Lanon.f74838b38e70b6e7b417ca0660cf6a38.26)
80201770 80201770       10     1                 .Lanon.f74838b38e70b6e7b417ca0660cf6a38.26
80201770 80201770        0     1                 $d
80201780 80201780       1c     1         /home/famous282/.rustup/toolchains/stable-x86_64-unknown-linux-gnu/lib/rustlib/riscv32imac-unknown-none-elf/lib/libcore-c6eeea32d188506f.rlib(core-c6eeea32d188506f.core.f2b050c2002e39f1-cgu.0.rcgu.o):(.rodata..Lanon.f74838b38e70b6e7b417ca0660cf6a38.88)
80201780 80201780       1c     1                 .Lanon.f74838b38e70b6e7b417ca0660cf6a38.88
80201780 80201780        0     1                 $d
8020179c 8020179c       21     1         /home/famous282/.rustup/toolchains/stable-x86_64-unknown-linux-gnu/lib/rustlib/riscv32imac-unknown-none-elf/lib/libcore-c6eeea32d188506f.rlib(core-c6eeea32d188506f.core.f2b050c2002e39f1-cgu.0.rcgu.o):(.rodata..Lanon.f74838b38e70b6e7b417ca0660cf6a38.95)
8020179c 8020179c       21     1                 .Lanon.f74838b38e70b6e7b417ca0660cf6a38.95
8020179c 8020179c        0     1                 $d
802017bd 802017bd        c     1         /home/famous282/.rustup/toolchains/stable-x86_64-unknown-linux-gnu/lib/rustlib/riscv32imac-unknown-none-elf/lib/libcore-c6eeea32d188506f.rlib(core-c6eeea32d188506f.core.f2b050c2002e39f1-cgu.0.rcgu.o):(.rodata..Lanon.f74838b38e70b6e7b417ca0660cf6a38.408)
802017bd 802017bd        c     1                 .Lanon.f74838b38e70b6e7b417ca0660cf6a38.408
802017bd 802017bd        0     1                 $d
802017c9 802017c9        2     1         /home/famous282/.rustup/toolchains/stable-x86_64-unknown-linux-gnu/lib/rustlib/riscv32imac-unknown-none-elf/lib/libcore-c6eeea32d188506f.rlib(core-c6eeea32d188506f.core.f2b050c2002e39f1-cgu.0.rcgu.o):(.rodata..Lanon.f74838b38e70b6e7b417ca0660cf6a38.409)
802017c9 802017c9        2     1                 .Lanon.f74838b38e70b6e7b417ca0660cf6a38.409
802017c9 802017c9        0     1                 $d
802017cc 802017cc      324     4 .eh_frame
802017cc 802017cc       14     1         /home/famous282/.rustup/toolchains/stable-x86_64-unknown-linux-gnu/lib/rustlib/riscv32imac-unknown-none-elf/lib/libcore-c6eeea32d188506f.rlib(core-c6eeea32d188506f.core.f2b050c2002e39f1-cgu.0.rcgu.o):(.eh_frame+0x0)
802017e0 802017e0       14     1         /home/famous282/.rustup/toolchains/stable-x86_64-unknown-linux-gnu/lib/rustlib/riscv32imac-unknown-none-elf/lib/libcore-c6eeea32d188506f.rlib(core-c6eeea32d188506f.core.f2b050c2002e39f1-cgu.0.rcgu.o):(.eh_frame+0x300)
802017f4 802017f4       44     1         /home/famous282/.rustup/toolchains/stable-x86_64-unknown-linux-gnu/lib/rustlib/riscv32imac-unknown-none-elf/lib/libcore-c6eeea32d188506f.rlib(core-c6eeea32d188506f.core.f2b050c2002e39f1-cgu.0.rcgu.o):(.eh_frame+0x7b0)
80201838 80201838       30     1         /home/famous282/.rustup/toolchains/stable-x86_64-unknown-linux-gnu/lib/rustlib/riscv32imac-unknown-none-elf/lib/libcore-c6eeea32d188506f.rlib(core-c6eeea32d188506f.core.f2b050c2002e39f1-cgu.0.rcgu.o):(.eh_frame+0xa0c)
80201868 80201868       60     1         /home/famous282/.rustup/toolchains/stable-x86_64-unknown-linux-gnu/lib/rustlib/riscv32imac-unknown-none-elf/lib/libcore-c6eeea32d188506f.rlib(core-c6eeea32d188506f.core.f2b050c2002e39f1-cgu.0.rcgu.o):(.eh_frame+0x1b3c)
802018c8 802018c8       ac     1         /home/famous282/.rustup/toolchains/stable-x86_64-unknown-linux-gnu/lib/rustlib/riscv32imac-unknown-none-elf/lib/libcore-c6eeea32d188506f.rlib(core-c6eeea32d188506f.core.f2b050c2002e39f1-cgu.0.rcgu.o):(.eh_frame+0x1fe0)
80201974 80201974       64     1         /home/famous282/.rustup/toolchains/stable-x86_64-unknown-linux-gnu/lib/rustlib/riscv32imac-unknown-none-elf/lib/libcore-c6eeea32d188506f.rlib(core-c6eeea32d188506f.core.f2b050c2002e39f1-cgu.0.rcgu.o):(.eh_frame+0x248c)
802019d8 802019d8       28     1         /home/famous282/.rustup/toolchains/stable-x86_64-unknown-linux-gnu/lib/rustlib/riscv32imac-unknown-none-elf/lib/libcore-c6eeea32d188506f.rlib(core-c6eeea32d188506f.core.f2b050c2002e39f1-cgu.0.rcgu.o):(.eh_frame+0x3838)
80201a00 80201a00       20     1         /home/famous282/.rustup/toolchains/stable-x86_64-unknown-linux-gnu/lib/rustlib/riscv32imac-unknown-none-elf/lib/libcore-c6eeea32d188506f.rlib(core-c6eeea32d188506f.core.f2b050c2002e39f1-cgu.0.rcgu.o):(.eh_frame+0x3e98)
80201a20 80201a20       20     1         /home/famous282/.rustup/toolchains/stable-x86_64-unknown-linux-gnu/lib/rustlib/riscv32imac-unknown-none-elf/lib/libcore-c6eeea32d188506f.rlib(core-c6eeea32d188506f.core.f2b050c2002e39f1-cgu.0.rcgu.o):(.eh_frame+0x3f78)
80201a40 80201a40       40     1         /home/famous282/.rustup/toolchains/stable-x86_64-unknown-linux-gnu/lib/rustlib/riscv32imac-unknown-none-elf/lib/libcore-c6eeea32d188506f.rlib(core-c6eeea32d188506f.core.f2b050c2002e39f1-cgu.0.rcgu.o):(.eh_frame+0x41b8)
80201a80 80201a80       20     1         /home/famous282/.rustup/toolchains/stable-x86_64-unknown-linux-gnu/lib/rustlib/riscv32imac-unknown-none-elf/lib/libcore-c6eeea32d188506f.rlib(core-c6eeea32d188506f.core.f2b050c2002e39f1-cgu.0.rcgu.o):(.eh_frame+0x42d8)
80201aa0 80201aa0       38     1         /home/famous282/.rustup/toolchains/stable-x86_64-unknown-linux-gnu/lib/rustlib/riscv32imac-unknown-none-elf/lib/libcore-c6eeea32d188506f.rlib(core-c6eeea32d188506f.core.f2b050c2002e39f1-cgu.0.rcgu.o):(.eh_frame+0x51d4)
80201ad8 80201ad8       14     1         /home/famous282/.rustup/toolchains/stable-x86_64-unknown-linux-gnu/lib/rustlib/riscv32imac-unknown-none-elf/lib/libcompiler_builtins-ad31f96eaed4fe7a.rlib(compiler_builtins-ad31f96eaed4fe7a.compiler_builtins.a8dbbfe33f18591e-cgu.199.rcgu.o):(.eh_frame+0x14)
80201af0 80201af0       cc     4 .bss
80201af0 80201af0        0     1         __bss = .
80201af0 80201af0       a0     4         /home/famous282/1000linesOS/kernel/target/riscv32imac-unknown-none-elf/debug/deps/kernel-e423684175293233.3bfxp6v8fwkgtj8xfip8pfh2s.1lyfbdk.rcgu.o:(.bss._ZN6kernel7process5PROCS17h106b3da5c4bab418E.llvm.3657229955330092108)
80201af0 80201af0        0     1                 $d
80201af0 80201af0       a0     1                 kernel::process::PROCS::h106b3da5c4bab418 (.llvm.3657229955330092108)
80201b90 80201b90       2c     4         /home/famous282/1000linesOS/kernel/target/riscv32imac-unknown-none-elf/debug/deps/kernel-e423684175293233.7hqkh35l985iompa8en7ayj8i.1lyfbdk.rcgu.o:(.bss..L_MergedGlobals)
80201b90 80201b90       2c     1                 .L_MergedGlobals
80201b90 80201b90        0     1                 $d
80201b90 80201b90        4     1                 kernel::kernel::NEXT_PADDR::hd94a3e5e61b0a126 (.0.llvm.6926757759661457893)
80201b94 80201b94       14     1                 kernel::kernel::PROC_A::h8c42efe9831a4d67
80201ba8 80201ba8       14     1                 kernel::kernel::PROC_B::hd543ee1938f7e5c6
80201bbc 80201bbc        0     1         __bss_end = .
80201bbc 80201bbc        0     1 . = ALIGN(4)
80201bbc 80201bbc    20000     1 . += 128 * 1024
80221bbc 80221bbc        0     1 __stack_top = .
80221bbc 80221bbc      444     1 . = ALIGN(4096)
80222000 80222000        0     1 __free_ram = .
80222000 80222000  4000000     1 . += 64 * 1024 * 1024
84222000 84222000        0     1 __free_ram_end = .
       0        0      e95     1 .debug_loc
       0        0       13     1         /home/famous282/1000linesOS/kernel/target/riscv32imac-unknown-none-elf/debug/deps/kernel-e423684175293233.0xglbqqcmy1h5ke8v4z244zh3.1lyfbdk.rcgu.o:(.debug_loc)
       0        0        0     1                 .L0 
       0        0        0     1                 $d
      13       13      29a     1         /home/famous282/1000linesOS/kernel/target/riscv32imac-unknown-none-elf/debug/deps/kernel-e423684175293233.1gy28gr8yncw9yg4wm3kw95ip.1lyfbdk.rcgu.o:(.debug_loc)
      13       13        0     1                 .L0 
      13       13        0     1                 $d
      2e       2e        0     1                 .L0 
      5f       5f        0     1                 .L0 
      90       90        0     1                 .L0 
      b3       b3        0     1                 .L0 
      e4       e4        0     1                 .L0 
     115      115        0     1                 .L0 
     138      138        0     1                 .L0 
     154      154        0     1                 .L0 
     185      185        0     1                 .L0 
     1af      1af        0     1                 .L0 
     1cb      1cb        0     1                 .L0 
     1fc      1fc        0     1                 .L0 
     217      217        0     1                 .L0 
     232      232        0     1                 .L0 
     24d      24d        0     1                 .L0 
     28d      28d        0     1                 .L0 
     2ad      2ad      101     1         /home/famous282/1000linesOS/kernel/target/riscv32imac-unknown-none-elf/debug/deps/kernel-e423684175293233.1zwa976huie3oeuiu5py3i96v.1lyfbdk.rcgu.o:(.debug_loc)
     2ad      2ad        0     1                 .L0 
     2ad      2ad        0     1                 $d
     2e6      2e6        0     1                 .L0 
     31f      31f        0     1                 .L0 
     358      358        0     1                 .L0 
     383      383        0     1                 .L0 
     3ae      3ae      31c     1         /home/famous282/1000linesOS/kernel/target/riscv32imac-unknown-none-elf/debug/deps/kernel-e423684175293233.3bfxp6v8fwkgtj8xfip8pfh2s.1lyfbdk.rcgu.o:(.debug_loc)
     3ae      3ae        0     1                 .L0 
     3ae      3ae        0     1                 $d
     3d7      3d7        0     1                 .L0 
     3f7      3f7        0     1                 .L0 
     4bf      4bf        0     1                 .L0 
     5c3      5c3        0     1                 .L0 
     5ec      5ec        0     1                 .L0 
     618      618        0     1                 .L0 
     636      636        0     1                 .L0 
     654      654        0     1                 .L0 
     682      682        0     1                 .L0 
     6a0      6a0        0     1                 .L0 
     6ca      6ca       36     1         /home/famous282/1000linesOS/kernel/target/riscv32imac-unknown-none-elf/debug/deps/kernel-e423684175293233.5775z1s3a7kqb3rgz5lv2w5b1.1lyfbdk.rcgu.o:(.debug_loc)
     6ca      6ca        0     1                 .L0 
     6ca      6ca        0     1                 $d
     6e5      6e5        0     1                 .L0 
     700      700      3d9     1         /home/famous282/1000linesOS/kernel/target/riscv32imac-unknown-none-elf/debug/deps/kernel-e423684175293233.7hqkh35l985iompa8en7ayj8i.1lyfbdk.rcgu.o:(.debug_loc)
     700      700        0     1                 .L0 
     700      700        0     1                 $d
     731      731        0     1                 .L0 
     762      762        0     1                 .L0 
     788      788        0     1                 .L0 
     7ae      7ae        0     1                 .L0 
     7c9      7c9        0     1                 .L0 
     7ea      7ea        0     1                 .L0 
     82e      82e        0     1                 .L0 
     872      872        0     1                 .L0 
     8b3      8b3        0     1                 .L0 
     8ec      8ec        0     1                 .L0 
     930      930        0     1                 .L0 
     974      974        0     1                 .L0 
     9b5      9b5        0     1                 .L0 
     9ee      9ee        0     1                 .L0 
     a09      a09        0     1                 .L0 
     a2f      a2f        0     1                 .L0 
     a4a      a4a        0     1                 .L0 
     a88      a88        0     1                 .L0 
     aa3      aa3        0     1                 .L0 
     abe      abe        0     1                 .L0 
     ad9      ad9      3bc     1         /home/famous282/1000linesOS/kernel/target/riscv32imac-unknown-none-elf/debug/deps/kernel-e423684175293233.7wj5zoa8xxs3t0yy1onealpk8.1lyfbdk.rcgu.o:(.debug_loc)
     ad9      ad9        0     1                 .L0 
     ad9      ad9        0     1                 $d
     b20      b20        0     1                 .L0 
     b3b      b3b        0     1                 .L0 
     b6b      b6b        0     1                 .L0 
     c63      c63        0     1                 .L0 
     c89      c89        0     1                 .L0 
     cba      cba        0     1                 .L0 
     ce0      ce0        0     1                 .L0 
     cfb      cfb        0     1                 .L0 
     d16      d16        0     1                 .L0 
     d31      d31        0     1                 .L0 
     d62      d62        0     1                 .L0 
     da2      da2        0     1                 .L0 
     dc8      dc8        0     1                 .L0 
     dee      dee        0     1                 .L0 
     e14      e14        0     1                 .L0 
     e3a      e3a        0     1                 .L0 
     e60      e60        0     1                 .L0 
       0        0     22cb     1 .debug_abbrev
       0        0      114     1         /home/famous282/1000linesOS/kernel/target/riscv32imac-unknown-none-elf/debug/deps/kernel-e423684175293233.0xglbqqcmy1h5ke8v4z244zh3.1lyfbdk.rcgu.o:(.debug_abbrev)
       0        0        0     1                 $d
     114      114      1f2     1         /home/famous282/1000linesOS/kernel/target/riscv32imac-unknown-none-elf/debug/deps/kernel-e423684175293233.1gy28gr8yncw9yg4wm3kw95ip.1lyfbdk.rcgu.o:(.debug_abbrev)
     114      114        0     1                 $d
     306      306      1e3     1         /home/famous282/1000linesOS/kernel/target/riscv32imac-unknown-none-elf/debug/deps/kernel-e423684175293233.1zwa976huie3oeuiu5py3i96v.1lyfbdk.rcgu.o:(.debug_abbrev)
     306      306        0     1                 $d
     4e9      4e9      2c2     1         /home/famous282/1000linesOS/kernel/target/riscv32imac-unknown-none-elf/debug/deps/kernel-e423684175293233.3bfxp6v8fwkgtj8xfip8pfh2s.1lyfbdk.rcgu.o:(.debug_abbrev)
     4e9      4e9        0     1                 $d
     7ab      7ab      12b     1         /home/famous282/1000linesOS/kernel/target/riscv32imac-unknown-none-elf/debug/deps/kernel-e423684175293233.5775z1s3a7kqb3rgz5lv2w5b1.1lyfbdk.rcgu.o:(.debug_abbrev)
     7ab      7ab        0     1                 $d
     8d6      8d6      2f8     1         /home/famous282/1000linesOS/kernel/target/riscv32imac-unknown-none-elf/debug/deps/kernel-e423684175293233.7hqkh35l985iompa8en7ayj8i.1lyfbdk.rcgu.o:(.debug_abbrev)
     8d6      8d6        0     1                 $d
     bce      bce      273     1         /home/famous282/1000linesOS/kernel/target/riscv32imac-unknown-none-elf/debug/deps/kernel-e423684175293233.7wj5zoa8xxs3t0yy1onealpk8.1lyfbdk.rcgu.o:(.debug_abbrev)
     bce      bce        0     1                 $d
     e41      e41      312     1         /home/famous282/.rustup/toolchains/stable-x86_64-unknown-linux-gnu/lib/rustlib/riscv32imac-unknown-none-elf/lib/libcore-c6eeea32d188506f.rlib(core-c6eeea32d188506f.core.f2b050c2002e39f1-cgu.0.rcgu.o):(.debug_abbrev)
     e41      e41        0     1                 $d
    1153     1153       5b     1         /home/famous282/.rustup/toolchains/stable-x86_64-unknown-linux-gnu/lib/rustlib/riscv32imac-unknown-none-elf/lib/libcompiler_builtins-ad31f96eaed4fe7a.rlib(compiler_builtins-ad31f96eaed4fe7a.compiler_builtins.a8dbbfe33f18591e-cgu.105.rcgu.o):(.debug_abbrev)
    1153     1153        0     1                 $d
    11ae     11ae       5f     1         /home/famous282/.rustup/toolchains/stable-x86_64-unknown-linux-gnu/lib/rustlib/riscv32imac-unknown-none-elf/lib/libcompiler_builtins-ad31f96eaed4fe7a.rlib(compiler_builtins-ad31f96eaed4fe7a.compiler_builtins.a8dbbfe33f18591e-cgu.157.rcgu.o):(.debug_abbrev)
    11ae     11ae        0     1                 $d
    120d     120d       a8     1         /home/famous282/.rustup/toolchains/stable-x86_64-unknown-linux-gnu/lib/rustlib/riscv32imac-unknown-none-elf/lib/libcompiler_builtins-ad31f96eaed4fe7a.rlib(compiler_builtins-ad31f96eaed4fe7a.compiler_builtins.a8dbbfe33f18591e-cgu.016.rcgu.o):(.debug_abbrev)
    120d     120d        0     1                 $d
    12b5     12b5       aa     1         /home/famous282/.rustup/toolchains/stable-x86_64-unknown-linux-gnu/lib/rustlib/riscv32imac-unknown-none-elf/lib/libcompiler_builtins-ad31f96eaed4fe7a.rlib(compiler_builtins-ad31f96eaed4fe7a.compiler_builtins.a8dbbfe33f18591e-cgu.162.rcgu.o):(.debug_abbrev)
    12b5     12b5        0     1                 $d
    135f     135f       e9     1         /home/famous282/.rustup/toolchains/stable-x86_64-unknown-linux-gnu/lib/rustlib/riscv32imac-unknown-none-elf/lib/libcompiler_builtins-ad31f96eaed4fe7a.rlib(compiler_builtins-ad31f96eaed4fe7a.compiler_builtins.a8dbbfe33f18591e-cgu.199.rcgu.o):(.debug_abbrev)
    135f     135f        0     1                 $d
    1448     1448       cf     1         /home/famous282/.rustup/toolchains/stable-x86_64-unknown-linux-gnu/lib/rustlib/riscv32imac-unknown-none-elf/lib/libcompiler_builtins-ad31f96eaed4fe7a.rlib(compiler_builtins-ad31f96eaed4fe7a.compiler_builtins.a8dbbfe33f18591e-cgu.225.rcgu.o):(.debug_abbrev)
    1448     1448        0     1                 $d
    1517     1517       2e     1         /home/famous282/.rustup/toolchains/stable-x86_64-unknown-linux-gnu/lib/rustlib/riscv32imac-unknown-none-elf/lib/libcompiler_builtins-ad31f96eaed4fe7a.rlib(compiler_builtins-ad31f96eaed4fe7a.compiler_builtins.a8dbbfe33f18591e-cgu.228.rcgu.o):(.debug_abbrev)
    1517     1517        0     1                 $d
    1545     1545      134     1         /home/famous282/.rustup/toolchains/stable-x86_64-unknown-linux-gnu/lib/rustlib/riscv32imac-unknown-none-elf/lib/libcompiler_builtins-ad31f96eaed4fe7a.rlib(compiler_builtins-ad31f96eaed4fe7a.compiler_builtins.a8dbbfe33f18591e-cgu.003.rcgu.o):(.debug_abbrev)
    1545     1545        0     1                 $d
    1679     1679      181     1         /home/famous282/.rustup/toolchains/stable-x86_64-unknown-linux-gnu/lib/rustlib/riscv32imac-unknown-none-elf/lib/libcompiler_builtins-ad31f96eaed4fe7a.rlib(compiler_builtins-ad31f96eaed4fe7a.compiler_builtins.a8dbbfe33f18591e-cgu.017.rcgu.o):(.debug_abbrev)
    1679     1679        0     1                 $d
    17fa     17fa       e0     1         /home/famous282/.rustup/toolchains/stable-x86_64-unknown-linux-gnu/lib/rustlib/riscv32imac-unknown-none-elf/lib/libcompiler_builtins-ad31f96eaed4fe7a.rlib(compiler_builtins-ad31f96eaed4fe7a.compiler_builtins.a8dbbfe33f18591e-cgu.236.rcgu.o):(.debug_abbrev)
    17fa     17fa        0     1                 $d
    18da     18da       aa     1         /home/famous282/.rustup/toolchains/stable-x86_64-unknown-linux-gnu/lib/rustlib/riscv32imac-unknown-none-elf/lib/libcompiler_builtins-ad31f96eaed4fe7a.rlib(compiler_builtins-ad31f96eaed4fe7a.compiler_builtins.a8dbbfe33f18591e-cgu.239.rcgu.o):(.debug_abbrev)
    18da     18da        0     1                 $d
    1984     1984       2e     1         /home/famous282/.rustup/toolchains/stable-x86_64-unknown-linux-gnu/lib/rustlib/riscv32imac-unknown-none-elf/lib/libcompiler_builtins-ad31f96eaed4fe7a.rlib(compiler_builtins-ad31f96eaed4fe7a.compiler_builtins.a8dbbfe33f18591e-cgu.256.rcgu.o):(.debug_abbrev)
    1984     1984        0     1                 $d
    19b2     19b2      14e     1         /home/famous282/.rustup/toolchains/stable-x86_64-unknown-linux-gnu/lib/rustlib/riscv32imac-unknown-none-elf/lib/libcompiler_builtins-ad31f96eaed4fe7a.rlib(compiler_builtins-ad31f96eaed4fe7a.compiler_builtins.a8dbbfe33f18591e-cgu.000.rcgu.o):(.debug_abbrev)
    19b2     19b2        0     1                 $d
    1b00     1b00       b9     1         /home/famous282/.rustup/toolchains/stable-x86_64-unknown-linux-gnu/lib/rustlib/riscv32imac-unknown-none-elf/lib/libcompiler_builtins-ad31f96eaed4fe7a.rlib(compiler_builtins-ad31f96eaed4fe7a.compiler_builtins.a8dbbfe33f18591e-cgu.285.rcgu.o):(.debug_abbrev)
    1b00     1b00        0     1                 $d
    1bb9     1bb9       5f     1         /home/famous282/.rustup/toolchains/stable-x86_64-unknown-linux-gnu/lib/rustlib/riscv32imac-unknown-none-elf/lib/libcompiler_builtins-ad31f96eaed4fe7a.rlib(compiler_builtins-ad31f96eaed4fe7a.compiler_builtins.a8dbbfe33f18591e-cgu.287.rcgu.o):(.debug_abbrev)
    1bb9     1bb9        0     1                 $d
    1c18     1c18       2e     1         /home/famous282/.rustup/toolchains/stable-x86_64-unknown-linux-gnu/lib/rustlib/riscv32imac-unknown-none-elf/lib/libcompiler_builtins-ad31f96eaed4fe7a.rlib(compiler_builtins-ad31f96eaed4fe7a.compiler_builtins.a8dbbfe33f18591e-cgu.295.rcgu.o):(.debug_abbrev)
    1c18     1c18        0     1                 $d
    1c46     1c46       b9     1         /home/famous282/.rustup/toolchains/stable-x86_64-unknown-linux-gnu/lib/rustlib/riscv32imac-unknown-none-elf/lib/libcompiler_builtins-ad31f96eaed4fe7a.rlib(compiler_builtins-ad31f96eaed4fe7a.compiler_builtins.a8dbbfe33f18591e-cgu.300.rcgu.o):(.debug_abbrev)
    1c46     1c46        0     1                 $d
    1cff     1cff       ca     1         /home/famous282/.rustup/toolchains/stable-x86_64-unknown-linux-gnu/lib/rustlib/riscv32imac-unknown-none-elf/lib/libcompiler_builtins-ad31f96eaed4fe7a.rlib(compiler_builtins-ad31f96eaed4fe7a.compiler_builtins.a8dbbfe33f18591e-cgu.303.rcgu.o):(.debug_abbrev)
    1cff     1cff        0     1                 $d
    1dc9     1dc9       5f     1         /home/famous282/.rustup/toolchains/stable-x86_64-unknown-linux-gnu/lib/rustlib/riscv32imac-unknown-none-elf/lib/libcompiler_builtins-ad31f96eaed4fe7a.rlib(compiler_builtins-ad31f96eaed4fe7a.compiler_builtins.a8dbbfe33f18591e-cgu.308.rcgu.o):(.debug_abbrev)
    1dc9     1dc9        0     1                 $d
    1e28     1e28       5f     1         /home/famous282/.rustup/toolchains/stable-x86_64-unknown-linux-gnu/lib/rustlib/riscv32imac-unknown-none-elf/lib/libcompiler_builtins-ad31f96eaed4fe7a.rlib(compiler_builtins-ad31f96eaed4fe7a.compiler_builtins.a8dbbfe33f18591e-cgu.315.rcgu.o):(.debug_abbrev)
    1e28     1e28        0     1                 $d
    1e87     1e87       aa     1         /home/famous282/.rustup/toolchains/stable-x86_64-unknown-linux-gnu/lib/rustlib/riscv32imac-unknown-none-elf/lib/libcompiler_builtins-ad31f96eaed4fe7a.rlib(compiler_builtins-ad31f96eaed4fe7a.compiler_builtins.a8dbbfe33f18591e-cgu.325.rcgu.o):(.debug_abbrev)
    1e87     1e87        0     1                 $d
    1f31     1f31       2e     1         /home/famous282/.rustup/toolchains/stable-x86_64-unknown-linux-gnu/lib/rustlib/riscv32imac-unknown-none-elf/lib/libcompiler_builtins-ad31f96eaed4fe7a.rlib(compiler_builtins-ad31f96eaed4fe7a.compiler_builtins.a8dbbfe33f18591e-cgu.326.rcgu.o):(.debug_abbrev)
    1f31     1f31        0     1                 $d
    1f5f     1f5f       aa     1         /home/famous282/.rustup/toolchains/stable-x86_64-unknown-linux-gnu/lib/rustlib/riscv32imac-unknown-none-elf/lib/libcompiler_builtins-ad31f96eaed4fe7a.rlib(compiler_builtins-ad31f96eaed4fe7a.compiler_builtins.a8dbbfe33f18591e-cgu.327.rcgu.o):(.debug_abbrev)
    1f5f     1f5f        0     1                 $d
    2009     2009       b9     1         /home/famous282/.rustup/toolchains/stable-x86_64-unknown-linux-gnu/lib/rustlib/riscv32imac-unknown-none-elf/lib/libcompiler_builtins-ad31f96eaed4fe7a.rlib(compiler_builtins-ad31f96eaed4fe7a.compiler_builtins.a8dbbfe33f18591e-cgu.331.rcgu.o):(.debug_abbrev)
    2009     2009        0     1                 $d
    20c2     20c2       aa     1         /home/famous282/.rustup/toolchains/stable-x86_64-unknown-linux-gnu/lib/rustlib/riscv32imac-unknown-none-elf/lib/libcompiler_builtins-ad31f96eaed4fe7a.rlib(compiler_builtins-ad31f96eaed4fe7a.compiler_builtins.a8dbbfe33f18591e-cgu.332.rcgu.o):(.debug_abbrev)
    20c2     20c2        0     1                 $d
    216c     216c       2e     1         /home/famous282/.rustup/toolchains/stable-x86_64-unknown-linux-gnu/lib/rustlib/riscv32imac-unknown-none-elf/lib/libcompiler_builtins-ad31f96eaed4fe7a.rlib(compiler_builtins-ad31f96eaed4fe7a.compiler_builtins.a8dbbfe33f18591e-cgu.351.rcgu.o):(.debug_abbrev)
    216c     216c        0     1                 $d
[...]
    9ec0     9ec0        0     1                 .L0 
    9ed8     9ed8        0     1                 .L0 
    9f00     9f00        0     1                 .L0 
    9f18     9f18        0     1                 .L0 
    9f30     9f30        0     1                 .L0 
    9f48     9f48        0     1                 .L0 
    9f60     9f60        0     1                 .L0 
    9f78     9f78        0     1                 .L0 
    9f90     9f90        0     1                 .L0 
    9fa8     9fa8        0     1                 .L0 
    9fc0     9fc0        0     1                 .L0 
    9fd8     9fd8        0     1                 .L0 
    9ff8     9ff8        0     1                 .L0 
    a010     a010        0     1                 .L0 
    a028     a028        0     1                 .L0 
    a040     a040        0     1                 .L0 
    a060     a060        0     1                 .L0 
    a078     a078        0     1                 .L0 
    a098     a098        0     1                 .L0 
    a0b0     a0b0        0     1                 .L0 
    a0c8     a0c8        0     1                 .L0 
    a0e0     a0e0        0     1                 .L0 
    a0f8     a0f8        0     1                 .L0 
    a110     a110        0     1                 .L0 
    a128     a128        0     1                 .L0 
    b278     b278       18     1         /home/famous282/.rustup/toolchains/stable-x86_64-unknown-linux-gnu/lib/rustlib/riscv32imac-unknown-none-elf/lib/libcompiler_builtins-ad31f96eaed4fe7a.rlib(compiler_builtins-ad31f96eaed4fe7a.compiler_builtins.a8dbbfe33f18591e-cgu.105.rcgu.o):(.debug_ranges)
    b278     b278        0     1                 .L0 
    b278     b278        0     1                 $d
    b290     b290      168     1         /home/famous282/.rustup/toolchains/stable-x86_64-unknown-linux-gnu/lib/rustlib/riscv32imac-unknown-none-elf/lib/libcompiler_builtins-ad31f96eaed4fe7a.rlib(compiler_builtins-ad31f96eaed4fe7a.compiler_builtins.a8dbbfe33f18591e-cgu.016.rcgu.o):(.debug_ranges)
    b290     b290        0     1                 .L0 
    b290     b290        0     1                 $d
    b2a8     b2a8        0     1                 .L0 
    b2c8     b2c8        0     1                 .L0 
    b2e0     b2e0        0     1                 .L0 
    b2f8     b2f8        0     1                 .L0 
    b310     b310        0     1                 .L0 
    b330     b330        0     1                 .L0 
    b350     b350        0     1                 .L0 
    b368     b368        0     1                 .L0 
    b380     b380        0     1                 .L0 
    b398     b398        0     1                 .L0 
    b3b0     b3b0        0     1                 .L0 
    b3c8     b3c8        0     1                 .L0 
    b3e0     b3e0        0     1                 .L0 
    b3f8     b3f8       20     1         /home/famous282/.rustup/toolchains/stable-x86_64-unknown-linux-gnu/lib/rustlib/riscv32imac-unknown-none-elf/lib/libcompiler_builtins-ad31f96eaed4fe7a.rlib(compiler_builtins-ad31f96eaed4fe7a.compiler_builtins.a8dbbfe33f18591e-cgu.162.rcgu.o):(.debug_ranges)
    b3f8     b3f8        0     1                 .L0 
    b3f8     b3f8        0     1                 $d
    b418     b418       48     1         /home/famous282/.rustup/toolchains/stable-x86_64-unknown-linux-gnu/lib/rustlib/riscv32imac-unknown-none-elf/lib/libcompiler_builtins-ad31f96eaed4fe7a.rlib(compiler_builtins-ad31f96eaed4fe7a.compiler_builtins.a8dbbfe33f18591e-cgu.199.rcgu.o):(.debug_ranges)
    b418     b418        0     1                 .L0 
    b418     b418        0     1                 $d
    b430     b430        0     1                 .L0 
    b448     b448        0     1                 .L0 
    b460     b460       60     1         /home/famous282/.rustup/toolchains/stable-x86_64-unknown-linux-gnu/lib/rustlib/riscv32imac-unknown-none-elf/lib/libcompiler_builtins-ad31f96eaed4fe7a.rlib(compiler_builtins-ad31f96eaed4fe7a.compiler_builtins.a8dbbfe33f18591e-cgu.225.rcgu.o):(.debug_ranges)
    b460     b460        0     1                 .L0 
    b460     b460        0     1                 $d
    b478     b478        0     1                 .L0 
    b490     b490        0     1                 .L0 
    b4a8     b4a8        0     1                 .L0 
    b4c0     b4c0      620     1         /home/famous282/.rustup/toolchains/stable-x86_64-unknown-linux-gnu/lib/rustlib/riscv32imac-unknown-none-elf/lib/libcompiler_builtins-ad31f96eaed4fe7a.rlib(compiler_builtins-ad31f96eaed4fe7a.compiler_builtins.a8dbbfe33f18591e-cgu.003.rcgu.o):(.debug_ranges)
    b4c0     b4c0        0     1                 .L0 
    b4c0     b4c0        0     1                 $d
    b4d8     b4d8        0     1                 .L0 
    b4f0     b4f0        0     1                 .L0 
    b508     b508        0     1                 .L0 
    b520     b520        0     1                 .L0 
    b538     b538        0     1                 .L0 
    b568     b568        0     1                 .L0 
    b5b0     b5b0        0     1                 .L0 
    b608     b608        0     1                 .L0 
    b658     b658        0     1                 .L0 
    b670     b670        0     1                 .L0 
    b6a0     b6a0        0     1                 .L0 
    b6b8     b6b8        0     1                 .L0 
    b6d0     b6d0        0     1                 .L0 
    b6e8     b6e8        0     1                 .L0 
    b700     b700        0     1                 .L0 
    b718     b718        0     1                 .L0 
    b730     b730        0     1                 .L0 
    b748     b748        0     1                 .L0 
    b760     b760        0     1                 .L0 
    b778     b778        0     1                 .L0 
    b790     b790        0     1                 .L0 
    b7a8     b7a8        0     1                 .L0 
    b7c0     b7c0        0     1                 .L0 
    b808     b808        0     1                 .L0 
    b820     b820        0     1                 .L0 
    b838     b838        0     1                 .L0 
    b858     b858        0     1                 .L0 
    b870     b870        0     1                 .L0 
    b888     b888        0     1                 .L0 
    b8b0     b8b0        0     1                 .L0 
    b8f0     b8f0        0     1                 .L0 
    b908     b908        0     1                 .L0 
    b928     b928        0     1                 .L0 
    b950     b950        0     1                 .L0 
    b968     b968        0     1                 .L0 
    b980     b980        0     1                 .L0 
    b998     b998        0     1                 .L0 
    b9b0     b9b0        0     1                 .L0 
    b9c8     b9c8        0     1                 .L0 
    b9e0     b9e0        0     1                 .L0 
    ba28     ba28        0     1                 .L0 
    ba40     ba40        0     1                 .L0 
    ba58     ba58        0     1                 .L0 
    ba70     ba70        0     1                 .L0 
    ba88     ba88        0     1                 .L0 
    baa0     baa0        0     1                 .L0 
    bab8     bab8        0     1                 .L0 
    bae0     bae0      1f0     1         /home/famous282/.rustup/toolchains/stable-x86_64-unknown-linux-gnu/lib/rustlib/riscv32imac-unknown-none-elf/lib/libcompiler_builtins-ad31f96eaed4fe7a.rlib(compiler_builtins-ad31f96eaed4fe7a.compiler_builtins.a8dbbfe33f18591e-cgu.017.rcgu.o):(.debug_ranges)
    bae0     bae0        0     1                 .L0 
    bae0     bae0        0     1                 $d
    bb08     bb08        0     1                 .L0 
    bb58     bb58        0     1                 .L0 
    bba8     bba8        0     1                 .L0 
    bc00     bc00        0     1                 .L0 
    bc40     bc40        0     1                 .L0 
    bc80     bc80        0     1                 .L0 
    bcd0     bcd0       58     1         /home/famous282/.rustup/toolchains/stable-x86_64-unknown-linux-gnu/lib/rustlib/riscv32imac-unknown-none-elf/lib/libcompiler_builtins-ad31f96eaed4fe7a.rlib(compiler_builtins-ad31f96eaed4fe7a.compiler_builtins.a8dbbfe33f18591e-cgu.236.rcgu.o):(.debug_ranges)
    bcd0     bcd0        0     1                 .L0 
    bcd0     bcd0        0     1                 $d
    bce8     bce8        0     1                 .L0 
    bd08     bd08        0     1                 .L0 
    bd28     bd28       20     1         /home/famous282/.rustup/toolchains/stable-x86_64-unknown-linux-gnu/lib/rustlib/riscv32imac-unknown-none-elf/lib/libcompiler_builtins-ad31f96eaed4fe7a.rlib(compiler_builtins-ad31f96eaed4fe7a.compiler_builtins.a8dbbfe33f18591e-cgu.239.rcgu.o):(.debug_ranges)
    bd28     bd28        0     1                 .L0 
    bd28     bd28        0     1                 $d
    bd48     bd48      d30     1         /home/famous282/.rustup/toolchains/stable-x86_64-unknown-linux-gnu/lib/rustlib/riscv32imac-unknown-none-elf/lib/libcompiler_builtins-ad31f96eaed4fe7a.rlib(compiler_builtins-ad31f96eaed4fe7a.compiler_builtins.a8dbbfe33f18591e-cgu.000.rcgu.o):(.debug_ranges)
    bd48     bd48        0     1                 .L0 
    bd48     bd48        0     1                 $d
    bd60     bd60        0     1                 .L0 
    bd78     bd78        0     1                 .L0 
    bd98     bd98        0     1                 .L0 
    bdb8     bdb8        0     1                 .L0 
    bdd8     bdd8        0     1                 .L0 
    be58     be58        0     1                 .L0 
    bed8     bed8        0     1                 .L0 
    bf80     bf80        0     1                 .L0 
    c028     c028        0     1                 .L0 
    c040     c040        0     1                 .L0 
    c080     c080        0     1                 .L0 
    c0c8     c0c8        0     1                 .L0 
    c0f8     c0f8        0     1                 .L0 
    c138     c138        0     1                 .L0 
    c1a0     c1a0        0     1                 .L0 
    c1d8     c1d8        0     1                 .L0 
    c208     c208        0     1                 .L0 
    c230     c230        0     1                 .L0 
    c250     c250        0     1                 .L0 
    c270     c270        0     1                 .L0 
    c290     c290        0     1                 .L0 
    c2a8     c2a8        0     1                 .L0 
    c2e0     c2e0        0     1                 .L0 
    c320     c320        0     1                 .L0 
    c348     c348        0     1                 .L0 
    c368     c368        0     1                 .L0 
    c3a0     c3a0        0     1                 .L0 
    c3b8     c3b8        0     1                 .L0 
    c3f8     c3f8        0     1                 .L0 
    c410     c410        0     1                 .L0 
    c428     c428        0     1                 .L0 
    c448     c448        0     1                 .L0 
    c468     c468        0     1                 .L0 
    c480     c480        0     1                 .L0 
    c4a8     c4a8        0     1                 .L0 
    c4d0     c4d0        0     1                 .L0 
    c4e8     c4e8        0     1                 .L0 
    c538     c538        0     1                 .L0 
    c550     c550        0     1                 .L0 
    c568     c568        0     1                 .L0 
    c588     c588        0     1                 .L0 
    c5a0     c5a0        0     1                 .L0 
    c5c0     c5c0        0     1                 .L0 
    c5e8     c5e8        0     1                 .L0 
    c608     c608        0     1                 .L0 
    c620     c620        0     1                 .L0 
    c638     c638        0     1                 .L0 
    c650     c650        0     1                 .L0 
    c668     c668        0     1                 .L0 
    c680     c680        0     1                 .L0 
    c6c0     c6c0        0     1                 .L0 
    c6f0     c6f0        0     1                 .L0 
    c710     c710        0     1                 .L0 
    c728     c728        0     1                 .L0 
    c740     c740        0     1                 .L0 
    c758     c758        0     1                 .L0 
    c778     c778        0     1                 .L0 
    c798     c798        0     1                 .L0 
    c7b8     c7b8        0     1                 .L0 
    c7d8     c7d8        0     1                 .L0 
    c7f8     c7f8        0     1                 .L0 
    c810     c810        0     1                 .L0 
    c828     c828        0     1                 .L0 
    c840     c840        0     1                 .L0 
    c858     c858        0     1                 .L0 
    c880     c880        0     1                 .L0 
    c8a0     c8a0        0     1                 .L0 
    c8b8     c8b8        0     1                 .L0 
    c900     c900        0     1                 .L0 
    c918     c918        0     1                 .L0 
    c930     c930        0     1                 .L0 
    c948     c948        0     1                 .L0 
    c960     c960        0     1                 .L0 
    c978     c978        0     1                 .L0 
    c990     c990        0     1                 .L0 
    c9a8     c9a8        0     1                 .L0 
    c9c0     c9c0        0     1                 .L0 
    c9d8     c9d8        0     1                 .L0 
    c9f0     c9f0        0     1                 .L0 
    ca08     ca08        0     1                 .L0 
    ca20     ca20        0     1                 .L0 
    ca38     ca38        0     1                 .L0 
    ca58     ca58        0     1                 .L0 
    ca78     ca78       78     1         /home/famous282/.rustup/toolchains/stable-x86_64-unknown-linux-gnu/lib/rustlib/riscv32imac-unknown-none-elf/lib/libcompiler_builtins-ad31f96eaed4fe7a.rlib(compiler_builtins-ad31f96eaed4fe7a.compiler_builtins.a8dbbfe33f18591e-cgu.285.rcgu.o):(.debug_ranges)
    ca78     ca78        0     1                 .L0 
    ca78     ca78        0     1                 $d
    caa8     caa8        0     1                 .L0 
    cac0     cac0        0     1                 .L0 
    cad8     cad8        0     1                 .L0 
    caf0     caf0       68     1         /home/famous282/.rustup/toolchains/stable-x86_64-unknown-linux-gnu/lib/rustlib/riscv32imac-unknown-none-elf/lib/libcompiler_builtins-ad31f96eaed4fe7a.rlib(compiler_builtins-ad31f96eaed4fe7a.compiler_builtins.a8dbbfe33f18591e-cgu.300.rcgu.o):(.debug_ranges)
    caf0     caf0        0     1                 .L0 
    caf0     caf0        0     1                 $d
    cb10     cb10        0     1                 .L0 
    cb28     cb28        0     1                 .L0 
    cb40     cb40        0     1                 .L0 
    cb58     cb58       98     1         /home/famous282/.rustup/toolchains/stable-x86_64-unknown-linux-gnu/lib/rustlib/riscv32imac-unknown-none-elf/lib/libcompiler_builtins-ad31f96eaed4fe7a.rlib(compiler_builtins-ad31f96eaed4fe7a.compiler_builtins.a8dbbfe33f18591e-cgu.303.rcgu.o):(.debug_ranges)
    cb58     cb58        0     1                 .L0 
    cb58     cb58        0     1                 $d
    cb78     cb78        0     1                 .L0 
    cb98     cb98        0     1                 .L0 
    cbb8     cbb8        0     1                 .L0 
    cbd8     cbd8        0     1                 .L0 
    cbf0     cbf0       20     1         /home/famous282/.rustup/toolchains/stable-x86_64-unknown-linux-gnu/lib/rustlib/riscv32imac-unknown-none-elf/lib/libcompiler_builtins-ad31f96eaed4fe7a.rlib(compiler_builtins-ad31f96eaed4fe7a.compiler_builtins.a8dbbfe33f18591e-cgu.325.rcgu.o):(.debug_ranges)
    cbf0     cbf0        0     1                 .L0 
    cbf0     cbf0        0     1                 $d
    cc10     cc10       d8     1         /home/famous282/.rustup/toolchains/stable-x86_64-unknown-linux-gnu/lib/rustlib/riscv32imac-unknown-none-elf/lib/libcompiler_builtins-ad31f96eaed4fe7a.rlib(compiler_builtins-ad31f96eaed4fe7a.compiler_builtins.a8dbbfe33f18591e-cgu.327.rcgu.o):(.debug_ranges)
    cc10     cc10        0     1                 .L0 
    cc10     cc10        0     1                 $d
    cc50     cc50        0     1                 .L0 
    cc90     cc90        0     1                 .L0 
    ccd0     ccd0        0     1                 .L0 
    cce8     cce8       78     1         /home/famous282/.rustup/toolchains/stable-x86_64-unknown-linux-gnu/lib/rustlib/riscv32imac-unknown-none-elf/lib/libcompiler_builtins-ad31f96eaed4fe7a.rlib(compiler_builtins-ad31f96eaed4fe7a.compiler_builtins.a8dbbfe33f18591e-cgu.331.rcgu.o):(.debug_ranges)
    cce8     cce8        0     1                 .L0 
    cce8     cce8        0     1                 $d
    cd18     cd18        0     1                 .L0 
    cd30     cd30        0     1                 .L0 
    cd48     cd48        0     1                 .L0 
    cd60     cd60       18     1         /home/famous282/.rustup/toolchains/stable-x86_64-unknown-linux-gnu/lib/rustlib/riscv32imac-unknown-none-elf/lib/libcompiler_builtins-ad31f96eaed4fe7a.rlib(compiler_builtins-ad31f96eaed4fe7a.compiler_builtins.a8dbbfe33f18591e-cgu.332.rcgu.o):(.debug_ranges)
    cd60     cd60        0     1                 .L0 
    cd60     cd60        0     1                 $d
    cd78     cd78      3b0     1         /home/famous282/.rustup/toolchains/stable-x86_64-unknown-linux-gnu/lib/rustlib/riscv32imac-unknown-none-elf/lib/libcompiler_builtins-ad31f96eaed4fe7a.rlib(compiler_builtins-ad31f96eaed4fe7a.compiler_builtins.a8dbbfe33f18591e-cgu.012.rcgu.o):(.debug_ranges)
    cd78     cd78        0     1                 .L0 
    cd78     cd78        0     1                 $d
    cd90     cd90        0     1                 .L0 
    cda8     cda8        0     1                 .L0 
    cdc8     cdc8        0     1                 .L0 
    cde8     cde8        0     1                 .L0 
    ce00     ce00        0     1                 .L0 
    ce18     ce18        0     1                 .L0 
    ce30     ce30        0     1                 .L0 
    ce48     ce48        0     1                 .L0 
    ce60     ce60        0     1                 .L0 
    ce78     ce78        0     1                 .L0 
    ce90     ce90        0     1                 .L0 
    cea8     cea8        0     1                 .L0 
    ced8     ced8        0     1                 .L0 
    cef0     cef0        0     1                 .L0 
    cf10     cf10        0     1                 .L0 
    cf38     cf38        0     1                 .L0 
    cf58     cf58        0     1                 .L0 
    cf78     cf78        0     1                 .L0 
    cf90     cf90        0     1                 .L0 
    cfa8     cfa8        0     1                 .L0 
    cfc8     cfc8        0     1                 .L0 
    cfe8     cfe8        0     1                 .L0 
    d010     d010        0     1                 .L0 
    d028     d028        0     1                 .L0 
    d040     d040        0     1                 .L0 
    d060     d060        0     1                 .L0 
    d080     d080        0     1                 .L0 
    d098     d098        0     1                 .L0 
    d0b0     d0b0        0     1                 .L0 
    d0c8     d0c8        0     1                 .L0 
    d0e8     d0e8        0     1                 .L0 
    d108     d108        0     1                 .L0 
       0        0     b270     4 .symtab
       0        0     b270     4         <internal>:(.symtab)
       0        0       b9     1 .shstrtab
       0        0       b9     1         <internal>:(.shstrtab)
       0        0     4a37     1 .strtab
       0        0     4a37     1         <internal>:(.strtab)
