     VMA      LMA     Size Align Out     In      Symbol
       0        0 80200000     1 . = 0x80200000
80200000 80200000     105c     4 .text
80200000 80200000        c     4         /home/famous282/1000linesOS/kernel/target/riscv32imac-unknown-none-elf/debug/deps/kernel-e423684175293233.7hqkh35l985iompa8en7ayj8i.179u2fp.rcgu.o:(.text.boot)
80200000 80200000        0     1                 .Lpcrel_hi0
80200000 80200000        0     1                 $x
80200000 80200000        c     1                 boot
8020000c 8020000c        a     2         /home/famous282/1000linesOS/kernel/target/riscv32imac-unknown-none-elf/debug/deps/kernel-e423684175293233.0xglbqqcmy1h5ke8v4z244zh3.179u2fp.rcgu.o:(.text._ZN44_$LT$$RF$T$u20$as$u20$core..fmt..Display$GT$3fmt17hcfe92452accabfd8E)
8020000c 8020000c        0     1                 .L0 
8020000c 8020000c        0     1                 .L0 
8020000c 8020000c        0     1                 $x
8020000c 8020000c        0     1                 .L0 
8020000c 8020000c        a     1                 _$LT$$RF$T$u20$as$u20$core..fmt..Display$GT$::fmt::hcfe92452accabfd8
80200016 80200016       8e     2         /home/famous282/1000linesOS/kernel/target/riscv32imac-unknown-none-elf/debug/deps/kernel-e423684175293233.1gy28gr8yncw9yg4wm3kw95ip.179u2fp.rcgu.o:(.text._ZN4core3fmt5Write10write_char17h31e0d6cdd98ca089E.llvm.11468890524131549399)
80200016 80200016        0     1                 .L0 
80200016 80200016        0     1                 .L0 
80200016 80200016        0     1                 $x
80200016 80200016        0     1                 .L0 
80200016 80200016       8e     1                 core::fmt::Write::write_char::h31e0d6cdd98ca089 (.llvm.11468890524131549399)
80200020 80200020        0     1                 .L0 
80200020 80200020        0     1                 .L0 
80200024 80200024        0     1                 .L0 
80200024 80200024        0     1                 .L0 
8020002a 8020002a        0     1                 .L0 
8020002c 8020002c        0     1                 .L0 
8020002c 8020002c        0     1                 .L0 
80200030 80200030        0     1                 .L0 
80200038 80200038        0     1                 .L0 
8020003c 8020003c        0     1                 .L0 
8020003c 8020003c        0     1                 .L0 
8020003e 8020003e        0     1                 .L0 
8020004c 8020004c        0     1                 .L0 
8020004e 8020004e        0     1                 .L0 
80200052 80200052        0     1                 .L0 
80200052 80200052        0     1                 .L0 
80200056 80200056        0     1                 .L0 
8020005e 8020005e        0     1                 .L0 
8020005e 8020005e        0     1                 .L0 
80200060 80200060        0     1                 .L0 
80200072 80200072        0     1                 .L0 
80200074 80200074        0     1                 .L0 
80200082 80200082        0     1                 .L0 
80200082 80200082        0     1                 .L0 
80200094 80200094        0     1                 .L0 
802000a4 802000a4        0     1                 .L0 
802000a4 802000a4       14     2         /home/famous282/1000linesOS/kernel/target/riscv32imac-unknown-none-elf/debug/deps/kernel-e423684175293233.1gy28gr8yncw9yg4wm3kw95ip.179u2fp.rcgu.o:(.text._ZN4core3fmt5Write9write_fmt17h62d4561b3b4ed37dE)
802000a4 802000a4        0     1                 .L0 
802000a4 802000a4        0     1                 .L0 
802000a4 802000a4        0     1                 $x
802000a4 802000a4        0     1                 .L0 
802000a4 802000a4       14     1                 core::fmt::Write::write_fmt::h62d4561b3b4ed37d
802000a8 802000a8        0     1                 .L0 
802000b8 802000b8        0     1                 .L0 
802000b8 802000b8       4e     2         /home/famous282/1000linesOS/kernel/target/riscv32imac-unknown-none-elf/debug/deps/kernel-e423684175293233.1zwa976huie3oeuiu5py3i96v.179u2fp.rcgu.o:(.text._RNvCshXwFllX56pT_7___rustc17rust_begin_unwind)
802000b8 802000b8        0     1                 .L0 
802000b8 802000b8        0     1                 .L0 
802000b8 802000b8        0     1                 $x
802000b8 802000b8        0     1                 .L0 
802000b8 802000b8       4e     1                 __rustc::rust_begin_unwind
802000be 802000be        0     1                 .L0 
802000d6 802000d6        0     1                 .L0 
802000e2 802000e2        0     1                 .L0 
80200100 80200100        0     1                 .L0 
80200106 80200106        0     1                 .L0 
80200106 80200106       48     2         /home/famous282/1000linesOS/kernel/target/riscv32imac-unknown-none-elf/debug/deps/kernel-e423684175293233.5775z1s3a7kqb3rgz5lv2w5b1.179u2fp.rcgu.o:(.text.unlikely.handle_trap)
80200106 80200106        0     1                 .L0 
80200106 80200106        0     1                 .L0 
80200106 80200106        0     1                 $x
80200106 80200106        0     1                 .L0 
80200106 80200106       48     1                 handle_trap
80200108 80200108        0     1                 .L0 
8020010e 8020010e        0     1                 .L0 
80200114 80200114        0     1                 .L0 
8020011a 8020011a        0     1                 .L0 
80200124 80200124        0     1                 .L0 
80200128 80200128        0     1                 .L0 
80200134 80200134        0     1                 .L0 
8020014e 8020014e        0     1                 .L0 
8020014e 8020014e        0     1                 .L0 
80200150 80200150       96     4         /home/famous282/1000linesOS/kernel/target/riscv32imac-unknown-none-elf/debug/deps/kernel-e423684175293233.7hqkh35l985iompa8en7ayj8i.179u2fp.rcgu.o:(.text)
80200150 80200150        0     1                 trap_handler
802001e6 802001e6       5a     2         /home/famous282/1000linesOS/kernel/target/riscv32imac-unknown-none-elf/debug/deps/kernel-e423684175293233.7hqkh35l985iompa8en7ayj8i.179u2fp.rcgu.o:(.text._ZN6kernel6kernel11alloc_pages17h1279042eeb2a6977E)
802001e6 802001e6       5a     1                 kernel::kernel::alloc_pages::h1279042eeb2a6977
802001e6 802001e6        0     1                 .L0 
802001e6 802001e6        0     1                 .L0 
802001e6 802001e6        0     1                 $x
802001e6 802001e6        0     1                 .L0 
802001ee 802001ee        0     1                 .L0 
802001f0 802001f0        0     1                 .L0 
802001f6 802001f6        0     1                 .L0 
80200202 80200202        0     1                 .L0 
80200206 80200206        0     1                 .L0 
80200208 80200208        0     1                 .L0 
8020020c 8020020c        0     1                 .L0 
8020020e 8020020e        0     1                 .L0 
8020020e 8020020e        0     1                 .L0 
80200212 80200212        0     1                 .L0 
80200212 80200212        0     1                 .L0 
80200216 80200216        0     1                 .L0 
80200240 80200240        0     1                 .L0 
80200240 80200240        0     1                 .L0 
80200240 80200240       14     2         /home/famous282/1000linesOS/kernel/target/riscv32imac-unknown-none-elf/debug/deps/kernel-e423684175293233.7hqkh35l985iompa8en7ayj8i.179u2fp.rcgu.o:(.text._ZN6kernel6kernel7putchar17hfb6a7f57326cea56E)
80200240 80200240        0     1                 .L0 
80200240 80200240        0     1                 .L0 
80200240 80200240        0     1                 $x
80200240 80200240        0     1                 .L0 
80200240 80200240       14     1                 kernel::kernel::putchar::hfb6a7f57326cea56
80200254 80200254        0     1                 .L0 
80200254 80200254       c8     2         /home/famous282/1000linesOS/kernel/target/riscv32imac-unknown-none-elf/debug/deps/kernel-e423684175293233.7hqkh35l985iompa8en7ayj8i.179u2fp.rcgu.o:(.text.kernel_main)
80200254 80200254        0     1                 .L0 
80200254 80200254        0     1                 .L0 
80200254 80200254        0     1                 $x
80200254 80200254        0     1                 .L0 
80200254 80200254       c8     1                 kernel_main
8020025a 8020025a        0     1                 .L0 
8020025a 8020025a        0     1                 .L0 
8020027e 8020027e        0     1                 .L0 
8020027e 8020027e        0     1                 .L0 
80200282 80200282        0     1                 .L0 
80200284 80200284        0     1                 .L0 
80200284 80200284        0     1                 .L0 
80200288 80200288        0     1                 .L0 
8020028a 8020028a        0     1                 .L0 
8020028a 8020028a        0     1                 .L0 
8020028e 8020028e        0     1                 .L0 
8020028e 8020028e        0     1                 .L0 
8020029a 8020029a        0     1                 .L0 
802002b6 802002b6        0     1                 .L0 
802002c4 802002c4        0     1                 .L0 
802002e8 802002e8        0     1                 .L0 
8020031c 8020031c        0     1                 .L0 
8020031c 8020031c       18     2         /home/famous282/1000linesOS/kernel/target/riscv32imac-unknown-none-elf/debug/deps/kernel-e423684175293233.7wj5zoa8xxs3t0yy1onealpk8.179u2fp.rcgu.o:(.text.unlikely._ZN4core4hint21unreachable_unchecked18precondition_check17h553eca9260945490E.llvm.5727941747683799958)
8020031c 8020031c        0     1                 .L0 
8020031c 8020031c        0     1                 .L0 
8020031c 8020031c        0     1                 $x
8020031c 8020031c        0     1                 .L0 
8020031c 8020031c       18     1                 core::hint::unreachable_unchecked::precondition_check::h553eca9260945490 (.llvm.5727941747683799958)
8020031e 8020031e        0     1                 .L0 
80200334 80200334        0     1                 .L0 
80200334 80200334      116     2         /home/famous282/1000linesOS/kernel/target/riscv32imac-unknown-none-elf/debug/deps/kernel-e423684175293233.7wj5zoa8xxs3t0yy1onealpk8.179u2fp.rcgu.o:(.text._ZN60_$LT$kernel..common..Console$u20$as$u20$core..fmt..Write$GT$9write_str17h29cb7a28077f2031E)
80200334 80200334        0     1                 .L0 
80200334 80200334        0     1                 .L0 
80200334 80200334        0     1                 $x
80200334 80200334        0     1                 .L0 
80200334 80200334      116     1                 _$LT$kernel..common..Console$u20$as$u20$core..fmt..Write$GT$::write_str::h29cb7a28077f2031
80200346 80200346        0     1                 .L0 
80200346 80200346        0     1                 .L0 
80200348 80200348        0     1                 .L0 
80200348 80200348        0     1                 .L0 
80200366 80200366        0     1                 .L0 
8020036a 8020036a        0     1                 .L0 
8020036e 8020036e        0     1                 .L0 
8020036e 8020036e        0     1                 .L0 
80200372 80200372        0     1                 .L0 
80200374 80200374        0     1                 .L0 
80200376 80200376        0     1                 .L0 
80200376 80200376        0     1                 .L0 
8020037a 8020037a        0     1                 .L0 
8020037a 8020037a        0     1                 .L0 
80200382 80200382        0     1                 .L0 
80200386 80200386        0     1                 .L0 
8020038a 8020038a        0     1                 .L0 
8020038a 8020038a        0     1                 .L0 
8020038e 8020038e        0     1                 .L0 
8020038e 8020038e        0     1                 .L0 
80200392 80200392        0     1                 .L0 
80200396 80200396        0     1                 .L0 
8020039a 8020039a        0     1                 .L0 
802003a2 802003a2        0     1                 .L0 
802003a2 802003a2        0     1                 .L0 
802003a6 802003a6        0     1                 .L0 
802003a6 802003a6        0     1                 .L0 
802003aa 802003aa        0     1                 .L0 
802003ae 802003ae        0     1                 .L0 
802003b4 802003b4        0     1                 .L0 
802003be 802003be        0     1                 .L0 
802003c0 802003c0        0     1                 .L0 
802003c8 802003c8        0     1                 .L0 
802003ce 802003ce        0     1                 .L0 
802003d0 802003d0        0     1                 .L0 
802003d0 802003d0        0     1                 .L0 
802003da 802003da        0     1                 .L0 
802003da 802003da        0     1                 .L0 
802003e2 802003e2        0     1                 .L0 
802003e2 802003e2        0     1                 .L0 
802003e6 802003e6        0     1                 .L0 
802003e6 802003e6        0     1                 .L0 
802003fc 802003fc        0     1                 .L0 
8020041a 8020041a        0     1                 .L0 
8020042a 8020042a        0     1                 .L0 
8020043a 8020043a        0     1                 .L0 
8020044a 8020044a        0     1                 .L0 
8020044a 8020044a        0     1                 .L0 
8020044a 8020044a       10     2         /home/famous282/.rustup/toolchains/stable-x86_64-unknown-linux-gnu/lib/rustlib/riscv32imac-unknown-none-elf/lib/libcore-c6eeea32d188506f.rlib(core-c6eeea32d188506f.core.f2b050c2002e39f1-cgu.0.rcgu.o):(.text._ZN44_$LT$$RF$T$u20$as$u20$core..fmt..Display$GT$3fmt17h5898cbbb0fdaab9dE)
8020044a 8020044a       10     1                 _$LT$$RF$T$u20$as$u20$core..fmt..Display$GT$::fmt::h5898cbbb0fdaab9d
8020044a 8020044a        0     1                 .L0 
8020044a 8020044a        0     1                 .L0 
8020044a 8020044a        0     1                 $x
8020044a 8020044a        0     1                 .L0 
80200450 80200450        0     1                 .L0 
8020045a 8020045a        0     1                 .L0 
8020045a 8020045a      1ee     2         /home/famous282/.rustup/toolchains/stable-x86_64-unknown-linux-gnu/lib/rustlib/riscv32imac-unknown-none-elf/lib/libcore-c6eeea32d188506f.rlib(core-c6eeea32d188506f.core.f2b050c2002e39f1-cgu.0.rcgu.o):(.text._ZN4core3fmt3num3imp21_$LT$impl$u20$u32$GT$10_fmt_inner17h798662ed11497e6fE)
8020045a 8020045a      1ee     1                 core::fmt::num::imp::_$LT$impl$u20$u32$GT$::_fmt_inner::h798662ed11497e6f
8020045a 8020045a        0     1                 .L0 
8020045a 8020045a        0     1                 .L0 
8020045a 8020045a        0     1                 $x
8020045a 8020045a        0     1                 .L0 
80200478 80200478        0     1                 .L0 
8020047c 8020047c        0     1                 .L0 
802004ba 802004ba        0     1                 .L0 
802004be 802004be        0     1                 .L0 
802004ee 802004ee        0     1                 .L0 
802004f2 802004f2        0     1                 .L0 
802004f6 802004f6        0     1                 .L0 
802004fe 802004fe        0     1                 .L0 
80200502 80200502        0     1                 .L0 
80200506 80200506        0     1                 .L0 
80200518 80200518        0     1                 .L0 
8020051c 8020051c        0     1                 .L0 
80200520 80200520        0     1                 .L0 
80200528 80200528        0     1                 .L0 
8020052c 8020052c        0     1                 .L0 
80200532 80200532        0     1                 .L0 
80200538 80200538        0     1                 .L0 
8020053c 8020053c        0     1                 .L0 
80200540 80200540        0     1                 .L0 
80200544 80200544        0     1                 .L0 
8020057c 8020057c        0     1                 .L0 
80200580 80200580        0     1                 .L0 
80200584 80200584        0     1                 .L0 
8020058a 8020058a        0     1                 .L0 
8020058e 8020058e        0     1                 .L0 
80200592 80200592        0     1                 .L0 
80200596 80200596        0     1                 .L0 
8020059a 8020059a        0     1                 .L0 
802005a0 802005a0        0     1                 .L0 
802005b2 802005b2        0     1                 .L0 
80200648 80200648        0     1                 .L0 
80200648 80200648       4c     2         /home/famous282/.rustup/toolchains/stable-x86_64-unknown-linux-gnu/lib/rustlib/riscv32imac-unknown-none-elf/lib/libcore-c6eeea32d188506f.rlib(core-c6eeea32d188506f.core.f2b050c2002e39f1-cgu.0.rcgu.o):(.text._ZN4core3fmt3num3imp52_$LT$impl$u20$core..fmt..Display$u20$for$u20$u32$GT$3fmt17h3a3b01c2c200e3dfE)
80200648 80200648        0     1                 .L0 
80200648 80200648        0     1                 .L0 
80200648 80200648        0     1                 $x
80200648 80200648        0     1                 .L0 
80200648 80200648       4c     1                 core::fmt::num::imp::_$LT$impl$u20$core..fmt..Display$u20$for$u20$u32$GT$::fmt::h3a3b01c2c200e3df
80200648 80200648       4c     1                 core::fmt::num::imp::_$LT$impl$u20$core..fmt..Display$u20$for$u20$usize$GT$::fmt::h27b9f38dab907a22
8020065e 8020065e        0     1                 .L0 
8020066e 8020066e        0     1                 .L0 
80200672 80200672        0     1                 .L0 
80200694 80200694        0     1                 .L0 
80200694 80200694       58     2         /home/famous282/.rustup/toolchains/stable-x86_64-unknown-linux-gnu/lib/rustlib/riscv32imac-unknown-none-elf/lib/libcore-c6eeea32d188506f.rlib(core-c6eeea32d188506f.core.f2b050c2002e39f1-cgu.0.rcgu.o):(.text._ZN4core3fmt3num53_$LT$impl$u20$core..fmt..LowerHex$u20$for$u20$u32$GT$3fmt17hd93170c969492962E)
80200694 80200694        0     1                 .L0 
80200694 80200694        0     1                 .L0 
80200694 80200694        0     1                 $x
80200694 80200694        0     1                 .L0 
80200694 80200694       58     1                 core::fmt::num::_$LT$impl$u20$core..fmt..LowerHex$u20$for$u20$u32$GT$::fmt::hd93170c969492962
80200694 80200694       58     1                 core::fmt::num::_$LT$impl$u20$core..fmt..LowerHex$u20$for$u20$usize$GT$::fmt::h9f335f603fd24ac4
802006bc 802006bc        0     1                 .L0 
802006c0 802006c0        0     1                 .L0 
802006c4 802006c4        0     1                 .L0 
802006ec 802006ec        0     1                 .L0 
802006ec 802006ec      1d6     2         /home/famous282/.rustup/toolchains/stable-x86_64-unknown-linux-gnu/lib/rustlib/riscv32imac-unknown-none-elf/lib/libcore-c6eeea32d188506f.rlib(core-c6eeea32d188506f.core.f2b050c2002e39f1-cgu.0.rcgu.o):(.text._ZN4core3fmt5write17h08cf6cd1f1c92632E)
802006ec 802006ec        0     1                 .L0 
802006ec 802006ec        0     1                 .L0 
802006ec 802006ec        0     1                 $x
802006ec 802006ec        0     1                 .L0 
802006ec 802006ec      1d6     1                 core::fmt::write::h08cf6cd1f1c92632
8020070c 8020070c        0     1                 .L0 
80200712 80200712        0     1                 .L0 
80200712 80200712        0     1                 .L0 
80200716 80200716        0     1                 .L0 
80200716 80200716        0     1                 .L0 
8020071a 8020071a        0     1                 .L0 
8020071a 8020071a        0     1                 .L0 
8020071e 8020071e        0     1                 .L0 
80200736 80200736        0     1                 .L0 
80200736 80200736        0     1                 .L0 
8020073e 8020073e        0     1                 .L0 
80200742 80200742        0     1                 .L0 
80200752 80200752        0     1                 .L0 
80200758 80200758        0     1                 .L0 
80200758 80200758        0     1                 .L0 
8020075c 8020075c        0     1                 .L0 
8020075e 8020075e        0     1                 .L0 
80200764 80200764        0     1                 .L0 
80200764 80200764        0     1                 .L0 
80200768 80200768        0     1                 .L0 
8020076c 8020076c        0     1                 .L0 
80200770 80200770        0     1                 .L0 
80200774 80200774        0     1                 .L0 
8020077c 8020077c        0     1                 .L0 
80200780 80200780        0     1                 .L0 
80200782 80200782        0     1                 .L0 
80200784 80200784        0     1                 .L0 
8020078c 8020078c        0     1                 .L0 
80200794 80200794        0     1                 .L0 
80200794 80200794        0     1                 .L0 
802007b2 802007b2        0     1                 .L0 
802007b6 802007b6        0     1                 .L0 
802007bc 802007bc        0     1                 .L0 
802007be 802007be        0     1                 .L0 
802007c4 802007c4        0     1                 .L0 
802007c4 802007c4        0     1                 .L0 
802007d0 802007d0        0     1                 .L0 
802007d2 802007d2        0     1                 .L0 
802007da 802007da        0     1                 .L0 
802007da 802007da        0     1                 .L0 
802007e8 802007e8        0     1                 .L0 
802007f4 802007f4        0     1                 .L0 
802007f6 802007f6        0     1                 .L0 
802007f8 802007f8        0     1                 .L0 
802007fa 802007fa        0     1                 .L0 
802007fa 802007fa        0     1                 .L0 
80200806 80200806        0     1                 .L0 
80200808 80200808        0     1                 .L0 
8020080e 8020080e        0     1                 .L0 
80200810 80200810        0     1                 .L0 
80200816 80200816        0     1                 .L0 
80200816 80200816        0     1                 .L0 
80200824 80200824        0     1                 .L0 
80200826 80200826        0     1                 .L0 
8020082c 8020082c        0     1                 .L0 
80200832 80200832        0     1                 .L0 
80200832 80200832        0     1                 .L0 
80200836 80200836        0     1                 .L0 
8020083a 8020083a        0     1                 .L0 
80200842 80200842        0     1                 .L0 
80200846 80200846        0     1                 .L0 
8020085a 8020085a        0     1                 .L0 
80200860 80200860        0     1                 .L0 
80200860 80200860        0     1                 .L0 
80200866 80200866        0     1                 .L0 
80200866 80200866        0     1                 .L0 
8020086a 8020086a        0     1                 .L0 
8020086e 8020086e        0     1                 .L0 
80200876 80200876        0     1                 .L0 
8020087a 8020087a        0     1                 .L0 
8020087e 8020087e        0     1                 .L0 
802008a0 802008a0        0     1                 .L0 
802008a6 802008a6        0     1                 .L0 
802008c2 802008c2        0     1                 .L0 
802008c2 802008c2       60     2         /home/famous282/.rustup/toolchains/stable-x86_64-unknown-linux-gnu/lib/rustlib/riscv32imac-unknown-none-elf/lib/libcore-c6eeea32d188506f.rlib(core-c6eeea32d188506f.core.f2b050c2002e39f1-cgu.0.rcgu.o):(.text._ZN4core3fmt9Formatter12pad_integral12write_prefix17hbefd4732ff2afbc6E)
802008c2 802008c2       60     1                 core::fmt::Formatter::pad_integral::write_prefix::hbefd4732ff2afbc6
802008c2 802008c2        0     1                 .L0 
802008c2 802008c2        0     1                 .L0 
802008c2 802008c2        0     1                 $x
802008c2 802008c2        0     1                 .L0 
802008dc 802008dc        0     1                 .L0 
802008e0 802008e0        0     1                 .L0 
802008ee 802008ee        0     1                 .L0 
802008ee 802008ee        0     1                 .L0 
802008f0 802008f0        0     1                 .L0 
802008f2 802008f2        0     1                 .L0 
802008f4 802008f4        0     1                 .L0 
802008f8 802008f8        0     1                 .L0 
80200922 80200922        0     1                 .L0 
80200922 80200922      25e     2         /home/famous282/.rustup/toolchains/stable-x86_64-unknown-linux-gnu/lib/rustlib/riscv32imac-unknown-none-elf/lib/libcore-c6eeea32d188506f.rlib(core-c6eeea32d188506f.core.f2b050c2002e39f1-cgu.0.rcgu.o):(.text._ZN4core3fmt9Formatter12pad_integral17hadb0409c6de42a5cE)
80200922 80200922        0     1                 .L0 
80200922 80200922        0     1                 .L0 
80200922 80200922        0     1                 $x
80200922 80200922        0     1                 .L0 
80200922 80200922      25e     1                 core::fmt::Formatter::pad_integral::hadb0409c6de42a5c
8020094a 8020094a        0     1                 .L0 
8020094c 8020094c        0     1                 .L0 
8020094c 8020094c        0     1                 .L0 
8020095a 8020095a        0     1                 .L0 
8020095c 8020095c        0     1                 .L0 
80200966 80200966        0     1                 .L0 
8020096e 8020096e        0     1                 .L0 
80200970 80200970        0     1                 .L0 
80200970 80200970        0     1                 .L0 
80200974 80200974        0     1                 .L0 
80200976 80200976        0     1                 .L0 
80200976 80200976        0     1                 .L0 
8020097a 8020097a        0     1                 .L0 
80200986 80200986        0     1                 .L0 
8020098e 8020098e        0     1                 .L0 
80200990 80200990        0     1                 .L0 
80200994 80200994        0     1                 .L0 
80200994 80200994        0     1                 .L0 
8020099a 8020099a        0     1                 .L0 
8020099e 8020099e        0     1                 .L0 
802009aa 802009aa        0     1                 .L0 
802009ae 802009ae        0     1                 .L0 
802009b6 802009b6        0     1                 .L0 
802009b8 802009b8        0     1                 .L0 
802009b8 802009b8        0     1                 .L0 
802009c0 802009c0        0     1                 .L0 
802009c2 802009c2        0     1                 .L0 
802009c4 802009c4        0     1                 .L0 
802009c4 802009c4        0     1                 .L0 
802009d0 802009d0        0     1                 .L0 
802009d8 802009d8        0     1                 .L0 
802009de 802009de        0     1                 .L0 
802009e2 802009e2        0     1                 .L0 
802009fc 802009fc        0     1                 .L0 
802009fc 802009fc        0     1                 .L0 
80200a00 80200a00        0     1                 .L0 
80200a26 80200a26        0     1                 .L0 
80200a32 80200a32        0     1                 .L0 
80200a38 80200a38        0     1                 .L0 
80200a3e 80200a3e        0     1                 .L0 
80200a56 80200a56        0     1                 .L0 
80200a5e 80200a5e        0     1                 .L0 
80200a64 80200a64        0     1                 .L0 
80200a7a 80200a7a        0     1                 .L0 
80200a8c 80200a8c        0     1                 .L0 
80200a8c 80200a8c        0     1                 .L0 
80200a94 80200a94        0     1                 .L0 
80200a94 80200a94        0     1                 .L0 
80200a98 80200a98        0     1                 .L0 
80200a9a 80200a9a        0     1                 .L0 
80200aa2 80200aa2        0     1                 .L0 
80200aa2 80200aa2        0     1                 .L0 
80200aa6 80200aa6        0     1                 .L0 
80200aaa 80200aaa        0     1                 .L0 
80200aaa 80200aaa        0     1                 .L0 
80200aae 80200aae        0     1                 .L0 
80200aae 80200aae        0     1                 .L0 
80200ab8 80200ab8        0     1                 .L0 
80200ab8 80200ab8        0     1                 .L0 
80200ac6 80200ac6        0     1                 .L0 
80200ac8 80200ac8        0     1                 .L0 
80200aca 80200aca        0     1                 .L0 
80200ad8 80200ad8        0     1                 .L0 
80200af4 80200af4        0     1                 .L0 
80200af8 80200af8        0     1                 .L0 
80200afc 80200afc        0     1                 .L0 
80200afc 80200afc        0     1                 .L0 
80200b00 80200b00        0     1                 .L0 
80200b02 80200b02        0     1                 .L0 
80200b08 80200b08        0     1                 .L0 
80200b08 80200b08        0     1                 .L0 
80200b0a 80200b0a        0     1                 .L0 
80200b0a 80200b0a        0     1                 .L0 
80200b2c 80200b2c        0     1                 .L0 
80200b42 80200b42        0     1                 .L0 
80200b50 80200b50        0     1                 .L0 
80200b52 80200b52        0     1                 .L0 
80200b64 80200b64        0     1                 .L0 
80200b6c 80200b6c        0     1                 .L0 
80200b70 80200b70        0     1                 .L0 
80200b70 80200b70        0     1                 .L0 
80200b74 80200b74        0     1                 .L0 
80200b76 80200b76        0     1                 .L0 
80200b7c 80200b7c        0     1                 .L0 
80200b7c 80200b7c        0     1                 .L0 
80200b80 80200b80        0     1                 .L0 
80200b80 80200b80      1c2     2         /home/famous282/.rustup/toolchains/stable-x86_64-unknown-linux-gnu/lib/rustlib/riscv32imac-unknown-none-elf/lib/libcore-c6eeea32d188506f.rlib(core-c6eeea32d188506f.core.f2b050c2002e39f1-cgu.0.rcgu.o):(.text._ZN4core3fmt9Formatter3pad17hc840830cded8a376E)
80200b80 80200b80        0     1                 .L0 
80200b80 80200b80        0     1                 .L0 
80200b80 80200b80        0     1                 $x
80200b80 80200b80        0     1                 .L0 
80200b80 80200b80      1c2     1                 core::fmt::Formatter::pad::hc840830cded8a376
80200b9e 80200b9e        0     1                 .L0 
80200baa 80200baa        0     1                 .L0 
80200baa 80200baa        0     1                 .L0 
80200bb2 80200bb2        0     1                 .L0 
80200bb2 80200bb2        0     1                 .L0 
80200bb4 80200bb4        0     1                 .L0 
80200bb4 80200bb4        0     1                 .L0 
80200bb8 80200bb8        0     1                 .L0 
80200bba 80200bba        0     1                 .L0 
80200bba 80200bba        0     1                 .L0 
80200bbe 80200bbe        0     1                 .L0 
80200bca 80200bca        0     1                 .L0 
80200bd2 80200bd2        0     1                 .L0 
80200bd4 80200bd4        0     1                 .L0 
80200bd8 80200bd8        0     1                 .L0 
80200bd8 80200bd8        0     1                 .L0 
80200be0 80200be0        0     1                 .L0 
80200be6 80200be6        0     1                 .L0 
80200bee 80200bee        0     1                 .L0 
80200bf2 80200bf2        0     1                 .L0 
80200bf2 80200bf2        0     1                 .L0 
80200bf8 80200bf8        0     1                 .L0 
80200bf8 80200bf8        0     1                 .L0 
80200bfa 80200bfa        0     1                 .L0 
80200bfc 80200bfc        0     1                 .L0 
80200bfc 80200bfc        0     1                 .L0 
80200c00 80200c00        0     1                 .L0 
80200c00 80200c00        0     1                 .L0 
80200c04 80200c04        0     1                 .L0 
80200c18 80200c18        0     1                 .L0 
80200c1c 80200c1c        0     1                 .L0 
80200c1c 80200c1c        0     1                 .L0 
80200c20 80200c20        0     1                 .L0 
80200c22 80200c22        0     1                 .L0 
80200c28 80200c28        0     1                 .L0 
80200c28 80200c28        0     1                 .L0 
80200c2a 80200c2a        0     1                 .L0 
80200c2a 80200c2a        0     1                 .L0 
80200c2e 80200c2e        0     1                 .L0 
80200c32 80200c32        0     1                 .L0 
80200c36 80200c36        0     1                 .L0 
80200c3a 80200c3a        0     1                 .L0 
80200c3e 80200c3e        0     1                 .L0 
80200c42 80200c42        0     1                 .L0 
80200c42 80200c42        0     1                 .L0 
80200c48 80200c48        0     1                 .L0 
80200c4c 80200c4c        0     1                 .L0 
80200c4e 80200c4e        0     1                 .L0 
80200c52 80200c52        0     1                 .L0 
80200c54 80200c54        0     1                 .L0 
80200c54 80200c54        0     1                 .L0 
80200c56 80200c56        0     1                 .L0 
80200c5e 80200c5e        0     1                 .L0 
80200c86 80200c86        0     1                 .L0 
80200c96 80200c96        0     1                 .L0 
80200c96 80200c96        0     1                 .L0 
80200ca0 80200ca0        0     1                 .L0 
80200ca2 80200ca2        0     1                 .L0 
80200ca2 80200ca2        0     1                 .L0 
80200ca6 80200ca6        0     1                 .L0 
80200ca6 80200ca6        0     1                 .L0 
80200cc4 80200cc4        0     1                 .L0 
80200cc8 80200cc8        0     1                 .L0 
80200ccc 80200ccc        0     1                 .L0 
80200ccc 80200ccc        0     1                 .L0 
80200cd0 80200cd0        0     1                 .L0 
80200cd2 80200cd2        0     1                 .L0 
80200cd8 80200cd8        0     1                 .L0 
80200cd8 80200cd8        0     1                 .L0 
80200cdc 80200cdc        0     1                 .L0 
80200cdc 80200cdc        0     1                 .L0 
80200ce8 80200ce8        0     1                 .L0 
80200cea 80200cea        0     1                 .L0 
80200d0e 80200d0e        0     1                 .L0 
80200d18 80200d18        0     1                 .L0 
80200d26 80200d26        0     1                 .L0 
80200d26 80200d26        0     1                 .L0 
80200d32 80200d32        0     1                 .L0 
80200d32 80200d32        0     1                 .L0 
80200d36 80200d36        0     1                 .L0 
80200d38 80200d38        0     1                 .L0 
80200d38 80200d38        0     1                 .L0 
80200d42 80200d42        0     1                 .L0 
80200d42 80200d42      17e     2         /home/famous282/.rustup/toolchains/stable-x86_64-unknown-linux-gnu/lib/rustlib/riscv32imac-unknown-none-elf/lib/libcore-c6eeea32d188506f.rlib(core-c6eeea32d188506f.core.f2b050c2002e39f1-cgu.0.rcgu.o):(.text._ZN4core3str5count14do_count_chars17ha085528f26cab3c8E)
80200d42 80200d42        0     1                 .L0 
80200d42 80200d42        0     1                 .L0 
80200d42 80200d42        0     1                 $x
80200d42 80200d42        0     1                 .L0 
80200d42 80200d42      17e     1                 core::str::count::do_count_chars::ha085528f26cab3c8
80200d48 80200d48        0     1                 .L0 
80200d50 80200d50        0     1                 .L0 
80200d54 80200d54        0     1                 .L0 
80200d54 80200d54        0     1                 .L0 
80200d56 80200d56        0     1                 .L0 
80200d56 80200d56        0     1                 .L0 
80200d58 80200d58        0     1                 .L0 
80200d60 80200d60        0     1                 .L0 
80200d68 80200d68        0     1                 .L0 
80200d6a 80200d6a        0     1                 .L0 
80200d6e 80200d6e        0     1                 .L0 
80200d74 80200d74        0     1                 .L0 
80200d78 80200d78        0     1                 .L0 
80200d7c 80200d7c        0     1                 .L0 
80200d7c 80200d7c        0     1                 .L0 
80200d80 80200d80        0     1                 .L0 
80200d8a 80200d8a        0     1                 .L0 
80200d8a 80200d8a        0     1                 .L0 
80200d8e 80200d8e        0     1                 .L0 
80200d94 80200d94        0     1                 .L0 
80200d9c 80200d9c        0     1                 .L0 
80200d9e 80200d9e        0     1                 .L0 
80200da2 80200da2        0     1                 .L0 
80200da4 80200da4        0     1                 .L0 
80200da4 80200da4        0     1                 .L0 
80200da6 80200da6        0     1                 .L0 
80200db8 80200db8        0     1                 .L0 
80200dc0 80200dc0        0     1                 .L0 
80200dc2 80200dc2        0     1                 .L0 
80200dc6 80200dc6        0     1                 .L0 
80200dd6 80200dd6        0     1                 .L0 
80200dda 80200dda        0     1                 .L0 
80200de4 80200de4        0     1                 .L0 
80200df2 80200df2        0     1                 .L0 
80200dfa 80200dfa        0     1                 .L0 
80200dfe 80200dfe        0     1                 .L0 
80200e12 80200e12        0     1                 .L0 
80200e12 80200e12        0     1                 .L0 
80200e18 80200e18        0     1                 .L0 
80200e18 80200e18        0     1                 .L0 
80200e1e 80200e1e        0     1                 .L0 
80200e2c 80200e2c        0     1                 .L0 
80200e5e 80200e5e        0     1                 .L0 
80200e60 80200e60        0     1                 .L0 
80200e62 80200e62        0     1                 .L0 
80200e6e 80200e6e        0     1                 .L0 
80200e76 80200e76        0     1                 .L0 
80200e76 80200e76        0     1                 .L0 
80200e7c 80200e7c        0     1                 .L0 
80200e7c 80200e7c        0     1                 .L0 
80200e86 80200e86        0     1                 .L0 
80200e8e 80200e8e        0     1                 .L0 
80200e90 80200e90        0     1                 .L0 
80200e9e 80200e9e        0     1                 .L0 
80200ea0 80200ea0        0     1                 .L0 
80200ea0 80200ea0        0     1                 .L0 
80200ea4 80200ea4        0     1                 .L0 
80200ea4 80200ea4        0     1                 .L0 
80200eb0 80200eb0        0     1                 .L0 
80200ec0 80200ec0        0     1                 .L0 
80200ec0 80200ec0       1e     2         /home/famous282/.rustup/toolchains/stable-x86_64-unknown-linux-gnu/lib/rustlib/riscv32imac-unknown-none-elf/lib/libcore-c6eeea32d188506f.rlib(core-c6eeea32d188506f.core.f2b050c2002e39f1-cgu.0.rcgu.o):(.text.unlikely._ZN4core9panicking11panic_const24panic_const_add_overflow17hbaab9548facd7ec2E)
80200ec0 80200ec0        0     1                 .L0 
80200ec0 80200ec0        0     1                 .L0 
80200ec0 80200ec0        0     1                 $x
80200ec0 80200ec0        0     1                 .L0 
80200ec0 80200ec0       1e     1                 core::panicking::panic_const::panic_const_add_overflow::hbaab9548facd7ec2
80200ede 80200ede        0     1                 .L0 
80200ede 80200ede       1e     2         /home/famous282/.rustup/toolchains/stable-x86_64-unknown-linux-gnu/lib/rustlib/riscv32imac-unknown-none-elf/lib/libcore-c6eeea32d188506f.rlib(core-c6eeea32d188506f.core.f2b050c2002e39f1-cgu.0.rcgu.o):(.text.unlikely._ZN4core9panicking11panic_const24panic_const_sub_overflow17hae11a25074c61f95E)
80200ede 80200ede        0     1                 .L0 
80200ede 80200ede        0     1                 .L0 
80200ede 80200ede        0     1                 $x
80200ede 80200ede        0     1                 .L0 
80200ede 80200ede       1e     1                 core::panicking::panic_const::panic_const_sub_overflow::hae11a25074c61f95
80200efc 80200efc        0     1                 .L0 
80200efc 80200efc       3c     2         /home/famous282/.rustup/toolchains/stable-x86_64-unknown-linux-gnu/lib/rustlib/riscv32imac-unknown-none-elf/lib/libcore-c6eeea32d188506f.rlib(core-c6eeea32d188506f.core.f2b050c2002e39f1-cgu.0.rcgu.o):(.text.unlikely._ZN4core9panicking18panic_bounds_check17h8c475dbd9aaa9c2fE)
80200efc 80200efc        0     1                 .L0 
80200efc 80200efc        0     1                 .L0 
80200efc 80200efc        0     1                 $x
80200efc 80200efc        0     1                 .L0 
80200efc 80200efc       3c     1                 core::panicking::panic_bounds_check::h8c475dbd9aaa9c2f
80200f38 80200f38        0     1                 .L0 
80200f38 80200f38       30     2         /home/famous282/.rustup/toolchains/stable-x86_64-unknown-linux-gnu/lib/rustlib/riscv32imac-unknown-none-elf/lib/libcore-c6eeea32d188506f.rlib(core-c6eeea32d188506f.core.f2b050c2002e39f1-cgu.0.rcgu.o):(.text.unlikely._ZN4core9panicking18panic_nounwind_fmt17hbca8acd98a7f1dccE)
80200f38 80200f38        0     1                 .L0 
80200f38 80200f38        0     1                 .L0 
80200f38 80200f38        0     1                 $x
80200f38 80200f38        0     1                 .L0 
80200f38 80200f38       30     1                 core::panicking::panic_nounwind_fmt::hbca8acd98a7f1dcc
80200f4c 80200f4c        0     1                 .L0 
80200f68 80200f68        0     1                 .L0 
80200f68 80200f68       2e     2         /home/famous282/.rustup/toolchains/stable-x86_64-unknown-linux-gnu/lib/rustlib/riscv32imac-unknown-none-elf/lib/libcore-c6eeea32d188506f.rlib(core-c6eeea32d188506f.core.f2b050c2002e39f1-cgu.0.rcgu.o):(.text.unlikely._ZN4core9panicking9panic_fmt17hf2b467cfc0e561d3E)
80200f68 80200f68        0     1                 .L0 
80200f68 80200f68        0     1                 .L0 
80200f68 80200f68        0     1                 $x
80200f68 80200f68        0     1                 .L0 
80200f68 80200f68       2e     1                 core::panicking::panic_fmt::hf2b467cfc0e561d3
80200f7e 80200f7e        0     1                 .L0 
80200f96 80200f96        0     1                 .L0 
80200f96 80200f96       c6     2         /home/famous282/.rustup/toolchains/stable-x86_64-unknown-linux-gnu/lib/rustlib/riscv32imac-unknown-none-elf/lib/libcore-c6eeea32d188506f.rlib(core-c6eeea32d188506f.core.f2b050c2002e39f1-cgu.0.rcgu.o):(.text._ZN73_$LT$core..panic..panic_info..PanicInfo$u20$as$u20$core..fmt..Display$GT$3fmt17hb5a14bd6be532762E)
80200f96 80200f96        0     1                 .L0 
80200f96 80200f96        0     1                 .L0 
80200f96 80200f96        0     1                 $x
80200f96 80200f96        0     1                 .L0 
80200f96 80200f96       c6     1                 _$LT$core..panic..panic_info..PanicInfo$u20$as$u20$core..fmt..Display$GT$::fmt::hb5a14bd6be532762
80200fa8 80200fa8        0     1                 .L0 
80200fc4 80200fc4        0     1                 .L0 
80200fc4 80200fc4        0     1                 .L0 
80200fc6 80200fc6        0     1                 .L0 
80200fce 80200fce        0     1                 .L0 
80200fde 80200fde        0     1                 .L0 
80200fe2 80200fe2        0     1                 .L0 
80200ff8 80200ff8        0     1                 .L0 
80201000 80201000        0     1                 .L0 
80201008 80201008        0     1                 .L0 
80201020 80201020        0     1                 .L0 
80201020 80201020        0     1                 .L0 
80201022 80201022        0     1                 .L0 
80201022 80201022        0     1                 .L0 
80201030 80201030        0     1                 .L0 
80201030 80201030        0     1                 .L0 
80201032 80201032        0     1                 .L0 
8020103a 8020103a        0     1                 .L0 
8020105c 8020105c        0     1                 .L0 
8020105c 8020105c      559     4 .rodata
8020105c 8020105c       18     4         /home/famous282/1000linesOS/kernel/target/riscv32imac-unknown-none-elf/debug/deps/kernel-e423684175293233.1gy28gr8yncw9yg4wm3kw95ip.179u2fp.rcgu.o:(.rodata.anon.115b1549741a66689ede8b6afce1a372.0.llvm.11468890524131549399)
8020105c 8020105c        0     1                 $d
8020105c 8020105c       18     1                 anon.115b1549741a66689ede8b6afce1a372.0.llvm.11468890524131549399
80201074 80201074        e     1         /home/famous282/1000linesOS/kernel/target/riscv32imac-unknown-none-elf/debug/deps/kernel-e423684175293233.1zwa976huie3oeuiu5py3i96v.179u2fp.rcgu.o:(.rodata..Lanon.d386e10f8ffd8bb0a94322403120df25.0)
80201074 80201074        e     1                 .Lanon.d386e10f8ffd8bb0a94322403120df25.0
80201074 80201074        0     1                 $d
80201082 80201082      1dc     1         <internal>:(.rodata.str1.1)
80201260 80201260       10     4         /home/famous282/1000linesOS/kernel/target/riscv32imac-unknown-none-elf/debug/deps/kernel-e423684175293233.5775z1s3a7kqb3rgz5lv2w5b1.179u2fp.rcgu.o:(.rodata..Lanon.c6ca01c3ef7a9928a0f7f70aa5ba5c2a.2)
80201260 80201260       10     1                 .Lanon.c6ca01c3ef7a9928a0f7f70aa5ba5c2a.2
80201260 80201260        0     1                 $d
80201270 80201270       10     4         /home/famous282/1000linesOS/kernel/target/riscv32imac-unknown-none-elf/debug/deps/kernel-e423684175293233.7hqkh35l985iompa8en7ayj8i.179u2fp.rcgu.o:(.rodata..Lanon.a4f2901f9d648e2ce06a4e08b4f358ce.1)
80201270 80201270       10     1                 .Lanon.a4f2901f9d648e2ce06a4e08b4f358ce.1
80201270 80201270        0     1                 $d
80201280 80201280        d     1         /home/famous282/1000linesOS/kernel/target/riscv32imac-unknown-none-elf/debug/deps/kernel-e423684175293233.7hqkh35l985iompa8en7ayj8i.179u2fp.rcgu.o:(.rodata..Lanon.a4f2901f9d648e2ce06a4e08b4f358ce.2)
80201280 80201280        d     1                 .Lanon.a4f2901f9d648e2ce06a4e08b4f358ce.2
80201280 80201280        0     1                 $d
80201290 80201290       10     4         /home/famous282/1000linesOS/kernel/target/riscv32imac-unknown-none-elf/debug/deps/kernel-e423684175293233.7hqkh35l985iompa8en7ayj8i.179u2fp.rcgu.o:(.rodata..Lanon.a4f2901f9d648e2ce06a4e08b4f358ce.3)
80201290 80201290       10     1                 .Lanon.a4f2901f9d648e2ce06a4e08b4f358ce.3
80201290 80201290        0     1                 $d
802012a0 802012a0       10     4         /home/famous282/1000linesOS/kernel/target/riscv32imac-unknown-none-elf/debug/deps/kernel-e423684175293233.7hqkh35l985iompa8en7ayj8i.179u2fp.rcgu.o:(.rodata..Lanon.a4f2901f9d648e2ce06a4e08b4f358ce.4)
802012a0 802012a0       10     1                 .Lanon.a4f2901f9d648e2ce06a4e08b4f358ce.4
802012a0 802012a0        0     1                 $d
802012b0 802012b0        7     1         /home/famous282/1000linesOS/kernel/target/riscv32imac-unknown-none-elf/debug/deps/kernel-e423684175293233.7hqkh35l985iompa8en7ayj8i.179u2fp.rcgu.o:(.rodata..Lanon.a4f2901f9d648e2ce06a4e08b4f358ce.7)
802012b0 802012b0        7     1                 .Lanon.a4f2901f9d648e2ce06a4e08b4f358ce.7
802012b0 802012b0        0     1                 $d
802012b8 802012b8       10     4         /home/famous282/1000linesOS/kernel/target/riscv32imac-unknown-none-elf/debug/deps/kernel-e423684175293233.7hqkh35l985iompa8en7ayj8i.179u2fp.rcgu.o:(.rodata..Lanon.a4f2901f9d648e2ce06a4e08b4f358ce.8)
802012b8 802012b8       10     1                 .Lanon.a4f2901f9d648e2ce06a4e08b4f358ce.8
802012b8 802012b8        0     1                 $d
802012c8 802012c8       10     4         /home/famous282/1000linesOS/kernel/target/riscv32imac-unknown-none-elf/debug/deps/kernel-e423684175293233.7wj5zoa8xxs3t0yy1onealpk8.179u2fp.rcgu.o:(.rodata.anon.04ccc33b5066ea8aff05e46f4f19a542.1.llvm.5727941747683799958)
802012c8 802012c8        0     1                 $d
802012c8 802012c8       10     1                 anon.04ccc33b5066ea8aff05e46f4f19a542.1.llvm.5727941747683799958
802012d8 802012d8       10     4         /home/famous282/1000linesOS/kernel/target/riscv32imac-unknown-none-elf/debug/deps/kernel-e423684175293233.7wj5zoa8xxs3t0yy1onealpk8.179u2fp.rcgu.o:(.rodata.anon.04ccc33b5066ea8aff05e46f4f19a542.2.llvm.5727941747683799958)
802012d8 802012d8        0     1                 $d
802012d8 802012d8       10     1                 anon.04ccc33b5066ea8aff05e46f4f19a542.2.llvm.5727941747683799958
802012e8 802012e8       10     4         /home/famous282/1000linesOS/kernel/target/riscv32imac-unknown-none-elf/debug/deps/kernel-e423684175293233.7wj5zoa8xxs3t0yy1onealpk8.179u2fp.rcgu.o:(.rodata.anon.04ccc33b5066ea8aff05e46f4f19a542.3.llvm.5727941747683799958)
802012e8 802012e8        0     1                 $d
802012e8 802012e8       10     1                 anon.04ccc33b5066ea8aff05e46f4f19a542.3.llvm.5727941747683799958
802012f8 802012f8       ae     1         /home/famous282/1000linesOS/kernel/target/riscv32imac-unknown-none-elf/debug/deps/kernel-e423684175293233.7wj5zoa8xxs3t0yy1onealpk8.179u2fp.rcgu.o:(.rodata.anon.04ccc33b5066ea8aff05e46f4f19a542.4.llvm.5727941747683799958)
802012f8 802012f8        0     1                 $d
802012f8 802012f8       ae     1                 anon.04ccc33b5066ea8aff05e46f4f19a542.4.llvm.5727941747683799958
802013a6 802013a6       c7     1         /home/famous282/1000linesOS/kernel/target/riscv32imac-unknown-none-elf/debug/deps/kernel-e423684175293233.7wj5zoa8xxs3t0yy1onealpk8.179u2fp.rcgu.o:(.rodata.anon.04ccc33b5066ea8aff05e46f4f19a542.5.llvm.5727941747683799958)
802013a6 802013a6        0     1                 $d
802013a6 802013a6       c7     1                 anon.04ccc33b5066ea8aff05e46f4f19a542.5.llvm.5727941747683799958
80201470 80201470       10     4         /home/famous282/1000linesOS/kernel/target/riscv32imac-unknown-none-elf/debug/deps/kernel-e423684175293233.7wj5zoa8xxs3t0yy1onealpk8.179u2fp.rcgu.o:(.rodata.anon.04ccc33b5066ea8aff05e46f4f19a542.7.llvm.5727941747683799958)
80201470 80201470        0     1                 $d
80201470 80201470       10     1                 anon.04ccc33b5066ea8aff05e46f4f19a542.7.llvm.5727941747683799958
80201480 80201480       c8     1         /home/famous282/.rustup/toolchains/stable-x86_64-unknown-linux-gnu/lib/rustlib/riscv32imac-unknown-none-elf/lib/libcore-c6eeea32d188506f.rlib(core-c6eeea32d188506f.core.f2b050c2002e39f1-cgu.0.rcgu.o):(.rodata..Lanon.f74838b38e70b6e7b417ca0660cf6a38.14)
80201480 80201480       c8     1                 .Lanon.f74838b38e70b6e7b417ca0660cf6a38.14
80201480 80201480        0     1                 $d
80201548 80201548       10     4         /home/famous282/.rustup/toolchains/stable-x86_64-unknown-linux-gnu/lib/rustlib/riscv32imac-unknown-none-elf/lib/libcore-c6eeea32d188506f.rlib(core-c6eeea32d188506f.core.f2b050c2002e39f1-cgu.0.rcgu.o):(.rodata..Lanon.f74838b38e70b6e7b417ca0660cf6a38.26)
80201548 80201548       10     1                 .Lanon.f74838b38e70b6e7b417ca0660cf6a38.26
80201548 80201548        0     1                 $d
80201558 80201558       10     2         <internal>:(.rodata.cst16)
80201568 80201568        2     1         /home/famous282/.rustup/toolchains/stable-x86_64-unknown-linux-gnu/lib/rustlib/riscv32imac-unknown-none-elf/lib/libcore-c6eeea32d188506f.rlib(core-c6eeea32d188506f.core.f2b050c2002e39f1-cgu.0.rcgu.o):(.rodata..Lanon.f74838b38e70b6e7b417ca0660cf6a38.37)
80201568 80201568        2     1                 .Lanon.f74838b38e70b6e7b417ca0660cf6a38.37
80201568 80201568        0     1                 $d
8020156a 8020156a       1c     1         /home/famous282/.rustup/toolchains/stable-x86_64-unknown-linux-gnu/lib/rustlib/riscv32imac-unknown-none-elf/lib/libcore-c6eeea32d188506f.rlib(core-c6eeea32d188506f.core.f2b050c2002e39f1-cgu.0.rcgu.o):(.rodata..Lanon.f74838b38e70b6e7b417ca0660cf6a38.88)
8020156a 8020156a       1c     1                 .Lanon.f74838b38e70b6e7b417ca0660cf6a38.88
8020156a 8020156a        0     1                 $d
80201586 80201586       21     1         /home/famous282/.rustup/toolchains/stable-x86_64-unknown-linux-gnu/lib/rustlib/riscv32imac-unknown-none-elf/lib/libcore-c6eeea32d188506f.rlib(core-c6eeea32d188506f.core.f2b050c2002e39f1-cgu.0.rcgu.o):(.rodata..Lanon.f74838b38e70b6e7b417ca0660cf6a38.95)
80201586 80201586       21     1                 .Lanon.f74838b38e70b6e7b417ca0660cf6a38.95
80201586 80201586        0     1                 $d
802015a7 802015a7        c     1         /home/famous282/.rustup/toolchains/stable-x86_64-unknown-linux-gnu/lib/rustlib/riscv32imac-unknown-none-elf/lib/libcore-c6eeea32d188506f.rlib(core-c6eeea32d188506f.core.f2b050c2002e39f1-cgu.0.rcgu.o):(.rodata..Lanon.f74838b38e70b6e7b417ca0660cf6a38.408)
802015a7 802015a7        c     1                 .Lanon.f74838b38e70b6e7b417ca0660cf6a38.408
802015a7 802015a7        0     1                 $d
802015b3 802015b3        2     1         /home/famous282/.rustup/toolchains/stable-x86_64-unknown-linux-gnu/lib/rustlib/riscv32imac-unknown-none-elf/lib/libcore-c6eeea32d188506f.rlib(core-c6eeea32d188506f.core.f2b050c2002e39f1-cgu.0.rcgu.o):(.rodata..Lanon.f74838b38e70b6e7b417ca0660cf6a38.409)
802015b3 802015b3        2     1                 .Lanon.f74838b38e70b6e7b417ca0660cf6a38.409
802015b3 802015b3        0     1                 $d
802015b8 802015b8      338     4 .eh_frame
802015b8 802015b8       14     1         /home/famous282/.rustup/toolchains/stable-x86_64-unknown-linux-gnu/lib/rustlib/riscv32imac-unknown-none-elf/lib/libcore-c6eeea32d188506f.rlib(core-c6eeea32d188506f.core.f2b050c2002e39f1-cgu.0.rcgu.o):(.eh_frame+0x0)
802015cc 802015cc       14     1         /home/famous282/.rustup/toolchains/stable-x86_64-unknown-linux-gnu/lib/rustlib/riscv32imac-unknown-none-elf/lib/libcore-c6eeea32d188506f.rlib(core-c6eeea32d188506f.core.f2b050c2002e39f1-cgu.0.rcgu.o):(.eh_frame+0x300)
802015e0 802015e0       44     1         /home/famous282/.rustup/toolchains/stable-x86_64-unknown-linux-gnu/lib/rustlib/riscv32imac-unknown-none-elf/lib/libcore-c6eeea32d188506f.rlib(core-c6eeea32d188506f.core.f2b050c2002e39f1-cgu.0.rcgu.o):(.eh_frame+0x7b0)
80201624 80201624       30     1         /home/famous282/.rustup/toolchains/stable-x86_64-unknown-linux-gnu/lib/rustlib/riscv32imac-unknown-none-elf/lib/libcore-c6eeea32d188506f.rlib(core-c6eeea32d188506f.core.f2b050c2002e39f1-cgu.0.rcgu.o):(.eh_frame+0xa0c)
80201654 80201654       28     1         /home/famous282/.rustup/toolchains/stable-x86_64-unknown-linux-gnu/lib/rustlib/riscv32imac-unknown-none-elf/lib/libcore-c6eeea32d188506f.rlib(core-c6eeea32d188506f.core.f2b050c2002e39f1-cgu.0.rcgu.o):(.eh_frame+0x12bc)
8020167c 8020167c       60     1         /home/famous282/.rustup/toolchains/stable-x86_64-unknown-linux-gnu/lib/rustlib/riscv32imac-unknown-none-elf/lib/libcore-c6eeea32d188506f.rlib(core-c6eeea32d188506f.core.f2b050c2002e39f1-cgu.0.rcgu.o):(.eh_frame+0x1b3c)
802016dc 802016dc       ac     1         /home/famous282/.rustup/toolchains/stable-x86_64-unknown-linux-gnu/lib/rustlib/riscv32imac-unknown-none-elf/lib/libcore-c6eeea32d188506f.rlib(core-c6eeea32d188506f.core.f2b050c2002e39f1-cgu.0.rcgu.o):(.eh_frame+0x1fe0)
80201788 80201788       64     1         /home/famous282/.rustup/toolchains/stable-x86_64-unknown-linux-gnu/lib/rustlib/riscv32imac-unknown-none-elf/lib/libcore-c6eeea32d188506f.rlib(core-c6eeea32d188506f.core.f2b050c2002e39f1-cgu.0.rcgu.o):(.eh_frame+0x248c)
802017ec 802017ec       28     1         /home/famous282/.rustup/toolchains/stable-x86_64-unknown-linux-gnu/lib/rustlib/riscv32imac-unknown-none-elf/lib/libcore-c6eeea32d188506f.rlib(core-c6eeea32d188506f.core.f2b050c2002e39f1-cgu.0.rcgu.o):(.eh_frame+0x3838)
80201814 80201814       20     1         /home/famous282/.rustup/toolchains/stable-x86_64-unknown-linux-gnu/lib/rustlib/riscv32imac-unknown-none-elf/lib/libcore-c6eeea32d188506f.rlib(core-c6eeea32d188506f.core.f2b050c2002e39f1-cgu.0.rcgu.o):(.eh_frame+0x3e98)
80201834 80201834       20     1         /home/famous282/.rustup/toolchains/stable-x86_64-unknown-linux-gnu/lib/rustlib/riscv32imac-unknown-none-elf/lib/libcore-c6eeea32d188506f.rlib(core-c6eeea32d188506f.core.f2b050c2002e39f1-cgu.0.rcgu.o):(.eh_frame+0x3f78)
80201854 80201854       40     1         /home/famous282/.rustup/toolchains/stable-x86_64-unknown-linux-gnu/lib/rustlib/riscv32imac-unknown-none-elf/lib/libcore-c6eeea32d188506f.rlib(core-c6eeea32d188506f.core.f2b050c2002e39f1-cgu.0.rcgu.o):(.eh_frame+0x41b8)
80201894 80201894       20     1         /home/famous282/.rustup/toolchains/stable-x86_64-unknown-linux-gnu/lib/rustlib/riscv32imac-unknown-none-elf/lib/libcore-c6eeea32d188506f.rlib(core-c6eeea32d188506f.core.f2b050c2002e39f1-cgu.0.rcgu.o):(.eh_frame+0x42d8)
802018b4 802018b4       38     1         /home/famous282/.rustup/toolchains/stable-x86_64-unknown-linux-gnu/lib/rustlib/riscv32imac-unknown-none-elf/lib/libcore-c6eeea32d188506f.rlib(core-c6eeea32d188506f.core.f2b050c2002e39f1-cgu.0.rcgu.o):(.eh_frame+0x51d4)
802018f0 802018f0        4     4 .bss
802018f0 802018f0        0     1         __bss = .
802018f0 802018f0        4     4         /home/famous282/1000linesOS/kernel/target/riscv32imac-unknown-none-elf/debug/deps/kernel-e423684175293233.7hqkh35l985iompa8en7ayj8i.179u2fp.rcgu.o:(.bss._ZN6kernel6kernel10NEXT_PADDR17hd94a3e5e61b0a126E.0)
802018f0 802018f0        4     1                 kernel::kernel::NEXT_PADDR::hd94a3e5e61b0a126 (.0)
802018f0 802018f0        0     1                 $d
802018f4 802018f4        0     1         __bss_end = .
802018f4 802018f4        0     1 . = ALIGN(4)
802018f4 802018f4    20000     1 . += 128 * 1024
802218f4 802218f4        0     1 __stack_top = .
802218f4 802218f4      70c     1 . = ALIGN(4096)
80222000 80222000        0     1 __free_ram = .
80222000 80222000  4000000     1 . += 64 * 1024 * 1024
84222000 84222000        0     1 __free_ram_end = .
       0        0      8f2     1 .debug_loc
       0        0       13     1         /home/famous282/1000linesOS/kernel/target/riscv32imac-unknown-none-elf/debug/deps/kernel-e423684175293233.0xglbqqcmy1h5ke8v4z244zh3.179u2fp.rcgu.o:(.debug_loc)
       0        0        0     1                 .L0 
       0        0        0     1                 $d
      13       13      29a     1         /home/famous282/1000linesOS/kernel/target/riscv32imac-unknown-none-elf/debug/deps/kernel-e423684175293233.1gy28gr8yncw9yg4wm3kw95ip.179u2fp.rcgu.o:(.debug_loc)
      13       13        0     1                 .L0 
      13       13        0     1                 $d
      2e       2e        0     1                 .L0 
      5f       5f        0     1                 .L0 
      90       90        0     1                 .L0 
      b3       b3        0     1                 .L0 
      e4       e4        0     1                 .L0 
     115      115        0     1                 .L0 
     138      138        0     1                 .L0 
     154      154        0     1                 .L0 
     185      185        0     1                 .L0 
     1af      1af        0     1                 .L0 
     1cb      1cb        0     1                 .L0 
     1fc      1fc        0     1                 .L0 
     217      217        0     1                 .L0 
     232      232        0     1                 .L0 
     24d      24d        0     1                 .L0 
     28d      28d        0     1                 .L0 
     2ad      2ad      101     1         /home/famous282/1000linesOS/kernel/target/riscv32imac-unknown-none-elf/debug/deps/kernel-e423684175293233.1zwa976huie3oeuiu5py3i96v.179u2fp.rcgu.o:(.debug_loc)
     2ad      2ad        0     1                 .L0 
     2ad      2ad        0     1                 $d
     2e6      2e6        0     1                 .L0 
     31f      31f        0     1                 .L0 
     358      358        0     1                 .L0 
     383      383        0     1                 .L0 
     3ae      3ae       36     1         /home/famous282/1000linesOS/kernel/target/riscv32imac-unknown-none-elf/debug/deps/kernel-e423684175293233.5775z1s3a7kqb3rgz5lv2w5b1.179u2fp.rcgu.o:(.debug_loc)
     3ae      3ae        0     1                 .L0 
     3ae      3ae        0     1                 $d
     3c9      3c9        0     1                 .L0 
     3e4      3e4      152     1         /home/famous282/1000linesOS/kernel/target/riscv32imac-unknown-none-elf/debug/deps/kernel-e423684175293233.7hqkh35l985iompa8en7ayj8i.179u2fp.rcgu.o:(.debug_loc)
     3e4      3e4        0     1                 .L0 
     3e4      3e4        0     1                 $d
     3ff      3ff        0     1                 .L0 
     430      430        0     1                 .L0 
     44b      44b        0     1                 .L0 
     466      466        0     1                 .L0 
     48c      48c        0     1                 .L0 
     4a7      4a7        0     1                 .L0 
     4e5      4e5        0     1                 .L0 
     500      500        0     1                 .L0 
     51b      51b        0     1                 .L0 
     536      536      3bc     1         /home/famous282/1000linesOS/kernel/target/riscv32imac-unknown-none-elf/debug/deps/kernel-e423684175293233.7wj5zoa8xxs3t0yy1onealpk8.179u2fp.rcgu.o:(.debug_loc)
     536      536        0     1                 .L0 
     536      536        0     1                 $d
     57d      57d        0     1                 .L0 
     598      598        0     1                 .L0 
     5c8      5c8        0     1                 .L0 
     6c0      6c0        0     1                 .L0 
     6e6      6e6        0     1                 .L0 
     717      717        0     1                 .L0 
     73d      73d        0     1                 .L0 
     758      758        0     1                 .L0 
     773      773        0     1                 .L0 
     78e      78e        0     1                 .L0 
     7bf      7bf        0     1                 .L0 
     7ff      7ff        0     1                 .L0 
     825      825        0     1                 .L0 
     84b      84b        0     1                 .L0 
     871      871        0     1                 .L0 
     897      897        0     1                 .L0 
     8bd      8bd        0     1                 .L0 
       0        0     1f95     1 .debug_abbrev
       0        0      114     1         /home/famous282/1000linesOS/kernel/target/riscv32imac-unknown-none-elf/debug/deps/kernel-e423684175293233.0xglbqqcmy1h5ke8v4z244zh3.179u2fp.rcgu.o:(.debug_abbrev)
       0        0        0     1                 $d
     114      114      1f2     1         /home/famous282/1000linesOS/kernel/target/riscv32imac-unknown-none-elf/debug/deps/kernel-e423684175293233.1gy28gr8yncw9yg4wm3kw95ip.179u2fp.rcgu.o:(.debug_abbrev)
     114      114        0     1                 $d
     306      306      1e3     1         /home/famous282/1000linesOS/kernel/target/riscv32imac-unknown-none-elf/debug/deps/kernel-e423684175293233.1zwa976huie3oeuiu5py3i96v.179u2fp.rcgu.o:(.debug_abbrev)
     306      306        0     1                 $d
     4e9      4e9      12b     1         /home/famous282/1000linesOS/kernel/target/riscv32imac-unknown-none-elf/debug/deps/kernel-e423684175293233.5775z1s3a7kqb3rgz5lv2w5b1.179u2fp.rcgu.o:(.debug_abbrev)
     4e9      4e9        0     1                 $d
     614      614      284     1         /home/famous282/1000linesOS/kernel/target/riscv32imac-unknown-none-elf/debug/deps/kernel-e423684175293233.7hqkh35l985iompa8en7ayj8i.179u2fp.rcgu.o:(.debug_abbrev)
     614      614        0     1                 $d
     898      898      273     1         /home/famous282/1000linesOS/kernel/target/riscv32imac-unknown-none-elf/debug/deps/kernel-e423684175293233.7wj5zoa8xxs3t0yy1onealpk8.179u2fp.rcgu.o:(.debug_abbrev)
     898      898        0     1                 $d
     b0b      b0b      312     1         /home/famous282/.rustup/toolchains/stable-x86_64-unknown-linux-gnu/lib/rustlib/riscv32imac-unknown-none-elf/lib/libcore-c6eeea32d188506f.rlib(core-c6eeea32d188506f.core.f2b050c2002e39f1-cgu.0.rcgu.o):(.debug_abbrev)
     b0b      b0b        0     1                 $d
     e1d      e1d       5b     1         /home/famous282/.rustup/toolchains/stable-x86_64-unknown-linux-gnu/lib/rustlib/riscv32imac-unknown-none-elf/lib/libcompiler_builtins-ad31f96eaed4fe7a.rlib(compiler_builtins-ad31f96eaed4fe7a.compiler_builtins.a8dbbfe33f18591e-cgu.105.rcgu.o):(.debug_abbrev)
     e1d      e1d        0     1                 $d
     e78      e78       5f     1         /home/famous282/.rustup/toolchains/stable-x86_64-unknown-linux-gnu/lib/rustlib/riscv32imac-unknown-none-elf/lib/libcompiler_builtins-ad31f96eaed4fe7a.rlib(compiler_builtins-ad31f96eaed4fe7a.compiler_builtins.a8dbbfe33f18591e-cgu.157.rcgu.o):(.debug_abbrev)
     e78      e78        0     1                 $d
     ed7      ed7       a8     1         /home/famous282/.rustup/toolchains/stable-x86_64-unknown-linux-gnu/lib/rustlib/riscv32imac-unknown-none-elf/lib/libcompiler_builtins-ad31f96eaed4fe7a.rlib(compiler_builtins-ad31f96eaed4fe7a.compiler_builtins.a8dbbfe33f18591e-cgu.016.rcgu.o):(.debug_abbrev)
     ed7      ed7        0     1                 $d
     f7f      f7f       aa     1         /home/famous282/.rustup/toolchains/stable-x86_64-unknown-linux-gnu/lib/rustlib/riscv32imac-unknown-none-elf/lib/libcompiler_builtins-ad31f96eaed4fe7a.rlib(compiler_builtins-ad31f96eaed4fe7a.compiler_builtins.a8dbbfe33f18591e-cgu.162.rcgu.o):(.debug_abbrev)
     f7f      f7f        0     1                 $d
    1029     1029       e9     1         /home/famous282/.rustup/toolchains/stable-x86_64-unknown-linux-gnu/lib/rustlib/riscv32imac-unknown-none-elf/lib/libcompiler_builtins-ad31f96eaed4fe7a.rlib(compiler_builtins-ad31f96eaed4fe7a.compiler_builtins.a8dbbfe33f18591e-cgu.199.rcgu.o):(.debug_abbrev)
    1029     1029        0     1                 $d
    1112     1112       cf     1         /home/famous282/.rustup/toolchains/stable-x86_64-unknown-linux-gnu/lib/rustlib/riscv32imac-unknown-none-elf/lib/libcompiler_builtins-ad31f96eaed4fe7a.rlib(compiler_builtins-ad31f96eaed4fe7a.compiler_builtins.a8dbbfe33f18591e-cgu.225.rcgu.o):(.debug_abbrev)
    1112     1112        0     1                 $d
    11e1     11e1       2e     1         /home/famous282/.rustup/toolchains/stable-x86_64-unknown-linux-gnu/lib/rustlib/riscv32imac-unknown-none-elf/lib/libcompiler_builtins-ad31f96eaed4fe7a.rlib(compiler_builtins-ad31f96eaed4fe7a.compiler_builtins.a8dbbfe33f18591e-cgu.228.rcgu.o):(.debug_abbrev)
    11e1     11e1        0     1                 $d
    120f     120f      134     1         /home/famous282/.rustup/toolchains/stable-x86_64-unknown-linux-gnu/lib/rustlib/riscv32imac-unknown-none-elf/lib/libcompiler_builtins-ad31f96eaed4fe7a.rlib(compiler_builtins-ad31f96eaed4fe7a.compiler_builtins.a8dbbfe33f18591e-cgu.003.rcgu.o):(.debug_abbrev)
    120f     120f        0     1                 $d
    1343     1343      181     1         /home/famous282/.rustup/toolchains/stable-x86_64-unknown-linux-gnu/lib/rustlib/riscv32imac-unknown-none-elf/lib/libcompiler_builtins-ad31f96eaed4fe7a.rlib(compiler_builtins-ad31f96eaed4fe7a.compiler_builtins.a8dbbfe33f18591e-cgu.017.rcgu.o):(.debug_abbrev)
    1343     1343        0     1                 $d
    14c4     14c4       e0     1         /home/famous282/.rustup/toolchains/stable-x86_64-unknown-linux-gnu/lib/rustlib/riscv32imac-unknown-none-elf/lib/libcompiler_builtins-ad31f96eaed4fe7a.rlib(compiler_builtins-ad31f96eaed4fe7a.compiler_builtins.a8dbbfe33f18591e-cgu.236.rcgu.o):(.debug_abbrev)
    14c4     14c4        0     1                 $d
    15a4     15a4       aa     1         /home/famous282/.rustup/toolchains/stable-x86_64-unknown-linux-gnu/lib/rustlib/riscv32imac-unknown-none-elf/lib/libcompiler_builtins-ad31f96eaed4fe7a.rlib(compiler_builtins-ad31f96eaed4fe7a.compiler_builtins.a8dbbfe33f18591e-cgu.239.rcgu.o):(.debug_abbrev)
    15a4     15a4        0     1                 $d
    164e     164e       2e     1         /home/famous282/.rustup/toolchains/stable-x86_64-unknown-linux-gnu/lib/rustlib/riscv32imac-unknown-none-elf/lib/libcompiler_builtins-ad31f96eaed4fe7a.rlib(compiler_builtins-ad31f96eaed4fe7a.compiler_builtins.a8dbbfe33f18591e-cgu.256.rcgu.o):(.debug_abbrev)
    164e     164e        0     1                 $d
    167c     167c      14e     1         /home/famous282/.rustup/toolchains/stable-x86_64-unknown-linux-gnu/lib/rustlib/riscv32imac-unknown-none-elf/lib/libcompiler_builtins-ad31f96eaed4fe7a.rlib(compiler_builtins-ad31f96eaed4fe7a.compiler_builtins.a8dbbfe33f18591e-cgu.000.rcgu.o):(.debug_abbrev)
    167c     167c        0     1                 $d
    17ca     17ca       b9     1         /home/famous282/.rustup/toolchains/stable-x86_64-unknown-linux-gnu/lib/rustlib/riscv32imac-unknown-none-elf/lib/libcompiler_builtins-ad31f96eaed4fe7a.rlib(compiler_builtins-ad31f96eaed4fe7a.compiler_builtins.a8dbbfe33f18591e-cgu.285.rcgu.o):(.debug_abbrev)
    17ca     17ca        0     1                 $d
    1883     1883       5f     1         /home/famous282/.rustup/toolchains/stable-x86_64-unknown-linux-gnu/lib/rustlib/riscv32imac-unknown-none-elf/lib/libcompiler_builtins-ad31f96eaed4fe7a.rlib(compiler_builtins-ad31f96eaed4fe7a.compiler_builtins.a8dbbfe33f18591e-cgu.287.rcgu.o):(.debug_abbrev)
    1883     1883        0     1                 $d
    18e2     18e2       2e     1         /home/famous282/.rustup/toolchains/stable-x86_64-unknown-linux-gnu/lib/rustlib/riscv32imac-unknown-none-elf/lib/libcompiler_builtins-ad31f96eaed4fe7a.rlib(compiler_builtins-ad31f96eaed4fe7a.compiler_builtins.a8dbbfe33f18591e-cgu.295.rcgu.o):(.debug_abbrev)
    18e2     18e2        0     1                 $d
    1910     1910       b9     1         /home/famous282/.rustup/toolchains/stable-x86_64-unknown-linux-gnu/lib/rustlib/riscv32imac-unknown-none-elf/lib/libcompiler_builtins-ad31f96eaed4fe7a.rlib(compiler_builtins-ad31f96eaed4fe7a.compiler_builtins.a8dbbfe33f18591e-cgu.300.rcgu.o):(.debug_abbrev)
    1910     1910        0     1                 $d
    19c9     19c9       ca     1         /home/famous282/.rustup/toolchains/stable-x86_64-unknown-linux-gnu/lib/rustlib/riscv32imac-unknown-none-elf/lib/libcompiler_builtins-ad31f96eaed4fe7a.rlib(compiler_builtins-ad31f96eaed4fe7a.compiler_builtins.a8dbbfe33f18591e-cgu.303.rcgu.o):(.debug_abbrev)
    19c9     19c9        0     1                 $d
    1a93     1a93       5f     1         /home/famous282/.rustup/toolchains/stable-x86_64-unknown-linux-gnu/lib/rustlib/riscv32imac-unknown-none-elf/lib/libcompiler_builtins-ad31f96eaed4fe7a.rlib(compiler_builtins-ad31f96eaed4fe7a.compiler_builtins.a8dbbfe33f18591e-cgu.308.rcgu.o):(.debug_abbrev)
    1a93     1a93        0     1                 $d
    1af2     1af2       5f     1         /home/famous282/.rustup/toolchains/stable-x86_64-unknown-linux-gnu/lib/rustlib/riscv32imac-unknown-none-elf/lib/libcompiler_builtins-ad31f96eaed4fe7a.rlib(compiler_builtins-ad31f96eaed4fe7a.compiler_builtins.a8dbbfe33f18591e-cgu.315.rcgu.o):(.debug_abbrev)
    1af2     1af2        0     1                 $d
    1b51     1b51       aa     1         /home/famous282/.rustup/toolchains/stable-x86_64-unknown-linux-gnu/lib/rustlib/riscv32imac-unknown-none-elf/lib/libcompiler_builtins-ad31f96eaed4fe7a.rlib(compiler_builtins-ad31f96eaed4fe7a.compiler_builtins.a8dbbfe33f18591e-cgu.325.rcgu.o):(.debug_abbrev)
    1b51     1b51        0     1                 $d
    1bfb     1bfb       2e     1         /home/famous282/.rustup/toolchains/stable-x86_64-unknown-linux-gnu/lib/rustlib/riscv32imac-unknown-none-elf/lib/libcompiler_builtins-ad31f96eaed4fe7a.rlib(compiler_builtins-ad31f96eaed4fe7a.compiler_builtins.a8dbbfe33f18591e-cgu.326.rcgu.o):(.debug_abbrev)
    1bfb     1bfb        0     1                 $d
    1c29     1c29       aa     1         /home/famous282/.rustup/toolchains/stable-x86_64-unknown-linux-gnu/lib/rustlib/riscv32imac-unknown-none-elf/lib/libcompiler_builtins-ad31f96eaed4fe7a.rlib(compiler_builtins-ad31f96eaed4fe7a.compiler_builtins.a8dbbfe33f18591e-cgu.327.rcgu.o):(.debug_abbrev)
    1c29     1c29        0     1                 $d
    1cd3     1cd3       b9     1         /home/famous282/.rustup/toolchains/stable-x86_64-unknown-linux-gnu/lib/rustlib/riscv32imac-unknown-none-elf/lib/libcompiler_builtins-ad31f96eaed4fe7a.rlib(compiler_builtins-ad31f96eaed4fe7a.compiler_builtins.a8dbbfe33f18591e-cgu.331.rcgu.o):(.debug_abbrev)
    1cd3     1cd3        0     1                 $d
    1d8c     1d8c       aa     1         /home/famous282/.rustup/toolchains/stable-x86_64-unknown-linux-gnu/lib/rustlib/riscv32imac-unknown-none-elf/lib/libcompiler_builtins-ad31f96eaed4fe7a.rlib(compiler_builtins-ad31f96eaed4fe7a.compiler_builtins.a8dbbfe33f18591e-cgu.332.rcgu.o):(.debug_abbrev)
    1d8c     1d8c        0     1                 $d
    1e36     1e36       2e     1         /home/famous282/.rustup/toolchains/stable-x86_64-unknown-linux-gnu/lib/rustlib/riscv32imac-unknown-none-elf/lib/libcompiler_builtins-ad31f96eaed4fe7a.rlib(compiler_builtins-ad31f96eaed4fe7a.compiler_builtins.a8dbbfe33f18591e-cgu.351.rcgu.o):(.debug_abbrev)
    1e36     1e36        0     1                 $d
    1e64     1e64      131     1         /home/famous282/.rustup/toolchains/stable-x86_64-unknown-linux-gnu/lib/rustlib/riscv32imac-unknown-none-elf/lib/libcompiler_builtins-ad31f96eaed4fe7a.rlib(compiler_builtins-ad31f96eaed4fe7a.compiler_builtins.a8dbbfe33f18591e-cgu.012.rcgu.o):(.debug_abbrev)
    1e64     1e64        0     1                 $d
       0        0    29195     1 .debug_info
       0        0      488     1         /home/famous282/1000linesOS/kernel/target/riscv32imac-unknown-none-elf/debug/deps/kernel-e423684175293233.0xglbqqcmy1h5ke8v4z244zh3.179u2fp.rcgu.o:(.debug_info)
       0        0        0     1                 .L0 
       0        0        0     1                 $d
     488      488      6e6     1         /home/famous282/1000linesOS/kernel/target/riscv32imac-unknown-none-elf/debug/deps/kernel-e423684175293233.1gy28gr8yncw9yg4wm3kw95ip.179u2fp.rcgu.o:(.debug_info)
     488      488        0     1                 .L0 
     488      488        0     1                 $d
     b6e      b6e      648     1         /home/famous282/1000linesOS/kernel/target/riscv32imac-unknown-none-elf/debug/deps/kernel-e423684175293233.1zwa976huie3oeuiu5py3i96v.179u2fp.rcgu.o:(.debug_info)
     b6e      b6e        0     1                 .L0 
     b6e      b6e        0     1                 $d
    11b6     11b6      33c     1         /home/famous282/1000linesOS/kernel/target/riscv32imac-unknown-none-elf/debug/deps/kernel-e423684175293233.5775z1s3a7kqb3rgz5lv2w5b1.179u2fp.rcgu.o:(.debug_info)
    11b6     11b6        0     1                 .L0 
    11b6     11b6        0     1                 $d
    14f2     14f2      6f2     1         /home/famous282/1000linesOS/kernel/target/riscv32imac-unknown-none-elf/debug/deps/kernel-e423684175293233.7hqkh35l985iompa8en7ayj8i.179u2fp.rcgu.o:(.debug_info)
    14f2     14f2        0     1                 .L0 
    14f2     14f2        0     1                 $d
    1be4     1be4      bc7     1         /home/famous282/1000linesOS/kernel/target/riscv32imac-unknown-none-elf/debug/deps/kernel-e423684175293233.7wj5zoa8xxs3t0yy1onealpk8.179u2fp.rcgu.o:(.debug_info)
    1be4     1be4        0     1                 .L0 
    1be4     1be4        0     1                 $d
    27ab     27ab    20826     1         /home/famous282/.rustup/toolchains/stable-x86_64-unknown-linux-gnu/lib/rustlib/riscv32imac-unknown-none-elf/lib/libcore-c6eeea32d188506f.rlib(core-c6eeea32d188506f.core.f2b050c2002e39f1-cgu.0.rcgu.o):(.debug_info)
    27ab     27ab        0     1                 .L0 
    27ab     27ab        0     1                 $d
   22fd1    22fd1       86     1         /home/famous282/.rustup/toolchains/stable-x86_64-unknown-linux-gnu/lib/rustlib/riscv32imac-unknown-none-elf/lib/libcompiler_builtins-ad31f96eaed4fe7a.rlib(compiler_builtins-ad31f96eaed4fe7a.compiler_builtins.a8dbbfe33f18591e-cgu.105.rcgu.o):(.debug_info)
   22fd1    22fd1        0     1                 .L0 
   22fd1    22fd1        0     1                 $d
   23057    23057       a1     1         /home/famous282/.rustup/toolchains/stable-x86_64-unknown-linux-gnu/lib/rustlib/riscv32imac-unknown-none-elf/lib/libcompiler_builtins-ad31f96eaed4fe7a.rlib(compiler_builtins-ad31f96eaed4fe7a.compiler_builtins.a8dbbfe33f18591e-cgu.157.rcgu.o):(.debug_info)
   23057    23057        0     1                 .L0 
   23057    23057        0     1                 $d
   230f8    230f8      419     1         /home/famous282/.rustup/toolchains/stable-x86_64-unknown-linux-gnu/lib/rustlib/riscv32imac-unknown-none-elf/lib/libcompiler_builtins-ad31f96eaed4fe7a.rlib(compiler_builtins-ad31f96eaed4fe7a.compiler_builtins.a8dbbfe33f18591e-cgu.016.rcgu.o):(.debug_info)
   230f8    230f8        0     1                 .L0 
   230f8    230f8        0     1                 $d
   23511    23511      15e     1         /home/famous282/.rustup/toolchains/stable-x86_64-unknown-linux-gnu/lib/rustlib/riscv32imac-unknown-none-elf/lib/libcompiler_builtins-ad31f96eaed4fe7a.rlib(compiler_builtins-ad31f96eaed4fe7a.compiler_builtins.a8dbbfe33f18591e-cgu.162.rcgu.o):(.debug_info)
   23511    23511        0     1                 .L0 
   23511    23511        0     1                 $d
   2366f    2366f      2a7     1         /home/famous282/.rustup/toolchains/stable-x86_64-unknown-linux-gnu/lib/rustlib/riscv32imac-unknown-none-elf/lib/libcompiler_builtins-ad31f96eaed4fe7a.rlib(compiler_builtins-ad31f96eaed4fe7a.compiler_builtins.a8dbbfe33f18591e-cgu.199.rcgu.o):(.debug_info)
   2366f    2366f        0     1                 .L0 
   2366f    2366f        0     1                 $d
   23916    23916      273     1         /home/famous282/.rustup/toolchains/stable-x86_64-unknown-linux-gnu/lib/rustlib/riscv32imac-unknown-none-elf/lib/libcompiler_builtins-ad31f96eaed4fe7a.rlib(compiler_builtins-ad31f96eaed4fe7a.compiler_builtins.a8dbbfe33f18591e-cgu.225.rcgu.o):(.debug_info)
   23916    23916        0     1                 .L0 
   23916    23916        0     1                 $d
   23b89    23b89       51     1         /home/famous282/.rustup/toolchains/stable-x86_64-unknown-linux-gnu/lib/rustlib/riscv32imac-unknown-none-elf/lib/libcompiler_builtins-ad31f96eaed4fe7a.rlib(compiler_builtins-ad31f96eaed4fe7a.compiler_builtins.a8dbbfe33f18591e-cgu.228.rcgu.o):(.debug_info)
   23b89    23b89        0     1                 .L0 
   23b89    23b89        0     1                 $d
   23bda    23bda     14d6     1         /home/famous282/.rustup/toolchains/stable-x86_64-unknown-linux-gnu/lib/rustlib/riscv32imac-unknown-none-elf/lib/libcompiler_builtins-ad31f96eaed4fe7a.rlib(compiler_builtins-ad31f96eaed4fe7a.compiler_builtins.a8dbbfe33f18591e-cgu.003.rcgu.o):(.debug_info)
   23bda    23bda        0     1                 .L0 
   23bda    23bda        0     1                 $d
   250b0    250b0      37f     1         /home/famous282/.rustup/toolchains/stable-x86_64-unknown-linux-gnu/lib/rustlib/riscv32imac-unknown-none-elf/lib/libcompiler_builtins-ad31f96eaed4fe7a.rlib(compiler_builtins-ad31f96eaed4fe7a.compiler_builtins.a8dbbfe33f18591e-cgu.017.rcgu.o):(.debug_info)
   250b0    250b0        0     1                 .L0 
   250b0    250b0        0     1                 $d
   2542f    2542f      274     1         /home/famous282/.rustup/toolchains/stable-x86_64-unknown-linux-gnu/lib/rustlib/riscv32imac-unknown-none-elf/lib/libcompiler_builtins-ad31f96eaed4fe7a.rlib(compiler_builtins-ad31f96eaed4fe7a.compiler_builtins.a8dbbfe33f18591e-cgu.236.rcgu.o):(.debug_info)
   2542f    2542f        0     1                 .L0 
   2542f    2542f        0     1                 $d
   256a3    256a3      15e     1         /home/famous282/.rustup/toolchains/stable-x86_64-unknown-linux-gnu/lib/rustlib/riscv32imac-unknown-none-elf/lib/libcompiler_builtins-ad31f96eaed4fe7a.rlib(compiler_builtins-ad31f96eaed4fe7a.compiler_builtins.a8dbbfe33f18591e-cgu.239.rcgu.o):(.debug_info)
   256a3    256a3        0     1                 .L0 
[...]
    9dc8     9dc8        0     1                 .L0 
    9de0     9de0        0     1                 .L0 
    9e08     9e08        0     1                 .L0 
    9e20     9e20        0     1                 .L0 
    9e38     9e38        0     1                 .L0 
    9e50     9e50        0     1                 .L0 
    9e68     9e68        0     1                 .L0 
    9e80     9e80        0     1                 .L0 
    9e98     9e98        0     1                 .L0 
    9eb0     9eb0        0     1                 .L0 
    9ec8     9ec8        0     1                 .L0 
    9ee0     9ee0        0     1                 .L0 
    9f00     9f00        0     1                 .L0 
    9f18     9f18        0     1                 .L0 
    9f30     9f30        0     1                 .L0 
    9f48     9f48        0     1                 .L0 
    9f68     9f68        0     1                 .L0 
    9f80     9f80        0     1                 .L0 
    9fa0     9fa0        0     1                 .L0 
    9fb8     9fb8        0     1                 .L0 
    9fd0     9fd0        0     1                 .L0 
    9fe8     9fe8        0     1                 .L0 
    a000     a000        0     1                 .L0 
    a018     a018        0     1                 .L0 
    a030     a030        0     1                 .L0 
    b180     b180       18     1         /home/famous282/.rustup/toolchains/stable-x86_64-unknown-linux-gnu/lib/rustlib/riscv32imac-unknown-none-elf/lib/libcompiler_builtins-ad31f96eaed4fe7a.rlib(compiler_builtins-ad31f96eaed4fe7a.compiler_builtins.a8dbbfe33f18591e-cgu.105.rcgu.o):(.debug_ranges)
    b180     b180        0     1                 .L0 
    b180     b180        0     1                 $d
    b198     b198      168     1         /home/famous282/.rustup/toolchains/stable-x86_64-unknown-linux-gnu/lib/rustlib/riscv32imac-unknown-none-elf/lib/libcompiler_builtins-ad31f96eaed4fe7a.rlib(compiler_builtins-ad31f96eaed4fe7a.compiler_builtins.a8dbbfe33f18591e-cgu.016.rcgu.o):(.debug_ranges)
    b198     b198        0     1                 .L0 
    b198     b198        0     1                 $d
    b1b0     b1b0        0     1                 .L0 
    b1d0     b1d0        0     1                 .L0 
    b1e8     b1e8        0     1                 .L0 
    b200     b200        0     1                 .L0 
    b218     b218        0     1                 .L0 
    b238     b238        0     1                 .L0 
    b258     b258        0     1                 .L0 
    b270     b270        0     1                 .L0 
    b288     b288        0     1                 .L0 
    b2a0     b2a0        0     1                 .L0 
    b2b8     b2b8        0     1                 .L0 
    b2d0     b2d0        0     1                 .L0 
    b2e8     b2e8        0     1                 .L0 
    b300     b300       20     1         /home/famous282/.rustup/toolchains/stable-x86_64-unknown-linux-gnu/lib/rustlib/riscv32imac-unknown-none-elf/lib/libcompiler_builtins-ad31f96eaed4fe7a.rlib(compiler_builtins-ad31f96eaed4fe7a.compiler_builtins.a8dbbfe33f18591e-cgu.162.rcgu.o):(.debug_ranges)
    b300     b300        0     1                 .L0 
    b300     b300        0     1                 $d
    b320     b320       48     1         /home/famous282/.rustup/toolchains/stable-x86_64-unknown-linux-gnu/lib/rustlib/riscv32imac-unknown-none-elf/lib/libcompiler_builtins-ad31f96eaed4fe7a.rlib(compiler_builtins-ad31f96eaed4fe7a.compiler_builtins.a8dbbfe33f18591e-cgu.199.rcgu.o):(.debug_ranges)
    b320     b320        0     1                 .L0 
    b320     b320        0     1                 $d
    b338     b338        0     1                 .L0 
    b350     b350        0     1                 .L0 
    b368     b368       60     1         /home/famous282/.rustup/toolchains/stable-x86_64-unknown-linux-gnu/lib/rustlib/riscv32imac-unknown-none-elf/lib/libcompiler_builtins-ad31f96eaed4fe7a.rlib(compiler_builtins-ad31f96eaed4fe7a.compiler_builtins.a8dbbfe33f18591e-cgu.225.rcgu.o):(.debug_ranges)
    b368     b368        0     1                 .L0 
    b368     b368        0     1                 $d
    b380     b380        0     1                 .L0 
    b398     b398        0     1                 .L0 
    b3b0     b3b0        0     1                 .L0 
    b3c8     b3c8      620     1         /home/famous282/.rustup/toolchains/stable-x86_64-unknown-linux-gnu/lib/rustlib/riscv32imac-unknown-none-elf/lib/libcompiler_builtins-ad31f96eaed4fe7a.rlib(compiler_builtins-ad31f96eaed4fe7a.compiler_builtins.a8dbbfe33f18591e-cgu.003.rcgu.o):(.debug_ranges)
    b3c8     b3c8        0     1                 .L0 
    b3c8     b3c8        0     1                 $d
    b3e0     b3e0        0     1                 .L0 
    b3f8     b3f8        0     1                 .L0 
    b410     b410        0     1                 .L0 
    b428     b428        0     1                 .L0 
    b440     b440        0     1                 .L0 
    b470     b470        0     1                 .L0 
    b4b8     b4b8        0     1                 .L0 
    b510     b510        0     1                 .L0 
    b560     b560        0     1                 .L0 
    b578     b578        0     1                 .L0 
    b5a8     b5a8        0     1                 .L0 
    b5c0     b5c0        0     1                 .L0 
    b5d8     b5d8        0     1                 .L0 
    b5f0     b5f0        0     1                 .L0 
    b608     b608        0     1                 .L0 
    b620     b620        0     1                 .L0 
    b638     b638        0     1                 .L0 
    b650     b650        0     1                 .L0 
    b668     b668        0     1                 .L0 
    b680     b680        0     1                 .L0 
    b698     b698        0     1                 .L0 
    b6b0     b6b0        0     1                 .L0 
    b6c8     b6c8        0     1                 .L0 
    b710     b710        0     1                 .L0 
    b728     b728        0     1                 .L0 
    b740     b740        0     1                 .L0 
    b760     b760        0     1                 .L0 
    b778     b778        0     1                 .L0 
    b790     b790        0     1                 .L0 
    b7b8     b7b8        0     1                 .L0 
    b7f8     b7f8        0     1                 .L0 
    b810     b810        0     1                 .L0 
    b830     b830        0     1                 .L0 
    b858     b858        0     1                 .L0 
    b870     b870        0     1                 .L0 
    b888     b888        0     1                 .L0 
    b8a0     b8a0        0     1                 .L0 
    b8b8     b8b8        0     1                 .L0 
    b8d0     b8d0        0     1                 .L0 
    b8e8     b8e8        0     1                 .L0 
    b930     b930        0     1                 .L0 
    b948     b948        0     1                 .L0 
    b960     b960        0     1                 .L0 
    b978     b978        0     1                 .L0 
    b990     b990        0     1                 .L0 
    b9a8     b9a8        0     1                 .L0 
    b9c0     b9c0        0     1                 .L0 
    b9e8     b9e8      1f0     1         /home/famous282/.rustup/toolchains/stable-x86_64-unknown-linux-gnu/lib/rustlib/riscv32imac-unknown-none-elf/lib/libcompiler_builtins-ad31f96eaed4fe7a.rlib(compiler_builtins-ad31f96eaed4fe7a.compiler_builtins.a8dbbfe33f18591e-cgu.017.rcgu.o):(.debug_ranges)
    b9e8     b9e8        0     1                 .L0 
    b9e8     b9e8        0     1                 $d
    ba10     ba10        0     1                 .L0 
    ba60     ba60        0     1                 .L0 
    bab0     bab0        0     1                 .L0 
    bb08     bb08        0     1                 .L0 
    bb48     bb48        0     1                 .L0 
    bb88     bb88        0     1                 .L0 
    bbd8     bbd8       58     1         /home/famous282/.rustup/toolchains/stable-x86_64-unknown-linux-gnu/lib/rustlib/riscv32imac-unknown-none-elf/lib/libcompiler_builtins-ad31f96eaed4fe7a.rlib(compiler_builtins-ad31f96eaed4fe7a.compiler_builtins.a8dbbfe33f18591e-cgu.236.rcgu.o):(.debug_ranges)
    bbd8     bbd8        0     1                 .L0 
    bbd8     bbd8        0     1                 $d
    bbf0     bbf0        0     1                 .L0 
    bc10     bc10        0     1                 .L0 
    bc30     bc30       20     1         /home/famous282/.rustup/toolchains/stable-x86_64-unknown-linux-gnu/lib/rustlib/riscv32imac-unknown-none-elf/lib/libcompiler_builtins-ad31f96eaed4fe7a.rlib(compiler_builtins-ad31f96eaed4fe7a.compiler_builtins.a8dbbfe33f18591e-cgu.239.rcgu.o):(.debug_ranges)
    bc30     bc30        0     1                 .L0 
    bc30     bc30        0     1                 $d
    bc50     bc50      d30     1         /home/famous282/.rustup/toolchains/stable-x86_64-unknown-linux-gnu/lib/rustlib/riscv32imac-unknown-none-elf/lib/libcompiler_builtins-ad31f96eaed4fe7a.rlib(compiler_builtins-ad31f96eaed4fe7a.compiler_builtins.a8dbbfe33f18591e-cgu.000.rcgu.o):(.debug_ranges)
    bc50     bc50        0     1                 .L0 
    bc50     bc50        0     1                 $d
    bc68     bc68        0     1                 .L0 
    bc80     bc80        0     1                 .L0 
    bca0     bca0        0     1                 .L0 
    bcc0     bcc0        0     1                 .L0 
    bce0     bce0        0     1                 .L0 
    bd60     bd60        0     1                 .L0 
    bde0     bde0        0     1                 .L0 
    be88     be88        0     1                 .L0 
    bf30     bf30        0     1                 .L0 
    bf48     bf48        0     1                 .L0 
    bf88     bf88        0     1                 .L0 
    bfd0     bfd0        0     1                 .L0 
    c000     c000        0     1                 .L0 
    c040     c040        0     1                 .L0 
    c0a8     c0a8        0     1                 .L0 
    c0e0     c0e0        0     1                 .L0 
    c110     c110        0     1                 .L0 
    c138     c138        0     1                 .L0 
    c158     c158        0     1                 .L0 
    c178     c178        0     1                 .L0 
    c198     c198        0     1                 .L0 
    c1b0     c1b0        0     1                 .L0 
    c1e8     c1e8        0     1                 .L0 
    c228     c228        0     1                 .L0 
    c250     c250        0     1                 .L0 
    c270     c270        0     1                 .L0 
    c2a8     c2a8        0     1                 .L0 
    c2c0     c2c0        0     1                 .L0 
    c300     c300        0     1                 .L0 
    c318     c318        0     1                 .L0 
    c330     c330        0     1                 .L0 
    c350     c350        0     1                 .L0 
    c370     c370        0     1                 .L0 
    c388     c388        0     1                 .L0 
    c3b0     c3b0        0     1                 .L0 
    c3d8     c3d8        0     1                 .L0 
    c3f0     c3f0        0     1                 .L0 
    c440     c440        0     1                 .L0 
    c458     c458        0     1                 .L0 
    c470     c470        0     1                 .L0 
    c490     c490        0     1                 .L0 
    c4a8     c4a8        0     1                 .L0 
    c4c8     c4c8        0     1                 .L0 
    c4f0     c4f0        0     1                 .L0 
    c510     c510        0     1                 .L0 
    c528     c528        0     1                 .L0 
    c540     c540        0     1                 .L0 
    c558     c558        0     1                 .L0 
    c570     c570        0     1                 .L0 
    c588     c588        0     1                 .L0 
    c5c8     c5c8        0     1                 .L0 
    c5f8     c5f8        0     1                 .L0 
    c618     c618        0     1                 .L0 
    c630     c630        0     1                 .L0 
    c648     c648        0     1                 .L0 
    c660     c660        0     1                 .L0 
    c680     c680        0     1                 .L0 
    c6a0     c6a0        0     1                 .L0 
    c6c0     c6c0        0     1                 .L0 
    c6e0     c6e0        0     1                 .L0 
    c700     c700        0     1                 .L0 
    c718     c718        0     1                 .L0 
    c730     c730        0     1                 .L0 
    c748     c748        0     1                 .L0 
    c760     c760        0     1                 .L0 
    c788     c788        0     1                 .L0 
    c7a8     c7a8        0     1                 .L0 
    c7c0     c7c0        0     1                 .L0 
    c808     c808        0     1                 .L0 
    c820     c820        0     1                 .L0 
    c838     c838        0     1                 .L0 
    c850     c850        0     1                 .L0 
    c868     c868        0     1                 .L0 
    c880     c880        0     1                 .L0 
    c898     c898        0     1                 .L0 
    c8b0     c8b0        0     1                 .L0 
    c8c8     c8c8        0     1                 .L0 
    c8e0     c8e0        0     1                 .L0 
    c8f8     c8f8        0     1                 .L0 
    c910     c910        0     1                 .L0 
    c928     c928        0     1                 .L0 
    c940     c940        0     1                 .L0 
    c960     c960        0     1                 .L0 
    c980     c980       78     1         /home/famous282/.rustup/toolchains/stable-x86_64-unknown-linux-gnu/lib/rustlib/riscv32imac-unknown-none-elf/lib/libcompiler_builtins-ad31f96eaed4fe7a.rlib(compiler_builtins-ad31f96eaed4fe7a.compiler_builtins.a8dbbfe33f18591e-cgu.285.rcgu.o):(.debug_ranges)
    c980     c980        0     1                 .L0 
    c980     c980        0     1                 $d
    c9b0     c9b0        0     1                 .L0 
    c9c8     c9c8        0     1                 .L0 
    c9e0     c9e0        0     1                 .L0 
    c9f8     c9f8       68     1         /home/famous282/.rustup/toolchains/stable-x86_64-unknown-linux-gnu/lib/rustlib/riscv32imac-unknown-none-elf/lib/libcompiler_builtins-ad31f96eaed4fe7a.rlib(compiler_builtins-ad31f96eaed4fe7a.compiler_builtins.a8dbbfe33f18591e-cgu.300.rcgu.o):(.debug_ranges)
    c9f8     c9f8        0     1                 .L0 
    c9f8     c9f8        0     1                 $d
    ca18     ca18        0     1                 .L0 
    ca30     ca30        0     1                 .L0 
    ca48     ca48        0     1                 .L0 
    ca60     ca60       98     1         /home/famous282/.rustup/toolchains/stable-x86_64-unknown-linux-gnu/lib/rustlib/riscv32imac-unknown-none-elf/lib/libcompiler_builtins-ad31f96eaed4fe7a.rlib(compiler_builtins-ad31f96eaed4fe7a.compiler_builtins.a8dbbfe33f18591e-cgu.303.rcgu.o):(.debug_ranges)
    ca60     ca60        0     1                 .L0 
    ca60     ca60        0     1                 $d
    ca80     ca80        0     1                 .L0 
    caa0     caa0        0     1                 .L0 
    cac0     cac0        0     1                 .L0 
    cae0     cae0        0     1                 .L0 
    caf8     caf8       20     1         /home/famous282/.rustup/toolchains/stable-x86_64-unknown-linux-gnu/lib/rustlib/riscv32imac-unknown-none-elf/lib/libcompiler_builtins-ad31f96eaed4fe7a.rlib(compiler_builtins-ad31f96eaed4fe7a.compiler_builtins.a8dbbfe33f18591e-cgu.325.rcgu.o):(.debug_ranges)
    caf8     caf8        0     1                 .L0 
    caf8     caf8        0     1                 $d
    cb18     cb18       d8     1         /home/famous282/.rustup/toolchains/stable-x86_64-unknown-linux-gnu/lib/rustlib/riscv32imac-unknown-none-elf/lib/libcompiler_builtins-ad31f96eaed4fe7a.rlib(compiler_builtins-ad31f96eaed4fe7a.compiler_builtins.a8dbbfe33f18591e-cgu.327.rcgu.o):(.debug_ranges)
    cb18     cb18        0     1                 .L0 
    cb18     cb18        0     1                 $d
    cb58     cb58        0     1                 .L0 
    cb98     cb98        0     1                 .L0 
    cbd8     cbd8        0     1                 .L0 
    cbf0     cbf0       78     1         /home/famous282/.rustup/toolchains/stable-x86_64-unknown-linux-gnu/lib/rustlib/riscv32imac-unknown-none-elf/lib/libcompiler_builtins-ad31f96eaed4fe7a.rlib(compiler_builtins-ad31f96eaed4fe7a.compiler_builtins.a8dbbfe33f18591e-cgu.331.rcgu.o):(.debug_ranges)
    cbf0     cbf0        0     1                 .L0 
    cbf0     cbf0        0     1                 $d
    cc20     cc20        0     1                 .L0 
    cc38     cc38        0     1                 .L0 
    cc50     cc50        0     1                 .L0 
    cc68     cc68       18     1         /home/famous282/.rustup/toolchains/stable-x86_64-unknown-linux-gnu/lib/rustlib/riscv32imac-unknown-none-elf/lib/libcompiler_builtins-ad31f96eaed4fe7a.rlib(compiler_builtins-ad31f96eaed4fe7a.compiler_builtins.a8dbbfe33f18591e-cgu.332.rcgu.o):(.debug_ranges)
    cc68     cc68        0     1                 .L0 
    cc68     cc68        0     1                 $d
    cc80     cc80      3b0     1         /home/famous282/.rustup/toolchains/stable-x86_64-unknown-linux-gnu/lib/rustlib/riscv32imac-unknown-none-elf/lib/libcompiler_builtins-ad31f96eaed4fe7a.rlib(compiler_builtins-ad31f96eaed4fe7a.compiler_builtins.a8dbbfe33f18591e-cgu.012.rcgu.o):(.debug_ranges)
    cc80     cc80        0     1                 .L0 
    cc80     cc80        0     1                 $d
    cc98     cc98        0     1                 .L0 
    ccb0     ccb0        0     1                 .L0 
    ccd0     ccd0        0     1                 .L0 
    ccf0     ccf0        0     1                 .L0 
    cd08     cd08        0     1                 .L0 
    cd20     cd20        0     1                 .L0 
    cd38     cd38        0     1                 .L0 
    cd50     cd50        0     1                 .L0 
    cd68     cd68        0     1                 .L0 
    cd80     cd80        0     1                 .L0 
    cd98     cd98        0     1                 .L0 
    cdb0     cdb0        0     1                 .L0 
    cde0     cde0        0     1                 .L0 
    cdf8     cdf8        0     1                 .L0 
    ce18     ce18        0     1                 .L0 
    ce40     ce40        0     1                 .L0 
    ce60     ce60        0     1                 .L0 
    ce80     ce80        0     1                 .L0 
    ce98     ce98        0     1                 .L0 
    ceb0     ceb0        0     1                 .L0 
    ced0     ced0        0     1                 .L0 
    cef0     cef0        0     1                 .L0 
    cf18     cf18        0     1                 .L0 
    cf30     cf30        0     1                 .L0 
    cf48     cf48        0     1                 .L0 
    cf68     cf68        0     1                 .L0 
    cf88     cf88        0     1                 .L0 
    cfa0     cfa0        0     1                 .L0 
    cfb8     cfb8        0     1                 .L0 
    cfd0     cfd0        0     1                 .L0 
    cff0     cff0        0     1                 .L0 
    d010     d010        0     1                 .L0 
       0        0     ab60     4 .symtab
       0        0     ab60     4         <internal>:(.symtab)
       0        0       b9     1 .shstrtab
       0        0       b9     1         <internal>:(.shstrtab)
       0        0     4602     1 .strtab
       0        0     4602     1         <internal>:(.strtab)
