     VMA      LMA     Size Align Out     In      Symbol
       0        0 80200000     1 . = 0x80200000
80200000 80200000      e42     4 .text
80200000 80200000        c     4         /home/famous282/1000linesOS/kernel/target/riscv32imac-unknown-none-elf/debug/deps/kernel-e423684175293233.7hqkh35l985iompa8en7ayj8i.0jzmzdj.rcgu.o:(.text.boot)
80200000 80200000        0     1                 .Lpcrel_hi0
80200000 80200000        0     1                 $x
80200000 80200000        c     1                 boot
8020000c 8020000c        a     2         /home/famous282/1000linesOS/kernel/target/riscv32imac-unknown-none-elf/debug/deps/kernel-e423684175293233.0xglbqqcmy1h5ke8v4z244zh3.0jzmzdj.rcgu.o:(.text._ZN44_$LT$$RF$T$u20$as$u20$core..fmt..Display$GT$3fmt17hcfe92452accabfd8E)
8020000c 8020000c        0     1                 .L0 
8020000c 8020000c        0     1                 .L0 
8020000c 8020000c        0     1                 $x
8020000c 8020000c        0     1                 .L0 
8020000c 8020000c        a     1                 _$LT$$RF$T$u20$as$u20$core..fmt..Display$GT$::fmt::hcfe92452accabfd8
80200016 80200016       8e     2         /home/famous282/1000linesOS/kernel/target/riscv32imac-unknown-none-elf/debug/deps/kernel-e423684175293233.1gy28gr8yncw9yg4wm3kw95ip.0jzmzdj.rcgu.o:(.text._ZN4core3fmt5Write10write_char17h31e0d6cdd98ca089E.llvm.11468890524131549399)
80200016 80200016        0     1                 .L0 
80200016 80200016        0     1                 .L0 
80200016 80200016        0     1                 $x
80200016 80200016        0     1                 .L0 
80200016 80200016       8e     1                 core::fmt::Write::write_char::h31e0d6cdd98ca089 (.llvm.11468890524131549399)
80200020 80200020        0     1                 .L0 
80200020 80200020        0     1                 .L0 
80200024 80200024        0     1                 .L0 
80200024 80200024        0     1                 .L0 
8020002a 8020002a        0     1                 .L0 
8020002c 8020002c        0     1                 .L0 
8020002c 8020002c        0     1                 .L0 
80200030 80200030        0     1                 .L0 
80200038 80200038        0     1                 .L0 
8020003c 8020003c        0     1                 .L0 
8020003c 8020003c        0     1                 .L0 
8020003e 8020003e        0     1                 .L0 
8020004c 8020004c        0     1                 .L0 
8020004e 8020004e        0     1                 .L0 
80200052 80200052        0     1                 .L0 
80200052 80200052        0     1                 .L0 
80200056 80200056        0     1                 .L0 
8020005e 8020005e        0     1                 .L0 
8020005e 8020005e        0     1                 .L0 
80200060 80200060        0     1                 .L0 
80200072 80200072        0     1                 .L0 
80200074 80200074        0     1                 .L0 
80200082 80200082        0     1                 .L0 
80200082 80200082        0     1                 .L0 
80200094 80200094        0     1                 .L0 
802000a4 802000a4        0     1                 .L0 
802000a4 802000a4       14     2         /home/famous282/1000linesOS/kernel/target/riscv32imac-unknown-none-elf/debug/deps/kernel-e423684175293233.1gy28gr8yncw9yg4wm3kw95ip.0jzmzdj.rcgu.o:(.text._ZN4core3fmt5Write9write_fmt17h62d4561b3b4ed37dE)
802000a4 802000a4        0     1                 .L0 
802000a4 802000a4        0     1                 .L0 
802000a4 802000a4        0     1                 $x
802000a4 802000a4        0     1                 .L0 
802000a4 802000a4       14     1                 core::fmt::Write::write_fmt::h62d4561b3b4ed37d
802000a8 802000a8        0     1                 .L0 
802000b8 802000b8        0     1                 .L0 
802000b8 802000b8       4e     2         /home/famous282/1000linesOS/kernel/target/riscv32imac-unknown-none-elf/debug/deps/kernel-e423684175293233.1zwa976huie3oeuiu5py3i96v.0jzmzdj.rcgu.o:(.text._RNvCshXwFllX56pT_7___rustc17rust_begin_unwind)
802000b8 802000b8        0     1                 .L0 
802000b8 802000b8        0     1                 .L0 
802000b8 802000b8        0     1                 $x
802000b8 802000b8        0     1                 .L0 
802000b8 802000b8       4e     1                 __rustc::rust_begin_unwind
802000be 802000be        0     1                 .L0 
802000d6 802000d6        0     1                 .L0 
802000e2 802000e2        0     1                 .L0 
80200100 80200100        0     1                 .L0 
80200106 80200106        0     1                 .L0 
80200106 80200106       14     2         /home/famous282/1000linesOS/kernel/target/riscv32imac-unknown-none-elf/debug/deps/kernel-e423684175293233.7hqkh35l985iompa8en7ayj8i.0jzmzdj.rcgu.o:(.text._ZN6kernel6kernel7putchar17hfb6a7f57326cea56E)
80200106 80200106        0     1                 .L0 
80200106 80200106        0     1                 .L0 
80200106 80200106        0     1                 $x
80200106 80200106        0     1                 .L0 
80200106 80200106       14     1                 kernel::kernel::putchar::hfb6a7f57326cea56
8020011a 8020011a        0     1                 .L0 
8020011a 8020011a       5e     2         /home/famous282/1000linesOS/kernel/target/riscv32imac-unknown-none-elf/debug/deps/kernel-e423684175293233.7hqkh35l985iompa8en7ayj8i.0jzmzdj.rcgu.o:(.text.kernel_main)
8020011a 8020011a        0     1                 .L0 
8020011a 8020011a        0     1                 .L0 
8020011a 8020011a        0     1                 $x
8020011a 8020011a        0     1                 .L0 
8020011a 8020011a       5e     1                 kernel_main
8020013e 8020013e        0     1                 .L0 
8020013e 8020013e        0     1                 .L0 
80200142 80200142        0     1                 .L0 
80200144 80200144        0     1                 .L0 
80200144 80200144        0     1                 .L0 
80200150 80200150        0     1                 .L0 
80200154 80200154        0     1                 .L0 
80200158 80200158        0     1                 .L0 
8020015a 8020015a        0     1                 .L0 
8020015a 8020015a        0     1                 .L0 
8020015e 8020015e        0     1                 .L0 
8020015e 8020015e        0     1                 .L0 
80200178 80200178        0     1                 .L0 
80200178 80200178       18     2         /home/famous282/1000linesOS/kernel/target/riscv32imac-unknown-none-elf/debug/deps/kernel-e423684175293233.7wj5zoa8xxs3t0yy1onealpk8.0jzmzdj.rcgu.o:(.text.unlikely._ZN4core4hint21unreachable_unchecked18precondition_check17h553eca9260945490E.llvm.1634436068497971672)
80200178 80200178        0     1                 .L0 
80200178 80200178        0     1                 .L0 
80200178 80200178        0     1                 $x
80200178 80200178        0     1                 .L0 
80200178 80200178       18     1                 core::hint::unreachable_unchecked::precondition_check::h553eca9260945490 (.llvm.1634436068497971672)
8020017a 8020017a        0     1                 .L0 
80200190 80200190        0     1                 .L0 
80200190 80200190      116     2         /home/famous282/1000linesOS/kernel/target/riscv32imac-unknown-none-elf/debug/deps/kernel-e423684175293233.7wj5zoa8xxs3t0yy1onealpk8.0jzmzdj.rcgu.o:(.text._ZN60_$LT$kernel..common..Console$u20$as$u20$core..fmt..Write$GT$9write_str17h29cb7a28077f2031E)
80200190 80200190        0     1                 .L0 
80200190 80200190        0     1                 .L0 
80200190 80200190        0     1                 $x
80200190 80200190        0     1                 .L0 
80200190 80200190      116     1                 _$LT$kernel..common..Console$u20$as$u20$core..fmt..Write$GT$::write_str::h29cb7a28077f2031
802001a2 802001a2        0     1                 .L0 
802001a2 802001a2        0     1                 .L0 
802001a4 802001a4        0     1                 .L0 
802001a4 802001a4        0     1                 .L0 
802001c2 802001c2        0     1                 .L0 
802001c6 802001c6        0     1                 .L0 
802001ca 802001ca        0     1                 .L0 
802001ca 802001ca        0     1                 .L0 
802001ce 802001ce        0     1                 .L0 
802001d0 802001d0        0     1                 .L0 
802001d2 802001d2        0     1                 .L0 
802001d2 802001d2        0     1                 .L0 
802001d6 802001d6        0     1                 .L0 
802001d6 802001d6        0     1                 .L0 
802001de 802001de        0     1                 .L0 
802001e2 802001e2        0     1                 .L0 
802001e6 802001e6        0     1                 .L0 
802001e6 802001e6        0     1                 .L0 
802001ea 802001ea        0     1                 .L0 
802001ea 802001ea        0     1                 .L0 
802001ee 802001ee        0     1                 .L0 
802001f2 802001f2        0     1                 .L0 
802001f6 802001f6        0     1                 .L0 
802001fe 802001fe        0     1                 .L0 
802001fe 802001fe        0     1                 .L0 
80200202 80200202        0     1                 .L0 
80200202 80200202        0     1                 .L0 
80200206 80200206        0     1                 .L0 
8020020a 8020020a        0     1                 .L0 
80200210 80200210        0     1                 .L0 
8020021a 8020021a        0     1                 .L0 
8020021c 8020021c        0     1                 .L0 
80200224 80200224        0     1                 .L0 
8020022a 8020022a        0     1                 .L0 
8020022c 8020022c        0     1                 .L0 
8020022c 8020022c        0     1                 .L0 
80200236 80200236        0     1                 .L0 
80200236 80200236        0     1                 .L0 
8020023e 8020023e        0     1                 .L0 
8020023e 8020023e        0     1                 .L0 
80200242 80200242        0     1                 .L0 
80200242 80200242        0     1                 .L0 
80200258 80200258        0     1                 .L0 
80200276 80200276        0     1                 .L0 
80200286 80200286        0     1                 .L0 
80200296 80200296        0     1                 .L0 
802002a6 802002a6        0     1                 .L0 
802002a6 802002a6        0     1                 .L0 
802002a6 802002a6       10     2         /home/famous282/.rustup/toolchains/stable-x86_64-unknown-linux-gnu/lib/rustlib/riscv32imac-unknown-none-elf/lib/libcore-c6eeea32d188506f.rlib(core-c6eeea32d188506f.core.f2b050c2002e39f1-cgu.0.rcgu.o):(.text._ZN44_$LT$$RF$T$u20$as$u20$core..fmt..Display$GT$3fmt17h5898cbbb0fdaab9dE)
802002a6 802002a6       10     1                 _$LT$$RF$T$u20$as$u20$core..fmt..Display$GT$::fmt::h5898cbbb0fdaab9d
802002a6 802002a6        0     1                 .L0 
802002a6 802002a6        0     1                 .L0 
802002a6 802002a6        0     1                 $x
802002a6 802002a6        0     1                 .L0 
802002ac 802002ac        0     1                 .L0 
802002b6 802002b6        0     1                 .L0 
802002b6 802002b6      1ee     2         /home/famous282/.rustup/toolchains/stable-x86_64-unknown-linux-gnu/lib/rustlib/riscv32imac-unknown-none-elf/lib/libcore-c6eeea32d188506f.rlib(core-c6eeea32d188506f.core.f2b050c2002e39f1-cgu.0.rcgu.o):(.text._ZN4core3fmt3num3imp21_$LT$impl$u20$u32$GT$10_fmt_inner17h798662ed11497e6fE)
802002b6 802002b6      1ee     1                 core::fmt::num::imp::_$LT$impl$u20$u32$GT$::_fmt_inner::h798662ed11497e6f
802002b6 802002b6        0     1                 .L0 
802002b6 802002b6        0     1                 .L0 
802002b6 802002b6        0     1                 $x
802002b6 802002b6        0     1                 .L0 
802002d4 802002d4        0     1                 .L0 
802002d8 802002d8        0     1                 .L0 
80200316 80200316        0     1                 .L0 
8020031a 8020031a        0     1                 .L0 
8020034a 8020034a        0     1                 .L0 
8020034e 8020034e        0     1                 .L0 
80200352 80200352        0     1                 .L0 
8020035a 8020035a        0     1                 .L0 
8020035e 8020035e        0     1                 .L0 
80200362 80200362        0     1                 .L0 
80200374 80200374        0     1                 .L0 
80200378 80200378        0     1                 .L0 
8020037c 8020037c        0     1                 .L0 
80200384 80200384        0     1                 .L0 
80200388 80200388        0     1                 .L0 
8020038e 8020038e        0     1                 .L0 
80200394 80200394        0     1                 .L0 
80200398 80200398        0     1                 .L0 
8020039c 8020039c        0     1                 .L0 
802003a0 802003a0        0     1                 .L0 
802003d8 802003d8        0     1                 .L0 
802003dc 802003dc        0     1                 .L0 
802003e0 802003e0        0     1                 .L0 
802003e6 802003e6        0     1                 .L0 
802003ea 802003ea        0     1                 .L0 
802003ee 802003ee        0     1                 .L0 
802003f2 802003f2        0     1                 .L0 
802003f6 802003f6        0     1                 .L0 
802003fc 802003fc        0     1                 .L0 
8020040e 8020040e        0     1                 .L0 
802004a4 802004a4        0     1                 .L0 
802004a4 802004a4       4c     2         /home/famous282/.rustup/toolchains/stable-x86_64-unknown-linux-gnu/lib/rustlib/riscv32imac-unknown-none-elf/lib/libcore-c6eeea32d188506f.rlib(core-c6eeea32d188506f.core.f2b050c2002e39f1-cgu.0.rcgu.o):(.text._ZN4core3fmt3num3imp52_$LT$impl$u20$core..fmt..Display$u20$for$u20$u32$GT$3fmt17h3a3b01c2c200e3dfE)
802004a4 802004a4        0     1                 .L0 
802004a4 802004a4        0     1                 .L0 
802004a4 802004a4        0     1                 $x
802004a4 802004a4        0     1                 .L0 
802004a4 802004a4       4c     1                 core::fmt::num::imp::_$LT$impl$u20$core..fmt..Display$u20$for$u20$u32$GT$::fmt::h3a3b01c2c200e3df
802004a4 802004a4       4c     1                 core::fmt::num::imp::_$LT$impl$u20$core..fmt..Display$u20$for$u20$usize$GT$::fmt::h27b9f38dab907a22
802004ba 802004ba        0     1                 .L0 
802004ca 802004ca        0     1                 .L0 
802004ce 802004ce        0     1                 .L0 
802004f0 802004f0        0     1                 .L0 
802004f0 802004f0      1d6     2         /home/famous282/.rustup/toolchains/stable-x86_64-unknown-linux-gnu/lib/rustlib/riscv32imac-unknown-none-elf/lib/libcore-c6eeea32d188506f.rlib(core-c6eeea32d188506f.core.f2b050c2002e39f1-cgu.0.rcgu.o):(.text._ZN4core3fmt5write17h08cf6cd1f1c92632E)
802004f0 802004f0        0     1                 .L0 
802004f0 802004f0        0     1                 .L0 
802004f0 802004f0        0     1                 $x
802004f0 802004f0        0     1                 .L0 
802004f0 802004f0      1d6     1                 core::fmt::write::h08cf6cd1f1c92632
80200510 80200510        0     1                 .L0 
80200516 80200516        0     1                 .L0 
80200516 80200516        0     1                 .L0 
8020051a 8020051a        0     1                 .L0 
8020051a 8020051a        0     1                 .L0 
8020051e 8020051e        0     1                 .L0 
8020051e 8020051e        0     1                 .L0 
80200522 80200522        0     1                 .L0 
8020053a 8020053a        0     1                 .L0 
8020053a 8020053a        0     1                 .L0 
80200542 80200542        0     1                 .L0 
80200546 80200546        0     1                 .L0 
80200556 80200556        0     1                 .L0 
8020055c 8020055c        0     1                 .L0 
8020055c 8020055c        0     1                 .L0 
80200560 80200560        0     1                 .L0 
80200562 80200562        0     1                 .L0 
80200568 80200568        0     1                 .L0 
80200568 80200568        0     1                 .L0 
8020056c 8020056c        0     1                 .L0 
80200570 80200570        0     1                 .L0 
80200574 80200574        0     1                 .L0 
80200578 80200578        0     1                 .L0 
80200580 80200580        0     1                 .L0 
80200584 80200584        0     1                 .L0 
80200586 80200586        0     1                 .L0 
80200588 80200588        0     1                 .L0 
80200590 80200590        0     1                 .L0 
80200598 80200598        0     1                 .L0 
80200598 80200598        0     1                 .L0 
802005b6 802005b6        0     1                 .L0 
802005ba 802005ba        0     1                 .L0 
802005c0 802005c0        0     1                 .L0 
802005c2 802005c2        0     1                 .L0 
802005c8 802005c8        0     1                 .L0 
802005c8 802005c8        0     1                 .L0 
802005d4 802005d4        0     1                 .L0 
802005d6 802005d6        0     1                 .L0 
802005de 802005de        0     1                 .L0 
802005de 802005de        0     1                 .L0 
802005ec 802005ec        0     1                 .L0 
802005f8 802005f8        0     1                 .L0 
802005fa 802005fa        0     1                 .L0 
802005fc 802005fc        0     1                 .L0 
802005fe 802005fe        0     1                 .L0 
802005fe 802005fe        0     1                 .L0 
8020060a 8020060a        0     1                 .L0 
8020060c 8020060c        0     1                 .L0 
80200612 80200612        0     1                 .L0 
80200614 80200614        0     1                 .L0 
8020061a 8020061a        0     1                 .L0 
8020061a 8020061a        0     1                 .L0 
80200628 80200628        0     1                 .L0 
8020062a 8020062a        0     1                 .L0 
80200630 80200630        0     1                 .L0 
80200636 80200636        0     1                 .L0 
80200636 80200636        0     1                 .L0 
8020063a 8020063a        0     1                 .L0 
8020063e 8020063e        0     1                 .L0 
80200646 80200646        0     1                 .L0 
8020064a 8020064a        0     1                 .L0 
8020065e 8020065e        0     1                 .L0 
80200664 80200664        0     1                 .L0 
80200664 80200664        0     1                 .L0 
8020066a 8020066a        0     1                 .L0 
8020066a 8020066a        0     1                 .L0 
8020066e 8020066e        0     1                 .L0 
80200672 80200672        0     1                 .L0 
8020067a 8020067a        0     1                 .L0 
8020067e 8020067e        0     1                 .L0 
80200682 80200682        0     1                 .L0 
802006a4 802006a4        0     1                 .L0 
802006aa 802006aa        0     1                 .L0 
802006c6 802006c6        0     1                 .L0 
802006c6 802006c6       60     2         /home/famous282/.rustup/toolchains/stable-x86_64-unknown-linux-gnu/lib/rustlib/riscv32imac-unknown-none-elf/lib/libcore-c6eeea32d188506f.rlib(core-c6eeea32d188506f.core.f2b050c2002e39f1-cgu.0.rcgu.o):(.text._ZN4core3fmt9Formatter12pad_integral12write_prefix17hbefd4732ff2afbc6E)
802006c6 802006c6       60     1                 core::fmt::Formatter::pad_integral::write_prefix::hbefd4732ff2afbc6
802006c6 802006c6        0     1                 .L0 
802006c6 802006c6        0     1                 .L0 
802006c6 802006c6        0     1                 $x
802006c6 802006c6        0     1                 .L0 
802006e0 802006e0        0     1                 .L0 
802006e4 802006e4        0     1                 .L0 
802006f2 802006f2        0     1                 .L0 
802006f2 802006f2        0     1                 .L0 
802006f4 802006f4        0     1                 .L0 
802006f6 802006f6        0     1                 .L0 
802006f8 802006f8        0     1                 .L0 
802006fc 802006fc        0     1                 .L0 
80200726 80200726        0     1                 .L0 
80200726 80200726      25e     2         /home/famous282/.rustup/toolchains/stable-x86_64-unknown-linux-gnu/lib/rustlib/riscv32imac-unknown-none-elf/lib/libcore-c6eeea32d188506f.rlib(core-c6eeea32d188506f.core.f2b050c2002e39f1-cgu.0.rcgu.o):(.text._ZN4core3fmt9Formatter12pad_integral17hadb0409c6de42a5cE)
80200726 80200726        0     1                 .L0 
80200726 80200726        0     1                 .L0 
80200726 80200726        0     1                 $x
80200726 80200726        0     1                 .L0 
80200726 80200726      25e     1                 core::fmt::Formatter::pad_integral::hadb0409c6de42a5c
8020074e 8020074e        0     1                 .L0 
80200750 80200750        0     1                 .L0 
80200750 80200750        0     1                 .L0 
8020075e 8020075e        0     1                 .L0 
80200760 80200760        0     1                 .L0 
8020076a 8020076a        0     1                 .L0 
80200772 80200772        0     1                 .L0 
80200774 80200774        0     1                 .L0 
80200774 80200774        0     1                 .L0 
80200778 80200778        0     1                 .L0 
8020077a 8020077a        0     1                 .L0 
8020077a 8020077a        0     1                 .L0 
8020077e 8020077e        0     1                 .L0 
8020078a 8020078a        0     1                 .L0 
80200792 80200792        0     1                 .L0 
80200794 80200794        0     1                 .L0 
80200798 80200798        0     1                 .L0 
80200798 80200798        0     1                 .L0 
8020079e 8020079e        0     1                 .L0 
802007a2 802007a2        0     1                 .L0 
802007ae 802007ae        0     1                 .L0 
802007b2 802007b2        0     1                 .L0 
802007ba 802007ba        0     1                 .L0 
802007bc 802007bc        0     1                 .L0 
802007bc 802007bc        0     1                 .L0 
802007c4 802007c4        0     1                 .L0 
802007c6 802007c6        0     1                 .L0 
802007c8 802007c8        0     1                 .L0 
802007c8 802007c8        0     1                 .L0 
802007d4 802007d4        0     1                 .L0 
802007dc 802007dc        0     1                 .L0 
802007e2 802007e2        0     1                 .L0 
802007e6 802007e6        0     1                 .L0 
80200800 80200800        0     1                 .L0 
80200800 80200800        0     1                 .L0 
80200804 80200804        0     1                 .L0 
8020082a 8020082a        0     1                 .L0 
80200836 80200836        0     1                 .L0 
8020083c 8020083c        0     1                 .L0 
80200842 80200842        0     1                 .L0 
8020085a 8020085a        0     1                 .L0 
80200862 80200862        0     1                 .L0 
80200868 80200868        0     1                 .L0 
8020087e 8020087e        0     1                 .L0 
80200890 80200890        0     1                 .L0 
80200890 80200890        0     1                 .L0 
80200898 80200898        0     1                 .L0 
80200898 80200898        0     1                 .L0 
8020089c 8020089c        0     1                 .L0 
8020089e 8020089e        0     1                 .L0 
802008a6 802008a6        0     1                 .L0 
802008a6 802008a6        0     1                 .L0 
802008aa 802008aa        0     1                 .L0 
802008ae 802008ae        0     1                 .L0 
802008ae 802008ae        0     1                 .L0 
802008b2 802008b2        0     1                 .L0 
802008b2 802008b2        0     1                 .L0 
802008bc 802008bc        0     1                 .L0 
802008bc 802008bc        0     1                 .L0 
802008ca 802008ca        0     1                 .L0 
802008cc 802008cc        0     1                 .L0 
802008ce 802008ce        0     1                 .L0 
802008dc 802008dc        0     1                 .L0 
802008f8 802008f8        0     1                 .L0 
802008fc 802008fc        0     1                 .L0 
80200900 80200900        0     1                 .L0 
80200900 80200900        0     1                 .L0 
80200904 80200904        0     1                 .L0 
80200906 80200906        0     1                 .L0 
8020090c 8020090c        0     1                 .L0 
8020090c 8020090c        0     1                 .L0 
8020090e 8020090e        0     1                 .L0 
8020090e 8020090e        0     1                 .L0 
80200930 80200930        0     1                 .L0 
80200946 80200946        0     1                 .L0 
80200954 80200954        0     1                 .L0 
80200956 80200956        0     1                 .L0 
80200968 80200968        0     1                 .L0 
80200970 80200970        0     1                 .L0 
80200974 80200974        0     1                 .L0 
80200974 80200974        0     1                 .L0 
80200978 80200978        0     1                 .L0 
8020097a 8020097a        0     1                 .L0 
80200980 80200980        0     1                 .L0 
80200980 80200980        0     1                 .L0 
80200984 80200984        0     1                 .L0 
80200984 80200984      1c2     2         /home/famous282/.rustup/toolchains/stable-x86_64-unknown-linux-gnu/lib/rustlib/riscv32imac-unknown-none-elf/lib/libcore-c6eeea32d188506f.rlib(core-c6eeea32d188506f.core.f2b050c2002e39f1-cgu.0.rcgu.o):(.text._ZN4core3fmt9Formatter3pad17hc840830cded8a376E)
80200984 80200984        0     1                 .L0 
80200984 80200984        0     1                 .L0 
80200984 80200984        0     1                 $x
80200984 80200984        0     1                 .L0 
80200984 80200984      1c2     1                 core::fmt::Formatter::pad::hc840830cded8a376
802009a2 802009a2        0     1                 .L0 
802009ae 802009ae        0     1                 .L0 
802009ae 802009ae        0     1                 .L0 
802009b6 802009b6        0     1                 .L0 
802009b6 802009b6        0     1                 .L0 
802009b8 802009b8        0     1                 .L0 
802009b8 802009b8        0     1                 .L0 
802009bc 802009bc        0     1                 .L0 
802009be 802009be        0     1                 .L0 
802009be 802009be        0     1                 .L0 
802009c2 802009c2        0     1                 .L0 
802009ce 802009ce        0     1                 .L0 
802009d6 802009d6        0     1                 .L0 
802009d8 802009d8        0     1                 .L0 
802009dc 802009dc        0     1                 .L0 
802009dc 802009dc        0     1                 .L0 
802009e4 802009e4        0     1                 .L0 
802009ea 802009ea        0     1                 .L0 
802009f2 802009f2        0     1                 .L0 
802009f6 802009f6        0     1                 .L0 
802009f6 802009f6        0     1                 .L0 
802009fc 802009fc        0     1                 .L0 
802009fc 802009fc        0     1                 .L0 
802009fe 802009fe        0     1                 .L0 
80200a00 80200a00        0     1                 .L0 
80200a00 80200a00        0     1                 .L0 
80200a04 80200a04        0     1                 .L0 
80200a04 80200a04        0     1                 .L0 
80200a08 80200a08        0     1                 .L0 
80200a1c 80200a1c        0     1                 .L0 
80200a20 80200a20        0     1                 .L0 
80200a20 80200a20        0     1                 .L0 
80200a24 80200a24        0     1                 .L0 
80200a26 80200a26        0     1                 .L0 
80200a2c 80200a2c        0     1                 .L0 
80200a2c 80200a2c        0     1                 .L0 
80200a2e 80200a2e        0     1                 .L0 
80200a2e 80200a2e        0     1                 .L0 
80200a32 80200a32        0     1                 .L0 
80200a36 80200a36        0     1                 .L0 
80200a3a 80200a3a        0     1                 .L0 
80200a3e 80200a3e        0     1                 .L0 
80200a42 80200a42        0     1                 .L0 
80200a46 80200a46        0     1                 .L0 
80200a46 80200a46        0     1                 .L0 
80200a4c 80200a4c        0     1                 .L0 
80200a50 80200a50        0     1                 .L0 
80200a52 80200a52        0     1                 .L0 
80200a56 80200a56        0     1                 .L0 
80200a58 80200a58        0     1                 .L0 
80200a58 80200a58        0     1                 .L0 
80200a5a 80200a5a        0     1                 .L0 
80200a62 80200a62        0     1                 .L0 
80200a8a 80200a8a        0     1                 .L0 
80200a9a 80200a9a        0     1                 .L0 
80200a9a 80200a9a        0     1                 .L0 
80200aa4 80200aa4        0     1                 .L0 
80200aa6 80200aa6        0     1                 .L0 
80200aa6 80200aa6        0     1                 .L0 
80200aaa 80200aaa        0     1                 .L0 
80200aaa 80200aaa        0     1                 .L0 
80200ac8 80200ac8        0     1                 .L0 
80200acc 80200acc        0     1                 .L0 
80200ad0 80200ad0        0     1                 .L0 
80200ad0 80200ad0        0     1                 .L0 
80200ad4 80200ad4        0     1                 .L0 
80200ad6 80200ad6        0     1                 .L0 
80200adc 80200adc        0     1                 .L0 
80200adc 80200adc        0     1                 .L0 
80200ae0 80200ae0        0     1                 .L0 
80200ae0 80200ae0        0     1                 .L0 
80200aec 80200aec        0     1                 .L0 
80200aee 80200aee        0     1                 .L0 
80200b12 80200b12        0     1                 .L0 
80200b1c 80200b1c        0     1                 .L0 
80200b2a 80200b2a        0     1                 .L0 
80200b2a 80200b2a        0     1                 .L0 
80200b36 80200b36        0     1                 .L0 
80200b36 80200b36        0     1                 .L0 
80200b3a 80200b3a        0     1                 .L0 
80200b3c 80200b3c        0     1                 .L0 
80200b3c 80200b3c        0     1                 .L0 
80200b46 80200b46        0     1                 .L0 
80200b46 80200b46      17e     2         /home/famous282/.rustup/toolchains/stable-x86_64-unknown-linux-gnu/lib/rustlib/riscv32imac-unknown-none-elf/lib/libcore-c6eeea32d188506f.rlib(core-c6eeea32d188506f.core.f2b050c2002e39f1-cgu.0.rcgu.o):(.text._ZN4core3str5count14do_count_chars17ha085528f26cab3c8E)
80200b46 80200b46        0     1                 .L0 
80200b46 80200b46        0     1                 .L0 
80200b46 80200b46        0     1                 $x
80200b46 80200b46        0     1                 .L0 
80200b46 80200b46      17e     1                 core::str::count::do_count_chars::ha085528f26cab3c8
80200b4c 80200b4c        0     1                 .L0 
80200b54 80200b54        0     1                 .L0 
80200b58 80200b58        0     1                 .L0 
80200b58 80200b58        0     1                 .L0 
80200b5a 80200b5a        0     1                 .L0 
80200b5a 80200b5a        0     1                 .L0 
80200b5c 80200b5c        0     1                 .L0 
80200b64 80200b64        0     1                 .L0 
80200b6c 80200b6c        0     1                 .L0 
80200b6e 80200b6e        0     1                 .L0 
80200b72 80200b72        0     1                 .L0 
80200b78 80200b78        0     1                 .L0 
80200b7c 80200b7c        0     1                 .L0 
80200b80 80200b80        0     1                 .L0 
80200b80 80200b80        0     1                 .L0 
80200b84 80200b84        0     1                 .L0 
80200b8e 80200b8e        0     1                 .L0 
80200b8e 80200b8e        0     1                 .L0 
80200b92 80200b92        0     1                 .L0 
80200b98 80200b98        0     1                 .L0 
80200ba0 80200ba0        0     1                 .L0 
80200ba2 80200ba2        0     1                 .L0 
80200ba6 80200ba6        0     1                 .L0 
80200ba8 80200ba8        0     1                 .L0 
80200ba8 80200ba8        0     1                 .L0 
80200baa 80200baa        0     1                 .L0 
80200bbc 80200bbc        0     1                 .L0 
80200bc4 80200bc4        0     1                 .L0 
80200bc6 80200bc6        0     1                 .L0 
80200bca 80200bca        0     1                 .L0 
80200bda 80200bda        0     1                 .L0 
80200bde 80200bde        0     1                 .L0 
80200be8 80200be8        0     1                 .L0 
80200bf6 80200bf6        0     1                 .L0 
80200bfe 80200bfe        0     1                 .L0 
80200c02 80200c02        0     1                 .L0 
80200c16 80200c16        0     1                 .L0 
80200c16 80200c16        0     1                 .L0 
80200c1c 80200c1c        0     1                 .L0 
80200c1c 80200c1c        0     1                 .L0 
80200c22 80200c22        0     1                 .L0 
80200c30 80200c30        0     1                 .L0 
80200c62 80200c62        0     1                 .L0 
80200c64 80200c64        0     1                 .L0 
80200c66 80200c66        0     1                 .L0 
80200c72 80200c72        0     1                 .L0 
80200c7a 80200c7a        0     1                 .L0 
80200c7a 80200c7a        0     1                 .L0 
80200c80 80200c80        0     1                 .L0 
80200c80 80200c80        0     1                 .L0 
80200c8a 80200c8a        0     1                 .L0 
80200c92 80200c92        0     1                 .L0 
80200c94 80200c94        0     1                 .L0 
80200ca2 80200ca2        0     1                 .L0 
80200ca4 80200ca4        0     1                 .L0 
80200ca4 80200ca4        0     1                 .L0 
80200ca8 80200ca8        0     1                 .L0 
80200ca8 80200ca8        0     1                 .L0 
80200cb4 80200cb4        0     1                 .L0 
80200cc4 80200cc4        0     1                 .L0 
80200cc4 80200cc4       1e     2         /home/famous282/.rustup/toolchains/stable-x86_64-unknown-linux-gnu/lib/rustlib/riscv32imac-unknown-none-elf/lib/libcore-c6eeea32d188506f.rlib(core-c6eeea32d188506f.core.f2b050c2002e39f1-cgu.0.rcgu.o):(.text.unlikely._ZN4core9panicking11panic_const24panic_const_sub_overflow17hae11a25074c61f95E)
80200cc4 80200cc4        0     1                 .L0 
80200cc4 80200cc4        0     1                 .L0 
80200cc4 80200cc4        0     1                 $x
80200cc4 80200cc4        0     1                 .L0 
80200cc4 80200cc4       1e     1                 core::panicking::panic_const::panic_const_sub_overflow::hae11a25074c61f95
80200ce2 80200ce2        0     1                 .L0 
80200ce2 80200ce2       3c     2         /home/famous282/.rustup/toolchains/stable-x86_64-unknown-linux-gnu/lib/rustlib/riscv32imac-unknown-none-elf/lib/libcore-c6eeea32d188506f.rlib(core-c6eeea32d188506f.core.f2b050c2002e39f1-cgu.0.rcgu.o):(.text.unlikely._ZN4core9panicking18panic_bounds_check17h8c475dbd9aaa9c2fE)
80200ce2 80200ce2        0     1                 .L0 
80200ce2 80200ce2        0     1                 .L0 
80200ce2 80200ce2        0     1                 $x
80200ce2 80200ce2        0     1                 .L0 
80200ce2 80200ce2       3c     1                 core::panicking::panic_bounds_check::h8c475dbd9aaa9c2f
80200d1e 80200d1e        0     1                 .L0 
80200d1e 80200d1e       30     2         /home/famous282/.rustup/toolchains/stable-x86_64-unknown-linux-gnu/lib/rustlib/riscv32imac-unknown-none-elf/lib/libcore-c6eeea32d188506f.rlib(core-c6eeea32d188506f.core.f2b050c2002e39f1-cgu.0.rcgu.o):(.text.unlikely._ZN4core9panicking18panic_nounwind_fmt17hbca8acd98a7f1dccE)
80200d1e 80200d1e        0     1                 .L0 
80200d1e 80200d1e        0     1                 .L0 
80200d1e 80200d1e        0     1                 $x
80200d1e 80200d1e        0     1                 .L0 
80200d1e 80200d1e       30     1                 core::panicking::panic_nounwind_fmt::hbca8acd98a7f1dcc
80200d32 80200d32        0     1                 .L0 
80200d4e 80200d4e        0     1                 .L0 
80200d4e 80200d4e       2e     2         /home/famous282/.rustup/toolchains/stable-x86_64-unknown-linux-gnu/lib/rustlib/riscv32imac-unknown-none-elf/lib/libcore-c6eeea32d188506f.rlib(core-c6eeea32d188506f.core.f2b050c2002e39f1-cgu.0.rcgu.o):(.text.unlikely._ZN4core9panicking9panic_fmt17hf2b467cfc0e561d3E)
80200d4e 80200d4e        0     1                 .L0 
80200d4e 80200d4e        0     1                 .L0 
80200d4e 80200d4e        0     1                 $x
80200d4e 80200d4e        0     1                 .L0 
80200d4e 80200d4e       2e     1                 core::panicking::panic_fmt::hf2b467cfc0e561d3
80200d64 80200d64        0     1                 .L0 
80200d7c 80200d7c        0     1                 .L0 
80200d7c 80200d7c       c6     2         /home/famous282/.rustup/toolchains/stable-x86_64-unknown-linux-gnu/lib/rustlib/riscv32imac-unknown-none-elf/lib/libcore-c6eeea32d188506f.rlib(core-c6eeea32d188506f.core.f2b050c2002e39f1-cgu.0.rcgu.o):(.text._ZN73_$LT$core..panic..panic_info..PanicInfo$u20$as$u20$core..fmt..Display$GT$3fmt17hb5a14bd6be532762E)
80200d7c 80200d7c        0     1                 .L0 
80200d7c 80200d7c        0     1                 .L0 
80200d7c 80200d7c        0     1                 $x
80200d7c 80200d7c        0     1                 .L0 
80200d7c 80200d7c       c6     1                 _$LT$core..panic..panic_info..PanicInfo$u20$as$u20$core..fmt..Display$GT$::fmt::hb5a14bd6be532762
80200d8e 80200d8e        0     1                 .L0 
80200daa 80200daa        0     1                 .L0 
80200daa 80200daa        0     1                 .L0 
80200dac 80200dac        0     1                 .L0 
80200db4 80200db4        0     1                 .L0 
80200dc4 80200dc4        0     1                 .L0 
80200dc8 80200dc8        0     1                 .L0 
80200dde 80200dde        0     1                 .L0 
80200de6 80200de6        0     1                 .L0 
80200dee 80200dee        0     1                 .L0 
80200e06 80200e06        0     1                 .L0 
80200e06 80200e06        0     1                 .L0 
80200e08 80200e08        0     1                 .L0 
80200e08 80200e08        0     1                 .L0 
80200e16 80200e16        0     1                 .L0 
80200e16 80200e16        0     1                 .L0 
80200e18 80200e18        0     1                 .L0 
80200e20 80200e20        0     1                 .L0 
80200e42 80200e42        0     1                 .L0 
80200e44 80200e44      46f     4 .rodata
80200e44 80200e44       18     4         /home/famous282/1000linesOS/kernel/target/riscv32imac-unknown-none-elf/debug/deps/kernel-e423684175293233.1gy28gr8yncw9yg4wm3kw95ip.0jzmzdj.rcgu.o:(.rodata.anon.115b1549741a66689ede8b6afce1a372.0.llvm.11468890524131549399)
80200e44 80200e44        0     1                 $d
80200e44 80200e44       18     1                 anon.115b1549741a66689ede8b6afce1a372.0.llvm.11468890524131549399
80200e5c 80200e5c        e     1         /home/famous282/1000linesOS/kernel/target/riscv32imac-unknown-none-elf/debug/deps/kernel-e423684175293233.1zwa976huie3oeuiu5py3i96v.0jzmzdj.rcgu.o:(.rodata..Lanon.d386e10f8ffd8bb0a94322403120df25.0)
80200e5c 80200e5c        e     1                 .Lanon.d386e10f8ffd8bb0a94322403120df25.0
80200e5c 80200e5c        0     1                 $d
80200e6a 80200e6a      162     1         <internal>:(.rodata.str1.1)
80200fcc 80200fcc       10     4         /home/famous282/1000linesOS/kernel/target/riscv32imac-unknown-none-elf/debug/deps/kernel-e423684175293233.7hqkh35l985iompa8en7ayj8i.0jzmzdj.rcgu.o:(.rodata..Lanon.a4f2901f9d648e2ce06a4e08b4f358ce.1)
80200fcc 80200fcc       10     1                 .Lanon.a4f2901f9d648e2ce06a4e08b4f358ce.1
80200fcc 80200fcc        0     1                 $d
80200fdc 80200fdc        7     1         /home/famous282/1000linesOS/kernel/target/riscv32imac-unknown-none-elf/debug/deps/kernel-e423684175293233.7hqkh35l985iompa8en7ayj8i.0jzmzdj.rcgu.o:(.rodata..Lanon.a4f2901f9d648e2ce06a4e08b4f358ce.2)
80200fdc 80200fdc        7     1                 .Lanon.a4f2901f9d648e2ce06a4e08b4f358ce.2
80200fdc 80200fdc        0     1                 $d
80200fe4 80200fe4       10     4         /home/famous282/1000linesOS/kernel/target/riscv32imac-unknown-none-elf/debug/deps/kernel-e423684175293233.7hqkh35l985iompa8en7ayj8i.0jzmzdj.rcgu.o:(.rodata..Lanon.a4f2901f9d648e2ce06a4e08b4f358ce.3)
80200fe4 80200fe4       10     1                 .Lanon.a4f2901f9d648e2ce06a4e08b4f358ce.3
80200fe4 80200fe4        0     1                 $d
80200ff4 80200ff4       10     4         /home/famous282/1000linesOS/kernel/target/riscv32imac-unknown-none-elf/debug/deps/kernel-e423684175293233.7wj5zoa8xxs3t0yy1onealpk8.0jzmzdj.rcgu.o:(.rodata.anon.04ccc33b5066ea8aff05e46f4f19a542.1.llvm.1634436068497971672)
80200ff4 80200ff4        0     1                 $d
80200ff4 80200ff4       10     1                 anon.04ccc33b5066ea8aff05e46f4f19a542.1.llvm.1634436068497971672
80201004 80201004       10     4         /home/famous282/1000linesOS/kernel/target/riscv32imac-unknown-none-elf/debug/deps/kernel-e423684175293233.7wj5zoa8xxs3t0yy1onealpk8.0jzmzdj.rcgu.o:(.rodata.anon.04ccc33b5066ea8aff05e46f4f19a542.2.llvm.1634436068497971672)
80201004 80201004        0     1                 $d
80201004 80201004       10     1                 anon.04ccc33b5066ea8aff05e46f4f19a542.2.llvm.1634436068497971672
80201014 80201014       10     4         /home/famous282/1000linesOS/kernel/target/riscv32imac-unknown-none-elf/debug/deps/kernel-e423684175293233.7wj5zoa8xxs3t0yy1onealpk8.0jzmzdj.rcgu.o:(.rodata.anon.04ccc33b5066ea8aff05e46f4f19a542.3.llvm.1634436068497971672)
80201014 80201014        0     1                 $d
80201014 80201014       10     1                 anon.04ccc33b5066ea8aff05e46f4f19a542.3.llvm.1634436068497971672
80201024 80201024       ae     1         /home/famous282/1000linesOS/kernel/target/riscv32imac-unknown-none-elf/debug/deps/kernel-e423684175293233.7wj5zoa8xxs3t0yy1onealpk8.0jzmzdj.rcgu.o:(.rodata.anon.04ccc33b5066ea8aff05e46f4f19a542.4.llvm.1634436068497971672)
80201024 80201024        0     1                 $d
80201024 80201024       ae     1                 anon.04ccc33b5066ea8aff05e46f4f19a542.4.llvm.1634436068497971672
802010d2 802010d2       c7     1         /home/famous282/1000linesOS/kernel/target/riscv32imac-unknown-none-elf/debug/deps/kernel-e423684175293233.7wj5zoa8xxs3t0yy1onealpk8.0jzmzdj.rcgu.o:(.rodata.anon.04ccc33b5066ea8aff05e46f4f19a542.5.llvm.1634436068497971672)
802010d2 802010d2        0     1                 $d
802010d2 802010d2       c7     1                 anon.04ccc33b5066ea8aff05e46f4f19a542.5.llvm.1634436068497971672
8020119c 8020119c       10     4         /home/famous282/1000linesOS/kernel/target/riscv32imac-unknown-none-elf/debug/deps/kernel-e423684175293233.7wj5zoa8xxs3t0yy1onealpk8.0jzmzdj.rcgu.o:(.rodata.anon.04ccc33b5066ea8aff05e46f4f19a542.7.llvm.1634436068497971672)
8020119c 8020119c        0     1                 $d
8020119c 8020119c       10     1                 anon.04ccc33b5066ea8aff05e46f4f19a542.7.llvm.1634436068497971672
802011ac 802011ac       c8     1         /home/famous282/.rustup/toolchains/stable-x86_64-unknown-linux-gnu/lib/rustlib/riscv32imac-unknown-none-elf/lib/libcore-c6eeea32d188506f.rlib(core-c6eeea32d188506f.core.f2b050c2002e39f1-cgu.0.rcgu.o):(.rodata..Lanon.f74838b38e70b6e7b417ca0660cf6a38.14)
802011ac 802011ac       c8     1                 .Lanon.f74838b38e70b6e7b417ca0660cf6a38.14
802011ac 802011ac        0     1                 $d
80201274 80201274       10     4         /home/famous282/.rustup/toolchains/stable-x86_64-unknown-linux-gnu/lib/rustlib/riscv32imac-unknown-none-elf/lib/libcore-c6eeea32d188506f.rlib(core-c6eeea32d188506f.core.f2b050c2002e39f1-cgu.0.rcgu.o):(.rodata..Lanon.f74838b38e70b6e7b417ca0660cf6a38.26)
80201274 80201274       10     1                 .Lanon.f74838b38e70b6e7b417ca0660cf6a38.26
80201274 80201274        0     1                 $d
80201284 80201284       21     1         /home/famous282/.rustup/toolchains/stable-x86_64-unknown-linux-gnu/lib/rustlib/riscv32imac-unknown-none-elf/lib/libcore-c6eeea32d188506f.rlib(core-c6eeea32d188506f.core.f2b050c2002e39f1-cgu.0.rcgu.o):(.rodata..Lanon.f74838b38e70b6e7b417ca0660cf6a38.95)
80201284 80201284       21     1                 .Lanon.f74838b38e70b6e7b417ca0660cf6a38.95
80201284 80201284        0     1                 $d
802012a5 802012a5        c     1         /home/famous282/.rustup/toolchains/stable-x86_64-unknown-linux-gnu/lib/rustlib/riscv32imac-unknown-none-elf/lib/libcore-c6eeea32d188506f.rlib(core-c6eeea32d188506f.core.f2b050c2002e39f1-cgu.0.rcgu.o):(.rodata..Lanon.f74838b38e70b6e7b417ca0660cf6a38.408)
802012a5 802012a5        c     1                 .Lanon.f74838b38e70b6e7b417ca0660cf6a38.408
802012a5 802012a5        0     1                 $d
802012b1 802012b1        2     1         /home/famous282/.rustup/toolchains/stable-x86_64-unknown-linux-gnu/lib/rustlib/riscv32imac-unknown-none-elf/lib/libcore-c6eeea32d188506f.rlib(core-c6eeea32d188506f.core.f2b050c2002e39f1-cgu.0.rcgu.o):(.rodata..Lanon.f74838b38e70b6e7b417ca0660cf6a38.409)
802012b1 802012b1        2     1                 .Lanon.f74838b38e70b6e7b417ca0660cf6a38.409
802012b1 802012b1        0     1                 $d
802012b4 802012b4      2f0     4 .eh_frame
802012b4 802012b4       14     1         /home/famous282/.rustup/toolchains/stable-x86_64-unknown-linux-gnu/lib/rustlib/riscv32imac-unknown-none-elf/lib/libcore-c6eeea32d188506f.rlib(core-c6eeea32d188506f.core.f2b050c2002e39f1-cgu.0.rcgu.o):(.eh_frame+0x0)
802012c8 802012c8       14     1         /home/famous282/.rustup/toolchains/stable-x86_64-unknown-linux-gnu/lib/rustlib/riscv32imac-unknown-none-elf/lib/libcore-c6eeea32d188506f.rlib(core-c6eeea32d188506f.core.f2b050c2002e39f1-cgu.0.rcgu.o):(.eh_frame+0x300)
802012dc 802012dc       44     1         /home/famous282/.rustup/toolchains/stable-x86_64-unknown-linux-gnu/lib/rustlib/riscv32imac-unknown-none-elf/lib/libcore-c6eeea32d188506f.rlib(core-c6eeea32d188506f.core.f2b050c2002e39f1-cgu.0.rcgu.o):(.eh_frame+0x7b0)
80201320 80201320       30     1         /home/famous282/.rustup/toolchains/stable-x86_64-unknown-linux-gnu/lib/rustlib/riscv32imac-unknown-none-elf/lib/libcore-c6eeea32d188506f.rlib(core-c6eeea32d188506f.core.f2b050c2002e39f1-cgu.0.rcgu.o):(.eh_frame+0xa0c)
80201350 80201350       60     1         /home/famous282/.rustup/toolchains/stable-x86_64-unknown-linux-gnu/lib/rustlib/riscv32imac-unknown-none-elf/lib/libcore-c6eeea32d188506f.rlib(core-c6eeea32d188506f.core.f2b050c2002e39f1-cgu.0.rcgu.o):(.eh_frame+0x1b3c)
802013b0 802013b0       ac     1         /home/famous282/.rustup/toolchains/stable-x86_64-unknown-linux-gnu/lib/rustlib/riscv32imac-unknown-none-elf/lib/libcore-c6eeea32d188506f.rlib(core-c6eeea32d188506f.core.f2b050c2002e39f1-cgu.0.rcgu.o):(.eh_frame+0x1fe0)
8020145c 8020145c       64     1         /home/famous282/.rustup/toolchains/stable-x86_64-unknown-linux-gnu/lib/rustlib/riscv32imac-unknown-none-elf/lib/libcore-c6eeea32d188506f.rlib(core-c6eeea32d188506f.core.f2b050c2002e39f1-cgu.0.rcgu.o):(.eh_frame+0x248c)
802014c0 802014c0       28     1         /home/famous282/.rustup/toolchains/stable-x86_64-unknown-linux-gnu/lib/rustlib/riscv32imac-unknown-none-elf/lib/libcore-c6eeea32d188506f.rlib(core-c6eeea32d188506f.core.f2b050c2002e39f1-cgu.0.rcgu.o):(.eh_frame+0x3838)
802014e8 802014e8       20     1         /home/famous282/.rustup/toolchains/stable-x86_64-unknown-linux-gnu/lib/rustlib/riscv32imac-unknown-none-elf/lib/libcore-c6eeea32d188506f.rlib(core-c6eeea32d188506f.core.f2b050c2002e39f1-cgu.0.rcgu.o):(.eh_frame+0x3f78)
80201508 80201508       40     1         /home/famous282/.rustup/toolchains/stable-x86_64-unknown-linux-gnu/lib/rustlib/riscv32imac-unknown-none-elf/lib/libcore-c6eeea32d188506f.rlib(core-c6eeea32d188506f.core.f2b050c2002e39f1-cgu.0.rcgu.o):(.eh_frame+0x41b8)
80201548 80201548       20     1         /home/famous282/.rustup/toolchains/stable-x86_64-unknown-linux-gnu/lib/rustlib/riscv32imac-unknown-none-elf/lib/libcore-c6eeea32d188506f.rlib(core-c6eeea32d188506f.core.f2b050c2002e39f1-cgu.0.rcgu.o):(.eh_frame+0x42d8)
80201568 80201568       38     1         /home/famous282/.rustup/toolchains/stable-x86_64-unknown-linux-gnu/lib/rustlib/riscv32imac-unknown-none-elf/lib/libcore-c6eeea32d188506f.rlib(core-c6eeea32d188506f.core.f2b050c2002e39f1-cgu.0.rcgu.o):(.eh_frame+0x51d4)
802015a4 802015a4        0     4 .bss
802015a4 802015a4        0     1         __bss = .
802015a4 802015a4        0     1         __bss_end = .
802015a4 802015a4        0     1 . = ALIGN(4)
802015a4 802015a4    20000     1 . += 128 * 1024
802215a4 802215a4        0     1 __stack_top = .
       0        0      854     1 .debug_loc
       0        0       13     1         /home/famous282/1000linesOS/kernel/target/riscv32imac-unknown-none-elf/debug/deps/kernel-e423684175293233.0xglbqqcmy1h5ke8v4z244zh3.0jzmzdj.rcgu.o:(.debug_loc)
       0        0        0     1                 .L0 
       0        0        0     1                 $d
      13       13      29a     1         /home/famous282/1000linesOS/kernel/target/riscv32imac-unknown-none-elf/debug/deps/kernel-e423684175293233.1gy28gr8yncw9yg4wm3kw95ip.0jzmzdj.rcgu.o:(.debug_loc)
      13       13        0     1                 .L0 
      13       13        0     1                 $d
      2e       2e        0     1                 .L0 
      5f       5f        0     1                 .L0 
      90       90        0     1                 .L0 
      b3       b3        0     1                 .L0 
      e4       e4        0     1                 .L0 
     115      115        0     1                 .L0 
     138      138        0     1                 .L0 
     154      154        0     1                 .L0 
     185      185        0     1                 .L0 
     1af      1af        0     1                 .L0 
     1cb      1cb        0     1                 .L0 
     1fc      1fc        0     1                 .L0 
     217      217        0     1                 .L0 
     232      232        0     1                 .L0 
     24d      24d        0     1                 .L0 
     28d      28d        0     1                 .L0 
     2ad      2ad      101     1         /home/famous282/1000linesOS/kernel/target/riscv32imac-unknown-none-elf/debug/deps/kernel-e423684175293233.1zwa976huie3oeuiu5py3i96v.0jzmzdj.rcgu.o:(.debug_loc)
     2ad      2ad        0     1                 .L0 
     2ad      2ad        0     1                 $d
     2e6      2e6        0     1                 .L0 
     31f      31f        0     1                 .L0 
     358      358        0     1                 .L0 
     383      383        0     1                 .L0 
     3ae      3ae       ea     1         /home/famous282/1000linesOS/kernel/target/riscv32imac-unknown-none-elf/debug/deps/kernel-e423684175293233.7hqkh35l985iompa8en7ayj8i.0jzmzdj.rcgu.o:(.debug_loc)
     3ae      3ae        0     1                 .L0 
     3ae      3ae        0     1                 $d
     3c9      3c9        0     1                 .L0 
     3ef      3ef        0     1                 .L0 
     40a      40a        0     1                 .L0 
     425      425        0     1                 .L0 
     440      440        0     1                 .L0 
     47d      47d        0     1                 .L0 
     498      498      3bc     1         /home/famous282/1000linesOS/kernel/target/riscv32imac-unknown-none-elf/debug/deps/kernel-e423684175293233.7wj5zoa8xxs3t0yy1onealpk8.0jzmzdj.rcgu.o:(.debug_loc)
     498      498        0     1                 .L0 
     498      498        0     1                 $d
     4df      4df        0     1                 .L0 
     4fa      4fa        0     1                 .L0 
     52a      52a        0     1                 .L0 
     622      622        0     1                 .L0 
     648      648        0     1                 .L0 
     679      679        0     1                 .L0 
     69f      69f        0     1                 .L0 
     6ba      6ba        0     1                 .L0 
     6d5      6d5        0     1                 .L0 
     6f0      6f0        0     1                 .L0 
     721      721        0     1                 .L0 
     761      761        0     1                 .L0 
     787      787        0     1                 .L0 
     7ad      7ad        0     1                 .L0 
     7d3      7d3        0     1                 .L0 
     7f9      7f9        0     1                 .L0 
     81f      81f        0     1                 .L0 
       0        0     1dad     1 .debug_abbrev
       0        0      114     1         /home/famous282/1000linesOS/kernel/target/riscv32imac-unknown-none-elf/debug/deps/kernel-e423684175293233.0xglbqqcmy1h5ke8v4z244zh3.0jzmzdj.rcgu.o:(.debug_abbrev)
       0        0        0     1                 $d
     114      114      1f2     1         /home/famous282/1000linesOS/kernel/target/riscv32imac-unknown-none-elf/debug/deps/kernel-e423684175293233.1gy28gr8yncw9yg4wm3kw95ip.0jzmzdj.rcgu.o:(.debug_abbrev)
     114      114        0     1                 $d
     306      306      1e3     1         /home/famous282/1000linesOS/kernel/target/riscv32imac-unknown-none-elf/debug/deps/kernel-e423684175293233.1zwa976huie3oeuiu5py3i96v.0jzmzdj.rcgu.o:(.debug_abbrev)
     306      306        0     1                 $d
     4e9      4e9      1c7     1         /home/famous282/1000linesOS/kernel/target/riscv32imac-unknown-none-elf/debug/deps/kernel-e423684175293233.7hqkh35l985iompa8en7ayj8i.0jzmzdj.rcgu.o:(.debug_abbrev)
     4e9      4e9        0     1                 $d
     6b0      6b0      273     1         /home/famous282/1000linesOS/kernel/target/riscv32imac-unknown-none-elf/debug/deps/kernel-e423684175293233.7wj5zoa8xxs3t0yy1onealpk8.0jzmzdj.rcgu.o:(.debug_abbrev)
     6b0      6b0        0     1                 $d
     923      923      312     1         /home/famous282/.rustup/toolchains/stable-x86_64-unknown-linux-gnu/lib/rustlib/riscv32imac-unknown-none-elf/lib/libcore-c6eeea32d188506f.rlib(core-c6eeea32d188506f.core.f2b050c2002e39f1-cgu.0.rcgu.o):(.debug_abbrev)
     923      923        0     1                 $d
     c35      c35       5b     1         /home/famous282/.rustup/toolchains/stable-x86_64-unknown-linux-gnu/lib/rustlib/riscv32imac-unknown-none-elf/lib/libcompiler_builtins-ad31f96eaed4fe7a.rlib(compiler_builtins-ad31f96eaed4fe7a.compiler_builtins.a8dbbfe33f18591e-cgu.105.rcgu.o):(.debug_abbrev)
     c35      c35        0     1                 $d
     c90      c90       5f     1         /home/famous282/.rustup/toolchains/stable-x86_64-unknown-linux-gnu/lib/rustlib/riscv32imac-unknown-none-elf/lib/libcompiler_builtins-ad31f96eaed4fe7a.rlib(compiler_builtins-ad31f96eaed4fe7a.compiler_builtins.a8dbbfe33f18591e-cgu.157.rcgu.o):(.debug_abbrev)
     c90      c90        0     1                 $d
     cef      cef       a8     1         /home/famous282/.rustup/toolchains/stable-x86_64-unknown-linux-gnu/lib/rustlib/riscv32imac-unknown-none-elf/lib/libcompiler_builtins-ad31f96eaed4fe7a.rlib(compiler_builtins-ad31f96eaed4fe7a.compiler_builtins.a8dbbfe33f18591e-cgu.016.rcgu.o):(.debug_abbrev)
     cef      cef        0     1                 $d
     d97      d97       aa     1         /home/famous282/.rustup/toolchains/stable-x86_64-unknown-linux-gnu/lib/rustlib/riscv32imac-unknown-none-elf/lib/libcompiler_builtins-ad31f96eaed4fe7a.rlib(compiler_builtins-ad31f96eaed4fe7a.compiler_builtins.a8dbbfe33f18591e-cgu.162.rcgu.o):(.debug_abbrev)
     d97      d97        0     1                 $d
     e41      e41       e9     1         /home/famous282/.rustup/toolchains/stable-x86_64-unknown-linux-gnu/lib/rustlib/riscv32imac-unknown-none-elf/lib/libcompiler_builtins-ad31f96eaed4fe7a.rlib(compiler_builtins-ad31f96eaed4fe7a.compiler_builtins.a8dbbfe33f18591e-cgu.199.rcgu.o):(.debug_abbrev)
     e41      e41        0     1                 $d
     f2a      f2a       cf     1         /home/famous282/.rustup/toolchains/stable-x86_64-unknown-linux-gnu/lib/rustlib/riscv32imac-unknown-none-elf/lib/libcompiler_builtins-ad31f96eaed4fe7a.rlib(compiler_builtins-ad31f96eaed4fe7a.compiler_builtins.a8dbbfe33f18591e-cgu.225.rcgu.o):(.debug_abbrev)
     f2a      f2a        0     1                 $d
     ff9      ff9       2e     1         /home/famous282/.rustup/toolchains/stable-x86_64-unknown-linux-gnu/lib/rustlib/riscv32imac-unknown-none-elf/lib/libcompiler_builtins-ad31f96eaed4fe7a.rlib(compiler_builtins-ad31f96eaed4fe7a.compiler_builtins.a8dbbfe33f18591e-cgu.228.rcgu.o):(.debug_abbrev)
     ff9      ff9        0     1                 $d
    1027     1027      134     1         /home/famous282/.rustup/toolchains/stable-x86_64-unknown-linux-gnu/lib/rustlib/riscv32imac-unknown-none-elf/lib/libcompiler_builtins-ad31f96eaed4fe7a.rlib(compiler_builtins-ad31f96eaed4fe7a.compiler_builtins.a8dbbfe33f18591e-cgu.003.rcgu.o):(.debug_abbrev)
    1027     1027        0     1                 $d
    115b     115b      181     1         /home/famous282/.rustup/toolchains/stable-x86_64-unknown-linux-gnu/lib/rustlib/riscv32imac-unknown-none-elf/lib/libcompiler_builtins-ad31f96eaed4fe7a.rlib(compiler_builtins-ad31f96eaed4fe7a.compiler_builtins.a8dbbfe33f18591e-cgu.017.rcgu.o):(.debug_abbrev)
    115b     115b        0     1                 $d
    12dc     12dc       e0     1         /home/famous282/.rustup/toolchains/stable-x86_64-unknown-linux-gnu/lib/rustlib/riscv32imac-unknown-none-elf/lib/libcompiler_builtins-ad31f96eaed4fe7a.rlib(compiler_builtins-ad31f96eaed4fe7a.compiler_builtins.a8dbbfe33f18591e-cgu.236.rcgu.o):(.debug_abbrev)
    12dc     12dc        0     1                 $d
    13bc     13bc       aa     1         /home/famous282/.rustup/toolchains/stable-x86_64-unknown-linux-gnu/lib/rustlib/riscv32imac-unknown-none-elf/lib/libcompiler_builtins-ad31f96eaed4fe7a.rlib(compiler_builtins-ad31f96eaed4fe7a.compiler_builtins.a8dbbfe33f18591e-cgu.239.rcgu.o):(.debug_abbrev)
    13bc     13bc        0     1                 $d
    1466     1466       2e     1         /home/famous282/.rustup/toolchains/stable-x86_64-unknown-linux-gnu/lib/rustlib/riscv32imac-unknown-none-elf/lib/libcompiler_builtins-ad31f96eaed4fe7a.rlib(compiler_builtins-ad31f96eaed4fe7a.compiler_builtins.a8dbbfe33f18591e-cgu.256.rcgu.o):(.debug_abbrev)
    1466     1466        0     1                 $d
    1494     1494      14e     1         /home/famous282/.rustup/toolchains/stable-x86_64-unknown-linux-gnu/lib/rustlib/riscv32imac-unknown-none-elf/lib/libcompiler_builtins-ad31f96eaed4fe7a.rlib(compiler_builtins-ad31f96eaed4fe7a.compiler_builtins.a8dbbfe33f18591e-cgu.000.rcgu.o):(.debug_abbrev)
    1494     1494        0     1                 $d
    15e2     15e2       b9     1         /home/famous282/.rustup/toolchains/stable-x86_64-unknown-linux-gnu/lib/rustlib/riscv32imac-unknown-none-elf/lib/libcompiler_builtins-ad31f96eaed4fe7a.rlib(compiler_builtins-ad31f96eaed4fe7a.compiler_builtins.a8dbbfe33f18591e-cgu.285.rcgu.o):(.debug_abbrev)
    15e2     15e2        0     1                 $d
    169b     169b       5f     1         /home/famous282/.rustup/toolchains/stable-x86_64-unknown-linux-gnu/lib/rustlib/riscv32imac-unknown-none-elf/lib/libcompiler_builtins-ad31f96eaed4fe7a.rlib(compiler_builtins-ad31f96eaed4fe7a.compiler_builtins.a8dbbfe33f18591e-cgu.287.rcgu.o):(.debug_abbrev)
    169b     169b        0     1                 $d
    16fa     16fa       2e     1         /home/famous282/.rustup/toolchains/stable-x86_64-unknown-linux-gnu/lib/rustlib/riscv32imac-unknown-none-elf/lib/libcompiler_builtins-ad31f96eaed4fe7a.rlib(compiler_builtins-ad31f96eaed4fe7a.compiler_builtins.a8dbbfe33f18591e-cgu.295.rcgu.o):(.debug_abbrev)
    16fa     16fa        0     1                 $d
    1728     1728       b9     1         /home/famous282/.rustup/toolchains/stable-x86_64-unknown-linux-gnu/lib/rustlib/riscv32imac-unknown-none-elf/lib/libcompiler_builtins-ad31f96eaed4fe7a.rlib(compiler_builtins-ad31f96eaed4fe7a.compiler_builtins.a8dbbfe33f18591e-cgu.300.rcgu.o):(.debug_abbrev)
    1728     1728        0     1                 $d
    17e1     17e1       ca     1         /home/famous282/.rustup/toolchains/stable-x86_64-unknown-linux-gnu/lib/rustlib/riscv32imac-unknown-none-elf/lib/libcompiler_builtins-ad31f96eaed4fe7a.rlib(compiler_builtins-ad31f96eaed4fe7a.compiler_builtins.a8dbbfe33f18591e-cgu.303.rcgu.o):(.debug_abbrev)
    17e1     17e1        0     1                 $d
    18ab     18ab       5f     1         /home/famous282/.rustup/toolchains/stable-x86_64-unknown-linux-gnu/lib/rustlib/riscv32imac-unknown-none-elf/lib/libcompiler_builtins-ad31f96eaed4fe7a.rlib(compiler_builtins-ad31f96eaed4fe7a.compiler_builtins.a8dbbfe33f18591e-cgu.308.rcgu.o):(.debug_abbrev)
    18ab     18ab        0     1                 $d
    190a     190a       5f     1         /home/famous282/.rustup/toolchains/stable-x86_64-unknown-linux-gnu/lib/rustlib/riscv32imac-unknown-none-elf/lib/libcompiler_builtins-ad31f96eaed4fe7a.rlib(compiler_builtins-ad31f96eaed4fe7a.compiler_builtins.a8dbbfe33f18591e-cgu.315.rcgu.o):(.debug_abbrev)
    190a     190a        0     1                 $d
    1969     1969       aa     1         /home/famous282/.rustup/toolchains/stable-x86_64-unknown-linux-gnu/lib/rustlib/riscv32imac-unknown-none-elf/lib/libcompiler_builtins-ad31f96eaed4fe7a.rlib(compiler_builtins-ad31f96eaed4fe7a.compiler_builtins.a8dbbfe33f18591e-cgu.325.rcgu.o):(.debug_abbrev)
    1969     1969        0     1                 $d
    1a13     1a13       2e     1         /home/famous282/.rustup/toolchains/stable-x86_64-unknown-linux-gnu/lib/rustlib/riscv32imac-unknown-none-elf/lib/libcompiler_builtins-ad31f96eaed4fe7a.rlib(compiler_builtins-ad31f96eaed4fe7a.compiler_builtins.a8dbbfe33f18591e-cgu.326.rcgu.o):(.debug_abbrev)
    1a13     1a13        0     1                 $d
    1a41     1a41       aa     1         /home/famous282/.rustup/toolchains/stable-x86_64-unknown-linux-gnu/lib/rustlib/riscv32imac-unknown-none-elf/lib/libcompiler_builtins-ad31f96eaed4fe7a.rlib(compiler_builtins-ad31f96eaed4fe7a.compiler_builtins.a8dbbfe33f18591e-cgu.327.rcgu.o):(.debug_abbrev)
    1a41     1a41        0     1                 $d
    1aeb     1aeb       b9     1         /home/famous282/.rustup/toolchains/stable-x86_64-unknown-linux-gnu/lib/rustlib/riscv32imac-unknown-none-elf/lib/libcompiler_builtins-ad31f96eaed4fe7a.rlib(compiler_builtins-ad31f96eaed4fe7a.compiler_builtins.a8dbbfe33f18591e-cgu.331.rcgu.o):(.debug_abbrev)
    1aeb     1aeb        0     1                 $d
    1ba4     1ba4       aa     1         /home/famous282/.rustup/toolchains/stable-x86_64-unknown-linux-gnu/lib/rustlib/riscv32imac-unknown-none-elf/lib/libcompiler_builtins-ad31f96eaed4fe7a.rlib(compiler_builtins-ad31f96eaed4fe7a.compiler_builtins.a8dbbfe33f18591e-cgu.332.rcgu.o):(.debug_abbrev)
    1ba4     1ba4        0     1                 $d
    1c4e     1c4e       2e     1         /home/famous282/.rustup/toolchains/stable-x86_64-unknown-linux-gnu/lib/rustlib/riscv32imac-unknown-none-elf/lib/libcompiler_builtins-ad31f96eaed4fe7a.rlib(compiler_builtins-ad31f96eaed4fe7a.compiler_builtins.a8dbbfe33f18591e-cgu.351.rcgu.o):(.debug_abbrev)
    1c4e     1c4e        0     1                 $d
    1c7c     1c7c      131     1         /home/famous282/.rustup/toolchains/stable-x86_64-unknown-linux-gnu/lib/rustlib/riscv32imac-unknown-none-elf/lib/libcompiler_builtins-ad31f96eaed4fe7a.rlib(compiler_builtins-ad31f96eaed4fe7a.compiler_builtins.a8dbbfe33f18591e-cgu.012.rcgu.o):(.debug_abbrev)
    1c7c     1c7c        0     1                 $d
       0        0    28c04     1 .debug_info
       0        0      488     1         /home/famous282/1000linesOS/kernel/target/riscv32imac-unknown-none-elf/debug/deps/kernel-e423684175293233.0xglbqqcmy1h5ke8v4z244zh3.0jzmzdj.rcgu.o:(.debug_info)
       0        0        0     1                 .L0 
       0        0        0     1                 $d
     488      488      6e6     1         /home/famous282/1000linesOS/kernel/target/riscv32imac-unknown-none-elf/debug/deps/kernel-e423684175293233.1gy28gr8yncw9yg4wm3kw95ip.0jzmzdj.rcgu.o:(.debug_info)
     488      488        0     1                 .L0 
     488      488        0     1                 $d
     b6e      b6e      648     1         /home/famous282/1000linesOS/kernel/target/riscv32imac-unknown-none-elf/debug/deps/kernel-e423684175293233.1zwa976huie3oeuiu5py3i96v.0jzmzdj.rcgu.o:(.debug_info)
     b6e      b6e        0     1                 .L0 
     b6e      b6e        0     1                 $d
    11b6     11b6      49d     1         /home/famous282/1000linesOS/kernel/target/riscv32imac-unknown-none-elf/debug/deps/kernel-e423684175293233.7hqkh35l985iompa8en7ayj8i.0jzmzdj.rcgu.o:(.debug_info)
    11b6     11b6        0     1                 .L0 
    11b6     11b6        0     1                 $d
    1653     1653      bc7     1         /home/famous282/1000linesOS/kernel/target/riscv32imac-unknown-none-elf/debug/deps/kernel-e423684175293233.7wj5zoa8xxs3t0yy1onealpk8.0jzmzdj.rcgu.o:(.debug_info)
    1653     1653        0     1                 .L0 
    1653     1653        0     1                 $d
    221a     221a    20826     1         /home/famous282/.rustup/toolchains/stable-x86_64-unknown-linux-gnu/lib/rustlib/riscv32imac-unknown-none-elf/lib/libcore-c6eeea32d188506f.rlib(core-c6eeea32d188506f.core.f2b050c2002e39f1-cgu.0.rcgu.o):(.debug_info)
    221a     221a        0     1                 .L0 
    221a     221a        0     1                 $d
   22a40    22a40       86     1         /home/famous282/.rustup/toolchains/stable-x86_64-unknown-linux-gnu/lib/rustlib/riscv32imac-unknown-none-elf/lib/libcompiler_builtins-ad31f96eaed4fe7a.rlib(compiler_builtins-ad31f96eaed4fe7a.compiler_builtins.a8dbbfe33f18591e-cgu.105.rcgu.o):(.debug_info)
   22a40    22a40        0     1                 .L0 
   22a40    22a40        0     1                 $d
   22ac6    22ac6       a1     1         /home/famous282/.rustup/toolchains/stable-x86_64-unknown-linux-gnu/lib/rustlib/riscv32imac-unknown-none-elf/lib/libcompiler_builtins-ad31f96eaed4fe7a.rlib(compiler_builtins-ad31f96eaed4fe7a.compiler_builtins.a8dbbfe33f18591e-cgu.157.rcgu.o):(.debug_info)
   22ac6    22ac6        0     1                 .L0 
   22ac6    22ac6        0     1                 $d
   22b67    22b67      419     1         /home/famous282/.rustup/toolchains/stable-x86_64-unknown-linux-gnu/lib/rustlib/riscv32imac-unknown-none-elf/lib/libcompiler_builtins-ad31f96eaed4fe7a.rlib(compiler_builtins-ad31f96eaed4fe7a.compiler_builtins.a8dbbfe33f18591e-cgu.016.rcgu.o):(.debug_info)
   22b67    22b67        0     1                 .L0 
   22b67    22b67        0     1                 $d
   22f80    22f80      15e     1         /home/famous282/.rustup/toolchains/stable-x86_64-unknown-linux-gnu/lib/rustlib/riscv32imac-unknown-none-elf/lib/libcompiler_builtins-ad31f96eaed4fe7a.rlib(compiler_builtins-ad31f96eaed4fe7a.compiler_builtins.a8dbbfe33f18591e-cgu.162.rcgu.o):(.debug_info)
   22f80    22f80        0     1                 .L0 
   22f80    22f80        0     1                 $d
   230de    230de      2a7     1         /home/famous282/.rustup/toolchains/stable-x86_64-unknown-linux-gnu/lib/rustlib/riscv32imac-unknown-none-elf/lib/libcompiler_builtins-ad31f96eaed4fe7a.rlib(compiler_builtins-ad31f96eaed4fe7a.compiler_builtins.a8dbbfe33f18591e-cgu.199.rcgu.o):(.debug_info)
   230de    230de        0     1                 .L0 
   230de    230de        0     1                 $d
   23385    23385      273     1         /home/famous282/.rustup/toolchains/stable-x86_64-unknown-linux-gnu/lib/rustlib/riscv32imac-unknown-none-elf/lib/libcompiler_builtins-ad31f96eaed4fe7a.rlib(compiler_builtins-ad31f96eaed4fe7a.compiler_builtins.a8dbbfe33f18591e-cgu.225.rcgu.o):(.debug_info)
   23385    23385        0     1                 .L0 
   23385    23385        0     1                 $d
   235f8    235f8       51     1         /home/famous282/.rustup/toolchains/stable-x86_64-unknown-linux-gnu/lib/rustlib/riscv32imac-unknown-none-elf/lib/libcompiler_builtins-ad31f96eaed4fe7a.rlib(compiler_builtins-ad31f96eaed4fe7a.compiler_builtins.a8dbbfe33f18591e-cgu.228.rcgu.o):(.debug_info)
   235f8    235f8        0     1                 .L0 
   235f8    235f8        0     1                 $d
   23649    23649     14d6     1         /home/famous282/.rustup/toolchains/stable-x86_64-unknown-linux-gnu/lib/rustlib/riscv32imac-unknown-none-elf/lib/libcompiler_builtins-ad31f96eaed4fe7a.rlib(compiler_builtins-ad31f96eaed4fe7a.compiler_builtins.a8dbbfe33f18591e-cgu.003.rcgu.o):(.debug_info)
   23649    23649        0     1                 .L0 
   23649    23649        0     1                 $d
   24b1f    24b1f      37f     1         /home/famous282/.rustup/toolchains/stable-x86_64-unknown-linux-gnu/lib/rustlib/riscv32imac-unknown-none-elf/lib/libcompiler_builtins-ad31f96eaed4fe7a.rlib(compiler_builtins-ad31f96eaed4fe7a.compiler_builtins.a8dbbfe33f18591e-cgu.017.rcgu.o):(.debug_info)
   24b1f    24b1f        0     1                 .L0 
   24b1f    24b1f        0     1                 $d
   24e9e    24e9e      274     1         /home/famous282/.rustup/toolchains/stable-x86_64-unknown-linux-gnu/lib/rustlib/riscv32imac-unknown-none-elf/lib/libcompiler_builtins-ad31f96eaed4fe7a.rlib(compiler_builtins-ad31f96eaed4fe7a.compiler_builtins.a8dbbfe33f18591e-cgu.236.rcgu.o):(.debug_info)
   24e9e    24e9e        0     1                 .L0 
   24e9e    24e9e        0     1                 $d
   25112    25112      15e     1         /home/famous282/.rustup/toolchains/stable-x86_64-unknown-linux-gnu/lib/rustlib/riscv32imac-unknown-none-elf/lib/libcompiler_builtins-ad31f96eaed4fe7a.rlib(compiler_builtins-ad31f96eaed4fe7a.compiler_builtins.a8dbbfe33f18591e-cgu.239.rcgu.o):(.debug_info)
   25112    25112        0     1                 .L0 
   25112    25112        0     1                 $d
   25270    25270       51     1         /home/famous282/.rustup/toolchains/stable-x86_64-unknown-linux-gnu/lib/rustlib/riscv32imac-unknown-none-elf/lib/libcompiler_builtins-ad31f96eaed4fe7a.rlib(compiler_builtins-ad31f96eaed4fe7a.compiler_builtins.a8dbbfe33f18591e-cgu.256.rcgu.o):(.debug_info)
   25270    25270        0     1                 .L0 
   25270    25270        0     1                 $d
   252c1    252c1     182c     1         /home/famous282/.rustup/toolchains/stable-x86_64-unknown-linux-gnu/lib/rustlib/riscv32imac-unknown-none-elf/lib/libcompiler_builtins-ad31f96eaed4fe7a.rlib(compiler_builtins-ad31f96eaed4fe7a.compiler_builtins.a8dbbfe33f18591e-cgu.000.rcgu.o):(.debug_info)
   252c1    252c1        0     1                 .L0 
   252c1    252c1        0     1                 $d
   26aed    26aed      1d8     1         /home/famous282/.rustup/toolchains/stable-x86_64-unknown-linux-gnu/lib/rustlib/riscv32imac-unknown-none-elf/lib/libcompiler_builtins-ad31f96eaed4fe7a.rlib(compiler_builtins-ad31f96eaed4fe7a.compiler_builtins.a8dbbfe33f18591e-cgu.285.rcgu.o):(.debug_info)
   26aed    26aed        0     1                 .L0 
   26aed    26aed        0     1                 $d
   26cc5    26cc5       a1     1         /home/famous282/.rustup/toolchains/stable-x86_64-unknown-linux-gnu/lib/rustlib/riscv32imac-unknown-none-elf/lib/libcompiler_builtins-ad31f96eaed4fe7a.rlib(compiler_builtins-ad31f96eaed4fe7a.compiler_builtins.a8dbbfe33f18591e-cgu.287.rcgu.o):(.debug_info)
   26cc5    26cc5        0     1                 .L0 
   26cc5    26cc5        0     1                 $d
   26d66    26d66       51     1         /home/famous282/.rustup/toolchains/stable-x86_64-unknown-linux-gnu/lib/rustlib/riscv32imac-unknown-none-elf/lib/libcompiler_builtins-ad31f96eaed4fe7a.rlib(compiler_builtins-ad31f96eaed4fe7a.compiler_builtins.a8dbbfe33f18591e-cgu.295.rcgu.o):(.debug_info)
   26d66    26d66        0     1                 .L0 
   26d66    26d66        0     1                 $d
   26db7    26db7      1d8     1         /home/famous282/.rustup/toolchains/stable-x86_64-unknown-linux-gnu/lib/rustlib/riscv32imac-unknown-none-elf/lib/libcompiler_builtins-ad31f96eaed4fe7a.rlib(compiler_builtins-ad31f96eaed4fe7a.compiler_builtins.a8dbbfe33f18591e-cgu.300.rcgu.o):(.debug_info)
   26db7    26db7        0     1                 .L0 
   26db7    26db7        0     1                 $d
   26f8f    26f8f      377     1         /home/famous282/.rustup/toolchains/stable-x86_64-unknown-linux-gnu/lib/rustlib/riscv32imac-unknown-none-elf/lib/libcompiler_builtins-ad31f96eaed4fe7a.rlib(compiler_builtins-ad31f96eaed4fe7a.compiler_builtins.a8dbbfe33f18591e-cgu.303.rcgu.o):(.debug_info)
   26f8f    26f8f        0     1                 .L0 
   26f8f    26f8f        0     1                 $d
   27306    27306       a1     1         /home/famous282/.rustup/toolchains/stable-x86_64-unknown-linux-gnu/lib/rustlib/riscv32imac-unknown-none-elf/lib/libcompiler_builtins-ad31f96eaed4fe7a.rlib(compiler_builtins-ad31f96eaed4fe7a.compiler_builtins.a8dbbfe33f18591e-cgu.308.rcgu.o):(.debug_info)
   27306    27306        0     1                 .L0 
   27306    27306        0     1                 $d
   273a7    273a7       a1     1         /home/famous282/.rustup/toolchains/stable-x86_64-unknown-linux-gnu/lib/rustlib/riscv32imac-unknown-none-elf/lib/libcompiler_builtins-ad31f96eaed4fe7a.rlib(compiler_builtins-ad31f96eaed4fe7a.compiler_builtins.a8dbbfe33f18591e-cgu.315.rcgu.o):(.debug_info)
   273a7    273a7        0     1                 .L0 
   273a7    273a7        0     1                 $d
   27448    27448      15e     1         /home/famous282/.rustup/toolchains/stable-x86_64-unknown-linux-gnu/lib/rustlib/riscv32imac-unknown-none-elf/lib/libcompiler_builtins-ad31f96eaed4fe7a.rlib(compiler_builtins-ad31f96eaed4fe7a.compiler_builtins.a8dbbfe33f18591e-cgu.325.rcgu.o):(.debug_info)
   27448    27448        0     1                 .L0 
   27448    27448        0     1                 $d
   275a6    275a6       51     1         /home/famous282/.rustup/toolchains/stable-x86_64-unknown-linux-gnu/lib/rustlib/riscv32imac-unknown-none-elf/lib/libcompiler_builtins-ad31f96eaed4fe7a.rlib(compiler_builtins-ad31f96eaed4fe7a.compiler_builtins.a8dbbfe33f18591e-cgu.326.rcgu.o):(.debug_info)
   275a6    275a6        0     1                 .L0 
   275a6    275a6        0     1                 $d
   275f7    275f7      373     1         /home/famous282/.rustup/toolchains/stable-x86_64-unknown-linux-gnu/lib/rustlib/riscv32imac-unknown-none-elf/lib/libcompiler_builtins-ad31f96eaed4fe7a.rlib(compiler_builtins-ad31f96eaed4fe7a.compiler_builtins.a8dbbfe33f18591e-cgu.327.rcgu.o):(.debug_info)
   275f7    275f7        0     1                 .L0 
   275f7    275f7        0     1                 $d
   2796a    2796a      1d8     1         /home/famous282/.rustup/toolchains/stable-x86_64-unknown-linux-gnu/lib/rustlib/riscv32imac-unknown-none-elf/lib/libcompiler_builtins-ad31f96eaed4fe7a.rlib(compiler_builtins-ad31f96eaed4fe7a.compiler_builtins.a8dbbfe33f18591e-cgu.331.rcgu.o):(.debug_info)
   2796a    2796a        0     1                 .L0 
   2796a    2796a        0     1                 $d
   27b42    27b42      15e     1         /home/famous282/.rustup/toolchains/stable-x86_64-unknown-linux-gnu/lib/rustlib/riscv32imac-unknown-none-elf/lib/libcompiler_builtins-ad31f96eaed4fe7a.rlib(compiler_builtins-ad31f96eaed4fe7a.compiler_builtins.a8dbbfe33f18591e-cgu.332.rcgu.o):(.debug_info)
   27b42    27b42        0     1                 .L0 
   27b42    27b42        0     1                 $d
   27ca0    27ca0       4b     1         /home/famous282/.rustup/toolchains/stable-x86_64-unknown-linux-gnu/lib/rustlib/riscv32imac-unknown-none-elf/lib/libcompiler_builtins-ad31f96eaed4fe7a.rlib(compiler_builtins-ad31f96eaed4fe7a.compiler_builtins.a8dbbfe33f18591e-cgu.351.rcgu.o):(.debug_info)
   27ca0    27ca0        0     1                 .L0 
   27ca0    27ca0        0     1                 $d
   27ceb    27ceb      f19     1         /home/famous282/.rustup/toolchains/stable-x86_64-unknown-linux-gnu/lib/rustlib/riscv32imac-unknown-none-elf/lib/libcompiler_builtins-ad31f96eaed4fe7a.rlib(compiler_builtins-ad31f96eaed4fe7a.compiler_builtins.a8dbbfe33f18591e-cgu.012.rcgu.o):(.debug_info)
   27ceb    27ceb        0     1                 .L0 
   27ceb    27ceb        0     1                 $d
       0        0     1600     1 .debug_aranges
       0        0       20     1         /home/famous282/1000linesOS/kernel/target/riscv32imac-unknown-none-elf/debug/deps/kernel-e423684175293233.0xglbqqcmy1h5ke8v4z244zh3.0jzmzdj.rcgu.o:(.debug_aranges)
       0        0        0     1                 $d
      20       20       30     1         /home/famous282/1000linesOS/kernel/target/riscv32imac-unknown-none-elf/debug/deps/kernel-e423684175293233.1gy28gr8yncw9yg4wm3kw95ip.0jzmzdj.rcgu.o:(.debug_aranges)
      20       20        0     1                 $d
      50       50       20     1         /home/famous282/1000linesOS/kernel/target/riscv32imac-unknown-none-elf/debug/deps/kernel-e423684175293233.1zwa976huie3oeuiu5py3i96v.0jzmzdj.rcgu.o:(.debug_aranges)
      50       50        0     1                 $d
      70       70       28     1         /home/famous282/1000linesOS/kernel/target/riscv32imac-unknown-none-elf/debug/deps/kernel-e423684175293233.7hqkh35l985iompa8en7ayj8i.0jzmzdj.rcgu.o:(.debug_aranges)
      70       70        0     1                 $d
      98       98       28     1         /home/famous282/1000linesOS/kernel/target/riscv32imac-unknown-none-elf/debug/deps/kernel-e423684175293233.7wj5zoa8xxs3t0yy1onealpk8.0jzmzdj.rcgu.o:(.debug_aranges)
      98       98        0     1                 $d
      c0       c0     1160     1         /home/famous282/.rustup/toolchains/stable-x86_64-unknown-linux-gnu/lib/rustlib/riscv32imac-unknown-none-elf/lib/libcore-c6eeea32d188506f.rlib(core-c6eeea32d188506f.core.f2b050c2002e39f1-cgu.0.rcgu.o):(.debug_aranges)
      c0       c0        0     1                 $d
    1220     1220       20     1         /home/famous282/.rustup/toolchains/stable-x86_64-unknown-linux-gnu/lib/rustlib/riscv32imac-unknown-none-elf/lib/libcompiler_builtins-ad31f96eaed4fe7a.rlib(compiler_builtins-ad31f96eaed4fe7a.compiler_builtins.a8dbbfe33f18591e-cgu.105.rcgu.o):(.debug_aranges)
    1220     1220        0     1                 $d
    1240     1240       20     1         /home/famous282/.rustup/toolchains/stable-x86_64-unknown-linux-gnu/lib/rustlib/riscv32imac-unknown-none-elf/lib/libcompiler_builtins-ad31f96eaed4fe7a.rlib(compiler_builtins-ad31f96eaed4fe7a.compiler_builtins.a8dbbfe33f18591e-cgu.157.rcgu.o):(.debug_aranges)
    1240     1240        0     1                 $d
    1260     1260       28     1         /home/famous282/.rustup/toolchains/stable-x86_64-unknown-linux-gnu/lib/rustlib/riscv32imac-unknown-none-elf/lib/libcompiler_builtins-ad31f96eaed4fe7a.rlib(compiler_builtins-ad31f96eaed4fe7a.compiler_builtins.a8dbbfe33f18591e-cgu.016.rcgu.o):(.debug_aranges)
    1260     1260        0     1                 $d
[...]
    9d68     9d68        0     1                 .L0 
    9d80     9d80        0     1                 .L0 
    9da8     9da8        0     1                 .L0 
    9dc0     9dc0        0     1                 .L0 
    9dd8     9dd8        0     1                 .L0 
    9df0     9df0        0     1                 .L0 
    9e08     9e08        0     1                 .L0 
    9e20     9e20        0     1                 .L0 
    9e38     9e38        0     1                 .L0 
    9e50     9e50        0     1                 .L0 
    9e68     9e68        0     1                 .L0 
    9e80     9e80        0     1                 .L0 
    9ea0     9ea0        0     1                 .L0 
    9eb8     9eb8        0     1                 .L0 
    9ed0     9ed0        0     1                 .L0 
    9ee8     9ee8        0     1                 .L0 
    9f08     9f08        0     1                 .L0 
    9f20     9f20        0     1                 .L0 
    9f40     9f40        0     1                 .L0 
    9f58     9f58        0     1                 .L0 
    9f70     9f70        0     1                 .L0 
    9f88     9f88        0     1                 .L0 
    9fa0     9fa0        0     1                 .L0 
    9fb8     9fb8        0     1                 .L0 
    9fd0     9fd0        0     1                 .L0 
    b120     b120       18     1         /home/famous282/.rustup/toolchains/stable-x86_64-unknown-linux-gnu/lib/rustlib/riscv32imac-unknown-none-elf/lib/libcompiler_builtins-ad31f96eaed4fe7a.rlib(compiler_builtins-ad31f96eaed4fe7a.compiler_builtins.a8dbbfe33f18591e-cgu.105.rcgu.o):(.debug_ranges)
    b120     b120        0     1                 .L0 
    b120     b120        0     1                 $d
    b138     b138      168     1         /home/famous282/.rustup/toolchains/stable-x86_64-unknown-linux-gnu/lib/rustlib/riscv32imac-unknown-none-elf/lib/libcompiler_builtins-ad31f96eaed4fe7a.rlib(compiler_builtins-ad31f96eaed4fe7a.compiler_builtins.a8dbbfe33f18591e-cgu.016.rcgu.o):(.debug_ranges)
    b138     b138        0     1                 .L0 
    b138     b138        0     1                 $d
    b150     b150        0     1                 .L0 
    b170     b170        0     1                 .L0 
    b188     b188        0     1                 .L0 
    b1a0     b1a0        0     1                 .L0 
    b1b8     b1b8        0     1                 .L0 
    b1d8     b1d8        0     1                 .L0 
    b1f8     b1f8        0     1                 .L0 
    b210     b210        0     1                 .L0 
    b228     b228        0     1                 .L0 
    b240     b240        0     1                 .L0 
    b258     b258        0     1                 .L0 
    b270     b270        0     1                 .L0 
    b288     b288        0     1                 .L0 
    b2a0     b2a0       20     1         /home/famous282/.rustup/toolchains/stable-x86_64-unknown-linux-gnu/lib/rustlib/riscv32imac-unknown-none-elf/lib/libcompiler_builtins-ad31f96eaed4fe7a.rlib(compiler_builtins-ad31f96eaed4fe7a.compiler_builtins.a8dbbfe33f18591e-cgu.162.rcgu.o):(.debug_ranges)
    b2a0     b2a0        0     1                 .L0 
    b2a0     b2a0        0     1                 $d
    b2c0     b2c0       48     1         /home/famous282/.rustup/toolchains/stable-x86_64-unknown-linux-gnu/lib/rustlib/riscv32imac-unknown-none-elf/lib/libcompiler_builtins-ad31f96eaed4fe7a.rlib(compiler_builtins-ad31f96eaed4fe7a.compiler_builtins.a8dbbfe33f18591e-cgu.199.rcgu.o):(.debug_ranges)
    b2c0     b2c0        0     1                 .L0 
    b2c0     b2c0        0     1                 $d
    b2d8     b2d8        0     1                 .L0 
    b2f0     b2f0        0     1                 .L0 
    b308     b308       60     1         /home/famous282/.rustup/toolchains/stable-x86_64-unknown-linux-gnu/lib/rustlib/riscv32imac-unknown-none-elf/lib/libcompiler_builtins-ad31f96eaed4fe7a.rlib(compiler_builtins-ad31f96eaed4fe7a.compiler_builtins.a8dbbfe33f18591e-cgu.225.rcgu.o):(.debug_ranges)
    b308     b308        0     1                 .L0 
    b308     b308        0     1                 $d
    b320     b320        0     1                 .L0 
    b338     b338        0     1                 .L0 
    b350     b350        0     1                 .L0 
    b368     b368      620     1         /home/famous282/.rustup/toolchains/stable-x86_64-unknown-linux-gnu/lib/rustlib/riscv32imac-unknown-none-elf/lib/libcompiler_builtins-ad31f96eaed4fe7a.rlib(compiler_builtins-ad31f96eaed4fe7a.compiler_builtins.a8dbbfe33f18591e-cgu.003.rcgu.o):(.debug_ranges)
    b368     b368        0     1                 .L0 
    b368     b368        0     1                 $d
    b380     b380        0     1                 .L0 
    b398     b398        0     1                 .L0 
    b3b0     b3b0        0     1                 .L0 
    b3c8     b3c8        0     1                 .L0 
    b3e0     b3e0        0     1                 .L0 
    b410     b410        0     1                 .L0 
    b458     b458        0     1                 .L0 
    b4b0     b4b0        0     1                 .L0 
    b500     b500        0     1                 .L0 
    b518     b518        0     1                 .L0 
    b548     b548        0     1                 .L0 
    b560     b560        0     1                 .L0 
    b578     b578        0     1                 .L0 
    b590     b590        0     1                 .L0 
    b5a8     b5a8        0     1                 .L0 
    b5c0     b5c0        0     1                 .L0 
    b5d8     b5d8        0     1                 .L0 
    b5f0     b5f0        0     1                 .L0 
    b608     b608        0     1                 .L0 
    b620     b620        0     1                 .L0 
    b638     b638        0     1                 .L0 
    b650     b650        0     1                 .L0 
    b668     b668        0     1                 .L0 
    b6b0     b6b0        0     1                 .L0 
    b6c8     b6c8        0     1                 .L0 
    b6e0     b6e0        0     1                 .L0 
    b700     b700        0     1                 .L0 
    b718     b718        0     1                 .L0 
    b730     b730        0     1                 .L0 
    b758     b758        0     1                 .L0 
    b798     b798        0     1                 .L0 
    b7b0     b7b0        0     1                 .L0 
    b7d0     b7d0        0     1                 .L0 
    b7f8     b7f8        0     1                 .L0 
    b810     b810        0     1                 .L0 
    b828     b828        0     1                 .L0 
    b840     b840        0     1                 .L0 
    b858     b858        0     1                 .L0 
    b870     b870        0     1                 .L0 
    b888     b888        0     1                 .L0 
    b8d0     b8d0        0     1                 .L0 
    b8e8     b8e8        0     1                 .L0 
    b900     b900        0     1                 .L0 
    b918     b918        0     1                 .L0 
    b930     b930        0     1                 .L0 
    b948     b948        0     1                 .L0 
    b960     b960        0     1                 .L0 
    b988     b988      1f0     1         /home/famous282/.rustup/toolchains/stable-x86_64-unknown-linux-gnu/lib/rustlib/riscv32imac-unknown-none-elf/lib/libcompiler_builtins-ad31f96eaed4fe7a.rlib(compiler_builtins-ad31f96eaed4fe7a.compiler_builtins.a8dbbfe33f18591e-cgu.017.rcgu.o):(.debug_ranges)
    b988     b988        0     1                 .L0 
    b988     b988        0     1                 $d
    b9b0     b9b0        0     1                 .L0 
    ba00     ba00        0     1                 .L0 
    ba50     ba50        0     1                 .L0 
    baa8     baa8        0     1                 .L0 
    bae8     bae8        0     1                 .L0 
    bb28     bb28        0     1                 .L0 
    bb78     bb78       58     1         /home/famous282/.rustup/toolchains/stable-x86_64-unknown-linux-gnu/lib/rustlib/riscv32imac-unknown-none-elf/lib/libcompiler_builtins-ad31f96eaed4fe7a.rlib(compiler_builtins-ad31f96eaed4fe7a.compiler_builtins.a8dbbfe33f18591e-cgu.236.rcgu.o):(.debug_ranges)
    bb78     bb78        0     1                 .L0 
    bb78     bb78        0     1                 $d
    bb90     bb90        0     1                 .L0 
    bbb0     bbb0        0     1                 .L0 
    bbd0     bbd0       20     1         /home/famous282/.rustup/toolchains/stable-x86_64-unknown-linux-gnu/lib/rustlib/riscv32imac-unknown-none-elf/lib/libcompiler_builtins-ad31f96eaed4fe7a.rlib(compiler_builtins-ad31f96eaed4fe7a.compiler_builtins.a8dbbfe33f18591e-cgu.239.rcgu.o):(.debug_ranges)
    bbd0     bbd0        0     1                 .L0 
    bbd0     bbd0        0     1                 $d
    bbf0     bbf0      d30     1         /home/famous282/.rustup/toolchains/stable-x86_64-unknown-linux-gnu/lib/rustlib/riscv32imac-unknown-none-elf/lib/libcompiler_builtins-ad31f96eaed4fe7a.rlib(compiler_builtins-ad31f96eaed4fe7a.compiler_builtins.a8dbbfe33f18591e-cgu.000.rcgu.o):(.debug_ranges)
    bbf0     bbf0        0     1                 .L0 
    bbf0     bbf0        0     1                 $d
    bc08     bc08        0     1                 .L0 
    bc20     bc20        0     1                 .L0 
    bc40     bc40        0     1                 .L0 
    bc60     bc60        0     1                 .L0 
    bc80     bc80        0     1                 .L0 
    bd00     bd00        0     1                 .L0 
    bd80     bd80        0     1                 .L0 
    be28     be28        0     1                 .L0 
    bed0     bed0        0     1                 .L0 
    bee8     bee8        0     1                 .L0 
    bf28     bf28        0     1                 .L0 
    bf70     bf70        0     1                 .L0 
    bfa0     bfa0        0     1                 .L0 
    bfe0     bfe0        0     1                 .L0 
    c048     c048        0     1                 .L0 
    c080     c080        0     1                 .L0 
    c0b0     c0b0        0     1                 .L0 
    c0d8     c0d8        0     1                 .L0 
    c0f8     c0f8        0     1                 .L0 
    c118     c118        0     1                 .L0 
    c138     c138        0     1                 .L0 
    c150     c150        0     1                 .L0 
    c188     c188        0     1                 .L0 
    c1c8     c1c8        0     1                 .L0 
    c1f0     c1f0        0     1                 .L0 
    c210     c210        0     1                 .L0 
    c248     c248        0     1                 .L0 
    c260     c260        0     1                 .L0 
    c2a0     c2a0        0     1                 .L0 
    c2b8     c2b8        0     1                 .L0 
    c2d0     c2d0        0     1                 .L0 
    c2f0     c2f0        0     1                 .L0 
    c310     c310        0     1                 .L0 
    c328     c328        0     1                 .L0 
    c350     c350        0     1                 .L0 
    c378     c378        0     1                 .L0 
    c390     c390        0     1                 .L0 
    c3e0     c3e0        0     1                 .L0 
    c3f8     c3f8        0     1                 .L0 
    c410     c410        0     1                 .L0 
    c430     c430        0     1                 .L0 
    c448     c448        0     1                 .L0 
    c468     c468        0     1                 .L0 
    c490     c490        0     1                 .L0 
    c4b0     c4b0        0     1                 .L0 
    c4c8     c4c8        0     1                 .L0 
    c4e0     c4e0        0     1                 .L0 
    c4f8     c4f8        0     1                 .L0 
    c510     c510        0     1                 .L0 
    c528     c528        0     1                 .L0 
    c568     c568        0     1                 .L0 
    c598     c598        0     1                 .L0 
    c5b8     c5b8        0     1                 .L0 
    c5d0     c5d0        0     1                 .L0 
    c5e8     c5e8        0     1                 .L0 
    c600     c600        0     1                 .L0 
    c620     c620        0     1                 .L0 
    c640     c640        0     1                 .L0 
    c660     c660        0     1                 .L0 
    c680     c680        0     1                 .L0 
    c6a0     c6a0        0     1                 .L0 
    c6b8     c6b8        0     1                 .L0 
    c6d0     c6d0        0     1                 .L0 
    c6e8     c6e8        0     1                 .L0 
    c700     c700        0     1                 .L0 
    c728     c728        0     1                 .L0 
    c748     c748        0     1                 .L0 
    c760     c760        0     1                 .L0 
    c7a8     c7a8        0     1                 .L0 
    c7c0     c7c0        0     1                 .L0 
    c7d8     c7d8        0     1                 .L0 
    c7f0     c7f0        0     1                 .L0 
    c808     c808        0     1                 .L0 
    c820     c820        0     1                 .L0 
    c838     c838        0     1                 .L0 
    c850     c850        0     1                 .L0 
    c868     c868        0     1                 .L0 
    c880     c880        0     1                 .L0 
    c898     c898        0     1                 .L0 
    c8b0     c8b0        0     1                 .L0 
    c8c8     c8c8        0     1                 .L0 
    c8e0     c8e0        0     1                 .L0 
    c900     c900        0     1                 .L0 
    c920     c920       78     1         /home/famous282/.rustup/toolchains/stable-x86_64-unknown-linux-gnu/lib/rustlib/riscv32imac-unknown-none-elf/lib/libcompiler_builtins-ad31f96eaed4fe7a.rlib(compiler_builtins-ad31f96eaed4fe7a.compiler_builtins.a8dbbfe33f18591e-cgu.285.rcgu.o):(.debug_ranges)
    c920     c920        0     1                 .L0 
    c920     c920        0     1                 $d
    c950     c950        0     1                 .L0 
    c968     c968        0     1                 .L0 
    c980     c980        0     1                 .L0 
    c998     c998       68     1         /home/famous282/.rustup/toolchains/stable-x86_64-unknown-linux-gnu/lib/rustlib/riscv32imac-unknown-none-elf/lib/libcompiler_builtins-ad31f96eaed4fe7a.rlib(compiler_builtins-ad31f96eaed4fe7a.compiler_builtins.a8dbbfe33f18591e-cgu.300.rcgu.o):(.debug_ranges)
    c998     c998        0     1                 .L0 
    c998     c998        0     1                 $d
    c9b8     c9b8        0     1                 .L0 
    c9d0     c9d0        0     1                 .L0 
    c9e8     c9e8        0     1                 .L0 
    ca00     ca00       98     1         /home/famous282/.rustup/toolchains/stable-x86_64-unknown-linux-gnu/lib/rustlib/riscv32imac-unknown-none-elf/lib/libcompiler_builtins-ad31f96eaed4fe7a.rlib(compiler_builtins-ad31f96eaed4fe7a.compiler_builtins.a8dbbfe33f18591e-cgu.303.rcgu.o):(.debug_ranges)
    ca00     ca00        0     1                 .L0 
    ca00     ca00        0     1                 $d
    ca20     ca20        0     1                 .L0 
    ca40     ca40        0     1                 .L0 
    ca60     ca60        0     1                 .L0 
    ca80     ca80        0     1                 .L0 
    ca98     ca98       20     1         /home/famous282/.rustup/toolchains/stable-x86_64-unknown-linux-gnu/lib/rustlib/riscv32imac-unknown-none-elf/lib/libcompiler_builtins-ad31f96eaed4fe7a.rlib(compiler_builtins-ad31f96eaed4fe7a.compiler_builtins.a8dbbfe33f18591e-cgu.325.rcgu.o):(.debug_ranges)
    ca98     ca98        0     1                 .L0 
    ca98     ca98        0     1                 $d
    cab8     cab8       d8     1         /home/famous282/.rustup/toolchains/stable-x86_64-unknown-linux-gnu/lib/rustlib/riscv32imac-unknown-none-elf/lib/libcompiler_builtins-ad31f96eaed4fe7a.rlib(compiler_builtins-ad31f96eaed4fe7a.compiler_builtins.a8dbbfe33f18591e-cgu.327.rcgu.o):(.debug_ranges)
    cab8     cab8        0     1                 .L0 
    cab8     cab8        0     1                 $d
    caf8     caf8        0     1                 .L0 
    cb38     cb38        0     1                 .L0 
    cb78     cb78        0     1                 .L0 
    cb90     cb90       78     1         /home/famous282/.rustup/toolchains/stable-x86_64-unknown-linux-gnu/lib/rustlib/riscv32imac-unknown-none-elf/lib/libcompiler_builtins-ad31f96eaed4fe7a.rlib(compiler_builtins-ad31f96eaed4fe7a.compiler_builtins.a8dbbfe33f18591e-cgu.331.rcgu.o):(.debug_ranges)
    cb90     cb90        0     1                 .L0 
    cb90     cb90        0     1                 $d
    cbc0     cbc0        0     1                 .L0 
    cbd8     cbd8        0     1                 .L0 
    cbf0     cbf0        0     1                 .L0 
    cc08     cc08       18     1         /home/famous282/.rustup/toolchains/stable-x86_64-unknown-linux-gnu/lib/rustlib/riscv32imac-unknown-none-elf/lib/libcompiler_builtins-ad31f96eaed4fe7a.rlib(compiler_builtins-ad31f96eaed4fe7a.compiler_builtins.a8dbbfe33f18591e-cgu.332.rcgu.o):(.debug_ranges)
    cc08     cc08        0     1                 .L0 
    cc08     cc08        0     1                 $d
    cc20     cc20      3b0     1         /home/famous282/.rustup/toolchains/stable-x86_64-unknown-linux-gnu/lib/rustlib/riscv32imac-unknown-none-elf/lib/libcompiler_builtins-ad31f96eaed4fe7a.rlib(compiler_builtins-ad31f96eaed4fe7a.compiler_builtins.a8dbbfe33f18591e-cgu.012.rcgu.o):(.debug_ranges)
    cc20     cc20        0     1                 .L0 
    cc20     cc20        0     1                 $d
    cc38     cc38        0     1                 .L0 
    cc50     cc50        0     1                 .L0 
    cc70     cc70        0     1                 .L0 
    cc90     cc90        0     1                 .L0 
    cca8     cca8        0     1                 .L0 
    ccc0     ccc0        0     1                 .L0 
    ccd8     ccd8        0     1                 .L0 
    ccf0     ccf0        0     1                 .L0 
    cd08     cd08        0     1                 .L0 
    cd20     cd20        0     1                 .L0 
    cd38     cd38        0     1                 .L0 
    cd50     cd50        0     1                 .L0 
    cd80     cd80        0     1                 .L0 
    cd98     cd98        0     1                 .L0 
    cdb8     cdb8        0     1                 .L0 
    cde0     cde0        0     1                 .L0 
    ce00     ce00        0     1                 .L0 
    ce20     ce20        0     1                 .L0 
    ce38     ce38        0     1                 .L0 
    ce50     ce50        0     1                 .L0 
    ce70     ce70        0     1                 .L0 
    ce90     ce90        0     1                 .L0 
    ceb8     ceb8        0     1                 .L0 
    ced0     ced0        0     1                 .L0 
    cee8     cee8        0     1                 .L0 
    cf08     cf08        0     1                 .L0 
    cf28     cf28        0     1                 .L0 
    cf40     cf40        0     1                 .L0 
    cf58     cf58        0     1                 .L0 
    cf70     cf70        0     1                 .L0 
    cf90     cf90        0     1                 .L0 
    cfb0     cfb0        0     1                 .L0 
       0        0     a560     4 .symtab
       0        0     a560     4         <internal>:(.symtab)
       0        0       b9     1 .shstrtab
       0        0       b9     1         <internal>:(.shstrtab)
       0        0     41c0     1 .strtab
       0        0     41c0     1         <internal>:(.strtab)
