     VMA      LMA     Size Align Out     In      Symbol
       0        0 80200000     1 . = 0x80200000
80200000 80200000      e2a     4 .text
80200000 80200000        c     4         /home/famous282/1000linesOS/kernel/target/riscv32imac-unknown-none-elf/debug/deps/kernel-e423684175293233.7hqkh35l985iompa8en7ayj8i.1nourg6.rcgu.o:(.text.boot)
80200000 80200000        0     1                 .Lpcrel_hi0
80200000 80200000        0     1                 $x
80200000 80200000        c     1                 boot
8020000c 8020000c        a     2         /home/famous282/1000linesOS/kernel/target/riscv32imac-unknown-none-elf/debug/deps/kernel-e423684175293233.0xglbqqcmy1h5ke8v4z244zh3.1nourg6.rcgu.o:(.text._ZN44_$LT$$RF$T$u20$as$u20$core..fmt..Display$GT$3fmt17hcfe92452accabfd8E)
8020000c 8020000c        0     1                 .L0 
8020000c 8020000c        0     1                 .L0 
8020000c 8020000c        0     1                 $x
8020000c 8020000c        0     1                 .L0 
8020000c 8020000c        a     1                 _$LT$$RF$T$u20$as$u20$core..fmt..Display$GT$::fmt::hcfe92452accabfd8
80200016 80200016       8e     2         /home/famous282/1000linesOS/kernel/target/riscv32imac-unknown-none-elf/debug/deps/kernel-e423684175293233.1gy28gr8yncw9yg4wm3kw95ip.1nourg6.rcgu.o:(.text._ZN4core3fmt5Write10write_char17h31e0d6cdd98ca089E.llvm.11468890524131549399)
80200016 80200016        0     1                 .L0 
80200016 80200016        0     1                 .L0 
80200016 80200016        0     1                 $x
80200016 80200016        0     1                 .L0 
80200016 80200016       8e     1                 core::fmt::Write::write_char::h31e0d6cdd98ca089 (.llvm.11468890524131549399)
80200020 80200020        0     1                 .L0 
80200020 80200020        0     1                 .L0 
80200024 80200024        0     1                 .L0 
80200024 80200024        0     1                 .L0 
8020002a 8020002a        0     1                 .L0 
8020002c 8020002c        0     1                 .L0 
8020002c 8020002c        0     1                 .L0 
80200030 80200030        0     1                 .L0 
80200038 80200038        0     1                 .L0 
8020003c 8020003c        0     1                 .L0 
8020003c 8020003c        0     1                 .L0 
8020003e 8020003e        0     1                 .L0 
8020004c 8020004c        0     1                 .L0 
8020004e 8020004e        0     1                 .L0 
80200052 80200052        0     1                 .L0 
80200052 80200052        0     1                 .L0 
80200056 80200056        0     1                 .L0 
8020005e 8020005e        0     1                 .L0 
8020005e 8020005e        0     1                 .L0 
80200060 80200060        0     1                 .L0 
80200072 80200072        0     1                 .L0 
80200074 80200074        0     1                 .L0 
80200082 80200082        0     1                 .L0 
80200082 80200082        0     1                 .L0 
80200094 80200094        0     1                 .L0 
802000a4 802000a4        0     1                 .L0 
802000a4 802000a4       14     2         /home/famous282/1000linesOS/kernel/target/riscv32imac-unknown-none-elf/debug/deps/kernel-e423684175293233.1gy28gr8yncw9yg4wm3kw95ip.1nourg6.rcgu.o:(.text._ZN4core3fmt5Write9write_fmt17h62d4561b3b4ed37dE)
802000a4 802000a4        0     1                 .L0 
802000a4 802000a4        0     1                 .L0 
802000a4 802000a4        0     1                 $x
802000a4 802000a4        0     1                 .L0 
802000a4 802000a4       14     1                 core::fmt::Write::write_fmt::h62d4561b3b4ed37d
802000a8 802000a8        0     1                 .L0 
802000b8 802000b8        0     1                 .L0 
802000b8 802000b8       4e     2         /home/famous282/1000linesOS/kernel/target/riscv32imac-unknown-none-elf/debug/deps/kernel-e423684175293233.1zwa976huie3oeuiu5py3i96v.1nourg6.rcgu.o:(.text._RNvCshXwFllX56pT_7___rustc17rust_begin_unwind)
802000b8 802000b8        0     1                 .L0 
802000b8 802000b8        0     1                 .L0 
802000b8 802000b8        0     1                 $x
802000b8 802000b8        0     1                 .L0 
802000b8 802000b8       4e     1                 __rustc::rust_begin_unwind
802000be 802000be        0     1                 .L0 
802000d6 802000d6        0     1                 .L0 
802000e2 802000e2        0     1                 .L0 
80200100 80200100        0     1                 .L0 
80200106 80200106        0     1                 .L0 
80200106 80200106       14     2         /home/famous282/1000linesOS/kernel/target/riscv32imac-unknown-none-elf/debug/deps/kernel-e423684175293233.7hqkh35l985iompa8en7ayj8i.1nourg6.rcgu.o:(.text._ZN6kernel6kernel7putchar17hfb6a7f57326cea56E)
80200106 80200106        0     1                 .L0 
80200106 80200106        0     1                 .L0 
80200106 80200106        0     1                 $x
80200106 80200106        0     1                 .L0 
80200106 80200106       14     1                 kernel::kernel::putchar::hfb6a7f57326cea56
8020011a 8020011a        0     1                 .L0 
8020011a 8020011a       46     2         /home/famous282/1000linesOS/kernel/target/riscv32imac-unknown-none-elf/debug/deps/kernel-e423684175293233.7hqkh35l985iompa8en7ayj8i.1nourg6.rcgu.o:(.text.kernel_main)
8020011a 8020011a        0     1                 .L0 
8020011a 8020011a        0     1                 .L0 
8020011a 8020011a        0     1                 $x
8020011a 8020011a        0     1                 .L0 
8020011a 8020011a       46     1                 kernel_main
8020012e 8020012e        0     1                 .L0 
8020012e 8020012e        0     1                 .L0 
80200132 80200132        0     1                 .L0 
80200134 80200134        0     1                 .L0 
80200134 80200134        0     1                 .L0 
80200140 80200140        0     1                 .L0 
80200144 80200144        0     1                 .L0 
80200148 80200148        0     1                 .L0 
8020014a 8020014a        0     1                 .L0 
8020014a 8020014a        0     1                 .L0 
8020014e 8020014e        0     1                 .L0 
8020014e 8020014e        0     1                 .L0 
80200150 80200150        0     1                 .L0 
80200160 80200160        0     1                 .L0 
80200160 80200160        0     1                 .L0 
80200160 80200160       18     2         /home/famous282/1000linesOS/kernel/target/riscv32imac-unknown-none-elf/debug/deps/kernel-e423684175293233.7wj5zoa8xxs3t0yy1onealpk8.1nourg6.rcgu.o:(.text.unlikely._ZN4core4hint21unreachable_unchecked18precondition_check17h553eca9260945490E.llvm.1634436068497971672)
80200160 80200160        0     1                 .L0 
80200160 80200160        0     1                 .L0 
80200160 80200160        0     1                 $x
80200160 80200160        0     1                 .L0 
80200160 80200160       18     1                 core::hint::unreachable_unchecked::precondition_check::h553eca9260945490 (.llvm.1634436068497971672)
80200162 80200162        0     1                 .L0 
80200178 80200178        0     1                 .L0 
80200178 80200178      116     2         /home/famous282/1000linesOS/kernel/target/riscv32imac-unknown-none-elf/debug/deps/kernel-e423684175293233.7wj5zoa8xxs3t0yy1onealpk8.1nourg6.rcgu.o:(.text._ZN60_$LT$kernel..common..Console$u20$as$u20$core..fmt..Write$GT$9write_str17h29cb7a28077f2031E)
80200178 80200178        0     1                 .L0 
80200178 80200178        0     1                 .L0 
80200178 80200178        0     1                 $x
80200178 80200178        0     1                 .L0 
80200178 80200178      116     1                 _$LT$kernel..common..Console$u20$as$u20$core..fmt..Write$GT$::write_str::h29cb7a28077f2031
8020018a 8020018a        0     1                 .L0 
8020018a 8020018a        0     1                 .L0 
8020018c 8020018c        0     1                 .L0 
8020018c 8020018c        0     1                 .L0 
802001aa 802001aa        0     1                 .L0 
802001ae 802001ae        0     1                 .L0 
802001b2 802001b2        0     1                 .L0 
802001b2 802001b2        0     1                 .L0 
802001b6 802001b6        0     1                 .L0 
802001b8 802001b8        0     1                 .L0 
802001ba 802001ba        0     1                 .L0 
802001ba 802001ba        0     1                 .L0 
802001be 802001be        0     1                 .L0 
802001be 802001be        0     1                 .L0 
802001c6 802001c6        0     1                 .L0 
802001ca 802001ca        0     1                 .L0 
802001ce 802001ce        0     1                 .L0 
802001ce 802001ce        0     1                 .L0 
802001d2 802001d2        0     1                 .L0 
802001d2 802001d2        0     1                 .L0 
802001d6 802001d6        0     1                 .L0 
802001da 802001da        0     1                 .L0 
802001de 802001de        0     1                 .L0 
802001e6 802001e6        0     1                 .L0 
802001e6 802001e6        0     1                 .L0 
802001ea 802001ea        0     1                 .L0 
802001ea 802001ea        0     1                 .L0 
802001ee 802001ee        0     1                 .L0 
802001f2 802001f2        0     1                 .L0 
802001f8 802001f8        0     1                 .L0 
80200202 80200202        0     1                 .L0 
80200204 80200204        0     1                 .L0 
8020020c 8020020c        0     1                 .L0 
80200212 80200212        0     1                 .L0 
80200214 80200214        0     1                 .L0 
80200214 80200214        0     1                 .L0 
8020021e 8020021e        0     1                 .L0 
8020021e 8020021e        0     1                 .L0 
80200226 80200226        0     1                 .L0 
80200226 80200226        0     1                 .L0 
8020022a 8020022a        0     1                 .L0 
8020022a 8020022a        0     1                 .L0 
80200240 80200240        0     1                 .L0 
8020025e 8020025e        0     1                 .L0 
8020026e 8020026e        0     1                 .L0 
8020027e 8020027e        0     1                 .L0 
8020028e 8020028e        0     1                 .L0 
8020028e 8020028e        0     1                 .L0 
8020028e 8020028e       10     2         /home/famous282/.rustup/toolchains/stable-x86_64-unknown-linux-gnu/lib/rustlib/riscv32imac-unknown-none-elf/lib/libcore-c6eeea32d188506f.rlib(core-c6eeea32d188506f.core.f2b050c2002e39f1-cgu.0.rcgu.o):(.text._ZN44_$LT$$RF$T$u20$as$u20$core..fmt..Display$GT$3fmt17h5898cbbb0fdaab9dE)
8020028e 8020028e       10     1                 _$LT$$RF$T$u20$as$u20$core..fmt..Display$GT$::fmt::h5898cbbb0fdaab9d
8020028e 8020028e        0     1                 .L0 
8020028e 8020028e        0     1                 .L0 
8020028e 8020028e        0     1                 $x
8020028e 8020028e        0     1                 .L0 
80200294 80200294        0     1                 .L0 
8020029e 8020029e        0     1                 .L0 
8020029e 8020029e      1ee     2         /home/famous282/.rustup/toolchains/stable-x86_64-unknown-linux-gnu/lib/rustlib/riscv32imac-unknown-none-elf/lib/libcore-c6eeea32d188506f.rlib(core-c6eeea32d188506f.core.f2b050c2002e39f1-cgu.0.rcgu.o):(.text._ZN4core3fmt3num3imp21_$LT$impl$u20$u32$GT$10_fmt_inner17h798662ed11497e6fE)
8020029e 8020029e      1ee     1                 core::fmt::num::imp::_$LT$impl$u20$u32$GT$::_fmt_inner::h798662ed11497e6f
8020029e 8020029e        0     1                 .L0 
8020029e 8020029e        0     1                 .L0 
8020029e 8020029e        0     1                 $x
8020029e 8020029e        0     1                 .L0 
802002bc 802002bc        0     1                 .L0 
802002c0 802002c0        0     1                 .L0 
802002fe 802002fe        0     1                 .L0 
80200302 80200302        0     1                 .L0 
80200332 80200332        0     1                 .L0 
80200336 80200336        0     1                 .L0 
8020033a 8020033a        0     1                 .L0 
80200342 80200342        0     1                 .L0 
80200346 80200346        0     1                 .L0 
8020034a 8020034a        0     1                 .L0 
8020035c 8020035c        0     1                 .L0 
80200360 80200360        0     1                 .L0 
80200364 80200364        0     1                 .L0 
8020036c 8020036c        0     1                 .L0 
80200370 80200370        0     1                 .L0 
80200376 80200376        0     1                 .L0 
8020037c 8020037c        0     1                 .L0 
80200380 80200380        0     1                 .L0 
80200384 80200384        0     1                 .L0 
80200388 80200388        0     1                 .L0 
802003c0 802003c0        0     1                 .L0 
802003c4 802003c4        0     1                 .L0 
802003c8 802003c8        0     1                 .L0 
802003ce 802003ce        0     1                 .L0 
802003d2 802003d2        0     1                 .L0 
802003d6 802003d6        0     1                 .L0 
802003da 802003da        0     1                 .L0 
802003de 802003de        0     1                 .L0 
802003e4 802003e4        0     1                 .L0 
802003f6 802003f6        0     1                 .L0 
8020048c 8020048c        0     1                 .L0 
8020048c 8020048c       4c     2         /home/famous282/.rustup/toolchains/stable-x86_64-unknown-linux-gnu/lib/rustlib/riscv32imac-unknown-none-elf/lib/libcore-c6eeea32d188506f.rlib(core-c6eeea32d188506f.core.f2b050c2002e39f1-cgu.0.rcgu.o):(.text._ZN4core3fmt3num3imp52_$LT$impl$u20$core..fmt..Display$u20$for$u20$u32$GT$3fmt17h3a3b01c2c200e3dfE)
8020048c 8020048c        0     1                 .L0 
8020048c 8020048c        0     1                 .L0 
8020048c 8020048c        0     1                 $x
8020048c 8020048c        0     1                 .L0 
8020048c 8020048c       4c     1                 core::fmt::num::imp::_$LT$impl$u20$core..fmt..Display$u20$for$u20$u32$GT$::fmt::h3a3b01c2c200e3df
8020048c 8020048c       4c     1                 core::fmt::num::imp::_$LT$impl$u20$core..fmt..Display$u20$for$u20$usize$GT$::fmt::h27b9f38dab907a22
802004a2 802004a2        0     1                 .L0 
802004b2 802004b2        0     1                 .L0 
802004b6 802004b6        0     1                 .L0 
802004d8 802004d8        0     1                 .L0 
802004d8 802004d8      1d6     2         /home/famous282/.rustup/toolchains/stable-x86_64-unknown-linux-gnu/lib/rustlib/riscv32imac-unknown-none-elf/lib/libcore-c6eeea32d188506f.rlib(core-c6eeea32d188506f.core.f2b050c2002e39f1-cgu.0.rcgu.o):(.text._ZN4core3fmt5write17h08cf6cd1f1c92632E)
802004d8 802004d8        0     1                 .L0 
802004d8 802004d8        0     1                 .L0 
802004d8 802004d8        0     1                 $x
802004d8 802004d8        0     1                 .L0 
802004d8 802004d8      1d6     1                 core::fmt::write::h08cf6cd1f1c92632
802004f8 802004f8        0     1                 .L0 
802004fe 802004fe        0     1                 .L0 
802004fe 802004fe        0     1                 .L0 
80200502 80200502        0     1                 .L0 
80200502 80200502        0     1                 .L0 
80200506 80200506        0     1                 .L0 
80200506 80200506        0     1                 .L0 
8020050a 8020050a        0     1                 .L0 
80200522 80200522        0     1                 .L0 
80200522 80200522        0     1                 .L0 
8020052a 8020052a        0     1                 .L0 
8020052e 8020052e        0     1                 .L0 
8020053e 8020053e        0     1                 .L0 
80200544 80200544        0     1                 .L0 
80200544 80200544        0     1                 .L0 
80200548 80200548        0     1                 .L0 
8020054a 8020054a        0     1                 .L0 
80200550 80200550        0     1                 .L0 
80200550 80200550        0     1                 .L0 
80200554 80200554        0     1                 .L0 
80200558 80200558        0     1                 .L0 
8020055c 8020055c        0     1                 .L0 
80200560 80200560        0     1                 .L0 
80200568 80200568        0     1                 .L0 
8020056c 8020056c        0     1                 .L0 
8020056e 8020056e        0     1                 .L0 
80200570 80200570        0     1                 .L0 
80200578 80200578        0     1                 .L0 
80200580 80200580        0     1                 .L0 
80200580 80200580        0     1                 .L0 
8020059e 8020059e        0     1                 .L0 
802005a2 802005a2        0     1                 .L0 
802005a8 802005a8        0     1                 .L0 
802005aa 802005aa        0     1                 .L0 
802005b0 802005b0        0     1                 .L0 
802005b0 802005b0        0     1                 .L0 
802005bc 802005bc        0     1                 .L0 
802005be 802005be        0     1                 .L0 
802005c6 802005c6        0     1                 .L0 
802005c6 802005c6        0     1                 .L0 
802005d4 802005d4        0     1                 .L0 
802005e0 802005e0        0     1                 .L0 
802005e2 802005e2        0     1                 .L0 
802005e4 802005e4        0     1                 .L0 
802005e6 802005e6        0     1                 .L0 
802005e6 802005e6        0     1                 .L0 
802005f2 802005f2        0     1                 .L0 
802005f4 802005f4        0     1                 .L0 
802005fa 802005fa        0     1                 .L0 
802005fc 802005fc        0     1                 .L0 
80200602 80200602        0     1                 .L0 
80200602 80200602        0     1                 .L0 
80200610 80200610        0     1                 .L0 
80200612 80200612        0     1                 .L0 
80200618 80200618        0     1                 .L0 
8020061e 8020061e        0     1                 .L0 
8020061e 8020061e        0     1                 .L0 
80200622 80200622        0     1                 .L0 
80200626 80200626        0     1                 .L0 
8020062e 8020062e        0     1                 .L0 
80200632 80200632        0     1                 .L0 
80200646 80200646        0     1                 .L0 
8020064c 8020064c        0     1                 .L0 
8020064c 8020064c        0     1                 .L0 
80200652 80200652        0     1                 .L0 
80200652 80200652        0     1                 .L0 
80200656 80200656        0     1                 .L0 
8020065a 8020065a        0     1                 .L0 
80200662 80200662        0     1                 .L0 
80200666 80200666        0     1                 .L0 
8020066a 8020066a        0     1                 .L0 
8020068c 8020068c        0     1                 .L0 
80200692 80200692        0     1                 .L0 
802006ae 802006ae        0     1                 .L0 
802006ae 802006ae       60     2         /home/famous282/.rustup/toolchains/stable-x86_64-unknown-linux-gnu/lib/rustlib/riscv32imac-unknown-none-elf/lib/libcore-c6eeea32d188506f.rlib(core-c6eeea32d188506f.core.f2b050c2002e39f1-cgu.0.rcgu.o):(.text._ZN4core3fmt9Formatter12pad_integral12write_prefix17hbefd4732ff2afbc6E)
802006ae 802006ae       60     1                 core::fmt::Formatter::pad_integral::write_prefix::hbefd4732ff2afbc6
802006ae 802006ae        0     1                 .L0 
802006ae 802006ae        0     1                 .L0 
802006ae 802006ae        0     1                 $x
802006ae 802006ae        0     1                 .L0 
802006c8 802006c8        0     1                 .L0 
802006cc 802006cc        0     1                 .L0 
802006da 802006da        0     1                 .L0 
802006da 802006da        0     1                 .L0 
802006dc 802006dc        0     1                 .L0 
802006de 802006de        0     1                 .L0 
802006e0 802006e0        0     1                 .L0 
802006e4 802006e4        0     1                 .L0 
8020070e 8020070e        0     1                 .L0 
8020070e 8020070e      25e     2         /home/famous282/.rustup/toolchains/stable-x86_64-unknown-linux-gnu/lib/rustlib/riscv32imac-unknown-none-elf/lib/libcore-c6eeea32d188506f.rlib(core-c6eeea32d188506f.core.f2b050c2002e39f1-cgu.0.rcgu.o):(.text._ZN4core3fmt9Formatter12pad_integral17hadb0409c6de42a5cE)
8020070e 8020070e        0     1                 .L0 
8020070e 8020070e        0     1                 .L0 
8020070e 8020070e        0     1                 $x
8020070e 8020070e        0     1                 .L0 
8020070e 8020070e      25e     1                 core::fmt::Formatter::pad_integral::hadb0409c6de42a5c
80200736 80200736        0     1                 .L0 
80200738 80200738        0     1                 .L0 
80200738 80200738        0     1                 .L0 
80200746 80200746        0     1                 .L0 
80200748 80200748        0     1                 .L0 
80200752 80200752        0     1                 .L0 
8020075a 8020075a        0     1                 .L0 
8020075c 8020075c        0     1                 .L0 
8020075c 8020075c        0     1                 .L0 
80200760 80200760        0     1                 .L0 
80200762 80200762        0     1                 .L0 
80200762 80200762        0     1                 .L0 
80200766 80200766        0     1                 .L0 
80200772 80200772        0     1                 .L0 
8020077a 8020077a        0     1                 .L0 
8020077c 8020077c        0     1                 .L0 
80200780 80200780        0     1                 .L0 
80200780 80200780        0     1                 .L0 
80200786 80200786        0     1                 .L0 
8020078a 8020078a        0     1                 .L0 
80200796 80200796        0     1                 .L0 
8020079a 8020079a        0     1                 .L0 
802007a2 802007a2        0     1                 .L0 
802007a4 802007a4        0     1                 .L0 
802007a4 802007a4        0     1                 .L0 
802007ac 802007ac        0     1                 .L0 
802007ae 802007ae        0     1                 .L0 
802007b0 802007b0        0     1                 .L0 
802007b0 802007b0        0     1                 .L0 
802007bc 802007bc        0     1                 .L0 
802007c4 802007c4        0     1                 .L0 
802007ca 802007ca        0     1                 .L0 
802007ce 802007ce        0     1                 .L0 
802007e8 802007e8        0     1                 .L0 
802007e8 802007e8        0     1                 .L0 
802007ec 802007ec        0     1                 .L0 
80200812 80200812        0     1                 .L0 
8020081e 8020081e        0     1                 .L0 
80200824 80200824        0     1                 .L0 
8020082a 8020082a        0     1                 .L0 
80200842 80200842        0     1                 .L0 
8020084a 8020084a        0     1                 .L0 
80200850 80200850        0     1                 .L0 
80200866 80200866        0     1                 .L0 
80200878 80200878        0     1                 .L0 
80200878 80200878        0     1                 .L0 
80200880 80200880        0     1                 .L0 
80200880 80200880        0     1                 .L0 
80200884 80200884        0     1                 .L0 
80200886 80200886        0     1                 .L0 
8020088e 8020088e        0     1                 .L0 
8020088e 8020088e        0     1                 .L0 
80200892 80200892        0     1                 .L0 
80200896 80200896        0     1                 .L0 
80200896 80200896        0     1                 .L0 
8020089a 8020089a        0     1                 .L0 
8020089a 8020089a        0     1                 .L0 
802008a4 802008a4        0     1                 .L0 
802008a4 802008a4        0     1                 .L0 
802008b2 802008b2        0     1                 .L0 
802008b4 802008b4        0     1                 .L0 
802008b6 802008b6        0     1                 .L0 
802008c4 802008c4        0     1                 .L0 
802008e0 802008e0        0     1                 .L0 
802008e4 802008e4        0     1                 .L0 
802008e8 802008e8        0     1                 .L0 
802008e8 802008e8        0     1                 .L0 
802008ec 802008ec        0     1                 .L0 
802008ee 802008ee        0     1                 .L0 
802008f4 802008f4        0     1                 .L0 
802008f4 802008f4        0     1                 .L0 
802008f6 802008f6        0     1                 .L0 
802008f6 802008f6        0     1                 .L0 
80200918 80200918        0     1                 .L0 
8020092e 8020092e        0     1                 .L0 
8020093c 8020093c        0     1                 .L0 
8020093e 8020093e        0     1                 .L0 
80200950 80200950        0     1                 .L0 
80200958 80200958        0     1                 .L0 
8020095c 8020095c        0     1                 .L0 
8020095c 8020095c        0     1                 .L0 
80200960 80200960        0     1                 .L0 
80200962 80200962        0     1                 .L0 
80200968 80200968        0     1                 .L0 
80200968 80200968        0     1                 .L0 
8020096c 8020096c        0     1                 .L0 
8020096c 8020096c      1c2     2         /home/famous282/.rustup/toolchains/stable-x86_64-unknown-linux-gnu/lib/rustlib/riscv32imac-unknown-none-elf/lib/libcore-c6eeea32d188506f.rlib(core-c6eeea32d188506f.core.f2b050c2002e39f1-cgu.0.rcgu.o):(.text._ZN4core3fmt9Formatter3pad17hc840830cded8a376E)
8020096c 8020096c        0     1                 .L0 
8020096c 8020096c        0     1                 .L0 
8020096c 8020096c        0     1                 $x
8020096c 8020096c        0     1                 .L0 
8020096c 8020096c      1c2     1                 core::fmt::Formatter::pad::hc840830cded8a376
8020098a 8020098a        0     1                 .L0 
80200996 80200996        0     1                 .L0 
80200996 80200996        0     1                 .L0 
8020099e 8020099e        0     1                 .L0 
8020099e 8020099e        0     1                 .L0 
802009a0 802009a0        0     1                 .L0 
802009a0 802009a0        0     1                 .L0 
802009a4 802009a4        0     1                 .L0 
802009a6 802009a6        0     1                 .L0 
802009a6 802009a6        0     1                 .L0 
802009aa 802009aa        0     1                 .L0 
802009b6 802009b6        0     1                 .L0 
802009be 802009be        0     1                 .L0 
802009c0 802009c0        0     1                 .L0 
802009c4 802009c4        0     1                 .L0 
802009c4 802009c4        0     1                 .L0 
802009cc 802009cc        0     1                 .L0 
802009d2 802009d2        0     1                 .L0 
802009da 802009da        0     1                 .L0 
802009de 802009de        0     1                 .L0 
802009de 802009de        0     1                 .L0 
802009e4 802009e4        0     1                 .L0 
802009e4 802009e4        0     1                 .L0 
802009e6 802009e6        0     1                 .L0 
802009e8 802009e8        0     1                 .L0 
802009e8 802009e8        0     1                 .L0 
802009ec 802009ec        0     1                 .L0 
802009ec 802009ec        0     1                 .L0 
802009f0 802009f0        0     1                 .L0 
80200a04 80200a04        0     1                 .L0 
80200a08 80200a08        0     1                 .L0 
80200a08 80200a08        0     1                 .L0 
80200a0c 80200a0c        0     1                 .L0 
80200a0e 80200a0e        0     1                 .L0 
80200a14 80200a14        0     1                 .L0 
80200a14 80200a14        0     1                 .L0 
80200a16 80200a16        0     1                 .L0 
80200a16 80200a16        0     1                 .L0 
80200a1a 80200a1a        0     1                 .L0 
80200a1e 80200a1e        0     1                 .L0 
80200a22 80200a22        0     1                 .L0 
80200a26 80200a26        0     1                 .L0 
80200a2a 80200a2a        0     1                 .L0 
80200a2e 80200a2e        0     1                 .L0 
80200a2e 80200a2e        0     1                 .L0 
80200a34 80200a34        0     1                 .L0 
80200a38 80200a38        0     1                 .L0 
80200a3a 80200a3a        0     1                 .L0 
80200a3e 80200a3e        0     1                 .L0 
80200a40 80200a40        0     1                 .L0 
80200a40 80200a40        0     1                 .L0 
80200a42 80200a42        0     1                 .L0 
80200a4a 80200a4a        0     1                 .L0 
80200a72 80200a72        0     1                 .L0 
80200a82 80200a82        0     1                 .L0 
80200a82 80200a82        0     1                 .L0 
80200a8c 80200a8c        0     1                 .L0 
80200a8e 80200a8e        0     1                 .L0 
80200a8e 80200a8e        0     1                 .L0 
80200a92 80200a92        0     1                 .L0 
80200a92 80200a92        0     1                 .L0 
80200ab0 80200ab0        0     1                 .L0 
80200ab4 80200ab4        0     1                 .L0 
80200ab8 80200ab8        0     1                 .L0 
80200ab8 80200ab8        0     1                 .L0 
80200abc 80200abc        0     1                 .L0 
80200abe 80200abe        0     1                 .L0 
80200ac4 80200ac4        0     1                 .L0 
80200ac4 80200ac4        0     1                 .L0 
80200ac8 80200ac8        0     1                 .L0 
80200ac8 80200ac8        0     1                 .L0 
80200ad4 80200ad4        0     1                 .L0 
80200ad6 80200ad6        0     1                 .L0 
80200afa 80200afa        0     1                 .L0 
80200b04 80200b04        0     1                 .L0 
80200b12 80200b12        0     1                 .L0 
80200b12 80200b12        0     1                 .L0 
80200b1e 80200b1e        0     1                 .L0 
80200b1e 80200b1e        0     1                 .L0 
80200b22 80200b22        0     1                 .L0 
80200b24 80200b24        0     1                 .L0 
80200b24 80200b24        0     1                 .L0 
80200b2e 80200b2e        0     1                 .L0 
80200b2e 80200b2e      17e     2         /home/famous282/.rustup/toolchains/stable-x86_64-unknown-linux-gnu/lib/rustlib/riscv32imac-unknown-none-elf/lib/libcore-c6eeea32d188506f.rlib(core-c6eeea32d188506f.core.f2b050c2002e39f1-cgu.0.rcgu.o):(.text._ZN4core3str5count14do_count_chars17ha085528f26cab3c8E)
80200b2e 80200b2e        0     1                 .L0 
80200b2e 80200b2e        0     1                 .L0 
80200b2e 80200b2e        0     1                 $x
80200b2e 80200b2e        0     1                 .L0 
80200b2e 80200b2e      17e     1                 core::str::count::do_count_chars::ha085528f26cab3c8
80200b34 80200b34        0     1                 .L0 
80200b3c 80200b3c        0     1                 .L0 
80200b40 80200b40        0     1                 .L0 
80200b40 80200b40        0     1                 .L0 
80200b42 80200b42        0     1                 .L0 
80200b42 80200b42        0     1                 .L0 
80200b44 80200b44        0     1                 .L0 
80200b4c 80200b4c        0     1                 .L0 
80200b54 80200b54        0     1                 .L0 
80200b56 80200b56        0     1                 .L0 
80200b5a 80200b5a        0     1                 .L0 
80200b60 80200b60        0     1                 .L0 
80200b64 80200b64        0     1                 .L0 
80200b68 80200b68        0     1                 .L0 
80200b68 80200b68        0     1                 .L0 
80200b6c 80200b6c        0     1                 .L0 
80200b76 80200b76        0     1                 .L0 
80200b76 80200b76        0     1                 .L0 
80200b7a 80200b7a        0     1                 .L0 
80200b80 80200b80        0     1                 .L0 
80200b88 80200b88        0     1                 .L0 
80200b8a 80200b8a        0     1                 .L0 
80200b8e 80200b8e        0     1                 .L0 
80200b90 80200b90        0     1                 .L0 
80200b90 80200b90        0     1                 .L0 
80200b92 80200b92        0     1                 .L0 
80200ba4 80200ba4        0     1                 .L0 
80200bac 80200bac        0     1                 .L0 
80200bae 80200bae        0     1                 .L0 
80200bb2 80200bb2        0     1                 .L0 
80200bc2 80200bc2        0     1                 .L0 
80200bc6 80200bc6        0     1                 .L0 
80200bd0 80200bd0        0     1                 .L0 
80200bde 80200bde        0     1                 .L0 
80200be6 80200be6        0     1                 .L0 
80200bea 80200bea        0     1                 .L0 
80200bfe 80200bfe        0     1                 .L0 
80200bfe 80200bfe        0     1                 .L0 
80200c04 80200c04        0     1                 .L0 
80200c04 80200c04        0     1                 .L0 
80200c0a 80200c0a        0     1                 .L0 
80200c18 80200c18        0     1                 .L0 
80200c4a 80200c4a        0     1                 .L0 
80200c4c 80200c4c        0     1                 .L0 
80200c4e 80200c4e        0     1                 .L0 
80200c5a 80200c5a        0     1                 .L0 
80200c62 80200c62        0     1                 .L0 
80200c62 80200c62        0     1                 .L0 
80200c68 80200c68        0     1                 .L0 
80200c68 80200c68        0     1                 .L0 
80200c72 80200c72        0     1                 .L0 
80200c7a 80200c7a        0     1                 .L0 
80200c7c 80200c7c        0     1                 .L0 
80200c8a 80200c8a        0     1                 .L0 
80200c8c 80200c8c        0     1                 .L0 
80200c8c 80200c8c        0     1                 .L0 
80200c90 80200c90        0     1                 .L0 
80200c90 80200c90        0     1                 .L0 
80200c9c 80200c9c        0     1                 .L0 
80200cac 80200cac        0     1                 .L0 
80200cac 80200cac       1e     2         /home/famous282/.rustup/toolchains/stable-x86_64-unknown-linux-gnu/lib/rustlib/riscv32imac-unknown-none-elf/lib/libcore-c6eeea32d188506f.rlib(core-c6eeea32d188506f.core.f2b050c2002e39f1-cgu.0.rcgu.o):(.text.unlikely._ZN4core9panicking11panic_const24panic_const_sub_overflow17hae11a25074c61f95E)
80200cac 80200cac        0     1                 .L0 
80200cac 80200cac        0     1                 .L0 
80200cac 80200cac        0     1                 $x
80200cac 80200cac        0     1                 .L0 
80200cac 80200cac       1e     1                 core::panicking::panic_const::panic_const_sub_overflow::hae11a25074c61f95
80200cca 80200cca        0     1                 .L0 
80200cca 80200cca       3c     2         /home/famous282/.rustup/toolchains/stable-x86_64-unknown-linux-gnu/lib/rustlib/riscv32imac-unknown-none-elf/lib/libcore-c6eeea32d188506f.rlib(core-c6eeea32d188506f.core.f2b050c2002e39f1-cgu.0.rcgu.o):(.text.unlikely._ZN4core9panicking18panic_bounds_check17h8c475dbd9aaa9c2fE)
80200cca 80200cca        0     1                 .L0 
80200cca 80200cca        0     1                 .L0 
80200cca 80200cca        0     1                 $x
80200cca 80200cca        0     1                 .L0 
80200cca 80200cca       3c     1                 core::panicking::panic_bounds_check::h8c475dbd9aaa9c2f
80200d06 80200d06        0     1                 .L0 
80200d06 80200d06       30     2         /home/famous282/.rustup/toolchains/stable-x86_64-unknown-linux-gnu/lib/rustlib/riscv32imac-unknown-none-elf/lib/libcore-c6eeea32d188506f.rlib(core-c6eeea32d188506f.core.f2b050c2002e39f1-cgu.0.rcgu.o):(.text.unlikely._ZN4core9panicking18panic_nounwind_fmt17hbca8acd98a7f1dccE)
80200d06 80200d06        0     1                 .L0 
80200d06 80200d06        0     1                 .L0 
80200d06 80200d06        0     1                 $x
80200d06 80200d06        0     1                 .L0 
80200d06 80200d06       30     1                 core::panicking::panic_nounwind_fmt::hbca8acd98a7f1dcc
80200d1a 80200d1a        0     1                 .L0 
80200d36 80200d36        0     1                 .L0 
80200d36 80200d36       2e     2         /home/famous282/.rustup/toolchains/stable-x86_64-unknown-linux-gnu/lib/rustlib/riscv32imac-unknown-none-elf/lib/libcore-c6eeea32d188506f.rlib(core-c6eeea32d188506f.core.f2b050c2002e39f1-cgu.0.rcgu.o):(.text.unlikely._ZN4core9panicking9panic_fmt17hf2b467cfc0e561d3E)
80200d36 80200d36        0     1                 .L0 
80200d36 80200d36        0     1                 .L0 
80200d36 80200d36        0     1                 $x
80200d36 80200d36        0     1                 .L0 
80200d36 80200d36       2e     1                 core::panicking::panic_fmt::hf2b467cfc0e561d3
80200d4c 80200d4c        0     1                 .L0 
80200d64 80200d64        0     1                 .L0 
80200d64 80200d64       c6     2         /home/famous282/.rustup/toolchains/stable-x86_64-unknown-linux-gnu/lib/rustlib/riscv32imac-unknown-none-elf/lib/libcore-c6eeea32d188506f.rlib(core-c6eeea32d188506f.core.f2b050c2002e39f1-cgu.0.rcgu.o):(.text._ZN73_$LT$core..panic..panic_info..PanicInfo$u20$as$u20$core..fmt..Display$GT$3fmt17hb5a14bd6be532762E)
80200d64 80200d64        0     1                 .L0 
80200d64 80200d64        0     1                 .L0 
80200d64 80200d64        0     1                 $x
80200d64 80200d64        0     1                 .L0 
80200d64 80200d64       c6     1                 _$LT$core..panic..panic_info..PanicInfo$u20$as$u20$core..fmt..Display$GT$::fmt::hb5a14bd6be532762
80200d76 80200d76        0     1                 .L0 
80200d92 80200d92        0     1                 .L0 
80200d92 80200d92        0     1                 .L0 
80200d94 80200d94        0     1                 .L0 
80200d9c 80200d9c        0     1                 .L0 
80200dac 80200dac        0     1                 .L0 
80200db0 80200db0        0     1                 .L0 
80200dc6 80200dc6        0     1                 .L0 
80200dce 80200dce        0     1                 .L0 
80200dd6 80200dd6        0     1                 .L0 
80200dee 80200dee        0     1                 .L0 
80200dee 80200dee        0     1                 .L0 
80200df0 80200df0        0     1                 .L0 
80200df0 80200df0        0     1                 .L0 
80200dfe 80200dfe        0     1                 .L0 
80200dfe 80200dfe        0     1                 .L0 
80200e00 80200e00        0     1                 .L0 
80200e08 80200e08        0     1                 .L0 
80200e2a 80200e2a        0     1                 .L0 
80200e2c 80200e2c      457     4 .rodata
80200e2c 80200e2c       18     4         /home/famous282/1000linesOS/kernel/target/riscv32imac-unknown-none-elf/debug/deps/kernel-e423684175293233.1gy28gr8yncw9yg4wm3kw95ip.1nourg6.rcgu.o:(.rodata.anon.115b1549741a66689ede8b6afce1a372.0.llvm.11468890524131549399)
80200e2c 80200e2c        0     1                 $d
80200e2c 80200e2c       18     1                 anon.115b1549741a66689ede8b6afce1a372.0.llvm.11468890524131549399
80200e44 80200e44        e     1         /home/famous282/1000linesOS/kernel/target/riscv32imac-unknown-none-elf/debug/deps/kernel-e423684175293233.1zwa976huie3oeuiu5py3i96v.1nourg6.rcgu.o:(.rodata..Lanon.d386e10f8ffd8bb0a94322403120df25.0)
80200e44 80200e44        e     1                 .Lanon.d386e10f8ffd8bb0a94322403120df25.0
80200e44 80200e44        0     1                 $d
80200e52 80200e52      162     1         <internal>:(.rodata.str1.1)
80200fb4 80200fb4       10     4         /home/famous282/1000linesOS/kernel/target/riscv32imac-unknown-none-elf/debug/deps/kernel-e423684175293233.7hqkh35l985iompa8en7ayj8i.1nourg6.rcgu.o:(.rodata..Lanon.a4f2901f9d648e2ce06a4e08b4f358ce.1)
80200fb4 80200fb4       10     1                 .Lanon.a4f2901f9d648e2ce06a4e08b4f358ce.1
80200fb4 80200fb4        0     1                 $d
80200fc4 80200fc4       10     4         /home/famous282/1000linesOS/kernel/target/riscv32imac-unknown-none-elf/debug/deps/kernel-e423684175293233.7wj5zoa8xxs3t0yy1onealpk8.1nourg6.rcgu.o:(.rodata.anon.04ccc33b5066ea8aff05e46f4f19a542.1.llvm.1634436068497971672)
80200fc4 80200fc4        0     1                 $d
80200fc4 80200fc4       10     1                 anon.04ccc33b5066ea8aff05e46f4f19a542.1.llvm.1634436068497971672
80200fd4 80200fd4       10     4         /home/famous282/1000linesOS/kernel/target/riscv32imac-unknown-none-elf/debug/deps/kernel-e423684175293233.7wj5zoa8xxs3t0yy1onealpk8.1nourg6.rcgu.o:(.rodata.anon.04ccc33b5066ea8aff05e46f4f19a542.2.llvm.1634436068497971672)
80200fd4 80200fd4        0     1                 $d
80200fd4 80200fd4       10     1                 anon.04ccc33b5066ea8aff05e46f4f19a542.2.llvm.1634436068497971672
80200fe4 80200fe4       10     4         /home/famous282/1000linesOS/kernel/target/riscv32imac-unknown-none-elf/debug/deps/kernel-e423684175293233.7wj5zoa8xxs3t0yy1onealpk8.1nourg6.rcgu.o:(.rodata.anon.04ccc33b5066ea8aff05e46f4f19a542.3.llvm.1634436068497971672)
80200fe4 80200fe4        0     1                 $d
80200fe4 80200fe4       10     1                 anon.04ccc33b5066ea8aff05e46f4f19a542.3.llvm.1634436068497971672
80200ff4 80200ff4       ae     1         /home/famous282/1000linesOS/kernel/target/riscv32imac-unknown-none-elf/debug/deps/kernel-e423684175293233.7wj5zoa8xxs3t0yy1onealpk8.1nourg6.rcgu.o:(.rodata.anon.04ccc33b5066ea8aff05e46f4f19a542.4.llvm.1634436068497971672)
80200ff4 80200ff4        0     1                 $d
80200ff4 80200ff4       ae     1                 anon.04ccc33b5066ea8aff05e46f4f19a542.4.llvm.1634436068497971672
802010a2 802010a2       c7     1         /home/famous282/1000linesOS/kernel/target/riscv32imac-unknown-none-elf/debug/deps/kernel-e423684175293233.7wj5zoa8xxs3t0yy1onealpk8.1nourg6.rcgu.o:(.rodata.anon.04ccc33b5066ea8aff05e46f4f19a542.5.llvm.1634436068497971672)
802010a2 802010a2        0     1                 $d
802010a2 802010a2       c7     1                 anon.04ccc33b5066ea8aff05e46f4f19a542.5.llvm.1634436068497971672
8020116c 8020116c       10     4         /home/famous282/1000linesOS/kernel/target/riscv32imac-unknown-none-elf/debug/deps/kernel-e423684175293233.7wj5zoa8xxs3t0yy1onealpk8.1nourg6.rcgu.o:(.rodata.anon.04ccc33b5066ea8aff05e46f4f19a542.7.llvm.1634436068497971672)
8020116c 8020116c        0     1                 $d
8020116c 8020116c       10     1                 anon.04ccc33b5066ea8aff05e46f4f19a542.7.llvm.1634436068497971672
8020117c 8020117c       c8     1         /home/famous282/.rustup/toolchains/stable-x86_64-unknown-linux-gnu/lib/rustlib/riscv32imac-unknown-none-elf/lib/libcore-c6eeea32d188506f.rlib(core-c6eeea32d188506f.core.f2b050c2002e39f1-cgu.0.rcgu.o):(.rodata..Lanon.f74838b38e70b6e7b417ca0660cf6a38.14)
8020117c 8020117c       c8     1                 .Lanon.f74838b38e70b6e7b417ca0660cf6a38.14
8020117c 8020117c        0     1                 $d
80201244 80201244       10     4         /home/famous282/.rustup/toolchains/stable-x86_64-unknown-linux-gnu/lib/rustlib/riscv32imac-unknown-none-elf/lib/libcore-c6eeea32d188506f.rlib(core-c6eeea32d188506f.core.f2b050c2002e39f1-cgu.0.rcgu.o):(.rodata..Lanon.f74838b38e70b6e7b417ca0660cf6a38.26)
80201244 80201244       10     1                 .Lanon.f74838b38e70b6e7b417ca0660cf6a38.26
80201244 80201244        0     1                 $d
80201254 80201254       21     1         /home/famous282/.rustup/toolchains/stable-x86_64-unknown-linux-gnu/lib/rustlib/riscv32imac-unknown-none-elf/lib/libcore-c6eeea32d188506f.rlib(core-c6eeea32d188506f.core.f2b050c2002e39f1-cgu.0.rcgu.o):(.rodata..Lanon.f74838b38e70b6e7b417ca0660cf6a38.95)
80201254 80201254       21     1                 .Lanon.f74838b38e70b6e7b417ca0660cf6a38.95
80201254 80201254        0     1                 $d
80201275 80201275        c     1         /home/famous282/.rustup/toolchains/stable-x86_64-unknown-linux-gnu/lib/rustlib/riscv32imac-unknown-none-elf/lib/libcore-c6eeea32d188506f.rlib(core-c6eeea32d188506f.core.f2b050c2002e39f1-cgu.0.rcgu.o):(.rodata..Lanon.f74838b38e70b6e7b417ca0660cf6a38.408)
80201275 80201275        c     1                 .Lanon.f74838b38e70b6e7b417ca0660cf6a38.408
80201275 80201275        0     1                 $d
80201281 80201281        2     1         /home/famous282/.rustup/toolchains/stable-x86_64-unknown-linux-gnu/lib/rustlib/riscv32imac-unknown-none-elf/lib/libcore-c6eeea32d188506f.rlib(core-c6eeea32d188506f.core.f2b050c2002e39f1-cgu.0.rcgu.o):(.rodata..Lanon.f74838b38e70b6e7b417ca0660cf6a38.409)
80201281 80201281        2     1                 .Lanon.f74838b38e70b6e7b417ca0660cf6a38.409
80201281 80201281        0     1                 $d
80201284 80201284      2f0     4 .eh_frame
80201284 80201284       14     1         /home/famous282/.rustup/toolchains/stable-x86_64-unknown-linux-gnu/lib/rustlib/riscv32imac-unknown-none-elf/lib/libcore-c6eeea32d188506f.rlib(core-c6eeea32d188506f.core.f2b050c2002e39f1-cgu.0.rcgu.o):(.eh_frame+0x0)
80201298 80201298       14     1         /home/famous282/.rustup/toolchains/stable-x86_64-unknown-linux-gnu/lib/rustlib/riscv32imac-unknown-none-elf/lib/libcore-c6eeea32d188506f.rlib(core-c6eeea32d188506f.core.f2b050c2002e39f1-cgu.0.rcgu.o):(.eh_frame+0x300)
802012ac 802012ac       44     1         /home/famous282/.rustup/toolchains/stable-x86_64-unknown-linux-gnu/lib/rustlib/riscv32imac-unknown-none-elf/lib/libcore-c6eeea32d188506f.rlib(core-c6eeea32d188506f.core.f2b050c2002e39f1-cgu.0.rcgu.o):(.eh_frame+0x7b0)
802012f0 802012f0       30     1         /home/famous282/.rustup/toolchains/stable-x86_64-unknown-linux-gnu/lib/rustlib/riscv32imac-unknown-none-elf/lib/libcore-c6eeea32d188506f.rlib(core-c6eeea32d188506f.core.f2b050c2002e39f1-cgu.0.rcgu.o):(.eh_frame+0xa0c)
80201320 80201320       60     1         /home/famous282/.rustup/toolchains/stable-x86_64-unknown-linux-gnu/lib/rustlib/riscv32imac-unknown-none-elf/lib/libcore-c6eeea32d188506f.rlib(core-c6eeea32d188506f.core.f2b050c2002e39f1-cgu.0.rcgu.o):(.eh_frame+0x1b3c)
80201380 80201380       ac     1         /home/famous282/.rustup/toolchains/stable-x86_64-unknown-linux-gnu/lib/rustlib/riscv32imac-unknown-none-elf/lib/libcore-c6eeea32d188506f.rlib(core-c6eeea32d188506f.core.f2b050c2002e39f1-cgu.0.rcgu.o):(.eh_frame+0x1fe0)
8020142c 8020142c       64     1         /home/famous282/.rustup/toolchains/stable-x86_64-unknown-linux-gnu/lib/rustlib/riscv32imac-unknown-none-elf/lib/libcore-c6eeea32d188506f.rlib(core-c6eeea32d188506f.core.f2b050c2002e39f1-cgu.0.rcgu.o):(.eh_frame+0x248c)
80201490 80201490       28     1         /home/famous282/.rustup/toolchains/stable-x86_64-unknown-linux-gnu/lib/rustlib/riscv32imac-unknown-none-elf/lib/libcore-c6eeea32d188506f.rlib(core-c6eeea32d188506f.core.f2b050c2002e39f1-cgu.0.rcgu.o):(.eh_frame+0x3838)
802014b8 802014b8       20     1         /home/famous282/.rustup/toolchains/stable-x86_64-unknown-linux-gnu/lib/rustlib/riscv32imac-unknown-none-elf/lib/libcore-c6eeea32d188506f.rlib(core-c6eeea32d188506f.core.f2b050c2002e39f1-cgu.0.rcgu.o):(.eh_frame+0x3f78)
802014d8 802014d8       40     1         /home/famous282/.rustup/toolchains/stable-x86_64-unknown-linux-gnu/lib/rustlib/riscv32imac-unknown-none-elf/lib/libcore-c6eeea32d188506f.rlib(core-c6eeea32d188506f.core.f2b050c2002e39f1-cgu.0.rcgu.o):(.eh_frame+0x41b8)
80201518 80201518       20     1         /home/famous282/.rustup/toolchains/stable-x86_64-unknown-linux-gnu/lib/rustlib/riscv32imac-unknown-none-elf/lib/libcore-c6eeea32d188506f.rlib(core-c6eeea32d188506f.core.f2b050c2002e39f1-cgu.0.rcgu.o):(.eh_frame+0x42d8)
80201538 80201538       38     1         /home/famous282/.rustup/toolchains/stable-x86_64-unknown-linux-gnu/lib/rustlib/riscv32imac-unknown-none-elf/lib/libcore-c6eeea32d188506f.rlib(core-c6eeea32d188506f.core.f2b050c2002e39f1-cgu.0.rcgu.o):(.eh_frame+0x51d4)
80201574 80201574        0     4 .bss
80201574 80201574        0     1         __bss = .
80201574 80201574        0     1         __bss_end = .
80201574 80201574        0     1 . = ALIGN(4)
80201574 80201574    20000     1 . += 128 * 1024
80221574 80221574        0     1 __stack_top = .
       0        0      85f     1 .debug_loc
       0        0       13     1         /home/famous282/1000linesOS/kernel/target/riscv32imac-unknown-none-elf/debug/deps/kernel-e423684175293233.0xglbqqcmy1h5ke8v4z244zh3.1nourg6.rcgu.o:(.debug_loc)
       0        0        0     1                 .L0 
       0        0        0     1                 $d
      13       13      29a     1         /home/famous282/1000linesOS/kernel/target/riscv32imac-unknown-none-elf/debug/deps/kernel-e423684175293233.1gy28gr8yncw9yg4wm3kw95ip.1nourg6.rcgu.o:(.debug_loc)
      13       13        0     1                 .L0 
      13       13        0     1                 $d
      2e       2e        0     1                 .L0 
      5f       5f        0     1                 .L0 
      90       90        0     1                 .L0 
      b3       b3        0     1                 .L0 
      e4       e4        0     1                 .L0 
     115      115        0     1                 .L0 
     138      138        0     1                 .L0 
     154      154        0     1                 .L0 
     185      185        0     1                 .L0 
     1af      1af        0     1                 .L0 
     1cb      1cb        0     1                 .L0 
     1fc      1fc        0     1                 .L0 
     217      217        0     1                 .L0 
     232      232        0     1                 .L0 
     24d      24d        0     1                 .L0 
     28d      28d        0     1                 .L0 
     2ad      2ad      101     1         /home/famous282/1000linesOS/kernel/target/riscv32imac-unknown-none-elf/debug/deps/kernel-e423684175293233.1zwa976huie3oeuiu5py3i96v.1nourg6.rcgu.o:(.debug_loc)
     2ad      2ad        0     1                 .L0 
     2ad      2ad        0     1                 $d
     2e6      2e6        0     1                 .L0 
     31f      31f        0     1                 .L0 
     358      358        0     1                 .L0 
     383      383        0     1                 .L0 
     3ae      3ae       f5     1         /home/famous282/1000linesOS/kernel/target/riscv32imac-unknown-none-elf/debug/deps/kernel-e423684175293233.7hqkh35l985iompa8en7ayj8i.1nourg6.rcgu.o:(.debug_loc)
     3ae      3ae        0     1                 .L0 
     3ae      3ae        0     1                 $d
     3c9      3c9        0     1                 .L0 
     3ef      3ef        0     1                 .L0 
     415      415        0     1                 .L0 
     430      430        0     1                 .L0 
     44b      44b        0     1                 .L0 
     488      488        0     1                 .L0 
     4a3      4a3      3bc     1         /home/famous282/1000linesOS/kernel/target/riscv32imac-unknown-none-elf/debug/deps/kernel-e423684175293233.7wj5zoa8xxs3t0yy1onealpk8.1nourg6.rcgu.o:(.debug_loc)
     4a3      4a3        0     1                 .L0 
     4a3      4a3        0     1                 $d
     4ea      4ea        0     1                 .L0 
     505      505        0     1                 .L0 
     535      535        0     1                 .L0 
     62d      62d        0     1                 .L0 
     653      653        0     1                 .L0 
     684      684        0     1                 .L0 
     6aa      6aa        0     1                 .L0 
     6c5      6c5        0     1                 .L0 
     6e0      6e0        0     1                 .L0 
     6fb      6fb        0     1                 .L0 
     72c      72c        0     1                 .L0 
     76c      76c        0     1                 .L0 
     792      792        0     1                 .L0 
     7b8      7b8        0     1                 .L0 
     7de      7de        0     1                 .L0 
     804      804        0     1                 .L0 
     82a      82a        0     1                 .L0 
       0        0     1dab     1 .debug_abbrev
       0        0      114     1         /home/famous282/1000linesOS/kernel/target/riscv32imac-unknown-none-elf/debug/deps/kernel-e423684175293233.0xglbqqcmy1h5ke8v4z244zh3.1nourg6.rcgu.o:(.debug_abbrev)
       0        0        0     1                 $d
     114      114      1f2     1         /home/famous282/1000linesOS/kernel/target/riscv32imac-unknown-none-elf/debug/deps/kernel-e423684175293233.1gy28gr8yncw9yg4wm3kw95ip.1nourg6.rcgu.o:(.debug_abbrev)
     114      114        0     1                 $d
     306      306      1e3     1         /home/famous282/1000linesOS/kernel/target/riscv32imac-unknown-none-elf/debug/deps/kernel-e423684175293233.1zwa976huie3oeuiu5py3i96v.1nourg6.rcgu.o:(.debug_abbrev)
     306      306        0     1                 $d
     4e9      4e9      1c5     1         /home/famous282/1000linesOS/kernel/target/riscv32imac-unknown-none-elf/debug/deps/kernel-e423684175293233.7hqkh35l985iompa8en7ayj8i.1nourg6.rcgu.o:(.debug_abbrev)
     4e9      4e9        0     1                 $d
     6ae      6ae      273     1         /home/famous282/1000linesOS/kernel/target/riscv32imac-unknown-none-elf/debug/deps/kernel-e423684175293233.7wj5zoa8xxs3t0yy1onealpk8.1nourg6.rcgu.o:(.debug_abbrev)
     6ae      6ae        0     1                 $d
     921      921      312     1         /home/famous282/.rustup/toolchains/stable-x86_64-unknown-linux-gnu/lib/rustlib/riscv32imac-unknown-none-elf/lib/libcore-c6eeea32d188506f.rlib(core-c6eeea32d188506f.core.f2b050c2002e39f1-cgu.0.rcgu.o):(.debug_abbrev)
     921      921        0     1                 $d
     c33      c33       5b     1         /home/famous282/.rustup/toolchains/stable-x86_64-unknown-linux-gnu/lib/rustlib/riscv32imac-unknown-none-elf/lib/libcompiler_builtins-ad31f96eaed4fe7a.rlib(compiler_builtins-ad31f96eaed4fe7a.compiler_builtins.a8dbbfe33f18591e-cgu.105.rcgu.o):(.debug_abbrev)
     c33      c33        0     1                 $d
     c8e      c8e       5f     1         /home/famous282/.rustup/toolchains/stable-x86_64-unknown-linux-gnu/lib/rustlib/riscv32imac-unknown-none-elf/lib/libcompiler_builtins-ad31f96eaed4fe7a.rlib(compiler_builtins-ad31f96eaed4fe7a.compiler_builtins.a8dbbfe33f18591e-cgu.157.rcgu.o):(.debug_abbrev)
     c8e      c8e        0     1                 $d
     ced      ced       a8     1         /home/famous282/.rustup/toolchains/stable-x86_64-unknown-linux-gnu/lib/rustlib/riscv32imac-unknown-none-elf/lib/libcompiler_builtins-ad31f96eaed4fe7a.rlib(compiler_builtins-ad31f96eaed4fe7a.compiler_builtins.a8dbbfe33f18591e-cgu.016.rcgu.o):(.debug_abbrev)
     ced      ced        0     1                 $d
     d95      d95       aa     1         /home/famous282/.rustup/toolchains/stable-x86_64-unknown-linux-gnu/lib/rustlib/riscv32imac-unknown-none-elf/lib/libcompiler_builtins-ad31f96eaed4fe7a.rlib(compiler_builtins-ad31f96eaed4fe7a.compiler_builtins.a8dbbfe33f18591e-cgu.162.rcgu.o):(.debug_abbrev)
     d95      d95        0     1                 $d
     e3f      e3f       e9     1         /home/famous282/.rustup/toolchains/stable-x86_64-unknown-linux-gnu/lib/rustlib/riscv32imac-unknown-none-elf/lib/libcompiler_builtins-ad31f96eaed4fe7a.rlib(compiler_builtins-ad31f96eaed4fe7a.compiler_builtins.a8dbbfe33f18591e-cgu.199.rcgu.o):(.debug_abbrev)
     e3f      e3f        0     1                 $d
     f28      f28       cf     1         /home/famous282/.rustup/toolchains/stable-x86_64-unknown-linux-gnu/lib/rustlib/riscv32imac-unknown-none-elf/lib/libcompiler_builtins-ad31f96eaed4fe7a.rlib(compiler_builtins-ad31f96eaed4fe7a.compiler_builtins.a8dbbfe33f18591e-cgu.225.rcgu.o):(.debug_abbrev)
     f28      f28        0     1                 $d
     ff7      ff7       2e     1         /home/famous282/.rustup/toolchains/stable-x86_64-unknown-linux-gnu/lib/rustlib/riscv32imac-unknown-none-elf/lib/libcompiler_builtins-ad31f96eaed4fe7a.rlib(compiler_builtins-ad31f96eaed4fe7a.compiler_builtins.a8dbbfe33f18591e-cgu.228.rcgu.o):(.debug_abbrev)
     ff7      ff7        0     1                 $d
    1025     1025      134     1         /home/famous282/.rustup/toolchains/stable-x86_64-unknown-linux-gnu/lib/rustlib/riscv32imac-unknown-none-elf/lib/libcompiler_builtins-ad31f96eaed4fe7a.rlib(compiler_builtins-ad31f96eaed4fe7a.compiler_builtins.a8dbbfe33f18591e-cgu.003.rcgu.o):(.debug_abbrev)
    1025     1025        0     1                 $d
    1159     1159      181     1         /home/famous282/.rustup/toolchains/stable-x86_64-unknown-linux-gnu/lib/rustlib/riscv32imac-unknown-none-elf/lib/libcompiler_builtins-ad31f96eaed4fe7a.rlib(compiler_builtins-ad31f96eaed4fe7a.compiler_builtins.a8dbbfe33f18591e-cgu.017.rcgu.o):(.debug_abbrev)
    1159     1159        0     1                 $d
    12da     12da       e0     1         /home/famous282/.rustup/toolchains/stable-x86_64-unknown-linux-gnu/lib/rustlib/riscv32imac-unknown-none-elf/lib/libcompiler_builtins-ad31f96eaed4fe7a.rlib(compiler_builtins-ad31f96eaed4fe7a.compiler_builtins.a8dbbfe33f18591e-cgu.236.rcgu.o):(.debug_abbrev)
    12da     12da        0     1                 $d
    13ba     13ba       aa     1         /home/famous282/.rustup/toolchains/stable-x86_64-unknown-linux-gnu/lib/rustlib/riscv32imac-unknown-none-elf/lib/libcompiler_builtins-ad31f96eaed4fe7a.rlib(compiler_builtins-ad31f96eaed4fe7a.compiler_builtins.a8dbbfe33f18591e-cgu.239.rcgu.o):(.debug_abbrev)
    13ba     13ba        0     1                 $d
    1464     1464       2e     1         /home/famous282/.rustup/toolchains/stable-x86_64-unknown-linux-gnu/lib/rustlib/riscv32imac-unknown-none-elf/lib/libcompiler_builtins-ad31f96eaed4fe7a.rlib(compiler_builtins-ad31f96eaed4fe7a.compiler_builtins.a8dbbfe33f18591e-cgu.256.rcgu.o):(.debug_abbrev)
    1464     1464        0     1                 $d
    1492     1492      14e     1         /home/famous282/.rustup/toolchains/stable-x86_64-unknown-linux-gnu/lib/rustlib/riscv32imac-unknown-none-elf/lib/libcompiler_builtins-ad31f96eaed4fe7a.rlib(compiler_builtins-ad31f96eaed4fe7a.compiler_builtins.a8dbbfe33f18591e-cgu.000.rcgu.o):(.debug_abbrev)
    1492     1492        0     1                 $d
    15e0     15e0       b9     1         /home/famous282/.rustup/toolchains/stable-x86_64-unknown-linux-gnu/lib/rustlib/riscv32imac-unknown-none-elf/lib/libcompiler_builtins-ad31f96eaed4fe7a.rlib(compiler_builtins-ad31f96eaed4fe7a.compiler_builtins.a8dbbfe33f18591e-cgu.285.rcgu.o):(.debug_abbrev)
    15e0     15e0        0     1                 $d
    1699     1699       5f     1         /home/famous282/.rustup/toolchains/stable-x86_64-unknown-linux-gnu/lib/rustlib/riscv32imac-unknown-none-elf/lib/libcompiler_builtins-ad31f96eaed4fe7a.rlib(compiler_builtins-ad31f96eaed4fe7a.compiler_builtins.a8dbbfe33f18591e-cgu.287.rcgu.o):(.debug_abbrev)
    1699     1699        0     1                 $d
    16f8     16f8       2e     1         /home/famous282/.rustup/toolchains/stable-x86_64-unknown-linux-gnu/lib/rustlib/riscv32imac-unknown-none-elf/lib/libcompiler_builtins-ad31f96eaed4fe7a.rlib(compiler_builtins-ad31f96eaed4fe7a.compiler_builtins.a8dbbfe33f18591e-cgu.295.rcgu.o):(.debug_abbrev)
    16f8     16f8        0     1                 $d
    1726     1726       b9     1         /home/famous282/.rustup/toolchains/stable-x86_64-unknown-linux-gnu/lib/rustlib/riscv32imac-unknown-none-elf/lib/libcompiler_builtins-ad31f96eaed4fe7a.rlib(compiler_builtins-ad31f96eaed4fe7a.compiler_builtins.a8dbbfe33f18591e-cgu.300.rcgu.o):(.debug_abbrev)
    1726     1726        0     1                 $d
    17df     17df       ca     1         /home/famous282/.rustup/toolchains/stable-x86_64-unknown-linux-gnu/lib/rustlib/riscv32imac-unknown-none-elf/lib/libcompiler_builtins-ad31f96eaed4fe7a.rlib(compiler_builtins-ad31f96eaed4fe7a.compiler_builtins.a8dbbfe33f18591e-cgu.303.rcgu.o):(.debug_abbrev)
    17df     17df        0     1                 $d
    18a9     18a9       5f     1         /home/famous282/.rustup/toolchains/stable-x86_64-unknown-linux-gnu/lib/rustlib/riscv32imac-unknown-none-elf/lib/libcompiler_builtins-ad31f96eaed4fe7a.rlib(compiler_builtins-ad31f96eaed4fe7a.compiler_builtins.a8dbbfe33f18591e-cgu.308.rcgu.o):(.debug_abbrev)
    18a9     18a9        0     1                 $d
    1908     1908       5f     1         /home/famous282/.rustup/toolchains/stable-x86_64-unknown-linux-gnu/lib/rustlib/riscv32imac-unknown-none-elf/lib/libcompiler_builtins-ad31f96eaed4fe7a.rlib(compiler_builtins-ad31f96eaed4fe7a.compiler_builtins.a8dbbfe33f18591e-cgu.315.rcgu.o):(.debug_abbrev)
    1908     1908        0     1                 $d
    1967     1967       aa     1         /home/famous282/.rustup/toolchains/stable-x86_64-unknown-linux-gnu/lib/rustlib/riscv32imac-unknown-none-elf/lib/libcompiler_builtins-ad31f96eaed4fe7a.rlib(compiler_builtins-ad31f96eaed4fe7a.compiler_builtins.a8dbbfe33f18591e-cgu.325.rcgu.o):(.debug_abbrev)
    1967     1967        0     1                 $d
    1a11     1a11       2e     1         /home/famous282/.rustup/toolchains/stable-x86_64-unknown-linux-gnu/lib/rustlib/riscv32imac-unknown-none-elf/lib/libcompiler_builtins-ad31f96eaed4fe7a.rlib(compiler_builtins-ad31f96eaed4fe7a.compiler_builtins.a8dbbfe33f18591e-cgu.326.rcgu.o):(.debug_abbrev)
    1a11     1a11        0     1                 $d
    1a3f     1a3f       aa     1         /home/famous282/.rustup/toolchains/stable-x86_64-unknown-linux-gnu/lib/rustlib/riscv32imac-unknown-none-elf/lib/libcompiler_builtins-ad31f96eaed4fe7a.rlib(compiler_builtins-ad31f96eaed4fe7a.compiler_builtins.a8dbbfe33f18591e-cgu.327.rcgu.o):(.debug_abbrev)
    1a3f     1a3f        0     1                 $d
    1ae9     1ae9       b9     1         /home/famous282/.rustup/toolchains/stable-x86_64-unknown-linux-gnu/lib/rustlib/riscv32imac-unknown-none-elf/lib/libcompiler_builtins-ad31f96eaed4fe7a.rlib(compiler_builtins-ad31f96eaed4fe7a.compiler_builtins.a8dbbfe33f18591e-cgu.331.rcgu.o):(.debug_abbrev)
    1ae9     1ae9        0     1                 $d
    1ba2     1ba2       aa     1         /home/famous282/.rustup/toolchains/stable-x86_64-unknown-linux-gnu/lib/rustlib/riscv32imac-unknown-none-elf/lib/libcompiler_builtins-ad31f96eaed4fe7a.rlib(compiler_builtins-ad31f96eaed4fe7a.compiler_builtins.a8dbbfe33f18591e-cgu.332.rcgu.o):(.debug_abbrev)
    1ba2     1ba2        0     1                 $d
    1c4c     1c4c       2e     1         /home/famous282/.rustup/toolchains/stable-x86_64-unknown-linux-gnu/lib/rustlib/riscv32imac-unknown-none-elf/lib/libcompiler_builtins-ad31f96eaed4fe7a.rlib(compiler_builtins-ad31f96eaed4fe7a.compiler_builtins.a8dbbfe33f18591e-cgu.351.rcgu.o):(.debug_abbrev)
    1c4c     1c4c        0     1                 $d
    1c7a     1c7a      131     1         /home/famous282/.rustup/toolchains/stable-x86_64-unknown-linux-gnu/lib/rustlib/riscv32imac-unknown-none-elf/lib/libcompiler_builtins-ad31f96eaed4fe7a.rlib(compiler_builtins-ad31f96eaed4fe7a.compiler_builtins.a8dbbfe33f18591e-cgu.012.rcgu.o):(.debug_abbrev)
    1c7a     1c7a        0     1                 $d
       0        0    28bfc     1 .debug_info
       0        0      488     1         /home/famous282/1000linesOS/kernel/target/riscv32imac-unknown-none-elf/debug/deps/kernel-e423684175293233.0xglbqqcmy1h5ke8v4z244zh3.1nourg6.rcgu.o:(.debug_info)
       0        0        0     1                 .L0 
       0        0        0     1                 $d
     488      488      6e6     1         /home/famous282/1000linesOS/kernel/target/riscv32imac-unknown-none-elf/debug/deps/kernel-e423684175293233.1gy28gr8yncw9yg4wm3kw95ip.1nourg6.rcgu.o:(.debug_info)
     488      488        0     1                 .L0 
     488      488        0     1                 $d
     b6e      b6e      648     1         /home/famous282/1000linesOS/kernel/target/riscv32imac-unknown-none-elf/debug/deps/kernel-e423684175293233.1zwa976huie3oeuiu5py3i96v.1nourg6.rcgu.o:(.debug_info)
     b6e      b6e        0     1                 .L0 
     b6e      b6e        0     1                 $d
    11b6     11b6      495     1         /home/famous282/1000linesOS/kernel/target/riscv32imac-unknown-none-elf/debug/deps/kernel-e423684175293233.7hqkh35l985iompa8en7ayj8i.1nourg6.rcgu.o:(.debug_info)
    11b6     11b6        0     1                 .L0 
    11b6     11b6        0     1                 $d
    164b     164b      bc7     1         /home/famous282/1000linesOS/kernel/target/riscv32imac-unknown-none-elf/debug/deps/kernel-e423684175293233.7wj5zoa8xxs3t0yy1onealpk8.1nourg6.rcgu.o:(.debug_info)
    164b     164b        0     1                 .L0 
    164b     164b        0     1                 $d
    2212     2212    20826     1         /home/famous282/.rustup/toolchains/stable-x86_64-unknown-linux-gnu/lib/rustlib/riscv32imac-unknown-none-elf/lib/libcore-c6eeea32d188506f.rlib(core-c6eeea32d188506f.core.f2b050c2002e39f1-cgu.0.rcgu.o):(.debug_info)
    2212     2212        0     1                 .L0 
    2212     2212        0     1                 $d
   22a38    22a38       86     1         /home/famous282/.rustup/toolchains/stable-x86_64-unknown-linux-gnu/lib/rustlib/riscv32imac-unknown-none-elf/lib/libcompiler_builtins-ad31f96eaed4fe7a.rlib(compiler_builtins-ad31f96eaed4fe7a.compiler_builtins.a8dbbfe33f18591e-cgu.105.rcgu.o):(.debug_info)
   22a38    22a38        0     1                 .L0 
   22a38    22a38        0     1                 $d
   22abe    22abe       a1     1         /home/famous282/.rustup/toolchains/stable-x86_64-unknown-linux-gnu/lib/rustlib/riscv32imac-unknown-none-elf/lib/libcompiler_builtins-ad31f96eaed4fe7a.rlib(compiler_builtins-ad31f96eaed4fe7a.compiler_builtins.a8dbbfe33f18591e-cgu.157.rcgu.o):(.debug_info)
   22abe    22abe        0     1                 .L0 
   22abe    22abe        0     1                 $d
   22b5f    22b5f      419     1         /home/famous282/.rustup/toolchains/stable-x86_64-unknown-linux-gnu/lib/rustlib/riscv32imac-unknown-none-elf/lib/libcompiler_builtins-ad31f96eaed4fe7a.rlib(compiler_builtins-ad31f96eaed4fe7a.compiler_builtins.a8dbbfe33f18591e-cgu.016.rcgu.o):(.debug_info)
   22b5f    22b5f        0     1                 .L0 
   22b5f    22b5f        0     1                 $d
   22f78    22f78      15e     1         /home/famous282/.rustup/toolchains/stable-x86_64-unknown-linux-gnu/lib/rustlib/riscv32imac-unknown-none-elf/lib/libcompiler_builtins-ad31f96eaed4fe7a.rlib(compiler_builtins-ad31f96eaed4fe7a.compiler_builtins.a8dbbfe33f18591e-cgu.162.rcgu.o):(.debug_info)
   22f78    22f78        0     1                 .L0 
   22f78    22f78        0     1                 $d
   230d6    230d6      2a7     1         /home/famous282/.rustup/toolchains/stable-x86_64-unknown-linux-gnu/lib/rustlib/riscv32imac-unknown-none-elf/lib/libcompiler_builtins-ad31f96eaed4fe7a.rlib(compiler_builtins-ad31f96eaed4fe7a.compiler_builtins.a8dbbfe33f18591e-cgu.199.rcgu.o):(.debug_info)
   230d6    230d6        0     1                 .L0 
   230d6    230d6        0     1                 $d
   2337d    2337d      273     1         /home/famous282/.rustup/toolchains/stable-x86_64-unknown-linux-gnu/lib/rustlib/riscv32imac-unknown-none-elf/lib/libcompiler_builtins-ad31f96eaed4fe7a.rlib(compiler_builtins-ad31f96eaed4fe7a.compiler_builtins.a8dbbfe33f18591e-cgu.225.rcgu.o):(.debug_info)
   2337d    2337d        0     1                 .L0 
   2337d    2337d        0     1                 $d
   235f0    235f0       51     1         /home/famous282/.rustup/toolchains/stable-x86_64-unknown-linux-gnu/lib/rustlib/riscv32imac-unknown-none-elf/lib/libcompiler_builtins-ad31f96eaed4fe7a.rlib(compiler_builtins-ad31f96eaed4fe7a.compiler_builtins.a8dbbfe33f18591e-cgu.228.rcgu.o):(.debug_info)
   235f0    235f0        0     1                 .L0 
   235f0    235f0        0     1                 $d
   23641    23641     14d6     1         /home/famous282/.rustup/toolchains/stable-x86_64-unknown-linux-gnu/lib/rustlib/riscv32imac-unknown-none-elf/lib/libcompiler_builtins-ad31f96eaed4fe7a.rlib(compiler_builtins-ad31f96eaed4fe7a.compiler_builtins.a8dbbfe33f18591e-cgu.003.rcgu.o):(.debug_info)
   23641    23641        0     1                 .L0 
   23641    23641        0     1                 $d
   24b17    24b17      37f     1         /home/famous282/.rustup/toolchains/stable-x86_64-unknown-linux-gnu/lib/rustlib/riscv32imac-unknown-none-elf/lib/libcompiler_builtins-ad31f96eaed4fe7a.rlib(compiler_builtins-ad31f96eaed4fe7a.compiler_builtins.a8dbbfe33f18591e-cgu.017.rcgu.o):(.debug_info)
   24b17    24b17        0     1                 .L0 
   24b17    24b17        0     1                 $d
   24e96    24e96      274     1         /home/famous282/.rustup/toolchains/stable-x86_64-unknown-linux-gnu/lib/rustlib/riscv32imac-unknown-none-elf/lib/libcompiler_builtins-ad31f96eaed4fe7a.rlib(compiler_builtins-ad31f96eaed4fe7a.compiler_builtins.a8dbbfe33f18591e-cgu.236.rcgu.o):(.debug_info)
   24e96    24e96        0     1                 .L0 
   24e96    24e96        0     1                 $d
   2510a    2510a      15e     1         /home/famous282/.rustup/toolchains/stable-x86_64-unknown-linux-gnu/lib/rustlib/riscv32imac-unknown-none-elf/lib/libcompiler_builtins-ad31f96eaed4fe7a.rlib(compiler_builtins-ad31f96eaed4fe7a.compiler_builtins.a8dbbfe33f18591e-cgu.239.rcgu.o):(.debug_info)
   2510a    2510a        0     1                 .L0 
   2510a    2510a        0     1                 $d
   25268    25268       51     1         /home/famous282/.rustup/toolchains/stable-x86_64-unknown-linux-gnu/lib/rustlib/riscv32imac-unknown-none-elf/lib/libcompiler_builtins-ad31f96eaed4fe7a.rlib(compiler_builtins-ad31f96eaed4fe7a.compiler_builtins.a8dbbfe33f18591e-cgu.256.rcgu.o):(.debug_info)
   25268    25268        0     1                 .L0 
   25268    25268        0     1                 $d
   252b9    252b9     182c     1         /home/famous282/.rustup/toolchains/stable-x86_64-unknown-linux-gnu/lib/rustlib/riscv32imac-unknown-none-elf/lib/libcompiler_builtins-ad31f96eaed4fe7a.rlib(compiler_builtins-ad31f96eaed4fe7a.compiler_builtins.a8dbbfe33f18591e-cgu.000.rcgu.o):(.debug_info)
   252b9    252b9        0     1                 .L0 
   252b9    252b9        0     1                 $d
   26ae5    26ae5      1d8     1         /home/famous282/.rustup/toolchains/stable-x86_64-unknown-linux-gnu/lib/rustlib/riscv32imac-unknown-none-elf/lib/libcompiler_builtins-ad31f96eaed4fe7a.rlib(compiler_builtins-ad31f96eaed4fe7a.compiler_builtins.a8dbbfe33f18591e-cgu.285.rcgu.o):(.debug_info)
   26ae5    26ae5        0     1                 .L0 
   26ae5    26ae5        0     1                 $d
   26cbd    26cbd       a1     1         /home/famous282/.rustup/toolchains/stable-x86_64-unknown-linux-gnu/lib/rustlib/riscv32imac-unknown-none-elf/lib/libcompiler_builtins-ad31f96eaed4fe7a.rlib(compiler_builtins-ad31f96eaed4fe7a.compiler_builtins.a8dbbfe33f18591e-cgu.287.rcgu.o):(.debug_info)
   26cbd    26cbd        0     1                 .L0 
   26cbd    26cbd        0     1                 $d
   26d5e    26d5e       51     1         /home/famous282/.rustup/toolchains/stable-x86_64-unknown-linux-gnu/lib/rustlib/riscv32imac-unknown-none-elf/lib/libcompiler_builtins-ad31f96eaed4fe7a.rlib(compiler_builtins-ad31f96eaed4fe7a.compiler_builtins.a8dbbfe33f18591e-cgu.295.rcgu.o):(.debug_info)
   26d5e    26d5e        0     1                 .L0 
   26d5e    26d5e        0     1                 $d
   26daf    26daf      1d8     1         /home/famous282/.rustup/toolchains/stable-x86_64-unknown-linux-gnu/lib/rustlib/riscv32imac-unknown-none-elf/lib/libcompiler_builtins-ad31f96eaed4fe7a.rlib(compiler_builtins-ad31f96eaed4fe7a.compiler_builtins.a8dbbfe33f18591e-cgu.300.rcgu.o):(.debug_info)
   26daf    26daf        0     1                 .L0 
   26daf    26daf        0     1                 $d
   26f87    26f87      377     1         /home/famous282/.rustup/toolchains/stable-x86_64-unknown-linux-gnu/lib/rustlib/riscv32imac-unknown-none-elf/lib/libcompiler_builtins-ad31f96eaed4fe7a.rlib(compiler_builtins-ad31f96eaed4fe7a.compiler_builtins.a8dbbfe33f18591e-cgu.303.rcgu.o):(.debug_info)
   26f87    26f87        0     1                 .L0 
   26f87    26f87        0     1                 $d
   272fe    272fe       a1     1         /home/famous282/.rustup/toolchains/stable-x86_64-unknown-linux-gnu/lib/rustlib/riscv32imac-unknown-none-elf/lib/libcompiler_builtins-ad31f96eaed4fe7a.rlib(compiler_builtins-ad31f96eaed4fe7a.compiler_builtins.a8dbbfe33f18591e-cgu.308.rcgu.o):(.debug_info)
   272fe    272fe        0     1                 .L0 
   272fe    272fe        0     1                 $d
   2739f    2739f       a1     1         /home/famous282/.rustup/toolchains/stable-x86_64-unknown-linux-gnu/lib/rustlib/riscv32imac-unknown-none-elf/lib/libcompiler_builtins-ad31f96eaed4fe7a.rlib(compiler_builtins-ad31f96eaed4fe7a.compiler_builtins.a8dbbfe33f18591e-cgu.315.rcgu.o):(.debug_info)
   2739f    2739f        0     1                 .L0 
   2739f    2739f        0     1                 $d
   27440    27440      15e     1         /home/famous282/.rustup/toolchains/stable-x86_64-unknown-linux-gnu/lib/rustlib/riscv32imac-unknown-none-elf/lib/libcompiler_builtins-ad31f96eaed4fe7a.rlib(compiler_builtins-ad31f96eaed4fe7a.compiler_builtins.a8dbbfe33f18591e-cgu.325.rcgu.o):(.debug_info)
   27440    27440        0     1                 .L0 
   27440    27440        0     1                 $d
   2759e    2759e       51     1         /home/famous282/.rustup/toolchains/stable-x86_64-unknown-linux-gnu/lib/rustlib/riscv32imac-unknown-none-elf/lib/libcompiler_builtins-ad31f96eaed4fe7a.rlib(compiler_builtins-ad31f96eaed4fe7a.compiler_builtins.a8dbbfe33f18591e-cgu.326.rcgu.o):(.debug_info)
   2759e    2759e        0     1                 .L0 
   2759e    2759e        0     1                 $d
   275ef    275ef      373     1         /home/famous282/.rustup/toolchains/stable-x86_64-unknown-linux-gnu/lib/rustlib/riscv32imac-unknown-none-elf/lib/libcompiler_builtins-ad31f96eaed4fe7a.rlib(compiler_builtins-ad31f96eaed4fe7a.compiler_builtins.a8dbbfe33f18591e-cgu.327.rcgu.o):(.debug_info)
   275ef    275ef        0     1                 .L0 
   275ef    275ef        0     1                 $d
   27962    27962      1d8     1         /home/famous282/.rustup/toolchains/stable-x86_64-unknown-linux-gnu/lib/rustlib/riscv32imac-unknown-none-elf/lib/libcompiler_builtins-ad31f96eaed4fe7a.rlib(compiler_builtins-ad31f96eaed4fe7a.compiler_builtins.a8dbbfe33f18591e-cgu.331.rcgu.o):(.debug_info)
   27962    27962        0     1                 .L0 
   27962    27962        0     1                 $d
   27b3a    27b3a      15e     1         /home/famous282/.rustup/toolchains/stable-x86_64-unknown-linux-gnu/lib/rustlib/riscv32imac-unknown-none-elf/lib/libcompiler_builtins-ad31f96eaed4fe7a.rlib(compiler_builtins-ad31f96eaed4fe7a.compiler_builtins.a8dbbfe33f18591e-cgu.332.rcgu.o):(.debug_info)
   27b3a    27b3a        0     1                 .L0 
   27b3a    27b3a        0     1                 $d
   27c98    27c98       4b     1         /home/famous282/.rustup/toolchains/stable-x86_64-unknown-linux-gnu/lib/rustlib/riscv32imac-unknown-none-elf/lib/libcompiler_builtins-ad31f96eaed4fe7a.rlib(compiler_builtins-ad31f96eaed4fe7a.compiler_builtins.a8dbbfe33f18591e-cgu.351.rcgu.o):(.debug_info)
   27c98    27c98        0     1                 .L0 
   27c98    27c98        0     1                 $d
   27ce3    27ce3      f19     1         /home/famous282/.rustup/toolchains/stable-x86_64-unknown-linux-gnu/lib/rustlib/riscv32imac-unknown-none-elf/lib/libcompiler_builtins-ad31f96eaed4fe7a.rlib(compiler_builtins-ad31f96eaed4fe7a.compiler_builtins.a8dbbfe33f18591e-cgu.012.rcgu.o):(.debug_info)
   27ce3    27ce3        0     1                 .L0 
   27ce3    27ce3        0     1                 $d
       0        0     1600     1 .debug_aranges
       0        0       20     1         /home/famous282/1000linesOS/kernel/target/riscv32imac-unknown-none-elf/debug/deps/kernel-e423684175293233.0xglbqqcmy1h5ke8v4z244zh3.1nourg6.rcgu.o:(.debug_aranges)
       0        0        0     1                 $d
      20       20       30     1         /home/famous282/1000linesOS/kernel/target/riscv32imac-unknown-none-elf/debug/deps/kernel-e423684175293233.1gy28gr8yncw9yg4wm3kw95ip.1nourg6.rcgu.o:(.debug_aranges)
      20       20        0     1                 $d
      50       50       20     1         /home/famous282/1000linesOS/kernel/target/riscv32imac-unknown-none-elf/debug/deps/kernel-e423684175293233.1zwa976huie3oeuiu5py3i96v.1nourg6.rcgu.o:(.debug_aranges)
      50       50        0     1                 $d
      70       70       28     1         /home/famous282/1000linesOS/kernel/target/riscv32imac-unknown-none-elf/debug/deps/kernel-e423684175293233.7hqkh35l985iompa8en7ayj8i.1nourg6.rcgu.o:(.debug_aranges)
      70       70        0     1                 $d
      98       98       28     1         /home/famous282/1000linesOS/kernel/target/riscv32imac-unknown-none-elf/debug/deps/kernel-e423684175293233.7wj5zoa8xxs3t0yy1onealpk8.1nourg6.rcgu.o:(.debug_aranges)
      98       98        0     1                 $d
      c0       c0     1160     1         /home/famous282/.rustup/toolchains/stable-x86_64-unknown-linux-gnu/lib/rustlib/riscv32imac-unknown-none-elf/lib/libcore-c6eeea32d188506f.rlib(core-c6eeea32d188506f.core.f2b050c2002e39f1-cgu.0.rcgu.o):(.debug_aranges)
      c0       c0        0     1                 $d
    1220     1220       20     1         /home/famous282/.rustup/toolchains/stable-x86_64-unknown-linux-gnu/lib/rustlib/riscv32imac-unknown-none-elf/lib/libcompiler_builtins-ad31f96eaed4fe7a.rlib(compiler_builtins-ad31f96eaed4fe7a.compiler_builtins.a8dbbfe33f18591e-cgu.105.rcgu.o):(.debug_aranges)
    1220     1220        0     1                 $d
    1240     1240       20     1         /home/famous282/.rustup/toolchains/stable-x86_64-unknown-linux-gnu/lib/rustlib/riscv32imac-unknown-none-elf/lib/libcompiler_builtins-ad31f96eaed4fe7a.rlib(compiler_builtins-ad31f96eaed4fe7a.compiler_builtins.a8dbbfe33f18591e-cgu.157.rcgu.o):(.debug_aranges)
    1240     1240        0     1                 $d
    1260     1260       28     1         /home/famous282/.rustup/toolchains/stable-x86_64-unknown-linux-gnu/lib/rustlib/riscv32imac-unknown-none-elf/lib/libcompiler_builtins-ad31f96eaed4fe7a.rlib(compiler_builtins-ad31f96eaed4fe7a.compiler_builtins.a8dbbfe33f18591e-cgu.016.rcgu.o):(.debug_aranges)
    1260     1260        0     1                 $d
    1288     1288       20     1         /home/famous282/.rustup/toolchains/stable-x86_64-unknown-linux-gnu/lib/rustlib/riscv32imac-unknown-none-elf/lib/libcompiler_builtins-ad31f96eaed4fe7a.rlib(compiler_builtins-ad31f96eaed4fe7a.compiler_builtins.a8dbbfe33f18591e-cgu.162.rcgu.o):(.debug_aranges)
    1288     1288        0     1                 $d
    12a8     12a8       20     1         /home/famous282/.rustup/toolchains/stable-x86_64-unknown-linux-gnu/lib/rustlib/riscv32imac-unknown-none-elf/lib/libcompiler_builtins-ad31f96eaed4fe7a.rlib(compiler_builtins-ad31f96eaed4fe7a.compiler_builtins.a8dbbfe33f18591e-cgu.199.rcgu.o):(.debug_aranges)
    12a8     12a8        0     1                 $d
[...]
    9d80     9d80        0     1                 .L0 
    9d98     9d98        0     1                 .L0 
    9dc0     9dc0        0     1                 .L0 
    9dd8     9dd8        0     1                 .L0 
    9df0     9df0        0     1                 .L0 
    9e08     9e08        0     1                 .L0 
    9e20     9e20        0     1                 .L0 
    9e38     9e38        0     1                 .L0 
    9e50     9e50        0     1                 .L0 
    9e68     9e68        0     1                 .L0 
    9e80     9e80        0     1                 .L0 
    9e98     9e98        0     1                 .L0 
    9eb8     9eb8        0     1                 .L0 
    9ed0     9ed0        0     1                 .L0 
    9ee8     9ee8        0     1                 .L0 
    9f00     9f00        0     1                 .L0 
    9f20     9f20        0     1                 .L0 
    9f38     9f38        0     1                 .L0 
    9f58     9f58        0     1                 .L0 
    9f70     9f70        0     1                 .L0 
    9f88     9f88        0     1                 .L0 
    9fa0     9fa0        0     1                 .L0 
    9fb8     9fb8        0     1                 .L0 
    9fd0     9fd0        0     1                 .L0 
    9fe8     9fe8        0     1                 .L0 
    b138     b138       18     1         /home/famous282/.rustup/toolchains/stable-x86_64-unknown-linux-gnu/lib/rustlib/riscv32imac-unknown-none-elf/lib/libcompiler_builtins-ad31f96eaed4fe7a.rlib(compiler_builtins-ad31f96eaed4fe7a.compiler_builtins.a8dbbfe33f18591e-cgu.105.rcgu.o):(.debug_ranges)
    b138     b138        0     1                 .L0 
    b138     b138        0     1                 $d
    b150     b150      168     1         /home/famous282/.rustup/toolchains/stable-x86_64-unknown-linux-gnu/lib/rustlib/riscv32imac-unknown-none-elf/lib/libcompiler_builtins-ad31f96eaed4fe7a.rlib(compiler_builtins-ad31f96eaed4fe7a.compiler_builtins.a8dbbfe33f18591e-cgu.016.rcgu.o):(.debug_ranges)
    b150     b150        0     1                 .L0 
    b150     b150        0     1                 $d
    b168     b168        0     1                 .L0 
    b188     b188        0     1                 .L0 
    b1a0     b1a0        0     1                 .L0 
    b1b8     b1b8        0     1                 .L0 
    b1d0     b1d0        0     1                 .L0 
    b1f0     b1f0        0     1                 .L0 
    b210     b210        0     1                 .L0 
    b228     b228        0     1                 .L0 
    b240     b240        0     1                 .L0 
    b258     b258        0     1                 .L0 
    b270     b270        0     1                 .L0 
    b288     b288        0     1                 .L0 
    b2a0     b2a0        0     1                 .L0 
    b2b8     b2b8       20     1         /home/famous282/.rustup/toolchains/stable-x86_64-unknown-linux-gnu/lib/rustlib/riscv32imac-unknown-none-elf/lib/libcompiler_builtins-ad31f96eaed4fe7a.rlib(compiler_builtins-ad31f96eaed4fe7a.compiler_builtins.a8dbbfe33f18591e-cgu.162.rcgu.o):(.debug_ranges)
    b2b8     b2b8        0     1                 .L0 
    b2b8     b2b8        0     1                 $d
    b2d8     b2d8       48     1         /home/famous282/.rustup/toolchains/stable-x86_64-unknown-linux-gnu/lib/rustlib/riscv32imac-unknown-none-elf/lib/libcompiler_builtins-ad31f96eaed4fe7a.rlib(compiler_builtins-ad31f96eaed4fe7a.compiler_builtins.a8dbbfe33f18591e-cgu.199.rcgu.o):(.debug_ranges)
    b2d8     b2d8        0     1                 .L0 
    b2d8     b2d8        0     1                 $d
    b2f0     b2f0        0     1                 .L0 
    b308     b308        0     1                 .L0 
    b320     b320       60     1         /home/famous282/.rustup/toolchains/stable-x86_64-unknown-linux-gnu/lib/rustlib/riscv32imac-unknown-none-elf/lib/libcompiler_builtins-ad31f96eaed4fe7a.rlib(compiler_builtins-ad31f96eaed4fe7a.compiler_builtins.a8dbbfe33f18591e-cgu.225.rcgu.o):(.debug_ranges)
    b320     b320        0     1                 .L0 
    b320     b320        0     1                 $d
    b338     b338        0     1                 .L0 
    b350     b350        0     1                 .L0 
    b368     b368        0     1                 .L0 
    b380     b380      620     1         /home/famous282/.rustup/toolchains/stable-x86_64-unknown-linux-gnu/lib/rustlib/riscv32imac-unknown-none-elf/lib/libcompiler_builtins-ad31f96eaed4fe7a.rlib(compiler_builtins-ad31f96eaed4fe7a.compiler_builtins.a8dbbfe33f18591e-cgu.003.rcgu.o):(.debug_ranges)
    b380     b380        0     1                 .L0 
    b380     b380        0     1                 $d
    b398     b398        0     1                 .L0 
    b3b0     b3b0        0     1                 .L0 
    b3c8     b3c8        0     1                 .L0 
    b3e0     b3e0        0     1                 .L0 
    b3f8     b3f8        0     1                 .L0 
    b428     b428        0     1                 .L0 
    b470     b470        0     1                 .L0 
    b4c8     b4c8        0     1                 .L0 
    b518     b518        0     1                 .L0 
    b530     b530        0     1                 .L0 
    b560     b560        0     1                 .L0 
    b578     b578        0     1                 .L0 
    b590     b590        0     1                 .L0 
    b5a8     b5a8        0     1                 .L0 
    b5c0     b5c0        0     1                 .L0 
    b5d8     b5d8        0     1                 .L0 
    b5f0     b5f0        0     1                 .L0 
    b608     b608        0     1                 .L0 
    b620     b620        0     1                 .L0 
    b638     b638        0     1                 .L0 
    b650     b650        0     1                 .L0 
    b668     b668        0     1                 .L0 
    b680     b680        0     1                 .L0 
    b6c8     b6c8        0     1                 .L0 
    b6e0     b6e0        0     1                 .L0 
    b6f8     b6f8        0     1                 .L0 
    b718     b718        0     1                 .L0 
    b730     b730        0     1                 .L0 
    b748     b748        0     1                 .L0 
    b770     b770        0     1                 .L0 
    b7b0     b7b0        0     1                 .L0 
    b7c8     b7c8        0     1                 .L0 
    b7e8     b7e8        0     1                 .L0 
    b810     b810        0     1                 .L0 
    b828     b828        0     1                 .L0 
    b840     b840        0     1                 .L0 
    b858     b858        0     1                 .L0 
    b870     b870        0     1                 .L0 
    b888     b888        0     1                 .L0 
    b8a0     b8a0        0     1                 .L0 
    b8e8     b8e8        0     1                 .L0 
    b900     b900        0     1                 .L0 
    b918     b918        0     1                 .L0 
    b930     b930        0     1                 .L0 
    b948     b948        0     1                 .L0 
    b960     b960        0     1                 .L0 
    b978     b978        0     1                 .L0 
    b9a0     b9a0      1f0     1         /home/famous282/.rustup/toolchains/stable-x86_64-unknown-linux-gnu/lib/rustlib/riscv32imac-unknown-none-elf/lib/libcompiler_builtins-ad31f96eaed4fe7a.rlib(compiler_builtins-ad31f96eaed4fe7a.compiler_builtins.a8dbbfe33f18591e-cgu.017.rcgu.o):(.debug_ranges)
    b9a0     b9a0        0     1                 .L0 
    b9a0     b9a0        0     1                 $d
    b9c8     b9c8        0     1                 .L0 
    ba18     ba18        0     1                 .L0 
    ba68     ba68        0     1                 .L0 
    bac0     bac0        0     1                 .L0 
    bb00     bb00        0     1                 .L0 
    bb40     bb40        0     1                 .L0 
    bb90     bb90       58     1         /home/famous282/.rustup/toolchains/stable-x86_64-unknown-linux-gnu/lib/rustlib/riscv32imac-unknown-none-elf/lib/libcompiler_builtins-ad31f96eaed4fe7a.rlib(compiler_builtins-ad31f96eaed4fe7a.compiler_builtins.a8dbbfe33f18591e-cgu.236.rcgu.o):(.debug_ranges)
    bb90     bb90        0     1                 .L0 
    bb90     bb90        0     1                 $d
    bba8     bba8        0     1                 .L0 
    bbc8     bbc8        0     1                 .L0 
    bbe8     bbe8       20     1         /home/famous282/.rustup/toolchains/stable-x86_64-unknown-linux-gnu/lib/rustlib/riscv32imac-unknown-none-elf/lib/libcompiler_builtins-ad31f96eaed4fe7a.rlib(compiler_builtins-ad31f96eaed4fe7a.compiler_builtins.a8dbbfe33f18591e-cgu.239.rcgu.o):(.debug_ranges)
    bbe8     bbe8        0     1                 .L0 
    bbe8     bbe8        0     1                 $d
    bc08     bc08      d30     1         /home/famous282/.rustup/toolchains/stable-x86_64-unknown-linux-gnu/lib/rustlib/riscv32imac-unknown-none-elf/lib/libcompiler_builtins-ad31f96eaed4fe7a.rlib(compiler_builtins-ad31f96eaed4fe7a.compiler_builtins.a8dbbfe33f18591e-cgu.000.rcgu.o):(.debug_ranges)
    bc08     bc08        0     1                 .L0 
    bc08     bc08        0     1                 $d
    bc20     bc20        0     1                 .L0 
    bc38     bc38        0     1                 .L0 
    bc58     bc58        0     1                 .L0 
    bc78     bc78        0     1                 .L0 
    bc98     bc98        0     1                 .L0 
    bd18     bd18        0     1                 .L0 
    bd98     bd98        0     1                 .L0 
    be40     be40        0     1                 .L0 
    bee8     bee8        0     1                 .L0 
    bf00     bf00        0     1                 .L0 
    bf40     bf40        0     1                 .L0 
    bf88     bf88        0     1                 .L0 
    bfb8     bfb8        0     1                 .L0 
    bff8     bff8        0     1                 .L0 
    c060     c060        0     1                 .L0 
    c098     c098        0     1                 .L0 
    c0c8     c0c8        0     1                 .L0 
    c0f0     c0f0        0     1                 .L0 
    c110     c110        0     1                 .L0 
    c130     c130        0     1                 .L0 
    c150     c150        0     1                 .L0 
    c168     c168        0     1                 .L0 
    c1a0     c1a0        0     1                 .L0 
    c1e0     c1e0        0     1                 .L0 
    c208     c208        0     1                 .L0 
    c228     c228        0     1                 .L0 
    c260     c260        0     1                 .L0 
    c278     c278        0     1                 .L0 
    c2b8     c2b8        0     1                 .L0 
    c2d0     c2d0        0     1                 .L0 
    c2e8     c2e8        0     1                 .L0 
    c308     c308        0     1                 .L0 
    c328     c328        0     1                 .L0 
    c340     c340        0     1                 .L0 
    c368     c368        0     1                 .L0 
    c390     c390        0     1                 .L0 
    c3a8     c3a8        0     1                 .L0 
    c3f8     c3f8        0     1                 .L0 
    c410     c410        0     1                 .L0 
    c428     c428        0     1                 .L0 
    c448     c448        0     1                 .L0 
    c460     c460        0     1                 .L0 
    c480     c480        0     1                 .L0 
    c4a8     c4a8        0     1                 .L0 
    c4c8     c4c8        0     1                 .L0 
    c4e0     c4e0        0     1                 .L0 
    c4f8     c4f8        0     1                 .L0 
    c510     c510        0     1                 .L0 
    c528     c528        0     1                 .L0 
    c540     c540        0     1                 .L0 
    c580     c580        0     1                 .L0 
    c5b0     c5b0        0     1                 .L0 
    c5d0     c5d0        0     1                 .L0 
    c5e8     c5e8        0     1                 .L0 
    c600     c600        0     1                 .L0 
    c618     c618        0     1                 .L0 
    c638     c638        0     1                 .L0 
    c658     c658        0     1                 .L0 
    c678     c678        0     1                 .L0 
    c698     c698        0     1                 .L0 
    c6b8     c6b8        0     1                 .L0 
    c6d0     c6d0        0     1                 .L0 
    c6e8     c6e8        0     1                 .L0 
    c700     c700        0     1                 .L0 
    c718     c718        0     1                 .L0 
    c740     c740        0     1                 .L0 
    c760     c760        0     1                 .L0 
    c778     c778        0     1                 .L0 
    c7c0     c7c0        0     1                 .L0 
    c7d8     c7d8        0     1                 .L0 
    c7f0     c7f0        0     1                 .L0 
    c808     c808        0     1                 .L0 
    c820     c820        0     1                 .L0 
    c838     c838        0     1                 .L0 
    c850     c850        0     1                 .L0 
    c868     c868        0     1                 .L0 
    c880     c880        0     1                 .L0 
    c898     c898        0     1                 .L0 
    c8b0     c8b0        0     1                 .L0 
    c8c8     c8c8        0     1                 .L0 
    c8e0     c8e0        0     1                 .L0 
    c8f8     c8f8        0     1                 .L0 
    c918     c918        0     1                 .L0 
    c938     c938       78     1         /home/famous282/.rustup/toolchains/stable-x86_64-unknown-linux-gnu/lib/rustlib/riscv32imac-unknown-none-elf/lib/libcompiler_builtins-ad31f96eaed4fe7a.rlib(compiler_builtins-ad31f96eaed4fe7a.compiler_builtins.a8dbbfe33f18591e-cgu.285.rcgu.o):(.debug_ranges)
    c938     c938        0     1                 .L0 
    c938     c938        0     1                 $d
    c968     c968        0     1                 .L0 
    c980     c980        0     1                 .L0 
    c998     c998        0     1                 .L0 
    c9b0     c9b0       68     1         /home/famous282/.rustup/toolchains/stable-x86_64-unknown-linux-gnu/lib/rustlib/riscv32imac-unknown-none-elf/lib/libcompiler_builtins-ad31f96eaed4fe7a.rlib(compiler_builtins-ad31f96eaed4fe7a.compiler_builtins.a8dbbfe33f18591e-cgu.300.rcgu.o):(.debug_ranges)
    c9b0     c9b0        0     1                 .L0 
    c9b0     c9b0        0     1                 $d
    c9d0     c9d0        0     1                 .L0 
    c9e8     c9e8        0     1                 .L0 
    ca00     ca00        0     1                 .L0 
    ca18     ca18       98     1         /home/famous282/.rustup/toolchains/stable-x86_64-unknown-linux-gnu/lib/rustlib/riscv32imac-unknown-none-elf/lib/libcompiler_builtins-ad31f96eaed4fe7a.rlib(compiler_builtins-ad31f96eaed4fe7a.compiler_builtins.a8dbbfe33f18591e-cgu.303.rcgu.o):(.debug_ranges)
    ca18     ca18        0     1                 .L0 
    ca18     ca18        0     1                 $d
    ca38     ca38        0     1                 .L0 
    ca58     ca58        0     1                 .L0 
    ca78     ca78        0     1                 .L0 
    ca98     ca98        0     1                 .L0 
    cab0     cab0       20     1         /home/famous282/.rustup/toolchains/stable-x86_64-unknown-linux-gnu/lib/rustlib/riscv32imac-unknown-none-elf/lib/libcompiler_builtins-ad31f96eaed4fe7a.rlib(compiler_builtins-ad31f96eaed4fe7a.compiler_builtins.a8dbbfe33f18591e-cgu.325.rcgu.o):(.debug_ranges)
    cab0     cab0        0     1                 .L0 
    cab0     cab0        0     1                 $d
    cad0     cad0       d8     1         /home/famous282/.rustup/toolchains/stable-x86_64-unknown-linux-gnu/lib/rustlib/riscv32imac-unknown-none-elf/lib/libcompiler_builtins-ad31f96eaed4fe7a.rlib(compiler_builtins-ad31f96eaed4fe7a.compiler_builtins.a8dbbfe33f18591e-cgu.327.rcgu.o):(.debug_ranges)
    cad0     cad0        0     1                 .L0 
    cad0     cad0        0     1                 $d
    cb10     cb10        0     1                 .L0 
    cb50     cb50        0     1                 .L0 
    cb90     cb90        0     1                 .L0 
    cba8     cba8       78     1         /home/famous282/.rustup/toolchains/stable-x86_64-unknown-linux-gnu/lib/rustlib/riscv32imac-unknown-none-elf/lib/libcompiler_builtins-ad31f96eaed4fe7a.rlib(compiler_builtins-ad31f96eaed4fe7a.compiler_builtins.a8dbbfe33f18591e-cgu.331.rcgu.o):(.debug_ranges)
    cba8     cba8        0     1                 .L0 
    cba8     cba8        0     1                 $d
    cbd8     cbd8        0     1                 .L0 
    cbf0     cbf0        0     1                 .L0 
    cc08     cc08        0     1                 .L0 
    cc20     cc20       18     1         /home/famous282/.rustup/toolchains/stable-x86_64-unknown-linux-gnu/lib/rustlib/riscv32imac-unknown-none-elf/lib/libcompiler_builtins-ad31f96eaed4fe7a.rlib(compiler_builtins-ad31f96eaed4fe7a.compiler_builtins.a8dbbfe33f18591e-cgu.332.rcgu.o):(.debug_ranges)
    cc20     cc20        0     1                 .L0 
    cc20     cc20        0     1                 $d
    cc38     cc38      3b0     1         /home/famous282/.rustup/toolchains/stable-x86_64-unknown-linux-gnu/lib/rustlib/riscv32imac-unknown-none-elf/lib/libcompiler_builtins-ad31f96eaed4fe7a.rlib(compiler_builtins-ad31f96eaed4fe7a.compiler_builtins.a8dbbfe33f18591e-cgu.012.rcgu.o):(.debug_ranges)
    cc38     cc38        0     1                 .L0 
    cc38     cc38        0     1                 $d
    cc50     cc50        0     1                 .L0 
    cc68     cc68        0     1                 .L0 
    cc88     cc88        0     1                 .L0 
    cca8     cca8        0     1                 .L0 
    ccc0     ccc0        0     1                 .L0 
    ccd8     ccd8        0     1                 .L0 
    ccf0     ccf0        0     1                 .L0 
    cd08     cd08        0     1                 .L0 
    cd20     cd20        0     1                 .L0 
    cd38     cd38        0     1                 .L0 
    cd50     cd50        0     1                 .L0 
    cd68     cd68        0     1                 .L0 
    cd98     cd98        0     1                 .L0 
    cdb0     cdb0        0     1                 .L0 
    cdd0     cdd0        0     1                 .L0 
    cdf8     cdf8        0     1                 .L0 
    ce18     ce18        0     1                 .L0 
    ce38     ce38        0     1                 .L0 
    ce50     ce50        0     1                 .L0 
    ce68     ce68        0     1                 .L0 
    ce88     ce88        0     1                 .L0 
    cea8     cea8        0     1                 .L0 
    ced0     ced0        0     1                 .L0 
    cee8     cee8        0     1                 .L0 
    cf00     cf00        0     1                 .L0 
    cf20     cf20        0     1                 .L0 
    cf40     cf40        0     1                 .L0 
    cf58     cf58        0     1                 .L0 
    cf70     cf70        0     1                 .L0 
    cf88     cf88        0     1                 .L0 
    cfa8     cfa8        0     1                 .L0 
    cfc8     cfc8        0     1                 .L0 
       0        0     a550     4 .symtab
       0        0     a550     4         <internal>:(.symtab)
       0        0       b9     1 .shstrtab
       0        0       b9     1         <internal>:(.shstrtab)
       0        0     4175     1 .strtab
       0        0     4175     1         <internal>:(.strtab)
